Grid(120×120×80, dx=100.0m, dz=27.2–119.6m, z_top=5000m)
  dt=2.0s, t_end=7200.0s, output every 60.0s
t=     0s  step=    1  w_max= 0.00m/s  w99=0.00m/s  qc_max=0.00g/kg  cov= 0.0%  N=  0  CB=0m  CT=0m  prec=0.00mm/h  qv_bl=10.31g/kg
t=    60s  step=   31  w_max= 0.39m/s  w99=0.15m/s  qc_max=0.00g/kg  cov= 0.0%  N=  0  CB=0m  CT=0m  prec=0.00mm/h  qv_bl=10.31g/kg
t=   120s  step=   61  w_max= 0.75m/s  w99=0.28m/s  qc_max=0.00g/kg  cov= 0.0%  N=  0  CB=0m  CT=0m  prec=0.00mm/h  qv_bl=10.31g/kg
t=   180s  step=   91  w_max= 1.03m/s  w99=0.38m/s  qc_max=0.00g/kg  cov= 0.0%  N=  0  CB=0m  CT=0m  prec=0.00mm/h  qv_bl=10.31g/kg
t=   240s  step=  121  w_max= 1.18m/s  w99=0.45m/s  qc_max=0.00g/kg  cov= 0.0%  N=  0  CB=0m  CT=0m  prec=0.00mm/h  qv_bl=10.31g/kg
t=   300s  step=  151  w_max= 1.32m/s  w99=0.51m/s  qc_max=0.00g/kg  cov= 0.0%  N=  0  CB=0m  CT=0m  prec=0.00mm/h  qv_bl=10.31g/kg
t=   360s  step=  181  w_max= 1.51m/s  w99=0.54m/s  qc_max=0.00g/kg  cov= 0.0%  N=  0  CB=0m  CT=0m  prec=0.00mm/h  qv_bl=10.31g/kg
t=   420s  step=  211  w_max= 1.68m/s  w99=0.56m/s  qc_max=0.00g/kg  cov= 0.0%  N=  0  CB=0m  CT=0m  prec=0.00mm/h  qv_bl=10.31g/kg
t=   480s  step=  241  w_max= 1.85m/s  w99=0.57m/s  qc_max=0.00g/kg  cov= 0.0%  N=  0  CB=0m  CT=0m  prec=0.00mm/h  qv_bl=10.31g/kg
t=   540s  step=  271  w_max= 1.98m/s  w99=0.58m/s  qc_max=0.00g/kg  cov= 0.0%  N=  0  CB=0m  CT=0m  prec=0.00mm/h  qv_bl=10.31g/kg
t=   600s  step=  301  w_max= 2.23m/s  w99=0.57m/s  qc_max=0.00g/kg  cov= 0.0%  N=  0  CB=0m  CT=0m  prec=0.00mm/h  qv_bl=10.31g/kg
t=   660s  step=  331  w_max= 2.51m/s  w99=0.58m/s  qc_max=0.00g/kg  cov= 0.0%  N=  0  CB=0m  CT=0m  prec=0.00mm/h  qv_bl=10.31g/kg
t=   720s  step=  361  w_max= 3.83m/s  w99=0.61m/s  qc_max=0.00g/kg  cov= 0.0%  N=  0  CB=0m  CT=0m  prec=0.00mm/h  qv_bl=10.31g/kg
t=   780s  step=  391  w_max= 4.58m/s  w99=0.65m/s  qc_max=0.00g/kg  cov= 0.0%  N=  0  CB=0m  CT=0m  prec=0.00mm/h  qv_bl=10.31g/kg
t=   840s  step=  421  w_max= 4.99m/s  w99=0.71m/s  qc_max=0.00g/kg  cov= 0.0%  N=  0  CB=0m  CT=0m  prec=0.00mm/h  qv_bl=10.31g/kg
t=   900s  step=  451  w_max= 6.12m/s  w99=0.78m/s  qc_max=0.00g/kg  cov= 0.0%  N=  0  CB=0m  CT=0m  prec=0.00mm/h  qv_bl=10.31g/kg
t=   960s  step=  481  w_max= 6.24m/s  w99=0.89m/s  qc_max=0.00g/kg  cov= 0.0%  N=  0  CB=0m  CT=0m  prec=0.00mm/h  qv_bl=10.31g/kg
t=  1020s  step=  511  w_max= 6.66m/s  w99=1.06m/s  qc_max=0.00g/kg  cov= 0.0%  N=  0  CB=0m  CT=0m  prec=0.00mm/h  qv_bl=10.30g/kg
t=  1080s  step=  541  w_max= 7.42m/s  w99=1.25m/s  qc_max=0.00g/kg  cov= 0.0%  N=  0  CB=0m  CT=0m  prec=0.00mm/h  qv_bl=10.30g/kg
t=  1140s  step=  571  w_max= 8.17m/s  w99=1.48m/s  qc_max=0.00g/kg  cov= 0.0%  N=  0  CB=0m  CT=0m  prec=0.00mm/h  qv_bl=10.30g/kg
t=  1200s  step=  601  w_max= 8.77m/s  w99=1.72m/s  qc_max=0.00g/kg  cov= 0.0%  N=  0  CB=0m  CT=0m  prec=0.00mm/h  qv_bl=10.30g/kg
t=  1260s  step=  631  w_max= 9.24m/s  w99=1.94m/s  qc_max=0.16g/kg  cov= 0.2%  N=  1  CB=1358m  CT=1576m  prec=0.00mm/h  qv_bl=10.29g/kg
t=  1320s  step=  661  w_max= 9.47m/s  w99=2.13m/s  qc_max=0.29g/kg  cov= 0.4%  N=  1  CB=1358m  CT=1691m  prec=0.00mm/h  qv_bl=10.29g/kg
t=  1380s  step=  691  w_max= 9.49m/s  w99=2.27m/s  qc_max=0.41g/kg  cov= 0.6%  N=  2  CB=1411m  CT=1810m  prec=0.00mm/h  qv_bl=10.28g/kg
t=  1440s  step=  721  w_max= 9.25m/s  w99=2.38m/s  qc_max=0.53g/kg  cov= 0.8%  N=  3  CB=1411m  CT=1872m  prec=0.00mm/h  qv_bl=10.27g/kg
t=  1500s  step=  751  w_max= 8.74m/s  w99=2.45m/s  qc_max=0.64g/kg  cov= 1.2%  N=  5  CB=1411m  CT=1998m  prec=0.00mm/h  qv_bl=10.26g/kg
t=  1560s  step=  781  w_max= 8.94m/s  w99=2.52m/s  qc_max=0.75g/kg  cov= 1.8%  N=  6  CB=1411m  CT=2063m  prec=0.00mm/h  qv_bl=10.25g/kg
t=  1620s  step=  811  w_max= 8.70m/s  w99=2.55m/s  qc_max=0.84g/kg  cov= 2.6%  N=  8  CB=1411m  CT=2130m  prec=0.00mm/h  qv_bl=10.24g/kg
t=  1680s  step=  841  w_max= 9.41m/s  w99=2.57m/s  qc_max=0.91g/kg  cov= 3.5%  N=  8  CB=1411m  CT=2197m  prec=0.00mm/h  qv_bl=10.23g/kg
t=  1740s  step=  871  w_max= 9.33m/s  w99=2.57m/s  qc_max=0.98g/kg  cov= 4.1%  N=  9  CB=1411m  CT=2197m  prec=0.00mm/h  qv_bl=10.22g/kg
t=  1800s  step=  901  w_max= 9.33m/s  w99=2.58m/s  qc_max=1.04g/kg  cov= 4.5%  N=  8  CB=1411m  CT=2266m  prec=0.00mm/h  qv_bl=10.21g/kg
t=  1860s  step=  931  w_max=10.62m/s  w99=2.60m/s  qc_max=1.07g/kg  cov= 4.7%  N= 10  CB=1411m  CT=2266m  prec=0.00mm/h  qv_bl=10.20g/kg
t=  1920s  step=  961  w_max=10.50m/s  w99=2.60m/s  qc_max=1.10g/kg  cov= 4.7%  N= 11  CB=1411m  CT=2266m  prec=0.00mm/h  qv_bl=10.19g/kg
t=  1980s  step=  991  w_max= 9.76m/s  w99=2.59m/s  qc_max=1.12g/kg  cov= 4.5%  N= 12  CB=1411m  CT=2197m  prec=0.00mm/h  qv_bl=10.18g/kg
t=  2040s  step= 1021  w_max= 9.48m/s  w99=2.58m/s  qc_max=1.19g/kg  cov= 4.2%  N= 12  CB=1411m  CT=2197m  prec=0.00mm/h  qv_bl=10.17g/kg
t=  2100s  step= 1051  w_max= 9.59m/s  w99=2.60m/s  qc_max=1.18g/kg  cov= 4.0%  N= 11  CB=1358m  CT=2130m  prec=0.00mm/h  qv_bl=10.16g/kg
t=  2160s  step= 1081  w_max= 9.81m/s  w99=2.63m/s  qc_max=1.12g/kg  cov= 3.7%  N= 11  CB=1358m  CT=2130m  prec=0.00mm/h  qv_bl=10.15g/kg
t=  2220s  step= 1111  w_max= 9.73m/s  w99=2.67m/s  qc_max=1.03g/kg  cov= 3.3%  N= 10  CB=1358m  CT=2063m  prec=0.00mm/h  qv_bl=10.15g/kg
t=  2280s  step= 1141  w_max= 9.53m/s  w99=2.68m/s  qc_max=0.91g/kg  cov= 3.0%  N= 11  CB=1411m  CT=2063m  prec=0.00mm/h  qv_bl=10.14g/kg
t=  2340s  step= 1171  w_max= 9.36m/s  w99=2.69m/s  qc_max=0.75g/kg  cov= 2.8%  N= 12  CB=1411m  CT=2063m  prec=0.00mm/h  qv_bl=10.14g/kg
t=  2400s  step= 1201  w_max=10.15m/s  w99=2.69m/s  qc_max=0.63g/kg  cov= 2.7%  N= 11  CB=1411m  CT=2063m  prec=0.00mm/h  qv_bl=10.13g/kg
t=  2460s  step= 1231  w_max=10.68m/s  w99=2.68m/s  qc_max=0.58g/kg  cov= 2.5%  N= 11  CB=1411m  CT=2063m  prec=0.00mm/h  qv_bl=10.12g/kg
t=  2520s  step= 1261  w_max=10.02m/s  w99=2.68m/s  qc_max=0.60g/kg  cov= 2.3%  N= 13  CB=1411m  CT=2063m  prec=0.00mm/h  qv_bl=10.12g/kg
t=  2580s  step= 1291  w_max= 8.99m/s  w99=2.69m/s  qc_max=0.65g/kg  cov= 2.1%  N= 10  CB=1465m  CT=2063m  prec=0.00mm/h  qv_bl=10.11g/kg
t=  2640s  step= 1321  w_max= 8.54m/s  w99=2.69m/s  qc_max=0.68g/kg  cov= 2.0%  N= 11  CB=1465m  CT=2063m  prec=0.00mm/h  qv_bl=10.10g/kg
t=  2700s  step= 1351  w_max= 8.51m/s  w99=2.69m/s  qc_max=0.67g/kg  cov= 2.0%  N= 11  CB=1465m  CT=2063m  prec=0.00mm/h  qv_bl=10.10g/kg
t=  2760s  step= 1381  w_max= 8.39m/s  w99=2.69m/s  qc_max=0.63g/kg  cov= 2.0%  N= 12  CB=1465m  CT=1998m  prec=0.00mm/h  qv_bl=10.09g/kg
t=  2820s  step= 1411  w_max= 8.93m/s  w99=2.69m/s  qc_max=0.60g/kg  cov= 1.9%  N= 11  CB=1465m  CT=1998m  prec=0.00mm/h  qv_bl=10.09g/kg
t=  2880s  step= 1441  w_max= 9.57m/s  w99=2.68m/s  qc_max=0.55g/kg  cov= 1.8%  N= 11  CB=1465m  CT=1998m  prec=0.00mm/h  qv_bl=10.08g/kg
t=  2940s  step= 1471  w_max= 9.02m/s  w99=2.68m/s  qc_max=0.48g/kg  cov= 1.7%  N=  8  CB=1465m  CT=1998m  prec=0.00mm/h  qv_bl=10.08g/kg
t=  3000s  step= 1501  w_max= 8.26m/s  w99=2.69m/s  qc_max=0.44g/kg  cov= 1.7%  N=  8  CB=1520m  CT=1935m  prec=0.00mm/h  qv_bl=10.07g/kg
t=  3060s  step= 1531  w_max= 8.24m/s  w99=2.71m/s  qc_max=0.38g/kg  cov= 1.8%  N= 10  CB=1520m  CT=1935m  prec=0.00mm/h  qv_bl=10.07g/kg
t=  3120s  step= 1561  w_max= 8.33m/s  w99=2.71m/s  qc_max=0.32g/kg  cov= 1.7%  N=  8  CB=1520m  CT=1935m  prec=0.00mm/h  qv_bl=10.07g/kg
t=  3180s  step= 1591  w_max= 8.88m/s  w99=2.72m/s  qc_max=0.22g/kg  cov= 1.5%  N=  7  CB=1520m  CT=1935m  prec=0.00mm/h  qv_bl=10.07g/kg
t=  3240s  step= 1621  w_max= 8.74m/s  w99=2.73m/s  qc_max=0.17g/kg  cov= 1.4%  N=  6  CB=1520m  CT=1935m  prec=0.00mm/h  qv_bl=10.06g/kg
t=  3300s  step= 1651  w_max= 8.67m/s  w99=2.73m/s  qc_max=0.18g/kg  cov= 1.3%  N=  5  CB=1520m  CT=1935m  prec=0.00mm/h  qv_bl=10.06g/kg
t=  3360s  step= 1681  w_max= 8.90m/s  w99=2.72m/s  qc_max=0.19g/kg  cov= 1.2%  N=  8  CB=1520m  CT=1935m  prec=0.00mm/h  qv_bl=10.06g/kg
t=  3420s  step= 1711  w_max= 8.93m/s  w99=2.68m/s  qc_max=0.19g/kg  cov= 1.4%  N=  8  CB=1520m  CT=1872m  prec=0.00mm/h  qv_bl=10.05g/kg
t=  3480s  step= 1741  w_max= 8.81m/s  w99=2.65m/s  qc_max=0.21g/kg  cov= 1.7%  N=  6  CB=1520m  CT=1935m  prec=0.00mm/h  qv_bl=10.05g/kg
t=  3540s  step= 1771  w_max= 8.95m/s  w99=2.62m/s  qc_max=0.24g/kg  cov= 1.8%  N=  6  CB=1520m  CT=1935m  prec=0.00mm/h  qv_bl=10.05g/kg
t=  3600s  step= 1801  w_max= 9.67m/s  w99=2.60m/s  qc_max=0.26g/kg  cov= 1.9%  N=  6  CB=1465m  CT=1872m  prec=0.00mm/h  qv_bl=10.05g/kg
t=  3660s  step= 1831  w_max= 9.90m/s  w99=2.59m/s  qc_max=0.27g/kg  cov= 1.9%  N=  5  CB=1465m  CT=1872m  prec=0.00mm/h  qv_bl=10.04g/kg
t=  3720s  step= 1861  w_max=10.02m/s  w99=2.59m/s  qc_max=0.27g/kg  cov= 1.7%  N=  5  CB=1520m  CT=1935m  prec=0.00mm/h  qv_bl=10.04g/kg
t=  3780s  step= 1891  w_max= 9.66m/s  w99=2.58m/s  qc_max=0.27g/kg  cov= 1.5%  N=  5  CB=1520m  CT=1935m  prec=0.00mm/h  qv_bl=10.04g/kg
t=  3840s  step= 1921  w_max= 9.17m/s  w99=2.55m/s  qc_max=0.27g/kg  cov= 1.4%  N=  4  CB=1520m  CT=1998m  prec=0.00mm/h  qv_bl=10.04g/kg
t=  3900s  step= 1951  w_max= 8.62m/s  w99=2.53m/s  qc_max=0.27g/kg  cov= 1.2%  N=  3  CB=1520m  CT=2063m  prec=0.00mm/h  qv_bl=10.04g/kg
t=  3960s  step= 1981  w_max= 9.50m/s  w99=2.51m/s  qc_max=0.28g/kg  cov= 1.2%  N=  3  CB=1520m  CT=2063m  prec=0.00mm/h  qv_bl=10.04g/kg
t=  4020s  step= 2011  w_max= 9.86m/s  w99=2.49m/s  qc_max=0.28g/kg  cov= 1.1%  N=  3  CB=1576m  CT=2063m  prec=0.00mm/h  qv_bl=10.04g/kg
t=  4080s  step= 2041  w_max= 9.61m/s  w99=2.48m/s  qc_max=0.28g/kg  cov= 1.0%  N=  3  CB=1576m  CT=1998m  prec=0.00mm/h  qv_bl=10.03g/kg
t=  4140s  step= 2071  w_max= 8.91m/s  w99=2.46m/s  qc_max=0.27g/kg  cov= 1.0%  N=  4  CB=1576m  CT=1998m  prec=0.00mm/h  qv_bl=10.03g/kg
t=  4200s  step= 2101  w_max= 8.32m/s  w99=2.47m/s  qc_max=0.27g/kg  cov= 0.9%  N=  3  CB=1576m  CT=1998m  prec=0.00mm/h  qv_bl=10.03g/kg
t=  4260s  step= 2131  w_max= 8.29m/s  w99=2.48m/s  qc_max=0.27g/kg  cov= 1.0%  N=  5  CB=1576m  CT=1998m  prec=0.00mm/h  qv_bl=10.03g/kg
t=  4320s  step= 2161  w_max= 8.79m/s  w99=2.50m/s  qc_max=0.27g/kg  cov= 1.0%  N=  5  CB=1576m  CT=1998m  prec=0.00mm/h  qv_bl=10.03g/kg
t=  4380s  step= 2191  w_max= 9.12m/s  w99=2.53m/s  qc_max=0.28g/kg  cov= 1.1%  N=  5  CB=1576m  CT=1998m  prec=0.00mm/h  qv_bl=10.03g/kg
t=  4440s  step= 2221  w_max= 9.02m/s  w99=2.55m/s  qc_max=0.30g/kg  cov= 1.1%  N=  5  CB=1576m  CT=1998m  prec=0.00mm/h  qv_bl=10.03g/kg
t=  4500s  step= 2251  w_max= 8.62m/s  w99=2.56m/s  qc_max=0.28g/kg  cov= 1.2%  N=  6  CB=1576m  CT=1935m  prec=0.00mm/h  qv_bl=10.03g/kg
t=  4560s  step= 2281  w_max= 8.43m/s  w99=2.58m/s  qc_max=0.23g/kg  cov= 1.2%  N=  7  CB=1576m  CT=1935m  prec=0.00mm/h  qv_bl=10.02g/kg
t=  4620s  step= 2311  w_max= 8.99m/s  w99=2.59m/s  qc_max=0.17g/kg  cov= 1.2%  N=  7  CB=1576m  CT=1935m  prec=0.00mm/h  qv_bl=10.02g/kg
t=  4680s  step= 2341  w_max= 9.53m/s  w99=2.58m/s  qc_max=0.19g/kg  cov= 1.0%  N=  6  CB=1576m  CT=1998m  prec=0.00mm/h  qv_bl=10.02g/kg
t=  4740s  step= 2371  w_max=10.15m/s  w99=2.59m/s  qc_max=0.21g/kg  cov= 0.9%  N=  5  CB=1576m  CT=1998m  prec=0.00mm/h  qv_bl=10.02g/kg
t=  4800s  step= 2401  w_max=10.48m/s  w99=2.60m/s  qc_max=0.21g/kg  cov= 0.9%  N=  5  CB=1576m  CT=1998m  prec=0.00mm/h  qv_bl=10.02g/kg
t=  4860s  step= 2431  w_max=10.66m/s  w99=2.62m/s  qc_max=0.21g/kg  cov= 0.9%  N=  6  CB=1576m  CT=1998m  prec=0.00mm/h  qv_bl=10.02g/kg
t=  4920s  step= 2462  w_max=11.22m/s  w99=2.61m/s  qc_max=0.23g/kg  cov= 0.9%  N=  5  CB=1576m  CT=2063m  prec=0.00mm/h  qv_bl=10.02g/kg
t=  4980s  step= 2493  w_max=10.96m/s  w99=2.62m/s  qc_max=0.24g/kg  cov= 1.0%  N=  4  CB=1576m  CT=2063m  prec=0.00mm/h  qv_bl=10.01g/kg
t=  5040s  step= 2524  w_max=10.64m/s  w99=2.61m/s  qc_max=0.28g/kg  cov= 1.0%  N=  4  CB=1576m  CT=2063m  prec=0.00mm/h  qv_bl=10.01g/kg
t=  5100s  step= 2556  w_max=11.49m/s  w99=2.60m/s  qc_max=0.32g/kg  cov= 1.0%  N=  5  CB=1576m  CT=2130m  prec=0.00mm/h  qv_bl=10.01g/kg
t=  5160s  step= 2588  w_max=11.09m/s  w99=2.59m/s  qc_max=0.35g/kg  cov= 1.0%  N=  4  CB=1576m  CT=2130m  prec=0.00mm/h  qv_bl=10.01g/kg
t=  5220s  step= 2619  w_max=10.34m/s  w99=2.59m/s  qc_max=0.36g/kg  cov= 1.0%  N=  4  CB=1576m  CT=2130m  prec=0.00mm/h  qv_bl=10.01g/kg
t=  5280s  step= 2650  w_max=10.97m/s  w99=2.61m/s  qc_max=0.32g/kg  cov= 1.0%  N=  4  CB=1576m  CT=2130m  prec=0.00mm/h  qv_bl=10.00g/kg
t=  5340s  step= 2681  w_max=10.93m/s  w99=2.61m/s  qc_max=0.25g/kg  cov= 1.1%  N=  5  CB=1576m  CT=1998m  prec=0.00mm/h  qv_bl=10.00g/kg
t=  5400s  step= 2712  w_max=10.26m/s  w99=2.59m/s  qc_max=0.26g/kg  cov= 1.2%  N=  5  CB=1576m  CT=2063m  prec=0.00mm/h  qv_bl=10.00g/kg
t=  5460s  step= 2742  w_max= 9.55m/s  w99=2.59m/s  qc_max=0.24g/kg  cov= 1.2%  N=  5  CB=1576m  CT=1998m  prec=0.00mm/h  qv_bl=10.00g/kg
t=  5520s  step= 2772  w_max= 9.81m/s  w99=2.58m/s  qc_max=0.28g/kg  cov= 1.1%  N=  6  CB=1576m  CT=2063m  prec=0.00mm/h  qv_bl=10.00g/kg
t=  5580s  step= 2802  w_max= 9.88m/s  w99=2.57m/s  qc_max=0.31g/kg  cov= 1.2%  N=  7  CB=1576m  CT=2063m  prec=0.00mm/h  qv_bl=9.99g/kg
t=  5640s  step= 2832  w_max=10.02m/s  w99=2.56m/s  qc_max=0.33g/kg  cov= 1.1%  N=  7  CB=1576m  CT=2063m  prec=0.00mm/h  qv_bl=9.99g/kg
t=  5700s  step= 2863  w_max=11.64m/s  w99=2.54m/s  qc_max=0.33g/kg  cov= 1.0%  N=  6  CB=1576m  CT=2063m  prec=0.00mm/h  qv_bl=9.99g/kg
t=  5760s  step= 2897  w_max=11.84m/s  w99=2.54m/s  qc_max=0.30g/kg  cov= 0.9%  N=  5  CB=1633m  CT=2063m  prec=0.00mm/h  qv_bl=9.99g/kg
t=  5820s  step= 2929  w_max=10.34m/s  w99=2.53m/s  qc_max=0.27g/kg  cov= 0.8%  N=  5  CB=1633m  CT=2063m  prec=0.00mm/h  qv_bl=9.99g/kg
t=  5880s  step= 2959  w_max= 9.08m/s  w99=2.54m/s  qc_max=0.28g/kg  cov= 0.6%  N=  3  CB=1633m  CT=2063m  prec=0.00mm/h  qv_bl=9.99g/kg
t=  5940s  step= 2989  w_max=10.09m/s  w99=2.54m/s  qc_max=0.27g/kg  cov= 0.6%  N=  3  CB=1691m  CT=1998m  prec=0.00mm/h  qv_bl=9.99g/kg
t=  6000s  step= 3019  w_max= 9.22m/s  w99=2.53m/s  qc_max=0.25g/kg  cov= 0.6%  N=  2  CB=1691m  CT=1998m  prec=0.00mm/h  qv_bl=9.98g/kg
t=  6060s  step= 3049  w_max= 9.00m/s  w99=2.53m/s  qc_max=0.26g/kg  cov= 0.8%  N=  6  CB=1633m  CT=1998m  prec=0.00mm/h  qv_bl=9.98g/kg
t=  6120s  step= 3079  w_max= 9.19m/s  w99=2.52m/s  qc_max=0.27g/kg  cov= 0.9%  N=  4  CB=1633m  CT=1998m  prec=0.00mm/h  qv_bl=9.98g/kg
t=  6180s  step= 3109  w_max= 8.81m/s  w99=2.51m/s  qc_max=0.27g/kg  cov= 0.9%  N=  4  CB=1576m  CT=1998m  prec=0.00mm/h  qv_bl=9.98g/kg
t=  6240s  step= 3139  w_max= 8.42m/s  w99=2.51m/s  qc_max=0.25g/kg  cov= 0.9%  N=  6  CB=1576m  CT=1998m  prec=0.00mm/h  qv_bl=9.98g/kg
t=  6300s  step= 3169  w_max= 9.53m/s  w99=2.50m/s  qc_max=0.20g/kg  cov= 0.8%  N=  7  CB=1576m  CT=1935m  prec=0.00mm/h  qv_bl=9.98g/kg
t=  6360s  step= 3199  w_max= 9.62m/s  w99=2.50m/s  qc_max=0.19g/kg  cov= 0.8%  N=  6  CB=1576m  CT=1935m  prec=0.00mm/h  qv_bl=9.97g/kg
t=  6420s  step= 3229  w_max= 9.27m/s  w99=2.52m/s  qc_max=0.19g/kg  cov= 0.8%  N=  6  CB=1576m  CT=1935m  prec=0.00mm/h  qv_bl=9.97g/kg
t=  6480s  step= 3259  w_max= 9.23m/s  w99=2.52m/s  qc_max=0.19g/kg  cov= 0.9%  N=  4  CB=1576m  CT=1935m  prec=0.00mm/h  qv_bl=9.97g/kg
t=  6540s  step= 3289  w_max=10.14m/s  w99=2.55m/s  qc_max=0.19g/kg  cov= 0.9%  N=  6  CB=1576m  CT=1935m  prec=0.00mm/h  qv_bl=9.97g/kg
t=  6600s  step= 3320  w_max=11.34m/s  w99=2.56m/s  qc_max=0.20g/kg  cov= 1.0%  N=  6  CB=1576m  CT=1935m  prec=0.00mm/h  qv_bl=9.97g/kg
t=  6660s  step= 3354  w_max=12.55m/s  w99=2.57m/s  qc_max=0.21g/kg  cov= 1.1%  N=  6  CB=1576m  CT=1935m  prec=0.00mm/h  qv_bl=9.97g/kg
t=  6720s  step= 3391  w_max=13.50m/s  w99=2.59m/s  qc_max=0.21g/kg  cov= 1.1%  N=  6  CB=1576m  CT=1935m  prec=0.00mm/h  qv_bl=9.97g/kg
t=  6780s  step= 3429  w_max=13.69m/s  w99=2.61m/s  qc_max=0.23g/kg  cov= 1.1%  N=  8  CB=1576m  CT=1935m  prec=0.00mm/h  qv_bl=9.97g/kg
t=  6840s  step= 3466  w_max=12.59m/s  w99=2.64m/s  qc_max=0.24g/kg  cov= 1.2%  N=  7  CB=1576m  CT=1935m  prec=0.00mm/h  qv_bl=9.96g/kg
t=  6900s  step= 3503  w_max=13.58m/s  w99=2.65m/s  qc_max=0.30g/kg  cov= 1.4%  N=  7  CB=1576m  CT=2063m  prec=0.00mm/h  qv_bl=9.96g/kg
t=  6960s  step= 3541  w_max=12.84m/s  w99=2.67m/s  qc_max=0.40g/kg  cov= 1.4%  N=  7  CB=1576m  CT=2130m  prec=0.00mm/h  qv_bl=9.96g/kg
t=  7020s  step= 3574  w_max=11.06m/s  w99=2.70m/s  qc_max=0.45g/kg  cov= 1.4%  N=  8  CB=1576m  CT=2197m  prec=0.00mm/h  qv_bl=9.96g/kg
t=  7080s  step= 3605  w_max=10.95m/s  w99=2.71m/s  qc_max=0.52g/kg  cov= 1.4%  N=  9  CB=1576m  CT=2266m  prec=0.00mm/h  qv_bl=9.96g/kg
t=  7140s  step= 3636  w_max= 9.58m/s  w99=2.74m/s  qc_max=0.55g/kg  cov= 1.5%  N=  9  CB=1576m  CT=2266m  prec=0.00mm/h  qv_bl=9.96g/kg
t=  7200s  step= 3666  w_max=10.76m/s  w99=2.75m/s  qc_max=0.51g/kg  cov= 1.5%  N=  8  CB=1576m  CT=2197m  prec=0.00mm/h  qv_bl=9.95g/kg
