Grid(120×120×80, dx=100.0m, dz=27.2–119.6m, z_top=5000m)
  dt=2.0s, t_end=7200.0s, output every 60.0s
t=     0s  step=    1  w_max= 0.00m/s  w99=0.00m/s  qc_max=0.00g/kg  cov= 0.0%  N=  0  CB=0m  CT=0m  prec=0.00mm/h  qv_bl=13.72g/kg
t=    60s  step=   31  w_max= 0.39m/s  w99=0.14m/s  qc_max=0.00g/kg  cov= 0.0%  N=  0  CB=0m  CT=0m  prec=0.00mm/h  qv_bl=13.72g/kg
t=   120s  step=   61  w_max= 0.74m/s  w99=0.27m/s  qc_max=0.00g/kg  cov= 0.0%  N=  0  CB=0m  CT=0m  prec=0.00mm/h  qv_bl=13.73g/kg
t=   180s  step=   91  w_max= 1.03m/s  w99=0.37m/s  qc_max=0.00g/kg  cov= 0.0%  N=  0  CB=0m  CT=0m  prec=0.00mm/h  qv_bl=13.73g/kg
t=   240s  step=  121  w_max= 1.18m/s  w99=0.45m/s  qc_max=0.00g/kg  cov= 0.0%  N=  0  CB=0m  CT=0m  prec=0.00mm/h  qv_bl=13.73g/kg
t=   300s  step=  151  w_max= 1.34m/s  w99=0.51m/s  qc_max=0.00g/kg  cov= 0.0%  N=  0  CB=0m  CT=0m  prec=0.00mm/h  qv_bl=13.73g/kg
t=   360s  step=  181  w_max= 1.54m/s  w99=0.55m/s  qc_max=0.00g/kg  cov= 0.0%  N=  0  CB=0m  CT=0m  prec=0.00mm/h  qv_bl=13.73g/kg
t=   420s  step=  211  w_max= 1.69m/s  w99=0.57m/s  qc_max=0.00g/kg  cov= 0.0%  N=  0  CB=0m  CT=0m  prec=0.00mm/h  qv_bl=13.73g/kg
t=   480s  step=  241  w_max= 1.95m/s  w99=0.59m/s  qc_max=0.00g/kg  cov= 0.0%  N=  0  CB=0m  CT=0m  prec=0.00mm/h  qv_bl=13.73g/kg
t=   540s  step=  271  w_max= 2.05m/s  w99=0.60m/s  qc_max=0.00g/kg  cov= 0.0%  N=  0  CB=0m  CT=0m  prec=0.00mm/h  qv_bl=13.73g/kg
t=   600s  step=  301  w_max= 2.32m/s  w99=0.61m/s  qc_max=0.00g/kg  cov= 0.0%  N=  0  CB=0m  CT=0m  prec=0.00mm/h  qv_bl=13.72g/kg
t=   660s  step=  331  w_max= 2.55m/s  w99=0.61m/s  qc_max=0.00g/kg  cov= 0.0%  N=  0  CB=0m  CT=0m  prec=0.00mm/h  qv_bl=13.72g/kg
t=   720s  step=  361  w_max= 2.68m/s  w99=0.63m/s  qc_max=0.00g/kg  cov= 0.0%  N=  0  CB=0m  CT=0m  prec=0.00mm/h  qv_bl=13.72g/kg
t=   780s  step=  391  w_max= 2.70m/s  w99=0.66m/s  qc_max=0.00g/kg  cov= 0.0%  N=  0  CB=0m  CT=0m  prec=0.00mm/h  qv_bl=13.72g/kg
t=   840s  step=  421  w_max= 2.79m/s  w99=0.70m/s  qc_max=0.03g/kg  cov= 0.1%  N=  1  CB=837m  CT=969m  prec=0.00mm/h  qv_bl=13.72g/kg
t=   900s  step=  451  w_max= 3.38m/s  w99=0.75m/s  qc_max=0.11g/kg  cov= 0.3%  N=  2  CB=837m  CT=1061m  prec=0.00mm/h  qv_bl=13.72g/kg
t=   960s  step=  481  w_max= 4.04m/s  w99=0.82m/s  qc_max=0.19g/kg  cov= 0.9%  N=  3  CB=837m  CT=1156m  prec=0.00mm/h  qv_bl=13.71g/kg
t=  1020s  step=  511  w_max= 4.77m/s  w99=0.91m/s  qc_max=0.31g/kg  cov= 1.4%  N=  3  CB=837m  CT=1255m  prec=0.00mm/h  qv_bl=13.71g/kg
t=  1080s  step=  541  w_max= 5.53m/s  w99=1.03m/s  qc_max=0.45g/kg  cov= 2.0%  N=  5  CB=837m  CT=1358m  prec=0.00mm/h  qv_bl=13.71g/kg
t=  1140s  step=  571  w_max= 6.38m/s  w99=1.19m/s  qc_max=0.62g/kg  cov= 2.8%  N=  5  CB=837m  CT=1465m  prec=0.00mm/h  qv_bl=13.70g/kg
t=  1200s  step=  601  w_max= 7.15m/s  w99=1.40m/s  qc_max=0.84g/kg  cov= 3.7%  N=  8  CB=837m  CT=1576m  prec=0.00mm/h  qv_bl=13.70g/kg
t=  1260s  step=  631  w_max= 7.69m/s  w99=1.63m/s  qc_max=1.09g/kg  cov= 4.8%  N=  8  CB=795m  CT=1750m  prec=0.00mm/h  qv_bl=13.69g/kg
t=  1320s  step=  661  w_max= 8.20m/s  w99=1.91m/s  qc_max=1.40g/kg  cov= 5.8%  N=  9  CB=795m  CT=1935m  prec=0.00mm/h  qv_bl=13.68g/kg
t=  1380s  step=  691  w_max= 8.82m/s  w99=2.24m/s  qc_max=1.63g/kg  cov= 6.6%  N= 10  CB=795m  CT=2130m  prec=0.00mm/h  qv_bl=13.67g/kg
t=  1440s  step=  721  w_max=10.52m/s  w99=2.60m/s  qc_max=1.85g/kg  cov= 7.4%  N= 11  CB=795m  CT=2266m  prec=0.00mm/h  qv_bl=13.65g/kg
t=  1500s  step=  753  w_max=12.23m/s  w99=2.98m/s  qc_max=2.13g/kg  cov= 8.5%  N= 14  CB=795m  CT=2480m  prec=0.00mm/h  qv_bl=13.62g/kg
t=  1560s  step=  789  w_max=13.51m/s  w99=3.35m/s  qc_max=2.42g/kg  cov= 9.7%  N= 14  CB=795m  CT=2630m  prec=0.00mm/h  qv_bl=13.59g/kg
t=  1620s  step=  828  w_max=13.76m/s  w99=3.68m/s  qc_max=2.70g/kg  cov=11.1%  N= 12  CB=795m  CT=2865m  prec=0.00mm/h  qv_bl=13.56g/kg
t=  1680s  step=  866  w_max=13.15m/s  w99=3.94m/s  qc_max=3.05g/kg  cov=12.3%  N= 11  CB=795m  CT=3029m  prec=0.00mm/h  qv_bl=13.52g/kg
t=  1740s  step=  902  w_max=12.56m/s  w99=4.07m/s  qc_max=3.28g/kg  cov=13.5%  N= 11  CB=795m  CT=3114m  prec=0.00mm/h  qv_bl=13.49g/kg
t=  1800s  step=  937  w_max=13.06m/s  w99=4.11m/s  qc_max=3.23g/kg  cov=14.5%  N=  9  CB=795m  CT=3200m  prec=0.00mm/h  qv_bl=13.45g/kg
t=  1860s  step=  975  w_max=13.96m/s  w99=4.10m/s  qc_max=3.17g/kg  cov=15.1%  N= 10  CB=837m  CT=3288m  prec=0.00mm/h  qv_bl=13.42g/kg
t=  1920s  step= 1015  w_max=14.29m/s  w99=4.02m/s  qc_max=3.27g/kg  cov=15.7%  N= 10  CB=837m  CT=3377m  prec=0.00mm/h  qv_bl=13.38g/kg
t=  1980s  step= 1055  w_max=13.86m/s  w99=3.88m/s  qc_max=3.36g/kg  cov=16.2%  N=  9  CB=837m  CT=3377m  prec=0.00mm/h  qv_bl=13.35g/kg
t=  2040s  step= 1092  w_max=12.74m/s  w99=3.70m/s  qc_max=3.44g/kg  cov=16.5%  N=  8  CB=837m  CT=3288m  prec=0.00mm/h  qv_bl=13.32g/kg
t=  2100s  step= 1127  w_max=11.98m/s  w99=3.57m/s  qc_max=3.49g/kg  cov=16.8%  N=  8  CB=837m  CT=3377m  prec=0.00mm/h  qv_bl=13.29g/kg
t=  2160s  step= 1159  w_max=11.54m/s  w99=3.47m/s  qc_max=3.57g/kg  cov=16.7%  N=  8  CB=837m  CT=3468m  prec=0.00mm/h  qv_bl=13.26g/kg
t=  2220s  step= 1192  w_max=11.71m/s  w99=3.40m/s  qc_max=3.94g/kg  cov=16.6%  N=  9  CB=837m  CT=3468m  prec=0.00mm/h  qv_bl=13.24g/kg
t=  2280s  step= 1224  w_max=11.40m/s  w99=3.35m/s  qc_max=3.55g/kg  cov=16.3%  N=  9  CB=837m  CT=3468m  prec=0.00mm/h  qv_bl=13.21g/kg
t=  2340s  step= 1255  w_max=10.72m/s  w99=3.30m/s  qc_max=3.45g/kg  cov=15.9%  N=  8  CB=837m  CT=3468m  prec=0.00mm/h  qv_bl=13.19g/kg
t=  2400s  step= 1285  w_max= 9.96m/s  w99=3.22m/s  qc_max=3.70g/kg  cov=15.5%  N=  9  CB=837m  CT=3468m  prec=0.00mm/h  qv_bl=13.17g/kg
t=  2460s  step= 1315  w_max= 8.97m/s  w99=3.15m/s  qc_max=4.07g/kg  cov=15.1%  N= 11  CB=795m  CT=3377m  prec=0.00mm/h  qv_bl=13.15g/kg
t=  2520s  step= 1345  w_max= 8.25m/s  w99=3.08m/s  qc_max=4.33g/kg  cov=14.9%  N= 10  CB=754m  CT=3200m  prec=0.00mm/h  qv_bl=13.13g/kg
t=  2580s  step= 1375  w_max= 8.94m/s  w99=3.05m/s  qc_max=4.40g/kg  cov=15.0%  N= 10  CB=754m  CT=3114m  prec=0.00mm/h  qv_bl=13.12g/kg
t=  2640s  step= 1406  w_max=11.10m/s  w99=3.06m/s  qc_max=4.33g/kg  cov=15.3%  N=  9  CB=558m  CT=3114m  prec=0.00mm/h  qv_bl=13.11g/kg
t=  2700s  step= 1440  w_max=12.89m/s  w99=3.10m/s  qc_max=3.91g/kg  cov=15.5%  N= 12  CB=521m  CT=3114m  prec=0.00mm/h  qv_bl=13.10g/kg
t=  2760s  step= 1478  w_max=13.69m/s  w99=3.12m/s  qc_max=3.75g/kg  cov=15.7%  N= 14  CB=795m  CT=3029m  prec=0.00mm/h  qv_bl=13.09g/kg
t=  2820s  step= 1513  w_max=12.04m/s  w99=3.08m/s  qc_max=3.06g/kg  cov=16.0%  N= 15  CB=754m  CT=2946m  prec=0.00mm/h  qv_bl=13.08g/kg
t=  2880s  step= 1546  w_max=12.51m/s  w99=3.03m/s  qc_max=3.12g/kg  cov=16.1%  N= 21  CB=754m  CT=2785m  prec=0.00mm/h  qv_bl=13.07g/kg
t=  2940s  step= 1583  w_max=13.52m/s  w99=2.98m/s  qc_max=3.28g/kg  cov=15.8%  N= 21  CB=837m  CT=2630m  prec=0.00mm/h  qv_bl=13.06g/kg
t=  3000s  step= 1620  w_max=12.34m/s  w99=2.96m/s  qc_max=3.44g/kg  cov=15.8%  N= 17  CB=837m  CT=3200m  prec=0.00mm/h  qv_bl=13.06g/kg
t=  3060s  step= 1653  w_max=11.32m/s  w99=2.96m/s  qc_max=3.23g/kg  cov=15.4%  N= 18  CB=795m  CT=2707m  prec=0.00mm/h  qv_bl=13.05g/kg
t=  3120s  step= 1684  w_max=10.63m/s  w99=2.95m/s  qc_max=3.04g/kg  cov=15.4%  N= 20  CB=754m  CT=3200m  prec=0.00mm/h  qv_bl=13.04g/kg
t=  3180s  step= 1716  w_max=11.53m/s  w99=2.95m/s  qc_max=2.52g/kg  cov=15.1%  N= 20  CB=754m  CT=3114m  prec=0.00mm/h  qv_bl=13.04g/kg
t=  3240s  step= 1748  w_max=11.21m/s  w99=2.94m/s  qc_max=2.12g/kg  cov=14.9%  N= 20  CB=754m  CT=2946m  prec=0.00mm/h  qv_bl=13.03g/kg
t=  3300s  step= 1779  w_max=10.93m/s  w99=2.92m/s  qc_max=1.88g/kg  cov=14.9%  N= 20  CB=837m  CT=2630m  prec=0.00mm/h  qv_bl=13.02g/kg
t=  3360s  step= 1810  w_max=10.35m/s  w99=2.91m/s  qc_max=1.83g/kg  cov=15.1%  N= 22  CB=969m  CT=2480m  prec=0.00mm/h  qv_bl=13.01g/kg
t=  3420s  step= 1840  w_max=10.40m/s  w99=2.88m/s  qc_max=1.95g/kg  cov=14.9%  N= 23  CB=969m  CT=2554m  prec=0.00mm/h  qv_bl=13.00g/kg
t=  3480s  step= 1870  w_max= 9.83m/s  w99=2.84m/s  qc_max=2.21g/kg  cov=14.8%  N= 21  CB=969m  CT=2554m  prec=0.00mm/h  qv_bl=12.99g/kg
t=  3540s  step= 1900  w_max= 9.32m/s  w99=2.78m/s  qc_max=2.34g/kg  cov=14.7%  N= 23  CB=969m  CT=2630m  prec=0.00mm/h  qv_bl=12.98g/kg
t=  3600s  step= 1930  w_max= 9.00m/s  w99=2.76m/s  qc_max=2.55g/kg  cov=14.8%  N= 24  CB=969m  CT=2630m  prec=0.00mm/h  qv_bl=12.98g/kg
t=  3660s  step= 1960  w_max= 8.46m/s  w99=2.72m/s  qc_max=2.64g/kg  cov=14.9%  N= 23  CB=969m  CT=2707m  prec=0.00mm/h  qv_bl=12.97g/kg
t=  3720s  step= 1990  w_max= 8.49m/s  w99=2.71m/s  qc_max=2.62g/kg  cov=14.5%  N= 23  CB=969m  CT=2707m  prec=0.00mm/h  qv_bl=12.96g/kg
t=  3780s  step= 2020  w_max= 8.12m/s  w99=2.72m/s  qc_max=2.30g/kg  cov=14.2%  N= 19  CB=969m  CT=2707m  prec=0.00mm/h  qv_bl=12.96g/kg
t=  3840s  step= 2050  w_max= 7.47m/s  w99=2.73m/s  qc_max=2.32g/kg  cov=13.9%  N= 20  CB=1015m  CT=2785m  prec=0.00mm/h  qv_bl=12.95g/kg
t=  3900s  step= 2080  w_max= 7.40m/s  w99=2.74m/s  qc_max=2.49g/kg  cov=13.4%  N= 20  CB=1015m  CT=2785m  prec=0.00mm/h  qv_bl=12.95g/kg
t=  3960s  step= 2110  w_max= 7.95m/s  w99=2.73m/s  qc_max=2.53g/kg  cov=13.1%  N= 18  CB=1015m  CT=2785m  prec=0.00mm/h  qv_bl=12.94g/kg
t=  4020s  step= 2140  w_max= 7.99m/s  w99=2.70m/s  qc_max=2.59g/kg  cov=13.0%  N= 16  CB=1015m  CT=2785m  prec=0.00mm/h  qv_bl=12.94g/kg
t=  4080s  step= 2170  w_max= 7.87m/s  w99=2.66m/s  qc_max=2.52g/kg  cov=13.2%  N= 18  CB=1015m  CT=2785m  prec=0.00mm/h  qv_bl=12.94g/kg
t=  4140s  step= 2200  w_max= 7.89m/s  w99=2.60m/s  qc_max=2.60g/kg  cov=13.4%  N= 19  CB=1015m  CT=2707m  prec=0.00mm/h  qv_bl=12.94g/kg
t=  4200s  step= 2230  w_max= 8.50m/s  w99=2.53m/s  qc_max=2.58g/kg  cov=13.6%  N= 18  CB=1015m  CT=2630m  prec=0.00mm/h  qv_bl=12.93g/kg
t=  4260s  step= 2260  w_max= 8.39m/s  w99=2.48m/s  qc_max=2.71g/kg  cov=13.6%  N= 17  CB=1015m  CT=2554m  prec=0.00mm/h  qv_bl=12.93g/kg
t=  4320s  step= 2290  w_max= 8.51m/s  w99=2.44m/s  qc_max=2.93g/kg  cov=13.9%  N= 19  CB=1015m  CT=2480m  prec=0.00mm/h  qv_bl=12.93g/kg
t=  4380s  step= 2320  w_max= 8.06m/s  w99=2.41m/s  qc_max=2.91g/kg  cov=13.7%  N= 19  CB=969m  CT=2480m  prec=0.00mm/h  qv_bl=12.93g/kg
t=  4440s  step= 2350  w_max= 8.58m/s  w99=2.41m/s  qc_max=2.72g/kg  cov=13.2%  N= 18  CB=924m  CT=2407m  prec=0.00mm/h  qv_bl=12.93g/kg
t=  4500s  step= 2380  w_max=10.25m/s  w99=2.44m/s  qc_max=2.24g/kg  cov=12.9%  N= 18  CB=924m  CT=2336m  prec=0.00mm/h  qv_bl=12.93g/kg
t=  4560s  step= 2411  w_max=10.81m/s  w99=2.49m/s  qc_max=1.61g/kg  cov=12.4%  N= 17  CB=1061m  CT=2336m  prec=0.00mm/h  qv_bl=12.93g/kg
t=  4620s  step= 2441  w_max= 9.34m/s  w99=2.55m/s  qc_max=1.72g/kg  cov=11.8%  N= 18  CB=1061m  CT=2336m  prec=0.00mm/h  qv_bl=12.93g/kg
t=  4680s  step= 2471  w_max= 8.53m/s  w99=2.60m/s  qc_max=1.90g/kg  cov=10.9%  N= 18  CB=1061m  CT=2266m  prec=0.00mm/h  qv_bl=12.93g/kg
t=  4740s  step= 2501  w_max= 8.20m/s  w99=2.61m/s  qc_max=1.76g/kg  cov=10.2%  N= 18  CB=1061m  CT=2266m  prec=0.00mm/h  qv_bl=12.93g/kg
t=  4800s  step= 2531  w_max= 9.33m/s  w99=2.60m/s  qc_max=1.54g/kg  cov= 9.7%  N= 15  CB=1061m  CT=2266m  prec=0.00mm/h  qv_bl=12.93g/kg
t=  4860s  step= 2561  w_max= 9.92m/s  w99=2.58m/s  qc_max=1.60g/kg  cov= 9.5%  N= 15  CB=1061m  CT=2336m  prec=0.00mm/h  qv_bl=12.93g/kg
t=  4920s  step= 2591  w_max= 9.73m/s  w99=2.57m/s  qc_max=2.47g/kg  cov= 9.3%  N= 19  CB=1015m  CT=2407m  prec=0.00mm/h  qv_bl=12.93g/kg
t=  4980s  step= 2621  w_max= 9.69m/s  w99=2.57m/s  qc_max=2.81g/kg  cov= 9.6%  N= 16  CB=880m  CT=2480m  prec=0.00mm/h  qv_bl=12.93g/kg
t=  5040s  step= 2651  w_max=10.65m/s  w99=2.58m/s  qc_max=2.60g/kg  cov= 9.6%  N= 17  CB=795m  CT=2554m  prec=0.00mm/h  qv_bl=12.92g/kg
t=  5100s  step= 2681  w_max=10.64m/s  w99=2.57m/s  qc_max=2.71g/kg  cov= 9.7%  N= 16  CB=880m  CT=2630m  prec=0.00mm/h  qv_bl=12.92g/kg
t=  5160s  step= 2711  w_max=10.64m/s  w99=2.58m/s  qc_max=2.63g/kg  cov= 9.9%  N= 15  CB=880m  CT=2707m  prec=0.00mm/h  qv_bl=12.92g/kg
t=  5220s  step= 2741  w_max= 9.87m/s  w99=2.61m/s  qc_max=2.67g/kg  cov= 9.9%  N= 14  CB=1015m  CT=2785m  prec=0.00mm/h  qv_bl=12.92g/kg
t=  5280s  step= 2771  w_max= 9.74m/s  w99=2.63m/s  qc_max=2.45g/kg  cov=10.0%  N= 13  CB=1015m  CT=2865m  prec=0.00mm/h  qv_bl=12.92g/kg
t=  5340s  step= 2801  w_max= 9.00m/s  w99=2.68m/s  qc_max=3.21g/kg  cov=10.0%  N= 15  CB=969m  CT=3029m  prec=0.00mm/h  qv_bl=12.92g/kg
t=  5400s  step= 2831  w_max= 9.06m/s  w99=2.70m/s  qc_max=4.00g/kg  cov=10.3%  N= 15  CB=837m  CT=3029m  prec=0.00mm/h  qv_bl=12.92g/kg
t=  5460s  step= 2861  w_max= 8.83m/s  w99=2.70m/s  qc_max=4.39g/kg  cov=10.6%  N= 14  CB=754m  CT=3114m  prec=0.00mm/h  qv_bl=12.92g/kg
t=  5520s  step= 2891  w_max= 9.64m/s  w99=2.68m/s  qc_max=4.58g/kg  cov=10.6%  N= 15  CB=837m  CT=3114m  prec=0.00mm/h  qv_bl=12.92g/kg
t=  5580s  step= 2921  w_max=10.04m/s  w99=2.66m/s  qc_max=4.20g/kg  cov=10.5%  N= 16  CB=1061m  CT=3114m  prec=0.00mm/h  qv_bl=12.92g/kg
t=  5640s  step= 2951  w_max= 8.73m/s  w99=2.62m/s  qc_max=4.28g/kg  cov=10.6%  N= 16  CB=1061m  CT=3114m  prec=0.00mm/h  qv_bl=12.91g/kg
t=  5700s  step= 2981  w_max= 7.24m/s  w99=2.55m/s  qc_max=4.23g/kg  cov=10.9%  N= 15  CB=1061m  CT=3029m  prec=0.00mm/h  qv_bl=12.91g/kg
t=  5760s  step= 3011  w_max= 6.74m/s  w99=2.49m/s  qc_max=3.84g/kg  cov=11.0%  N= 14  CB=1015m  CT=2946m  prec=0.00mm/h  qv_bl=12.91g/kg
t=  5820s  step= 3041  w_max= 7.34m/s  w99=2.43m/s  qc_max=3.07g/kg  cov=11.0%  N= 15  CB=969m  CT=2946m  prec=0.00mm/h  qv_bl=12.91g/kg
t=  5880s  step= 3071  w_max= 8.27m/s  w99=2.37m/s  qc_max=2.63g/kg  cov=10.8%  N= 14  CB=1061m  CT=2865m  prec=0.00mm/h  qv_bl=12.91g/kg
t=  5940s  step= 3101  w_max= 8.67m/s  w99=2.32m/s  qc_max=2.35g/kg  cov=11.1%  N= 14  CB=1061m  CT=2785m  prec=0.00mm/h  qv_bl=12.92g/kg
t=  6000s  step= 3131  w_max= 8.81m/s  w99=2.31m/s  qc_max=2.14g/kg  cov=11.4%  N= 14  CB=1061m  CT=2707m  prec=0.00mm/h  qv_bl=12.92g/kg
t=  6060s  step= 3161  w_max= 9.01m/s  w99=2.32m/s  qc_max=2.14g/kg  cov=11.6%  N= 14  CB=1015m  CT=2630m  prec=0.00mm/h  qv_bl=12.92g/kg
t=  6120s  step= 3191  w_max= 9.05m/s  w99=2.36m/s  qc_max=2.33g/kg  cov=11.4%  N= 15  CB=924m  CT=2480m  prec=0.00mm/h  qv_bl=12.92g/kg
t=  6180s  step= 3221  w_max= 8.60m/s  w99=2.39m/s  qc_max=2.64g/kg  cov=11.4%  N= 12  CB=795m  CT=2554m  prec=0.00mm/h  qv_bl=12.92g/kg
t=  6240s  step= 3251  w_max= 9.28m/s  w99=2.42m/s  qc_max=3.31g/kg  cov=11.1%  N= 11  CB=673m  CT=2630m  prec=0.00mm/h  qv_bl=12.92g/kg
t=  6300s  step= 3282  w_max=11.03m/s  w99=2.43m/s  qc_max=3.98g/kg  cov=10.6%  N= 11  CB=673m  CT=2707m  prec=0.00mm/h  qv_bl=12.92g/kg
t=  6360s  step= 3315  w_max=12.43m/s  w99=2.46m/s  qc_max=4.55g/kg  cov=10.2%  N= 10  CB=754m  CT=2707m  prec=0.00mm/h  qv_bl=12.92g/kg
t=  6420s  step= 3349  w_max=11.14m/s  w99=2.50m/s  qc_max=4.76g/kg  cov=10.1%  N= 11  CB=1108m  CT=2707m  prec=0.00mm/h  qv_bl=12.92g/kg
t=  6480s  step= 3380  w_max= 9.45m/s  w99=2.56m/s  qc_max=4.72g/kg  cov=10.0%  N=  9  CB=1108m  CT=2707m  prec=0.00mm/h  qv_bl=12.92g/kg
t=  6540s  step= 3410  w_max= 8.02m/s  w99=2.62m/s  qc_max=4.11g/kg  cov=10.2%  N=  9  CB=1015m  CT=2707m  prec=0.00mm/h  qv_bl=12.92g/kg
t=  6600s  step= 3440  w_max= 8.33m/s  w99=2.66m/s  qc_max=3.37g/kg  cov=10.6%  N=  9  CB=880m  CT=2707m  prec=0.00mm/h  qv_bl=12.91g/kg
t=  6660s  step= 3470  w_max= 9.25m/s  w99=2.70m/s  qc_max=2.92g/kg  cov=11.0%  N=  7  CB=713m  CT=2707m  prec=0.00mm/h  qv_bl=12.91g/kg
t=  6720s  step= 3501  w_max=11.53m/s  w99=2.73m/s  qc_max=2.59g/kg  cov=11.1%  N=  7  CB=596m  CT=2707m  prec=0.00mm/h  qv_bl=12.91g/kg
t=  6780s  step= 3536  w_max=13.28m/s  w99=2.76m/s  qc_max=2.21g/kg  cov=11.0%  N=  7  CB=1061m  CT=2707m  prec=0.00mm/h  qv_bl=12.91g/kg
t=  6840s  step= 3571  w_max=11.11m/s  w99=2.77m/s  qc_max=2.29g/kg  cov=10.9%  N=  7  CB=1108m  CT=2785m  prec=0.00mm/h  qv_bl=12.91g/kg
t=  6900s  step= 3602  w_max= 8.93m/s  w99=2.73m/s  qc_max=2.46g/kg  cov=10.9%  N=  7  CB=1061m  CT=2785m  prec=0.00mm/h  qv_bl=12.91g/kg
t=  6960s  step= 3632  w_max= 8.69m/s  w99=2.67m/s  qc_max=3.13g/kg  cov=11.0%  N=  6  CB=1015m  CT=2785m  prec=0.00mm/h  qv_bl=12.90g/kg
t=  7020s  step= 3662  w_max= 8.84m/s  w99=2.65m/s  qc_max=4.14g/kg  cov=10.8%  N=  7  CB=969m  CT=2785m  prec=0.00mm/h  qv_bl=12.90g/kg
t=  7080s  step= 3692  w_max= 8.70m/s  w99=2.66m/s  qc_max=4.46g/kg  cov=10.9%  N=  9  CB=924m  CT=2785m  prec=0.00mm/h  qv_bl=12.90g/kg
t=  7140s  step= 3722  w_max= 9.18m/s  w99=2.69m/s  qc_max=4.11g/kg  cov=10.8%  N=  9  CB=880m  CT=2707m  prec=0.00mm/h  qv_bl=12.90g/kg
t=  7200s  step= 3753  w_max=11.02m/s  w99=2.72m/s  qc_max=3.31g/kg  cov=10.8%  N=  8  CB=795m  CT=2630m  prec=0.00mm/h  qv_bl=12.90g/kg
