Grid(120×120×80, dx=100.0m, dz=27.2–119.6m, z_top=5000m)
  dt=2.0s, t_end=3600.0s, output every 60.0s
t=     0s  step=    1  w_max= 0.00m/s  w99=0.00m/s  qc_max=0.00g/kg  cov= 0.0%  N=  0  CB=0m  CT=0m  prec=0.00mm/h  qv_bl=13.72g/kg
t=    60s  step=   31  w_max= 0.39m/s  w99=0.14m/s  qc_max=0.00g/kg  cov= 0.0%  N=  0  CB=0m  CT=0m  prec=0.00mm/h  qv_bl=13.72g/kg
t=   120s  step=   61  w_max= 0.74m/s  w99=0.27m/s  qc_max=0.00g/kg  cov= 0.0%  N=  0  CB=0m  CT=0m  prec=0.00mm/h  qv_bl=13.72g/kg
t=   180s  step=   91  w_max= 1.03m/s  w99=0.37m/s  qc_max=0.00g/kg  cov= 0.0%  N=  0  CB=0m  CT=0m  prec=0.00mm/h  qv_bl=13.72g/kg
t=   240s  step=  121  w_max= 1.18m/s  w99=0.45m/s  qc_max=0.00g/kg  cov= 0.0%  N=  0  CB=0m  CT=0m  prec=0.00mm/h  qv_bl=13.72g/kg
t=   300s  step=  151  w_max= 1.33m/s  w99=0.50m/s  qc_max=0.00g/kg  cov= 0.0%  N=  0  CB=0m  CT=0m  prec=0.00mm/h  qv_bl=13.72g/kg
t=   360s  step=  181  w_max= 1.51m/s  w99=0.55m/s  qc_max=0.00g/kg  cov= 0.0%  N=  0  CB=0m  CT=0m  prec=0.00mm/h  qv_bl=13.72g/kg
t=   420s  step=  211  w_max= 1.64m/s  w99=0.57m/s  qc_max=0.00g/kg  cov= 0.0%  N=  0  CB=0m  CT=0m  prec=0.00mm/h  qv_bl=13.72g/kg
t=   480s  step=  241  w_max= 1.84m/s  w99=0.59m/s  qc_max=0.00g/kg  cov= 0.0%  N=  0  CB=0m  CT=0m  prec=0.00mm/h  qv_bl=13.72g/kg
t=   540s  step=  271  w_max= 1.88m/s  w99=0.60m/s  qc_max=0.00g/kg  cov= 0.0%  N=  0  CB=0m  CT=0m  prec=0.00mm/h  qv_bl=13.72g/kg
t=   600s  step=  301  w_max= 2.08m/s  w99=0.60m/s  qc_max=0.00g/kg  cov= 0.0%  N=  0  CB=0m  CT=0m  prec=0.00mm/h  qv_bl=13.71g/kg
t=   660s  step=  331  w_max= 2.19m/s  w99=0.59m/s  qc_max=0.00g/kg  cov= 0.0%  N=  0  CB=0m  CT=0m  prec=0.00mm/h  qv_bl=13.71g/kg
t=   720s  step=  361  w_max= 2.18m/s  w99=0.60m/s  qc_max=0.00g/kg  cov= 0.0%  N=  0  CB=0m  CT=0m  prec=0.00mm/h  qv_bl=13.71g/kg
t=   780s  step=  391  w_max= 2.22m/s  w99=0.61m/s  qc_max=0.00g/kg  cov= 0.0%  N=  0  CB=0m  CT=0m  prec=0.00mm/h  qv_bl=13.71g/kg
t=   840s  step=  421  w_max= 2.26m/s  w99=0.63m/s  qc_max=0.00g/kg  cov= 0.0%  N=  0  CB=0m  CT=0m  prec=0.00mm/h  qv_bl=13.70g/kg
t=   900s  step=  451  w_max= 2.25m/s  w99=0.65m/s  qc_max=0.05g/kg  cov= 0.1%  N=  2  CB=837m  CT=1015m  prec=0.00mm/h  qv_bl=13.70g/kg
t=   960s  step=  481  w_max= 2.47m/s  w99=0.68m/s  qc_max=0.14g/kg  cov= 0.5%  N=  3  CB=837m  CT=1108m  prec=0.00mm/h  qv_bl=13.70g/kg
t=  1020s  step=  511  w_max= 2.69m/s  w99=0.71m/s  qc_max=0.26g/kg  cov= 1.0%  N=  3  CB=795m  CT=1205m  prec=0.00mm/h  qv_bl=13.69g/kg
t=  1080s  step=  541  w_max= 2.91m/s  w99=0.75m/s  qc_max=0.38g/kg  cov= 1.5%  N=  3  CB=795m  CT=1306m  prec=0.00mm/h  qv_bl=13.69g/kg
t=  1140s  step=  571  w_max= 3.18m/s  w99=0.80m/s  qc_max=0.54g/kg  cov= 2.1%  N=  5  CB=795m  CT=1358m  prec=0.00mm/h  qv_bl=13.69g/kg
t=  1200s  step=  601  w_max= 3.58m/s  w99=0.86m/s  qc_max=0.74g/kg  cov= 2.8%  N=  4  CB=795m  CT=1465m  prec=0.00mm/h  qv_bl=13.68g/kg
t=  1260s  step=  631  w_max= 4.64m/s  w99=0.95m/s  qc_max=1.03g/kg  cov= 3.2%  N=  4  CB=795m  CT=1633m  prec=0.00mm/h  qv_bl=13.68g/kg
t=  1320s  step=  661  w_max= 5.93m/s  w99=1.06m/s  qc_max=1.39g/kg  cov= 3.6%  N=  4  CB=795m  CT=1750m  prec=0.00mm/h  qv_bl=13.67g/kg
t=  1380s  step=  691  w_max= 7.45m/s  w99=1.21m/s  qc_max=1.80g/kg  cov= 4.0%  N=  6  CB=795m  CT=1935m  prec=0.00mm/h  qv_bl=13.67g/kg
t=  1440s  step=  721  w_max= 9.20m/s  w99=1.36m/s  qc_max=2.23g/kg  cov= 4.4%  N=  7  CB=795m  CT=2130m  prec=0.00mm/h  qv_bl=13.66g/kg
t=  1500s  step=  752  w_max=11.07m/s  w99=1.57m/s  qc_max=2.76g/kg  cov= 5.0%  N=  8  CB=795m  CT=2407m  prec=0.00mm/h  qv_bl=13.64g/kg
t=  1560s  step=  785  w_max=12.75m/s  w99=1.81m/s  qc_max=3.41g/kg  cov= 5.5%  N=  9  CB=795m  CT=2630m  prec=0.00mm/h  qv_bl=13.63g/kg
t=  1620s  step=  823  w_max=14.03m/s  w99=2.07m/s  qc_max=4.06g/kg  cov= 6.1%  N=  9  CB=795m  CT=2865m  prec=0.00mm/h  qv_bl=13.61g/kg
t=  1680s  step=  863  w_max=14.61m/s  w99=2.35m/s  qc_max=4.59g/kg  cov= 6.7%  N=  9  CB=837m  CT=3029m  prec=0.00mm/h  qv_bl=13.59g/kg
t=  1740s  step=  904  w_max=14.56m/s  w99=2.59m/s  qc_max=4.78g/kg  cov= 7.4%  N=  8  CB=837m  CT=3288m  prec=0.00mm/h  qv_bl=13.58g/kg
t=  1800s  step=  944  w_max=13.68m/s  w99=2.79m/s  qc_max=4.85g/kg  cov= 7.9%  N=  8  CB=795m  CT=3468m  prec=0.00mm/h  qv_bl=13.56g/kg
t=  1860s  step=  981  w_max=13.33m/s  w99=2.89m/s  qc_max=5.11g/kg  cov= 8.5%  N=  8  CB=795m  CT=3561m  prec=0.00mm/h  qv_bl=13.54g/kg
t=  1920s  step= 1019  w_max=14.05m/s  w99=2.97m/s  qc_max=5.38g/kg  cov= 9.1%  N=  9  CB=795m  CT=3752m  prec=0.00mm/h  qv_bl=13.52g/kg
t=  1980s  step= 1058  w_max=14.08m/s  w99=2.96m/s  qc_max=5.43g/kg  cov= 9.9%  N=  9  CB=795m  CT=3850m  prec=0.00mm/h  qv_bl=13.50g/kg
t=  2040s  step= 1097  w_max=13.46m/s  w99=2.92m/s  qc_max=5.31g/kg  cov=10.5%  N=  8  CB=795m  CT=3850m  prec=0.00mm/h  qv_bl=13.48g/kg
t=  2100s  step= 1132  w_max=12.03m/s  w99=2.86m/s  qc_max=5.44g/kg  cov=11.0%  N=  8  CB=795m  CT=3950m  prec=0.00mm/h  qv_bl=13.46g/kg
t=  2160s  step= 1167  w_max=12.71m/s  w99=2.80m/s  qc_max=5.64g/kg  cov=11.2%  N=  7  CB=837m  CT=3950m  prec=0.00mm/h  qv_bl=13.44g/kg
t=  2220s  step= 1203  w_max=12.54m/s  w99=2.77m/s  qc_max=5.89g/kg  cov=11.5%  N=  8  CB=837m  CT=3950m  prec=0.00mm/h  qv_bl=13.42g/kg
t=  2280s  step= 1238  w_max=12.90m/s  w99=2.72m/s  qc_max=6.16g/kg  cov=11.6%  N=  8  CB=837m  CT=3950m  prec=0.00mm/h  qv_bl=13.41g/kg
t=  2340s  step= 1274  w_max=12.60m/s  w99=2.67m/s  qc_max=7.61g/kg  cov=11.5%  N=  8  CB=837m  CT=4052m  prec=0.00mm/h  qv_bl=13.39g/kg
t=  2400s  step= 1308  w_max=12.50m/s  w99=2.63m/s  qc_max=7.44g/kg  cov=11.5%  N=  8  CB=837m  CT=4052m  prec=0.00mm/h  qv_bl=13.38g/kg
t=  2460s  step= 1344  w_max=12.93m/s  w99=2.63m/s  qc_max=6.41g/kg  cov=11.5%  N=  8  CB=837m  CT=4052m  prec=0.00mm/h  qv_bl=13.37g/kg
t=  2520s  step= 1381  w_max=12.81m/s  w99=2.65m/s  qc_max=6.25g/kg  cov=11.4%  N=  8  CB=795m  CT=4156m  prec=0.00mm/h  qv_bl=13.36g/kg
t=  2580s  step= 1415  w_max=11.41m/s  w99=2.53m/s  qc_max=6.08g/kg  cov=10.7%  N=  8  CB=837m  CT=4156m  prec=0.00mm/h  qv_bl=13.35g/kg
t=  2640s  step= 1446  w_max=10.58m/s  w99=2.38m/s  qc_max=6.10g/kg  cov=10.0%  N= 10  CB=837m  CT=4156m  prec=0.00mm/h  qv_bl=13.34g/kg
t=  2700s  step= 1476  w_max= 9.96m/s  w99=2.36m/s  qc_max=7.24g/kg  cov= 9.7%  N= 11  CB=837m  CT=4052m  prec=0.00mm/h  qv_bl=13.33g/kg
t=  2760s  step= 1506  w_max= 9.70m/s  w99=2.50m/s  qc_max=7.89g/kg  cov= 9.8%  N= 10  CB=795m  CT=4052m  prec=0.00mm/h  qv_bl=13.32g/kg
t=  2820s  step= 1536  w_max=10.48m/s  w99=2.60m/s  qc_max=7.06g/kg  cov=10.0%  N= 11  CB=673m  CT=3950m  prec=0.00mm/h  qv_bl=13.31g/kg
t=  2880s  step= 1567  w_max=10.93m/s  w99=2.65m/s  qc_max=6.66g/kg  cov=10.4%  N= 10  CB=484m  CT=3950m  prec=0.00mm/h  qv_bl=13.31g/kg
t=  2940s  step= 1600  w_max=12.58m/s  w99=2.66m/s  qc_max=6.46g/kg  cov=10.7%  N= 11  CB=713m  CT=3752m  prec=0.00mm/h  qv_bl=13.30g/kg
t=  3000s  step= 1634  w_max=11.35m/s  w99=2.64m/s  qc_max=5.86g/kg  cov=10.7%  N= 11  CB=673m  CT=3561m  prec=0.00mm/h  qv_bl=13.30g/kg
t=  3060s  step= 1666  w_max=11.74m/s  w99=2.57m/s  qc_max=4.96g/kg  cov=10.3%  N= 12  CB=634m  CT=3468m  prec=0.00mm/h  qv_bl=13.30g/kg
t=  3120s  step= 1699  w_max=11.35m/s  w99=2.51m/s  qc_max=5.22g/kg  cov=10.0%  N= 13  CB=449m  CT=3468m  prec=0.00mm/h  qv_bl=13.29g/kg
t=  3180s  step= 1734  w_max=13.12m/s  w99=2.47m/s  qc_max=6.08g/kg  cov=10.1%  N= 13  CB=837m  CT=3468m  prec=0.00mm/h  qv_bl=13.29g/kg
t=  3240s  step= 1768  w_max=10.74m/s  w99=2.48m/s  qc_max=7.01g/kg  cov=10.2%  N= 13  CB=837m  CT=3561m  prec=0.00mm/h  qv_bl=13.29g/kg
t=  3300s  step= 1798  w_max= 9.08m/s  w99=2.44m/s  qc_max=7.49g/kg  cov=10.0%  N= 13  CB=837m  CT=3656m  prec=0.00mm/h  qv_bl=13.28g/kg
t=  3360s  step= 1828  w_max= 9.30m/s  w99=2.35m/s  qc_max=6.67g/kg  cov=10.2%  N= 14  CB=837m  CT=3656m  prec=0.00mm/h  qv_bl=13.28g/kg
t=  3420s  step= 1858  w_max= 9.45m/s  w99=2.25m/s  qc_max=5.80g/kg  cov=10.2%  N= 14  CB=837m  CT=3561m  prec=0.00mm/h  qv_bl=13.28g/kg
t=  3480s  step= 1888  w_max= 9.33m/s  w99=2.15m/s  qc_max=5.45g/kg  cov=10.2%  N= 15  CB=837m  CT=3468m  prec=0.00mm/h  qv_bl=13.28g/kg
t=  3540s  step= 1918  w_max= 8.99m/s  w99=2.07m/s  qc_max=5.35g/kg  cov=10.0%  N= 16  CB=673m  CT=3468m  prec=0.00mm/h  qv_bl=13.27g/kg
t=  3600s  step= 1948  w_max=10.21m/s  w99=2.04m/s  qc_max=5.79g/kg  cov=10.4%  N= 17  CB=521m  CT=3468m  prec=0.00mm/h  qv_bl=13.27g/kg
