Grid(120×120×80, dx=100.0m, dz=27.2–119.6m, z_top=5000m)
  dt=2.0s, t_end=3600.0s, output every 60.0s
t=     0s  step=    1  w_max= 0.00m/s  w99=0.00m/s  qc_max=0.00g/kg  cov= 0.0%  N=  0  CB=0m  CT=0m  prec=0.00mm/h  qv_bl=13.72g/kg
t=    60s  step=   31  w_max= 0.39m/s  w99=0.14m/s  qc_max=0.00g/kg  cov= 0.0%  N=  0  CB=0m  CT=0m  prec=0.00mm/h  qv_bl=13.72g/kg
t=   120s  step=   61  w_max= 0.74m/s  w99=0.27m/s  qc_max=0.00g/kg  cov= 0.0%  N=  0  CB=0m  CT=0m  prec=0.00mm/h  qv_bl=13.72g/kg
t=   180s  step=   91  w_max= 1.02m/s  w99=0.37m/s  qc_max=0.00g/kg  cov= 0.0%  N=  0  CB=0m  CT=0m  prec=0.00mm/h  qv_bl=13.72g/kg
t=   240s  step=  121  w_max= 1.17m/s  w99=0.44m/s  qc_max=0.00g/kg  cov= 0.0%  N=  0  CB=0m  CT=0m  prec=0.00mm/h  qv_bl=13.72g/kg
t=   300s  step=  151  w_max= 1.32m/s  w99=0.50m/s  qc_max=0.00g/kg  cov= 0.0%  N=  0  CB=0m  CT=0m  prec=0.00mm/h  qv_bl=13.72g/kg
t=   360s  step=  181  w_max= 1.49m/s  w99=0.54m/s  qc_max=0.00g/kg  cov= 0.0%  N=  0  CB=0m  CT=0m  prec=0.00mm/h  qv_bl=13.72g/kg
t=   420s  step=  211  w_max= 1.59m/s  w99=0.56m/s  qc_max=0.00g/kg  cov= 0.0%  N=  0  CB=0m  CT=0m  prec=0.00mm/h  qv_bl=13.72g/kg
t=   480s  step=  241  w_max= 1.79m/s  w99=0.57m/s  qc_max=0.00g/kg  cov= 0.0%  N=  0  CB=0m  CT=0m  prec=0.00mm/h  qv_bl=13.72g/kg
t=   540s  step=  271  w_max= 1.84m/s  w99=0.57m/s  qc_max=0.00g/kg  cov= 0.0%  N=  0  CB=0m  CT=0m  prec=0.00mm/h  qv_bl=13.71g/kg
t=   600s  step=  301  w_max= 1.97m/s  w99=0.57m/s  qc_max=0.00g/kg  cov= 0.0%  N=  0  CB=0m  CT=0m  prec=0.00mm/h  qv_bl=13.71g/kg
t=   660s  step=  331  w_max= 2.06m/s  w99=0.56m/s  qc_max=0.00g/kg  cov= 0.0%  N=  0  CB=0m  CT=0m  prec=0.00mm/h  qv_bl=13.71g/kg
t=   720s  step=  361  w_max= 2.08m/s  w99=0.56m/s  qc_max=0.00g/kg  cov= 0.0%  N=  0  CB=0m  CT=0m  prec=0.00mm/h  qv_bl=13.71g/kg
t=   780s  step=  391  w_max= 2.02m/s  w99=0.56m/s  qc_max=0.00g/kg  cov= 0.0%  N=  0  CB=0m  CT=0m  prec=0.00mm/h  qv_bl=13.71g/kg
t=   840s  step=  421  w_max= 1.98m/s  w99=0.57m/s  qc_max=0.00g/kg  cov= 0.0%  N=  0  CB=0m  CT=0m  prec=0.00mm/h  qv_bl=13.70g/kg
t=   900s  step=  451  w_max= 1.95m/s  w99=0.58m/s  qc_max=0.00g/kg  cov= 0.0%  N=  0  CB=0m  CT=0m  prec=0.00mm/h  qv_bl=13.70g/kg
t=   960s  step=  481  w_max= 2.08m/s  w99=0.60m/s  qc_max=0.00g/kg  cov= 0.0%  N=  0  CB=0m  CT=0m  prec=0.00mm/h  qv_bl=13.70g/kg
t=  1020s  step=  511  w_max= 2.24m/s  w99=0.62m/s  qc_max=0.00g/kg  cov= 0.0%  N=  0  CB=0m  CT=0m  prec=0.00mm/h  qv_bl=13.70g/kg
t=  1080s  step=  541  w_max= 2.31m/s  w99=0.64m/s  qc_max=0.08g/kg  cov= 0.3%  N=  2  CB=837m  CT=1061m  prec=0.00mm/h  qv_bl=13.69g/kg
t=  1140s  step=  571  w_max= 2.38m/s  w99=0.67m/s  qc_max=0.15g/kg  cov= 0.8%  N=  2  CB=837m  CT=1156m  prec=0.00mm/h  qv_bl=13.69g/kg
t=  1200s  step=  601  w_max= 2.62m/s  w99=0.70m/s  qc_max=0.22g/kg  cov= 1.2%  N=  2  CB=837m  CT=1205m  prec=0.00mm/h  qv_bl=13.69g/kg
t=  1260s  step=  631  w_max= 2.86m/s  w99=0.73m/s  qc_max=0.29g/kg  cov= 1.6%  N=  2  CB=837m  CT=1255m  prec=0.00mm/h  qv_bl=13.68g/kg
t=  1320s  step=  661  w_max= 3.05m/s  w99=0.77m/s  qc_max=0.36g/kg  cov= 2.1%  N=  3  CB=795m  CT=1306m  prec=0.00mm/h  qv_bl=13.68g/kg
t=  1380s  step=  691  w_max= 3.30m/s  w99=0.81m/s  qc_max=0.45g/kg  cov= 2.6%  N=  3  CB=795m  CT=1358m  prec=0.00mm/h  qv_bl=13.68g/kg
t=  1440s  step=  721  w_max= 3.48m/s  w99=0.86m/s  qc_max=0.58g/kg  cov= 3.0%  N=  3  CB=795m  CT=1411m  prec=0.00mm/h  qv_bl=13.68g/kg
t=  1500s  step=  751  w_max= 3.66m/s  w99=0.92m/s  qc_max=0.75g/kg  cov= 3.4%  N=  3  CB=795m  CT=1520m  prec=0.00mm/h  qv_bl=13.67g/kg
t=  1560s  step=  781  w_max= 3.85m/s  w99=0.99m/s  qc_max=0.99g/kg  cov= 3.8%  N=  5  CB=837m  CT=1633m  prec=0.00mm/h  qv_bl=13.67g/kg
t=  1620s  step=  811  w_max= 4.56m/s  w99=1.07m/s  qc_max=1.27g/kg  cov= 4.0%  N=  5  CB=837m  CT=1750m  prec=0.00mm/h  qv_bl=13.66g/kg
t=  1680s  step=  841  w_max= 5.62m/s  w99=1.17m/s  qc_max=1.61g/kg  cov= 4.4%  N=  7  CB=837m  CT=1872m  prec=0.00mm/h  qv_bl=13.66g/kg
t=  1740s  step=  871  w_max= 6.69m/s  w99=1.31m/s  qc_max=1.91g/kg  cov= 5.1%  N=  6  CB=837m  CT=1998m  prec=0.00mm/h  qv_bl=13.65g/kg
t=  1800s  step=  901  w_max= 8.00m/s  w99=1.45m/s  qc_max=2.16g/kg  cov= 5.6%  N=  6  CB=837m  CT=2130m  prec=0.00mm/h  qv_bl=13.64g/kg
t=  1860s  step=  931  w_max= 9.04m/s  w99=1.61m/s  qc_max=2.40g/kg  cov= 6.3%  N=  7  CB=837m  CT=2336m  prec=0.00mm/h  qv_bl=13.62g/kg
t=  1920s  step=  961  w_max= 9.69m/s  w99=1.79m/s  qc_max=2.66g/kg  cov= 6.9%  N=  7  CB=837m  CT=2480m  prec=0.00mm/h  qv_bl=13.61g/kg
t=  1980s  step=  991  w_max= 9.96m/s  w99=1.97m/s  qc_max=2.99g/kg  cov= 7.6%  N=  7  CB=837m  CT=2630m  prec=0.00mm/h  qv_bl=13.60g/kg
t=  2040s  step= 1021  w_max=10.22m/s  w99=2.14m/s  qc_max=3.33g/kg  cov= 8.3%  N=  7  CB=837m  CT=2785m  prec=0.00mm/h  qv_bl=13.58g/kg
t=  2100s  step= 1051  w_max=10.33m/s  w99=2.29m/s  qc_max=3.62g/kg  cov= 9.1%  N=  8  CB=837m  CT=2946m  prec=0.00mm/h  qv_bl=13.56g/kg
t=  2160s  step= 1081  w_max=10.24m/s  w99=2.41m/s  qc_max=3.89g/kg  cov= 9.8%  N=  8  CB=837m  CT=3114m  prec=0.00mm/h  qv_bl=13.55g/kg
t=  2220s  step= 1111  w_max= 9.87m/s  w99=2.47m/s  qc_max=3.94g/kg  cov=10.7%  N= 12  CB=837m  CT=3200m  prec=0.00mm/h  qv_bl=13.53g/kg
t=  2280s  step= 1141  w_max= 9.80m/s  w99=2.54m/s  qc_max=3.93g/kg  cov=11.6%  N= 12  CB=837m  CT=3288m  prec=0.00mm/h  qv_bl=13.51g/kg
t=  2340s  step= 1171  w_max= 9.82m/s  w99=2.63m/s  qc_max=3.73g/kg  cov=12.2%  N= 12  CB=837m  CT=3288m  prec=0.00mm/h  qv_bl=13.49g/kg
t=  2400s  step= 1201  w_max= 9.84m/s  w99=2.70m/s  qc_max=3.59g/kg  cov=12.8%  N= 12  CB=837m  CT=3377m  prec=0.00mm/h  qv_bl=13.47g/kg
t=  2460s  step= 1231  w_max= 9.88m/s  w99=2.74m/s  qc_max=3.45g/kg  cov=13.4%  N= 12  CB=837m  CT=3377m  prec=0.00mm/h  qv_bl=13.45g/kg
t=  2520s  step= 1261  w_max=10.18m/s  w99=2.73m/s  qc_max=3.38g/kg  cov=14.1%  N= 12  CB=837m  CT=3377m  prec=0.00mm/h  qv_bl=13.43g/kg
t=  2580s  step= 1291  w_max=10.62m/s  w99=2.67m/s  qc_max=3.26g/kg  cov=14.7%  N= 11  CB=880m  CT=3377m  prec=0.00mm/h  qv_bl=13.42g/kg
t=  2640s  step= 1322  w_max=10.84m/s  w99=2.59m/s  qc_max=3.28g/kg  cov=15.3%  N=  9  CB=837m  CT=3288m  prec=0.00mm/h  qv_bl=13.40g/kg
t=  2700s  step= 1353  w_max=11.13m/s  w99=2.50m/s  qc_max=3.54g/kg  cov=15.6%  N=  7  CB=837m  CT=3288m  prec=0.00mm/h  qv_bl=13.39g/kg
t=  2760s  step= 1384  w_max=11.24m/s  w99=2.42m/s  qc_max=3.74g/kg  cov=15.9%  N=  8  CB=837m  CT=3200m  prec=0.00mm/h  qv_bl=13.37g/kg
t=  2820s  step= 1415  w_max=10.86m/s  w99=2.37m/s  qc_max=3.97g/kg  cov=16.0%  N=  7  CB=837m  CT=3114m  prec=0.00mm/h  qv_bl=13.36g/kg
t=  2880s  step= 1446  w_max=10.55m/s  w99=2.35m/s  qc_max=4.24g/kg  cov=16.1%  N=  7  CB=837m  CT=3200m  prec=0.00mm/h  qv_bl=13.36g/kg
t=  2940s  step= 1476  w_max=10.01m/s  w99=2.33m/s  qc_max=4.44g/kg  cov=16.0%  N=  8  CB=880m  CT=3288m  prec=0.00mm/h  qv_bl=13.35g/kg
t=  3000s  step= 1506  w_max=10.03m/s  w99=2.37m/s  qc_max=4.62g/kg  cov=15.9%  N=  8  CB=837m  CT=3377m  prec=0.00mm/h  qv_bl=13.34g/kg
t=  3060s  step= 1537  w_max=10.94m/s  w99=2.41m/s  qc_max=4.64g/kg  cov=15.5%  N=  8  CB=837m  CT=3377m  prec=0.00mm/h  qv_bl=13.33g/kg
t=  3120s  step= 1568  w_max=10.52m/s  w99=2.44m/s  qc_max=4.55g/kg  cov=14.9%  N=  7  CB=880m  CT=3468m  prec=0.00mm/h  qv_bl=13.33g/kg
t=  3180s  step= 1598  w_max=10.71m/s  w99=2.46m/s  qc_max=4.39g/kg  cov=14.6%  N=  8  CB=880m  CT=3377m  prec=0.00mm/h  qv_bl=13.32g/kg
t=  3240s  step= 1628  w_max= 9.86m/s  w99=2.48m/s  qc_max=4.24g/kg  cov=14.7%  N=  7  CB=880m  CT=3377m  prec=0.00mm/h  qv_bl=13.31g/kg
t=  3300s  step= 1658  w_max= 9.20m/s  w99=2.52m/s  qc_max=3.94g/kg  cov=14.8%  N=  8  CB=880m  CT=3288m  prec=0.00mm/h  qv_bl=13.30g/kg
t=  3360s  step= 1688  w_max= 8.85m/s  w99=2.52m/s  qc_max=4.01g/kg  cov=14.7%  N=  9  CB=924m  CT=3200m  prec=0.00mm/h  qv_bl=13.30g/kg
t=  3420s  step= 1718  w_max= 8.44m/s  w99=2.49m/s  qc_max=4.35g/kg  cov=14.6%  N= 10  CB=924m  CT=3200m  prec=0.00mm/h  qv_bl=13.29g/kg
t=  3480s  step= 1748  w_max= 8.30m/s  w99=2.39m/s  qc_max=4.54g/kg  cov=14.5%  N=  8  CB=837m  CT=3200m  prec=0.00mm/h  qv_bl=13.28g/kg
t=  3540s  step= 1778  w_max= 8.15m/s  w99=2.28m/s  qc_max=4.67g/kg  cov=14.4%  N=  8  CB=880m  CT=3200m  prec=0.00mm/h  qv_bl=13.28g/kg
t=  3600s  step= 1808  w_max= 8.25m/s  w99=2.19m/s  qc_max=4.83g/kg  cov=14.1%  N=  8  CB=924m  CT=3200m  prec=0.00mm/h  qv_bl=13.27g/kg
