Grid(120×120×80, dx=100.0m, dz=27.2–119.6m, z_top=5000m)
  dt=2.0s, t_end=7200.0s, output every 60.0s
t=     0s  step=    1  w_max= 0.00m/s  w99=0.00m/s  qc_max=0.00g/kg  cov= 0.0%  N=  0  CB=0m  CT=0m  prec=0.00mm/h  qv_bl=13.72g/kg
t=    60s  step=   31  w_max= 0.39m/s  w99=0.14m/s  qc_max=0.00g/kg  cov= 0.0%  N=  0  CB=0m  CT=0m  prec=0.00mm/h  qv_bl=13.72g/kg
t=   120s  step=   61  w_max= 0.74m/s  w99=0.27m/s  qc_max=0.00g/kg  cov= 0.0%  N=  0  CB=0m  CT=0m  prec=0.00mm/h  qv_bl=13.73g/kg
t=   180s  step=   91  w_max= 1.03m/s  w99=0.37m/s  qc_max=0.00g/kg  cov= 0.0%  N=  0  CB=0m  CT=0m  prec=0.00mm/h  qv_bl=13.73g/kg
t=   240s  step=  121  w_max= 1.18m/s  w99=0.45m/s  qc_max=0.00g/kg  cov= 0.0%  N=  0  CB=0m  CT=0m  prec=0.00mm/h  qv_bl=13.73g/kg
t=   300s  step=  151  w_max= 1.34m/s  w99=0.51m/s  qc_max=0.00g/kg  cov= 0.0%  N=  0  CB=0m  CT=0m  prec=0.00mm/h  qv_bl=13.73g/kg
t=   360s  step=  181  w_max= 1.54m/s  w99=0.55m/s  qc_max=0.00g/kg  cov= 0.0%  N=  0  CB=0m  CT=0m  prec=0.00mm/h  qv_bl=13.73g/kg
t=   420s  step=  211  w_max= 1.69m/s  w99=0.57m/s  qc_max=0.00g/kg  cov= 0.0%  N=  0  CB=0m  CT=0m  prec=0.00mm/h  qv_bl=13.73g/kg
t=   480s  step=  241  w_max= 1.95m/s  w99=0.59m/s  qc_max=0.00g/kg  cov= 0.0%  N=  0  CB=0m  CT=0m  prec=0.00mm/h  qv_bl=13.73g/kg
t=   540s  step=  271  w_max= 2.05m/s  w99=0.60m/s  qc_max=0.00g/kg  cov= 0.0%  N=  0  CB=0m  CT=0m  prec=0.00mm/h  qv_bl=13.73g/kg
t=   600s  step=  301  w_max= 2.32m/s  w99=0.61m/s  qc_max=0.00g/kg  cov= 0.0%  N=  0  CB=0m  CT=0m  prec=0.00mm/h  qv_bl=13.72g/kg
t=   660s  step=  331  w_max= 2.55m/s  w99=0.61m/s  qc_max=0.00g/kg  cov= 0.0%  N=  0  CB=0m  CT=0m  prec=0.00mm/h  qv_bl=13.72g/kg
t=   720s  step=  361  w_max= 2.68m/s  w99=0.63m/s  qc_max=0.00g/kg  cov= 0.0%  N=  0  CB=0m  CT=0m  prec=0.00mm/h  qv_bl=13.72g/kg
t=   780s  step=  391  w_max= 2.70m/s  w99=0.66m/s  qc_max=0.00g/kg  cov= 0.0%  N=  0  CB=0m  CT=0m  prec=0.00mm/h  qv_bl=13.72g/kg
t=   840s  step=  421  w_max= 2.79m/s  w99=0.70m/s  qc_max=0.03g/kg  cov= 0.1%  N=  1  CB=837m  CT=969m  prec=0.00mm/h  qv_bl=13.72g/kg
t=   900s  step=  451  w_max= 3.38m/s  w99=0.75m/s  qc_max=0.11g/kg  cov= 0.3%  N=  2  CB=837m  CT=1061m  prec=0.00mm/h  qv_bl=13.72g/kg
t=   960s  step=  481  w_max= 4.04m/s  w99=0.82m/s  qc_max=0.19g/kg  cov= 0.9%  N=  3  CB=837m  CT=1156m  prec=0.00mm/h  qv_bl=13.71g/kg
t=  1020s  step=  511  w_max= 4.77m/s  w99=0.91m/s  qc_max=0.32g/kg  cov= 1.4%  N=  3  CB=837m  CT=1255m  prec=0.00mm/h  qv_bl=13.71g/kg
t=  1080s  step=  541  w_max= 5.53m/s  w99=1.03m/s  qc_max=0.46g/kg  cov= 2.0%  N=  5  CB=837m  CT=1358m  prec=0.00mm/h  qv_bl=13.71g/kg
t=  1140s  step=  571  w_max= 6.38m/s  w99=1.19m/s  qc_max=0.64g/kg  cov= 2.8%  N=  5  CB=837m  CT=1465m  prec=0.00mm/h  qv_bl=13.70g/kg
t=  1200s  step=  601  w_max= 7.15m/s  w99=1.40m/s  qc_max=0.88g/kg  cov= 3.7%  N=  8  CB=837m  CT=1576m  prec=0.00mm/h  qv_bl=13.70g/kg
t=  1260s  step=  631  w_max= 7.69m/s  w99=1.64m/s  qc_max=1.17g/kg  cov= 4.8%  N=  8  CB=795m  CT=1750m  prec=0.00mm/h  qv_bl=13.69g/kg
t=  1320s  step=  661  w_max= 8.21m/s  w99=1.93m/s  qc_max=1.53g/kg  cov= 5.7%  N=  9  CB=795m  CT=1935m  prec=0.00mm/h  qv_bl=13.68g/kg
t=  1380s  step=  691  w_max= 9.22m/s  w99=2.27m/s  qc_max=1.81g/kg  cov= 6.6%  N= 10  CB=795m  CT=2130m  prec=0.00mm/h  qv_bl=13.67g/kg
t=  1440s  step=  722  w_max=11.23m/s  w99=2.65m/s  qc_max=2.13g/kg  cov= 7.4%  N= 11  CB=795m  CT=2336m  prec=0.00mm/h  qv_bl=13.64g/kg
t=  1500s  step=  756  w_max=13.26m/s  w99=3.08m/s  qc_max=2.55g/kg  cov= 8.6%  N= 14  CB=795m  CT=2554m  prec=0.00mm/h  qv_bl=13.62g/kg
t=  1560s  step=  796  w_max=14.80m/s  w99=3.50m/s  qc_max=3.06g/kg  cov= 9.8%  N= 14  CB=795m  CT=2785m  prec=0.00mm/h  qv_bl=13.59g/kg
t=  1620s  step=  838  w_max=15.28m/s  w99=3.90m/s  qc_max=3.67g/kg  cov=11.2%  N= 12  CB=795m  CT=3029m  prec=0.00mm/h  qv_bl=13.56g/kg
t=  1680s  step=  880  w_max=14.96m/s  w99=4.21m/s  qc_max=4.24g/kg  cov=12.5%  N= 11  CB=795m  CT=3200m  prec=0.00mm/h  qv_bl=13.52g/kg
t=  1740s  step=  921  w_max=14.29m/s  w99=4.36m/s  qc_max=4.41g/kg  cov=13.7%  N= 11  CB=795m  CT=3377m  prec=0.00mm/h  qv_bl=13.48g/kg
t=  1800s  step=  960  w_max=14.62m/s  w99=4.42m/s  qc_max=4.32g/kg  cov=14.7%  N=  9  CB=795m  CT=3468m  prec=0.00mm/h  qv_bl=13.45g/kg
t=  1860s  step= 1002  w_max=15.68m/s  w99=4.39m/s  qc_max=4.10g/kg  cov=15.4%  N= 10  CB=837m  CT=3561m  prec=0.00mm/h  qv_bl=13.41g/kg
t=  1920s  step= 1047  w_max=15.96m/s  w99=4.31m/s  qc_max=4.36g/kg  cov=16.1%  N= 10  CB=837m  CT=3656m  prec=0.00mm/h  qv_bl=13.38g/kg
t=  1980s  step= 1092  w_max=15.57m/s  w99=4.15m/s  qc_max=4.58g/kg  cov=16.7%  N=  9  CB=837m  CT=3656m  prec=0.00mm/h  qv_bl=13.34g/kg
t=  2040s  step= 1134  w_max=14.51m/s  w99=3.95m/s  qc_max=4.63g/kg  cov=17.0%  N=  9  CB=837m  CT=3656m  prec=0.00mm/h  qv_bl=13.31g/kg
t=  2100s  step= 1173  w_max=13.54m/s  w99=3.80m/s  qc_max=4.62g/kg  cov=17.2%  N=  8  CB=837m  CT=3656m  prec=0.00mm/h  qv_bl=13.28g/kg
t=  2160s  step= 1210  w_max=13.44m/s  w99=3.72m/s  qc_max=5.43g/kg  cov=17.1%  N=  8  CB=837m  CT=3752m  prec=0.00mm/h  qv_bl=13.26g/kg
t=  2220s  step= 1248  w_max=13.49m/s  w99=3.65m/s  qc_max=5.93g/kg  cov=16.8%  N=  8  CB=837m  CT=3850m  prec=0.00mm/h  qv_bl=13.23g/kg
t=  2280s  step= 1285  w_max=12.96m/s  w99=3.59m/s  qc_max=5.00g/kg  cov=16.4%  N=  9  CB=837m  CT=3850m  prec=0.00mm/h  qv_bl=13.21g/kg
t=  2340s  step= 1320  w_max=11.64m/s  w99=3.52m/s  qc_max=4.85g/kg  cov=16.0%  N=  8  CB=837m  CT=3850m  prec=0.00mm/h  qv_bl=13.19g/kg
t=  2400s  step= 1351  w_max=10.35m/s  w99=3.39m/s  qc_max=5.79g/kg  cov=15.5%  N=  9  CB=837m  CT=3850m  prec=0.00mm/h  qv_bl=13.16g/kg
t=  2460s  step= 1381  w_max= 9.59m/s  w99=3.29m/s  qc_max=6.04g/kg  cov=15.2%  N= 10  CB=795m  CT=3752m  prec=0.00mm/h  qv_bl=13.15g/kg
t=  2520s  step= 1411  w_max= 8.97m/s  w99=3.26m/s  qc_max=5.72g/kg  cov=15.2%  N= 11  CB=795m  CT=3561m  prec=0.00mm/h  qv_bl=13.13g/kg
t=  2580s  step= 1441  w_max= 9.79m/s  w99=3.26m/s  qc_max=5.15g/kg  cov=15.3%  N= 11  CB=634m  CT=3377m  prec=0.00mm/h  qv_bl=13.12g/kg
t=  2640s  step= 1473  w_max=12.82m/s  w99=3.26m/s  qc_max=4.80g/kg  cov=15.7%  N=  9  CB=346m  CT=3656m  prec=0.00mm/h  qv_bl=13.11g/kg
t=  2700s  step= 1512  w_max=14.67m/s  w99=3.32m/s  qc_max=4.05g/kg  cov=15.9%  N= 12  CB=217m  CT=3468m  prec=0.00mm/h  qv_bl=13.10g/kg
t=  2760s  step= 1553  w_max=13.83m/s  w99=3.34m/s  qc_max=4.37g/kg  cov=16.1%  N= 14  CB=596m  CT=3288m  prec=0.00mm/h  qv_bl=13.09g/kg
t=  2820s  step= 1590  w_max=13.20m/s  w99=3.28m/s  qc_max=3.71g/kg  cov=16.2%  N= 16  CB=558m  CT=3200m  prec=0.00mm/h  qv_bl=13.08g/kg
t=  2880s  step= 1629  w_max=14.82m/s  w99=3.21m/s  qc_max=3.71g/kg  cov=16.0%  N= 19  CB=754m  CT=3029m  prec=0.00mm/h  qv_bl=13.07g/kg
t=  2940s  step= 1670  w_max=13.59m/s  w99=3.12m/s  qc_max=3.83g/kg  cov=15.9%  N= 20  CB=795m  CT=3377m  prec=0.00mm/h  qv_bl=13.07g/kg
t=  3000s  step= 1705  w_max=11.61m/s  w99=3.07m/s  qc_max=3.76g/kg  cov=16.1%  N= 22  CB=837m  CT=3561m  prec=0.00mm/h  qv_bl=13.06g/kg
t=  3060s  step= 1736  w_max= 9.90m/s  w99=3.05m/s  qc_max=3.11g/kg  cov=16.0%  N= 20  CB=713m  CT=3561m  prec=0.00mm/h  qv_bl=13.05g/kg
t=  3120s  step= 1766  w_max=10.42m/s  w99=3.04m/s  qc_max=2.82g/kg  cov=16.0%  N= 22  CB=795m  CT=3468m  prec=0.00mm/h  qv_bl=13.04g/kg
t=  3180s  step= 1796  w_max=10.46m/s  w99=3.05m/s  qc_max=2.63g/kg  cov=15.9%  N= 24  CB=754m  CT=3288m  prec=0.00mm/h  qv_bl=13.04g/kg
t=  3240s  step= 1827  w_max=11.05m/s  w99=3.03m/s  qc_max=2.65g/kg  cov=15.9%  N= 22  CB=634m  CT=3200m  prec=0.00mm/h  qv_bl=13.03g/kg
t=  3300s  step= 1861  w_max=13.16m/s  w99=3.03m/s  qc_max=2.64g/kg  cov=15.7%  N= 20  CB=713m  CT=3029m  prec=0.00mm/h  qv_bl=13.02g/kg
t=  3360s  step= 1896  w_max=11.46m/s  w99=3.02m/s  qc_max=2.92g/kg  cov=15.6%  N= 22  CB=880m  CT=2785m  prec=0.00mm/h  qv_bl=13.01g/kg
t=  3420s  step= 1928  w_max=10.68m/s  w99=2.95m/s  qc_max=3.29g/kg  cov=15.7%  N= 20  CB=969m  CT=2785m  prec=0.00mm/h  qv_bl=13.00g/kg
t=  3480s  step= 1958  w_max=10.08m/s  w99=2.88m/s  qc_max=3.66g/kg  cov=15.7%  N= 20  CB=969m  CT=2865m  prec=0.00mm/h  qv_bl=12.99g/kg
t=  3540s  step= 1988  w_max= 9.94m/s  w99=2.81m/s  qc_max=3.89g/kg  cov=15.8%  N= 23  CB=969m  CT=2865m  prec=0.00mm/h  qv_bl=12.98g/kg
t=  3600s  step= 2018  w_max= 9.61m/s  w99=2.73m/s  qc_max=4.06g/kg  cov=15.6%  N= 22  CB=969m  CT=2946m  prec=0.00mm/h  qv_bl=12.98g/kg
t=  3660s  step= 2048  w_max= 8.77m/s  w99=2.69m/s  qc_max=3.83g/kg  cov=15.4%  N= 24  CB=969m  CT=2946m  prec=0.00mm/h  qv_bl=12.97g/kg
t=  3720s  step= 2078  w_max= 8.09m/s  w99=2.70m/s  qc_max=3.33g/kg  cov=14.8%  N= 22  CB=969m  CT=3029m  prec=0.00mm/h  qv_bl=12.96g/kg
t=  3780s  step= 2108  w_max= 7.83m/s  w99=2.72m/s  qc_max=2.90g/kg  cov=14.4%  N= 20  CB=969m  CT=3029m  prec=0.00mm/h  qv_bl=12.96g/kg
t=  3840s  step= 2138  w_max= 7.88m/s  w99=2.78m/s  qc_max=2.80g/kg  cov=13.9%  N= 19  CB=924m  CT=2946m  prec=0.00mm/h  qv_bl=12.96g/kg
t=  3900s  step= 2168  w_max= 8.83m/s  w99=2.82m/s  qc_max=2.97g/kg  cov=13.3%  N= 22  CB=880m  CT=2865m  prec=0.00mm/h  qv_bl=12.96g/kg
t=  3960s  step= 2198  w_max= 8.98m/s  w99=2.82m/s  qc_max=3.19g/kg  cov=13.0%  N= 17  CB=924m  CT=2946m  prec=0.00mm/h  qv_bl=12.95g/kg
t=  4020s  step= 2228  w_max= 9.29m/s  w99=2.79m/s  qc_max=3.30g/kg  cov=12.9%  N= 19  CB=837m  CT=2946m  prec=0.00mm/h  qv_bl=12.95g/kg
t=  4080s  step= 2259  w_max=11.56m/s  w99=2.72m/s  qc_max=3.30g/kg  cov=12.8%  N= 22  CB=837m  CT=2946m  prec=0.00mm/h  qv_bl=12.95g/kg
t=  4140s  step= 2292  w_max=10.84m/s  w99=2.64m/s  qc_max=3.25g/kg  cov=13.0%  N= 20  CB=1015m  CT=2946m  prec=0.00mm/h  qv_bl=12.94g/kg
t=  4200s  step= 2323  w_max= 8.63m/s  w99=2.57m/s  qc_max=3.36g/kg  cov=12.9%  N= 20  CB=1015m  CT=2865m  prec=0.00mm/h  qv_bl=12.94g/kg
t=  4260s  step= 2353  w_max= 8.72m/s  w99=2.50m/s  qc_max=3.36g/kg  cov=13.2%  N= 18  CB=969m  CT=2865m  prec=0.00mm/h  qv_bl=12.94g/kg
t=  4320s  step= 2383  w_max= 8.91m/s  w99=2.46m/s  qc_max=3.25g/kg  cov=13.1%  N= 19  CB=924m  CT=2707m  prec=0.00mm/h  qv_bl=12.94g/kg
t=  4380s  step= 2413  w_max= 9.23m/s  w99=2.44m/s  qc_max=3.46g/kg  cov=13.3%  N= 20  CB=795m  CT=2630m  prec=0.00mm/h  qv_bl=12.94g/kg
t=  4440s  step= 2443  w_max= 9.27m/s  w99=2.45m/s  qc_max=3.67g/kg  cov=13.6%  N= 21  CB=754m  CT=2630m  prec=0.00mm/h  qv_bl=12.94g/kg
t=  4500s  step= 2473  w_max=10.65m/s  w99=2.48m/s  qc_max=3.45g/kg  cov=13.7%  N= 23  CB=924m  CT=2554m  prec=0.00mm/h  qv_bl=12.94g/kg
t=  4560s  step= 2504  w_max=11.00m/s  w99=2.53m/s  qc_max=3.18g/kg  cov=13.3%  N= 24  CB=880m  CT=2480m  prec=0.00mm/h  qv_bl=12.94g/kg
t=  4620s  step= 2535  w_max=10.32m/s  w99=2.56m/s  qc_max=2.96g/kg  cov=12.5%  N= 23  CB=1061m  CT=2407m  prec=0.00mm/h  qv_bl=12.93g/kg
t=  4680s  step= 2565  w_max= 8.71m/s  w99=2.58m/s  qc_max=2.52g/kg  cov=11.9%  N= 19  CB=1061m  CT=2336m  prec=0.00mm/h  qv_bl=12.93g/kg
t=  4740s  step= 2595  w_max= 9.25m/s  w99=2.59m/s  qc_max=2.62g/kg  cov=11.3%  N= 20  CB=1061m  CT=2336m  prec=0.00mm/h  qv_bl=12.93g/kg
t=  4800s  step= 2625  w_max= 9.89m/s  w99=2.61m/s  qc_max=3.05g/kg  cov=10.5%  N= 19  CB=1015m  CT=2407m  prec=0.00mm/h  qv_bl=12.93g/kg
t=  4860s  step= 2656  w_max=11.43m/s  w99=2.63m/s  qc_max=3.72g/kg  cov= 9.9%  N= 18  CB=924m  CT=2554m  prec=0.00mm/h  qv_bl=12.93g/kg
t=  4920s  step= 2689  w_max=12.05m/s  w99=2.64m/s  qc_max=4.14g/kg  cov= 9.7%  N= 17  CB=1061m  CT=2630m  prec=0.00mm/h  qv_bl=12.92g/kg
t=  4980s  step= 2722  w_max=11.42m/s  w99=2.64m/s  qc_max=4.52g/kg  cov= 9.7%  N= 18  CB=969m  CT=2785m  prec=0.00mm/h  qv_bl=12.92g/kg
t=  5040s  step= 2753  w_max=10.91m/s  w99=2.61m/s  qc_max=5.24g/kg  cov= 9.8%  N= 18  CB=924m  CT=2946m  prec=0.00mm/h  qv_bl=12.92g/kg
t=  5100s  step= 2784  w_max= 9.87m/s  w99=2.57m/s  qc_max=5.82g/kg  cov= 9.9%  N= 17  CB=837m  CT=3029m  prec=0.00mm/h  qv_bl=12.92g/kg
t=  5160s  step= 2814  w_max= 8.79m/s  w99=2.55m/s  qc_max=5.59g/kg  cov=10.1%  N= 14  CB=837m  CT=3114m  prec=0.00mm/h  qv_bl=12.92g/kg
t=  5220s  step= 2844  w_max= 9.56m/s  w99=2.56m/s  qc_max=4.60g/kg  cov=10.5%  N= 15  CB=880m  CT=3114m  prec=0.00mm/h  qv_bl=12.92g/kg
t=  5280s  step= 2874  w_max= 9.35m/s  w99=2.61m/s  qc_max=3.86g/kg  cov=10.8%  N= 13  CB=969m  CT=3114m  prec=0.00mm/h  qv_bl=12.92g/kg
t=  5340s  step= 2904  w_max= 9.02m/s  w99=2.67m/s  qc_max=4.05g/kg  cov=11.2%  N= 13  CB=837m  CT=3200m  prec=0.00mm/h  qv_bl=12.92g/kg
t=  5400s  step= 2934  w_max= 9.15m/s  w99=2.74m/s  qc_max=4.15g/kg  cov=11.0%  N= 14  CB=713m  CT=3200m  prec=0.00mm/h  qv_bl=12.92g/kg
t=  5460s  step= 2964  w_max= 8.99m/s  w99=2.79m/s  qc_max=4.18g/kg  cov=10.4%  N= 17  CB=596m  CT=3200m  prec=0.00mm/h  qv_bl=12.92g/kg
t=  5520s  step= 2994  w_max= 8.25m/s  w99=2.81m/s  qc_max=4.44g/kg  cov= 9.6%  N= 18  CB=1015m  CT=3114m  prec=0.00mm/h  qv_bl=12.92g/kg
t=  5580s  step= 3024  w_max= 8.20m/s  w99=2.78m/s  qc_max=4.72g/kg  cov= 9.4%  N= 16  CB=1061m  CT=3114m  prec=0.00mm/h  qv_bl=12.92g/kg
t=  5640s  step= 3054  w_max= 7.88m/s  w99=2.69m/s  qc_max=4.55g/kg  cov= 9.5%  N= 13  CB=1061m  CT=3029m  prec=0.00mm/h  qv_bl=12.92g/kg
t=  5700s  step= 3084  w_max= 7.65m/s  w99=2.58m/s  qc_max=4.35g/kg  cov= 9.7%  N= 14  CB=1061m  CT=3029m  prec=0.00mm/h  qv_bl=12.91g/kg
t=  5760s  step= 3114  w_max= 7.83m/s  w99=2.49m/s  qc_max=4.00g/kg  cov= 9.8%  N= 13  CB=1061m  CT=3029m  prec=0.00mm/h  qv_bl=12.91g/kg
t=  5820s  step= 3144  w_max= 7.95m/s  w99=2.42m/s  qc_max=3.54g/kg  cov= 9.7%  N= 15  CB=1061m  CT=3029m  prec=0.00mm/h  qv_bl=12.91g/kg
t=  5880s  step= 3174  w_max= 8.25m/s  w99=2.42m/s  qc_max=3.02g/kg  cov= 9.8%  N= 14  CB=1061m  CT=3029m  prec=0.00mm/h  qv_bl=12.91g/kg
t=  5940s  step= 3204  w_max= 8.21m/s  w99=2.43m/s  qc_max=2.81g/kg  cov=10.0%  N= 12  CB=1061m  CT=2946m  prec=0.00mm/h  qv_bl=12.91g/kg
t=  6000s  step= 3234  w_max= 8.00m/s  w99=2.47m/s  qc_max=2.80g/kg  cov=10.3%  N= 15  CB=1061m  CT=2946m  prec=0.00mm/h  qv_bl=12.91g/kg
t=  6060s  step= 3264  w_max= 8.59m/s  w99=2.51m/s  qc_max=2.68g/kg  cov=10.7%  N= 14  CB=1061m  CT=2865m  prec=0.00mm/h  qv_bl=12.91g/kg
t=  6120s  step= 3294  w_max= 8.22m/s  w99=2.55m/s  qc_max=2.70g/kg  cov=10.7%  N= 12  CB=1061m  CT=2785m  prec=0.00mm/h  qv_bl=12.91g/kg
t=  6180s  step= 3324  w_max= 8.20m/s  w99=2.56m/s  qc_max=3.00g/kg  cov=10.7%  N= 12  CB=969m  CT=2707m  prec=0.00mm/h  qv_bl=12.91g/kg
t=  6240s  step= 3354  w_max= 8.42m/s  w99=2.58m/s  qc_max=3.27g/kg  cov=10.5%  N= 14  CB=880m  CT=2630m  prec=0.00mm/h  qv_bl=12.91g/kg
t=  6300s  step= 3384  w_max= 8.62m/s  w99=2.62m/s  qc_max=3.18g/kg  cov=10.7%  N= 13  CB=795m  CT=2630m  prec=0.00mm/h  qv_bl=12.91g/kg
t=  6360s  step= 3414  w_max= 9.19m/s  w99=2.68m/s  qc_max=3.24g/kg  cov=10.3%  N= 14  CB=754m  CT=2707m  prec=0.00mm/h  qv_bl=12.91g/kg
t=  6420s  step= 3444  w_max= 8.83m/s  w99=2.71m/s  qc_max=4.20g/kg  cov=10.3%  N= 12  CB=754m  CT=2707m  prec=0.00mm/h  qv_bl=12.91g/kg
t=  6480s  step= 3474  w_max= 8.53m/s  w99=2.77m/s  qc_max=4.83g/kg  cov=10.3%  N= 12  CB=880m  CT=2785m  prec=0.00mm/h  qv_bl=12.91g/kg
t=  6540s  step= 3504  w_max= 8.84m/s  w99=2.82m/s  qc_max=5.03g/kg  cov=10.8%  N= 12  CB=880m  CT=2785m  prec=0.00mm/h  qv_bl=12.90g/kg
t=  6600s  step= 3534  w_max= 8.88m/s  w99=2.86m/s  qc_max=5.21g/kg  cov=11.0%  N= 12  CB=713m  CT=2865m  prec=0.00mm/h  qv_bl=12.90g/kg
t=  6660s  step= 3565  w_max=10.99m/s  w99=2.93m/s  qc_max=5.20g/kg  cov=11.1%  N= 13  CB=449m  CT=2785m  prec=0.00mm/h  qv_bl=12.90g/kg
t=  6720s  step= 3601  w_max=14.62m/s  w99=3.03m/s  qc_max=4.06g/kg  cov=11.0%  N= 13  CB=217m  CT=2785m  prec=0.00mm/h  qv_bl=12.90g/kg
t=  6780s  step= 3644  w_max=16.07m/s  w99=3.09m/s  qc_max=3.27g/kg  cov=10.8%  N= 13  CB=186m  CT=2785m  prec=0.00mm/h  qv_bl=12.90g/kg
t=  6840s  step= 3689  w_max=15.80m/s  w99=3.02m/s  qc_max=2.91g/kg  cov=10.5%  N= 12  CB=449m  CT=2707m  prec=0.00mm/h  qv_bl=12.90g/kg
t=  6900s  step= 3731  w_max=14.48m/s  w99=2.89m/s  qc_max=2.87g/kg  cov=10.2%  N= 16  CB=673m  CT=2707m  prec=0.00mm/h  qv_bl=12.90g/kg
t=  6960s  step= 3769  w_max=12.85m/s  w99=2.79m/s  qc_max=2.44g/kg  cov= 9.7%  N= 17  CB=754m  CT=2630m  prec=0.00mm/h  qv_bl=12.90g/kg
t=  7020s  step= 3804  w_max=12.77m/s  w99=2.72m/s  qc_max=2.26g/kg  cov= 9.5%  N= 17  CB=634m  CT=2554m  prec=0.00mm/h  qv_bl=12.90g/kg
t=  7080s  step= 3838  w_max=11.92m/s  w99=2.68m/s  qc_max=1.86g/kg  cov= 9.5%  N= 14  CB=673m  CT=2554m  prec=0.00mm/h  qv_bl=12.91g/kg
t=  7140s  step= 3872  w_max=12.06m/s  w99=2.66m/s  qc_max=1.72g/kg  cov= 9.4%  N= 14  CB=754m  CT=2480m  prec=0.00mm/h  qv_bl=12.91g/kg
t=  7200s  step= 3906  w_max=11.68m/s  w99=2.63m/s  qc_max=2.03g/kg  cov= 9.3%  N= 14  CB=1015m  CT=2480m  prec=0.00mm/h  qv_bl=12.91g/kg
