Grid(120×120×80, dx=100.0m, dz=27.2–119.6m, z_top=5000m)
  dt=2.0s, t_end=7200.0s, output every 60.0s
t=     0s  step=    1  w_max= 0.00m/s  w99=0.00m/s  qc_max=0.00g/kg  cov= 0.0%  N=  0  CB=0m  CT=0m  prec=0.00mm/h  qv_bl=13.72g/kg
t=    60s  step=   31  w_max= 0.39m/s  w99=0.14m/s  qc_max=0.00g/kg  cov= 0.0%  N=  0  CB=0m  CT=0m  prec=0.00mm/h  qv_bl=13.72g/kg
t=   120s  step=   61  w_max= 0.74m/s  w99=0.27m/s  qc_max=0.00g/kg  cov= 0.0%  N=  0  CB=0m  CT=0m  prec=0.00mm/h  qv_bl=13.73g/kg
t=   180s  step=   91  w_max= 1.03m/s  w99=0.37m/s  qc_max=0.00g/kg  cov= 0.0%  N=  0  CB=0m  CT=0m  prec=0.00mm/h  qv_bl=13.73g/kg
t=   240s  step=  121  w_max= 1.18m/s  w99=0.45m/s  qc_max=0.00g/kg  cov= 0.0%  N=  0  CB=0m  CT=0m  prec=0.00mm/h  qv_bl=13.73g/kg
t=   300s  step=  151  w_max= 1.34m/s  w99=0.51m/s  qc_max=0.00g/kg  cov= 0.0%  N=  0  CB=0m  CT=0m  prec=0.00mm/h  qv_bl=13.73g/kg
t=   360s  step=  181  w_max= 1.54m/s  w99=0.55m/s  qc_max=0.00g/kg  cov= 0.0%  N=  0  CB=0m  CT=0m  prec=0.00mm/h  qv_bl=13.73g/kg
t=   420s  step=  211  w_max= 1.69m/s  w99=0.57m/s  qc_max=0.00g/kg  cov= 0.0%  N=  0  CB=0m  CT=0m  prec=0.00mm/h  qv_bl=13.73g/kg
t=   480s  step=  241  w_max= 1.95m/s  w99=0.59m/s  qc_max=0.00g/kg  cov= 0.0%  N=  0  CB=0m  CT=0m  prec=0.00mm/h  qv_bl=13.73g/kg
t=   540s  step=  271  w_max= 2.05m/s  w99=0.60m/s  qc_max=0.00g/kg  cov= 0.0%  N=  0  CB=0m  CT=0m  prec=0.00mm/h  qv_bl=13.73g/kg
t=   600s  step=  301  w_max= 2.32m/s  w99=0.61m/s  qc_max=0.00g/kg  cov= 0.0%  N=  0  CB=0m  CT=0m  prec=0.00mm/h  qv_bl=13.72g/kg
t=   660s  step=  331  w_max= 2.55m/s  w99=0.61m/s  qc_max=0.00g/kg  cov= 0.0%  N=  0  CB=0m  CT=0m  prec=0.00mm/h  qv_bl=13.72g/kg
t=   720s  step=  361  w_max= 2.68m/s  w99=0.63m/s  qc_max=0.00g/kg  cov= 0.0%  N=  0  CB=0m  CT=0m  prec=0.00mm/h  qv_bl=13.72g/kg
t=   780s  step=  391  w_max= 2.70m/s  w99=0.66m/s  qc_max=0.00g/kg  cov= 0.0%  N=  0  CB=0m  CT=0m  prec=0.00mm/h  qv_bl=13.72g/kg
t=   840s  step=  421  w_max= 2.79m/s  w99=0.70m/s  qc_max=0.03g/kg  cov= 0.1%  N=  1  CB=837m  CT=969m  prec=0.00mm/h  qv_bl=13.72g/kg
t=   900s  step=  451  w_max= 3.38m/s  w99=0.75m/s  qc_max=0.11g/kg  cov= 0.3%  N=  2  CB=837m  CT=1061m  prec=0.00mm/h  qv_bl=13.72g/kg
t=   960s  step=  481  w_max= 4.04m/s  w99=0.82m/s  qc_max=0.19g/kg  cov= 0.9%  N=  3  CB=837m  CT=1156m  prec=0.00mm/h  qv_bl=13.71g/kg
t=  1020s  step=  511  w_max= 4.77m/s  w99=0.91m/s  qc_max=0.31g/kg  cov= 1.4%  N=  3  CB=837m  CT=1255m  prec=0.00mm/h  qv_bl=13.71g/kg
t=  1080s  step=  541  w_max= 5.53m/s  w99=1.03m/s  qc_max=0.45g/kg  cov= 2.0%  N=  5  CB=837m  CT=1358m  prec=0.00mm/h  qv_bl=13.71g/kg
t=  1140s  step=  571  w_max= 6.38m/s  w99=1.19m/s  qc_max=0.62g/kg  cov= 2.8%  N=  5  CB=837m  CT=1465m  prec=0.00mm/h  qv_bl=13.70g/kg
t=  1200s  step=  601  w_max= 7.15m/s  w99=1.39m/s  qc_max=0.84g/kg  cov= 3.7%  N=  8  CB=837m  CT=1576m  prec=0.00mm/h  qv_bl=13.70g/kg
t=  1260s  step=  631  w_max= 7.69m/s  w99=1.63m/s  qc_max=1.09g/kg  cov= 4.8%  N=  8  CB=795m  CT=1750m  prec=0.00mm/h  qv_bl=13.69g/kg
t=  1320s  step=  661  w_max= 8.20m/s  w99=1.91m/s  qc_max=1.40g/kg  cov= 5.8%  N=  9  CB=795m  CT=1935m  prec=0.00mm/h  qv_bl=13.68g/kg
t=  1380s  step=  691  w_max= 8.78m/s  w99=2.24m/s  qc_max=1.63g/kg  cov= 6.6%  N= 10  CB=795m  CT=2130m  prec=0.00mm/h  qv_bl=13.67g/kg
t=  1440s  step=  721  w_max=10.47m/s  w99=2.58m/s  qc_max=1.85g/kg  cov= 7.4%  N= 11  CB=795m  CT=2266m  prec=0.00mm/h  qv_bl=13.65g/kg
t=  1500s  step=  753  w_max=12.12m/s  w99=2.97m/s  qc_max=2.14g/kg  cov= 8.5%  N= 14  CB=795m  CT=2480m  prec=0.00mm/h  qv_bl=13.62g/kg
t=  1560s  step=  789  w_max=13.31m/s  w99=3.32m/s  qc_max=2.43g/kg  cov= 9.7%  N= 14  CB=795m  CT=2630m  prec=0.00mm/h  qv_bl=13.59g/kg
t=  1620s  step=  827  w_max=13.53m/s  w99=3.63m/s  qc_max=2.73g/kg  cov=11.1%  N= 12  CB=795m  CT=2865m  prec=0.00mm/h  qv_bl=13.56g/kg
t=  1680s  step=  865  w_max=13.14m/s  w99=3.88m/s  qc_max=3.08g/kg  cov=12.3%  N= 11  CB=795m  CT=3029m  prec=0.00mm/h  qv_bl=13.52g/kg
t=  1740s  step=  901  w_max=12.55m/s  w99=4.00m/s  qc_max=3.26g/kg  cov=13.4%  N= 11  CB=795m  CT=3114m  prec=0.00mm/h  qv_bl=13.49g/kg
t=  1800s  step=  936  w_max=13.03m/s  w99=4.02m/s  qc_max=3.25g/kg  cov=14.4%  N=  9  CB=795m  CT=3200m  prec=0.00mm/h  qv_bl=13.45g/kg
t=  1860s  step=  974  w_max=13.86m/s  w99=3.99m/s  qc_max=3.17g/kg  cov=15.1%  N= 10  CB=837m  CT=3288m  prec=0.00mm/h  qv_bl=13.42g/kg
t=  1920s  step= 1013  w_max=14.03m/s  w99=3.89m/s  qc_max=3.26g/kg  cov=15.7%  N= 10  CB=837m  CT=3288m  prec=0.00mm/h  qv_bl=13.38g/kg
t=  1980s  step= 1052  w_max=13.65m/s  w99=3.73m/s  qc_max=3.33g/kg  cov=16.3%  N=  9  CB=837m  CT=3288m  prec=0.00mm/h  qv_bl=13.35g/kg
t=  2040s  step= 1089  w_max=12.72m/s  w99=3.54m/s  qc_max=3.38g/kg  cov=16.5%  N=  8  CB=837m  CT=3288m  prec=0.00mm/h  qv_bl=13.32g/kg
t=  2100s  step= 1124  w_max=11.99m/s  w99=3.39m/s  qc_max=3.49g/kg  cov=16.8%  N=  7  CB=837m  CT=3377m  prec=0.00mm/h  qv_bl=13.29g/kg
t=  2160s  step= 1156  w_max=10.73m/s  w99=3.30m/s  qc_max=3.27g/kg  cov=16.7%  N=  7  CB=837m  CT=3468m  prec=0.00mm/h  qv_bl=13.27g/kg
t=  2220s  step= 1187  w_max=11.08m/s  w99=3.22m/s  qc_max=3.77g/kg  cov=16.5%  N=  8  CB=837m  CT=3468m  prec=0.00mm/h  qv_bl=13.24g/kg
t=  2280s  step= 1218  w_max=10.74m/s  w99=3.16m/s  qc_max=3.75g/kg  cov=16.1%  N=  9  CB=837m  CT=3468m  prec=0.00mm/h  qv_bl=13.22g/kg
t=  2340s  step= 1248  w_max= 9.91m/s  w99=3.08m/s  qc_max=3.49g/kg  cov=15.6%  N=  9  CB=837m  CT=3468m  prec=0.00mm/h  qv_bl=13.20g/kg
t=  2400s  step= 1278  w_max= 9.00m/s  w99=2.98m/s  qc_max=3.65g/kg  cov=15.3%  N=  8  CB=837m  CT=3468m  prec=0.00mm/h  qv_bl=13.18g/kg
t=  2460s  step= 1308  w_max= 8.26m/s  w99=2.90m/s  qc_max=4.01g/kg  cov=14.9%  N=  9  CB=837m  CT=3377m  prec=0.00mm/h  qv_bl=13.17g/kg
t=  2520s  step= 1338  w_max= 7.66m/s  w99=2.83m/s  qc_max=4.23g/kg  cov=14.8%  N=  9  CB=837m  CT=3200m  prec=0.00mm/h  qv_bl=13.15g/kg
t=  2580s  step= 1368  w_max= 8.18m/s  w99=2.81m/s  qc_max=4.03g/kg  cov=14.6%  N=  9  CB=837m  CT=3114m  prec=0.00mm/h  qv_bl=13.14g/kg
t=  2640s  step= 1398  w_max= 9.71m/s  w99=2.80m/s  qc_max=3.63g/kg  cov=14.7%  N=  9  CB=634m  CT=3200m  prec=0.00mm/h  qv_bl=13.13g/kg
t=  2700s  step= 1429  w_max=12.02m/s  w99=2.81m/s  qc_max=3.27g/kg  cov=14.8%  N= 12  CB=484m  CT=3029m  prec=0.00mm/h  qv_bl=13.12g/kg
t=  2760s  step= 1465  w_max=13.48m/s  w99=2.88m/s  qc_max=3.07g/kg  cov=14.8%  N= 13  CB=634m  CT=2946m  prec=0.00mm/h  qv_bl=13.11g/kg
t=  2820s  step= 1501  w_max=12.07m/s  w99=2.91m/s  qc_max=3.22g/kg  cov=14.6%  N= 12  CB=754m  CT=2865m  prec=0.00mm/h  qv_bl=13.11g/kg
t=  2880s  step= 1537  w_max=14.42m/s  w99=2.89m/s  qc_max=2.77g/kg  cov=14.3%  N= 14  CB=521m  CT=2707m  prec=0.00mm/h  qv_bl=13.10g/kg
t=  2940s  step= 1580  w_max=16.34m/s  w99=2.85m/s  qc_max=2.66g/kg  cov=14.1%  N= 18  CB=521m  CT=2480m  prec=0.00mm/h  qv_bl=13.10g/kg
t=  3000s  step= 1623  w_max=13.76m/s  w99=2.84m/s  qc_max=2.68g/kg  cov=14.0%  N= 20  CB=673m  CT=3114m  prec=0.00mm/h  qv_bl=13.09g/kg
t=  3060s  step= 1658  w_max=10.47m/s  w99=2.79m/s  qc_max=2.67g/kg  cov=13.5%  N= 19  CB=795m  CT=2785m  prec=0.00mm/h  qv_bl=13.08g/kg
t=  3120s  step= 1688  w_max=10.43m/s  w99=2.76m/s  qc_max=2.48g/kg  cov=13.6%  N= 22  CB=795m  CT=3029m  prec=0.00mm/h  qv_bl=13.08g/kg
t=  3180s  step= 1718  w_max=10.65m/s  w99=2.75m/s  qc_max=2.06g/kg  cov=13.4%  N= 24  CB=795m  CT=2946m  prec=0.00mm/h  qv_bl=13.07g/kg
t=  3240s  step= 1748  w_max=10.23m/s  w99=2.72m/s  qc_max=1.68g/kg  cov=13.5%  N= 23  CB=754m  CT=2785m  prec=0.00mm/h  qv_bl=13.06g/kg
t=  3300s  step= 1778  w_max= 9.93m/s  w99=2.67m/s  qc_max=1.82g/kg  cov=13.7%  N= 23  CB=880m  CT=2480m  prec=0.00mm/h  qv_bl=13.06g/kg
t=  3360s  step= 1808  w_max= 9.52m/s  w99=2.63m/s  qc_max=2.08g/kg  cov=14.1%  N= 22  CB=969m  CT=2554m  prec=0.00mm/h  qv_bl=13.05g/kg
t=  3420s  step= 1838  w_max= 7.64m/s  w99=2.59m/s  qc_max=2.23g/kg  cov=14.6%  N= 22  CB=969m  CT=2630m  prec=0.00mm/h  qv_bl=13.04g/kg
t=  3480s  step= 1868  w_max= 6.81m/s  w99=2.54m/s  qc_max=2.28g/kg  cov=14.8%  N= 22  CB=969m  CT=2707m  prec=0.00mm/h  qv_bl=13.04g/kg
t=  3540s  step= 1898  w_max= 7.32m/s  w99=2.55m/s  qc_max=2.36g/kg  cov=15.1%  N= 20  CB=969m  CT=2785m  prec=0.00mm/h  qv_bl=13.03g/kg
t=  3600s  step= 1928  w_max= 7.49m/s  w99=2.55m/s  qc_max=2.52g/kg  cov=15.1%  N= 18  CB=969m  CT=2785m  prec=0.00mm/h  qv_bl=13.02g/kg
t=  3660s  step= 1958  w_max= 7.20m/s  w99=2.56m/s  qc_max=2.79g/kg  cov=14.8%  N= 16  CB=969m  CT=2785m  prec=0.00mm/h  qv_bl=13.01g/kg
t=  3720s  step= 1988  w_max= 6.76m/s  w99=2.58m/s  qc_max=2.89g/kg  cov=14.6%  N= 19  CB=1015m  CT=2785m  prec=0.00mm/h  qv_bl=13.01g/kg
t=  3780s  step= 2018  w_max= 6.63m/s  w99=2.60m/s  qc_max=2.94g/kg  cov=14.2%  N= 16  CB=1015m  CT=2707m  prec=0.00mm/h  qv_bl=13.00g/kg
t=  3840s  step= 2048  w_max= 6.94m/s  w99=2.62m/s  qc_max=3.13g/kg  cov=13.5%  N= 17  CB=1015m  CT=2630m  prec=0.00mm/h  qv_bl=13.00g/kg
t=  3900s  step= 2078  w_max= 8.24m/s  w99=2.64m/s  qc_max=2.89g/kg  cov=13.1%  N= 15  CB=880m  CT=2554m  prec=0.00mm/h  qv_bl=12.99g/kg
t=  3960s  step= 2108  w_max=10.37m/s  w99=2.63m/s  qc_max=2.23g/kg  cov=13.1%  N= 14  CB=673m  CT=2407m  prec=0.00mm/h  qv_bl=12.99g/kg
t=  4020s  step= 2140  w_max=12.09m/s  w99=2.62m/s  qc_max=2.55g/kg  cov=13.1%  N= 16  CB=837m  CT=2480m  prec=0.00mm/h  qv_bl=12.99g/kg
t=  4080s  step= 2173  w_max=11.00m/s  w99=2.57m/s  qc_max=2.79g/kg  cov=13.4%  N= 17  CB=924m  CT=2480m  prec=0.00mm/h  qv_bl=12.98g/kg
t=  4140s  step= 2204  w_max= 9.46m/s  w99=2.49m/s  qc_max=2.86g/kg  cov=13.3%  N= 18  CB=969m  CT=2480m  prec=0.00mm/h  qv_bl=12.98g/kg
t=  4200s  step= 2234  w_max= 8.01m/s  w99=2.40m/s  qc_max=2.73g/kg  cov=13.3%  N= 17  CB=969m  CT=2480m  prec=0.00mm/h  qv_bl=12.98g/kg
t=  4260s  step= 2264  w_max= 7.71m/s  w99=2.34m/s  qc_max=2.57g/kg  cov=13.1%  N= 17  CB=1015m  CT=2480m  prec=0.00mm/h  qv_bl=12.97g/kg
t=  4320s  step= 2294  w_max= 7.67m/s  w99=2.31m/s  qc_max=2.71g/kg  cov=12.8%  N= 19  CB=1015m  CT=2480m  prec=0.00mm/h  qv_bl=12.97g/kg
t=  4380s  step= 2324  w_max= 7.53m/s  w99=2.31m/s  qc_max=3.25g/kg  cov=12.7%  N= 19  CB=924m  CT=2480m  prec=0.00mm/h  qv_bl=12.97g/kg
t=  4440s  step= 2354  w_max= 7.17m/s  w99=2.33m/s  qc_max=3.54g/kg  cov=12.7%  N= 19  CB=880m  CT=2480m  prec=0.00mm/h  qv_bl=12.97g/kg
t=  4500s  step= 2384  w_max= 7.93m/s  w99=2.36m/s  qc_max=3.43g/kg  cov=12.7%  N= 18  CB=924m  CT=2407m  prec=0.00mm/h  qv_bl=12.97g/kg
t=  4560s  step= 2414  w_max= 8.41m/s  w99=2.41m/s  qc_max=2.71g/kg  cov=12.6%  N= 18  CB=880m  CT=2336m  prec=0.00mm/h  qv_bl=12.97g/kg
t=  4620s  step= 2444  w_max= 9.17m/s  w99=2.47m/s  qc_max=2.35g/kg  cov=12.1%  N= 17  CB=924m  CT=2407m  prec=0.00mm/h  qv_bl=12.97g/kg
t=  4680s  step= 2474  w_max=10.15m/s  w99=2.52m/s  qc_max=2.49g/kg  cov=11.5%  N= 17  CB=969m  CT=2480m  prec=0.00mm/h  qv_bl=12.97g/kg
t=  4740s  step= 2504  w_max= 9.44m/s  w99=2.56m/s  qc_max=2.80g/kg  cov=11.0%  N= 14  CB=969m  CT=2480m  prec=0.00mm/h  qv_bl=12.97g/kg
t=  4800s  step= 2534  w_max= 9.60m/s  w99=2.56m/s  qc_max=3.13g/kg  cov=10.7%  N= 18  CB=924m  CT=2554m  prec=0.00mm/h  qv_bl=12.97g/kg
t=  4860s  step= 2564  w_max=10.57m/s  w99=2.53m/s  qc_max=3.17g/kg  cov=10.3%  N= 16  CB=969m  CT=2554m  prec=0.00mm/h  qv_bl=12.97g/kg
t=  4920s  step= 2595  w_max=11.11m/s  w99=2.52m/s  qc_max=3.07g/kg  cov= 9.9%  N= 15  CB=924m  CT=2630m  prec=0.00mm/h  qv_bl=12.97g/kg
t=  4980s  step= 2626  w_max=10.77m/s  w99=2.49m/s  qc_max=3.05g/kg  cov= 9.4%  N= 15  CB=924m  CT=2630m  prec=0.00mm/h  qv_bl=12.97g/kg
t=  5040s  step= 2656  w_max=10.66m/s  w99=2.48m/s  qc_max=3.01g/kg  cov= 9.2%  N= 15  CB=754m  CT=2630m  prec=0.00mm/h  qv_bl=12.96g/kg
t=  5100s  step= 2688  w_max=12.55m/s  w99=2.49m/s  qc_max=2.53g/kg  cov= 9.3%  N= 15  CB=558m  CT=2630m  prec=0.00mm/h  qv_bl=12.96g/kg
t=  5160s  step= 2728  w_max=14.94m/s  w99=2.50m/s  qc_max=2.94g/kg  cov= 9.4%  N= 12  CB=837m  CT=2554m  prec=0.00mm/h  qv_bl=12.96g/kg
t=  5220s  step= 2765  w_max=12.96m/s  w99=2.49m/s  qc_max=3.20g/kg  cov= 9.8%  N= 11  CB=924m  CT=2630m  prec=0.00mm/h  qv_bl=12.96g/kg
t=  5280s  step= 2798  w_max=10.31m/s  w99=2.46m/s  qc_max=2.95g/kg  cov=10.0%  N= 11  CB=880m  CT=2630m  prec=0.00mm/h  qv_bl=12.96g/kg
t=  5340s  step= 2828  w_max= 7.74m/s  w99=2.43m/s  qc_max=2.46g/kg  cov=10.3%  N= 12  CB=837m  CT=2707m  prec=0.00mm/h  qv_bl=12.96g/kg
t=  5400s  step= 2858  w_max= 8.26m/s  w99=2.41m/s  qc_max=2.37g/kg  cov=10.7%  N= 13  CB=837m  CT=2707m  prec=0.00mm/h  qv_bl=12.96g/kg
t=  5460s  step= 2888  w_max= 9.42m/s  w99=2.42m/s  qc_max=2.39g/kg  cov=10.8%  N= 13  CB=924m  CT=2707m  prec=0.00mm/h  qv_bl=12.96g/kg
t=  5520s  step= 2918  w_max=10.40m/s  w99=2.45m/s  qc_max=2.56g/kg  cov=11.0%  N= 14  CB=880m  CT=2630m  prec=0.00mm/h  qv_bl=12.96g/kg
t=  5580s  step= 2948  w_max= 9.63m/s  w99=2.49m/s  qc_max=2.62g/kg  cov=11.3%  N= 13  CB=880m  CT=2630m  prec=0.00mm/h  qv_bl=12.96g/kg
t=  5640s  step= 2978  w_max= 9.77m/s  w99=2.51m/s  qc_max=2.51g/kg  cov=11.5%  N= 13  CB=837m  CT=2630m  prec=0.00mm/h  qv_bl=12.96g/kg
t=  5700s  step= 3008  w_max= 8.07m/s  w99=2.54m/s  qc_max=2.28g/kg  cov=11.7%  N= 14  CB=880m  CT=2554m  prec=0.00mm/h  qv_bl=12.95g/kg
t=  5760s  step= 3038  w_max= 9.43m/s  w99=2.55m/s  qc_max=1.77g/kg  cov=11.9%  N= 16  CB=837m  CT=2554m  prec=0.00mm/h  qv_bl=12.95g/kg
t=  5820s  step= 3068  w_max=10.30m/s  w99=2.59m/s  qc_max=1.86g/kg  cov=12.1%  N= 16  CB=754m  CT=2480m  prec=0.00mm/h  qv_bl=12.95g/kg
t=  5880s  step= 3098  w_max=10.04m/s  w99=2.62m/s  qc_max=1.91g/kg  cov=12.0%  N= 16  CB=1015m  CT=2554m  prec=0.00mm/h  qv_bl=12.95g/kg
t=  5940s  step= 3128  w_max= 9.97m/s  w99=2.64m/s  qc_max=2.14g/kg  cov=11.5%  N= 17  CB=969m  CT=2554m  prec=0.00mm/h  qv_bl=12.95g/kg
t=  6000s  step= 3158  w_max= 9.74m/s  w99=2.63m/s  qc_max=2.31g/kg  cov=11.1%  N= 18  CB=924m  CT=2630m  prec=0.00mm/h  qv_bl=12.95g/kg
t=  6060s  step= 3188  w_max= 9.85m/s  w99=2.58m/s  qc_max=2.99g/kg  cov=10.8%  N= 15  CB=880m  CT=2630m  prec=0.00mm/h  qv_bl=12.95g/kg
t=  6120s  step= 3218  w_max= 9.69m/s  w99=2.52m/s  qc_max=4.11g/kg  cov=10.7%  N= 16  CB=754m  CT=2707m  prec=0.00mm/h  qv_bl=12.95g/kg
t=  6180s  step= 3248  w_max= 9.49m/s  w99=2.48m/s  qc_max=5.36g/kg  cov=10.5%  N= 16  CB=596m  CT=2707m  prec=0.00mm/h  qv_bl=12.94g/kg
t=  6240s  step= 3278  w_max=10.45m/s  w99=2.46m/s  qc_max=6.02g/kg  cov=10.4%  N= 15  CB=414m  CT=2707m  prec=0.00mm/h  qv_bl=12.94g/kg
t=  6300s  step= 3310  w_max=12.07m/s  w99=2.45m/s  qc_max=5.40g/kg  cov=10.2%  N= 15  CB=217m  CT=2707m  prec=0.00mm/h  qv_bl=12.94g/kg
t=  6360s  step= 3345  w_max=12.73m/s  w99=2.45m/s  qc_max=4.72g/kg  cov=10.2%  N= 17  CB=186m  CT=2707m  prec=0.00mm/h  qv_bl=12.94g/kg
t=  6420s  step= 3381  w_max=13.02m/s  w99=2.44m/s  qc_max=3.70g/kg  cov=10.5%  N= 16  CB=379m  CT=2707m  prec=0.00mm/h  qv_bl=12.94g/kg
t=  6480s  step= 3418  w_max=13.10m/s  w99=2.42m/s  qc_max=2.53g/kg  cov=10.9%  N= 16  CB=558m  CT=2707m  prec=0.00mm/h  qv_bl=12.94g/kg
t=  6540s  step= 3453  w_max=11.89m/s  w99=2.42m/s  qc_max=2.08g/kg  cov=11.3%  N= 14  CB=795m  CT=2630m  prec=0.00mm/h  qv_bl=12.95g/kg
t=  6600s  step= 3485  w_max=10.34m/s  w99=2.42m/s  qc_max=1.77g/kg  cov=11.5%  N= 16  CB=1015m  CT=2554m  prec=0.00mm/h  qv_bl=12.95g/kg
t=  6660s  step= 3515  w_max= 8.67m/s  w99=2.41m/s  qc_max=1.92g/kg  cov=11.9%  N= 18  CB=1015m  CT=2480m  prec=0.00mm/h  qv_bl=12.95g/kg
t=  6720s  step= 3545  w_max= 8.17m/s  w99=2.41m/s  qc_max=2.07g/kg  cov=11.9%  N= 17  CB=1015m  CT=2407m  prec=0.00mm/h  qv_bl=12.95g/kg
t=  6780s  step= 3575  w_max= 8.12m/s  w99=2.39m/s  qc_max=2.27g/kg  cov=11.6%  N= 19  CB=1015m  CT=2407m  prec=0.00mm/h  qv_bl=12.95g/kg
t=  6840s  step= 3605  w_max= 7.56m/s  w99=2.35m/s  qc_max=2.33g/kg  cov=11.2%  N= 20  CB=1015m  CT=2480m  prec=0.00mm/h  qv_bl=12.95g/kg
t=  6900s  step= 3635  w_max= 7.03m/s  w99=2.34m/s  qc_max=2.43g/kg  cov=10.8%  N= 18  CB=1015m  CT=2480m  prec=0.00mm/h  qv_bl=12.96g/kg
t=  6960s  step= 3665  w_max= 7.90m/s  w99=2.34m/s  qc_max=2.73g/kg  cov=10.6%  N= 17  CB=1061m  CT=2480m  prec=0.00mm/h  qv_bl=12.96g/kg
t=  7020s  step= 3695  w_max= 7.34m/s  w99=2.37m/s  qc_max=2.77g/kg  cov=10.7%  N= 18  CB=1061m  CT=2480m  prec=0.00mm/h  qv_bl=12.96g/kg
t=  7080s  step= 3725  w_max= 7.02m/s  w99=2.42m/s  qc_max=2.73g/kg  cov=10.7%  N= 15  CB=1015m  CT=2480m  prec=0.00mm/h  qv_bl=12.96g/kg
t=  7140s  step= 3755  w_max= 6.92m/s  w99=2.47m/s  qc_max=2.07g/kg  cov=10.6%  N= 17  CB=924m  CT=2336m  prec=0.00mm/h  qv_bl=12.96g/kg
t=  7200s  step= 3785  w_max= 8.26m/s  w99=2.53m/s  qc_max=1.70g/kg  cov=10.2%  N= 16  CB=969m  CT=2336m  prec=0.00mm/h  qv_bl=12.96g/kg
