Loading initial conditions from: snapshots/snap_0001200.npz
  Snapshot time: t = 1200.0s
  Loaded: qc_max=5.92g/kg, qr_max=2.30g/kg, w_max=7.70m/s
Grid(120×120×80, dx=100.0m, dz=27.2–119.6m, z_top=5000m)
  Restart: enabled from snapshots/snap_0001200.npz
  dt=2.0s, t_end=1800.0s, output every 60.0s
t=     0s  step=    1  w_max=11.73m/s  w99=2.59m/s  qc_max=5.92g/kg  cov=27.0%  N= 24  CB=14m  CT=3850m  prec=0.00mm/h  qv_bl=13.13g/kg
t=    60s  step=   35  w_max=12.85m/s  w99=2.80m/s  qc_max=5.10g/kg  cov=26.4%  N= 28  CB=14m  CT=3850m  prec=0.00mm/h  qv_bl=13.14g/kg
t=   120s  step=   72  w_max=13.28m/s  w99=3.03m/s  qc_max=5.07g/kg  cov=25.5%  N= 25  CB=14m  CT=3850m  prec=0.00mm/h  qv_bl=13.14g/kg
t=   180s  step=  109  w_max=14.09m/s  w99=3.21m/s  qc_max=6.07g/kg  cov=25.3%  N= 23  CB=14m  CT=3850m  prec=0.00mm/h  qv_bl=13.14g/kg
t=   240s  step=  147  w_max=13.71m/s  w99=3.31m/s  qc_max=6.75g/kg  cov=25.0%  N= 26  CB=14m  CT=3850m  prec=0.00mm/h  qv_bl=13.14g/kg
t=   300s  step=  188  w_max=14.17m/s  w99=3.35m/s  qc_max=6.79g/kg  cov=25.2%  N= 28  CB=14m  CT=3850m  prec=0.00mm/h  qv_bl=13.14g/kg
t=   360s  step=  224  w_max=12.87m/s  w99=3.35m/s  qc_max=7.73g/kg  cov=25.7%  N= 29  CB=14m  CT=3752m  prec=0.00mm/h  qv_bl=13.14g/kg
t=   420s  step=  261  w_max=13.47m/s  w99=3.37m/s  qc_max=7.22g/kg  cov=26.3%  N= 28  CB=14m  CT=3752m  prec=0.00mm/h  qv_bl=13.13g/kg
t=   480s  step=  297  w_max=12.01m/s  w99=3.37m/s  qc_max=7.25g/kg  cov=26.7%  N= 30  CB=14m  CT=3752m  prec=0.00mm/h  qv_bl=13.13g/kg
t=   540s  step=  333  w_max=13.47m/s  w99=3.39m/s  qc_max=6.37g/kg  cov=26.9%  N= 27  CB=14m  CT=3752m  prec=0.00mm/h  qv_bl=13.13g/kg
t=   600s  step=  371  w_max=13.27m/s  w99=3.42m/s  qc_max=5.93g/kg  cov=27.5%  N= 27  CB=14m  CT=3752m  prec=0.00mm/h  qv_bl=13.13g/kg
t=   660s  step=  410  w_max=14.69m/s  w99=3.38m/s  qc_max=6.74g/kg  cov=28.0%  N= 25  CB=14m  CT=3752m  prec=0.00mm/h  qv_bl=13.13g/kg
t=   720s  step=  450  w_max=13.31m/s  w99=3.33m/s  qc_max=6.58g/kg  cov=28.1%  N= 25  CB=14m  CT=3752m  prec=0.00mm/h  qv_bl=13.13g/kg
t=   780s  step=  486  w_max=13.14m/s  w99=3.29m/s  qc_max=6.75g/kg  cov=28.4%  N= 24  CB=14m  CT=3752m  prec=0.00mm/h  qv_bl=13.12g/kg
t=   840s  step=  524  w_max=13.42m/s  w99=3.28m/s  qc_max=6.47g/kg  cov=28.7%  N= 23  CB=14m  CT=3752m  prec=0.00mm/h  qv_bl=13.12g/kg
t=   900s  step=  564  w_max=15.06m/s  w99=3.29m/s  qc_max=5.91g/kg  cov=28.9%  N= 23  CB=14m  CT=3752m  prec=0.00mm/h  qv_bl=13.11g/kg
t=   960s  step=  604  w_max=14.10m/s  w99=3.33m/s  qc_max=6.88g/kg  cov=28.9%  N= 23  CB=14m  CT=3752m  prec=0.00mm/h  qv_bl=13.10g/kg
t=  1020s  step=  642  w_max=12.49m/s  w99=3.40m/s  qc_max=7.48g/kg  cov=28.6%  N= 26  CB=14m  CT=3752m  prec=0.00mm/h  qv_bl=13.10g/kg
t=  1080s  step=  676  w_max=12.33m/s  w99=3.47m/s  qc_max=7.11g/kg  cov=28.5%  N= 25  CB=14m  CT=3752m  prec=0.00mm/h  qv_bl=13.09g/kg
t=  1140s  step=  713  w_max=14.85m/s  w99=3.60m/s  qc_max=5.79g/kg  cov=28.8%  N= 24  CB=14m  CT=3752m  prec=0.00mm/h  qv_bl=13.09g/kg
t=  1200s  step=  756  w_max=14.95m/s  w99=3.74m/s  qc_max=5.40g/kg  cov=29.1%  N= 26  CB=14m  CT=3752m  prec=0.00mm/h  qv_bl=13.08g/kg
t=  1260s  step=  798  w_max=14.62m/s  w99=3.75m/s  qc_max=4.72g/kg  cov=28.9%  N= 26  CB=14m  CT=3752m  prec=0.00mm/h  qv_bl=13.08g/kg
t=  1320s  step=  837  w_max=13.44m/s  w99=3.60m/s  qc_max=5.33g/kg  cov=28.7%  N= 24  CB=14m  CT=3752m  prec=0.00mm/h  qv_bl=13.07g/kg
t=  1380s  step=  872  w_max=11.17m/s  w99=3.39m/s  qc_max=5.38g/kg  cov=28.6%  N= 27  CB=14m  CT=3752m  prec=0.00mm/h  qv_bl=13.06g/kg
t=  1440s  step=  905  w_max=12.06m/s  w99=3.22m/s  qc_max=5.49g/kg  cov=28.1%  N= 28  CB=14m  CT=3752m  prec=0.00mm/h  qv_bl=13.05g/kg
t=  1500s  step=  938  w_max=10.86m/s  w99=3.09m/s  qc_max=5.85g/kg  cov=27.9%  N= 27  CB=14m  CT=3752m  prec=0.00mm/h  qv_bl=13.04g/kg
t=  1560s  step=  968  w_max= 9.87m/s  w99=3.02m/s  qc_max=6.48g/kg  cov=27.2%  N= 23  CB=14m  CT=3752m  prec=0.00mm/h  qv_bl=13.04g/kg
t=  1620s  step=  998  w_max=10.28m/s  w99=3.02m/s  qc_max=5.98g/kg  cov=26.5%  N= 25  CB=14m  CT=3752m  prec=0.00mm/h  qv_bl=13.03g/kg
t=  1680s  step= 1028  w_max=10.33m/s  w99=3.06m/s  qc_max=6.72g/kg  cov=25.8%  N= 29  CB=14m  CT=3752m  prec=0.00mm/h  qv_bl=13.02g/kg
t=  1740s  step= 1058  w_max=10.17m/s  w99=3.13m/s  qc_max=9.20g/kg  cov=25.1%  N= 26  CB=14m  CT=3752m  prec=0.00mm/h  qv_bl=13.01g/kg
t=  1800s  step= 1088  w_max= 9.46m/s  w99=3.22m/s  qc_max=11.31g/kg  cov=24.5%  N= 29  CB=14m  CT=3752m  prec=0.00mm/h  qv_bl=13.01g/kg
