Grid(120×120×80, dx=100.0m, dz=27.2–119.6m, z_top=5000m)
  dt=2.0s, t_end=1800.0s, output every 60.0s
t=     0s  step=    1  w_max= 0.00m/s  w99=0.00m/s  qc_max=0.00g/kg  cov= 0.0%  N=  0  CB=0m  CT=0m  prec=0.00mm/h  qv_bl=13.72g/kg
t=    60s  step=   31  w_max= 0.39m/s  w99=0.14m/s  qc_max=0.00g/kg  cov= 0.0%  N=  0  CB=0m  CT=0m  prec=0.00mm/h  qv_bl=13.72g/kg
t=   120s  step=   61  w_max= 0.74m/s  w99=0.27m/s  qc_max=0.00g/kg  cov= 0.0%  N=  0  CB=0m  CT=0m  prec=0.00mm/h  qv_bl=13.73g/kg
t=   180s  step=   91  w_max= 1.03m/s  w99=0.37m/s  qc_max=0.00g/kg  cov= 0.0%  N=  0  CB=0m  CT=0m  prec=0.00mm/h  qv_bl=13.73g/kg
t=   240s  step=  121  w_max= 1.18m/s  w99=0.45m/s  qc_max=0.00g/kg  cov= 0.0%  N=  0  CB=0m  CT=0m  prec=0.00mm/h  qv_bl=13.73g/kg
t=   300s  step=  151  w_max= 1.34m/s  w99=0.51m/s  qc_max=0.00g/kg  cov= 0.0%  N=  0  CB=0m  CT=0m  prec=0.00mm/h  qv_bl=13.73g/kg
t=   360s  step=  181  w_max= 1.54m/s  w99=0.55m/s  qc_max=0.00g/kg  cov= 0.0%  N=  0  CB=0m  CT=0m  prec=0.00mm/h  qv_bl=13.73g/kg
t=   420s  step=  211  w_max= 1.69m/s  w99=0.57m/s  qc_max=0.00g/kg  cov= 0.0%  N=  0  CB=0m  CT=0m  prec=0.00mm/h  qv_bl=13.73g/kg
t=   480s  step=  241  w_max= 1.95m/s  w99=0.59m/s  qc_max=0.00g/kg  cov= 0.0%  N=  0  CB=0m  CT=0m  prec=0.00mm/h  qv_bl=13.73g/kg
t=   540s  step=  271  w_max= 2.05m/s  w99=0.60m/s  qc_max=0.00g/kg  cov= 0.0%  N=  0  CB=0m  CT=0m  prec=0.00mm/h  qv_bl=13.73g/kg
t=   600s  step=  301  w_max= 2.32m/s  w99=0.61m/s  qc_max=0.00g/kg  cov= 0.0%  N=  0  CB=0m  CT=0m  prec=0.00mm/h  qv_bl=13.72g/kg
t=   660s  step=  331  w_max= 2.55m/s  w99=0.61m/s  qc_max=0.00g/kg  cov= 0.0%  N=  0  CB=0m  CT=0m  prec=0.00mm/h  qv_bl=13.72g/kg
t=   720s  step=  361  w_max= 2.68m/s  w99=0.63m/s  qc_max=0.00g/kg  cov= 0.0%  N=  0  CB=0m  CT=0m  prec=0.00mm/h  qv_bl=13.72g/kg
t=   780s  step=  391  w_max= 2.70m/s  w99=0.66m/s  qc_max=0.00g/kg  cov= 0.0%  N=  0  CB=0m  CT=0m  prec=0.00mm/h  qv_bl=13.72g/kg
t=   840s  step=  421  w_max= 2.79m/s  w99=0.70m/s  qc_max=0.03g/kg  cov= 0.1%  N=  1  CB=837m  CT=969m  prec=0.00mm/h  qv_bl=13.72g/kg
t=   900s  step=  451  w_max= 3.38m/s  w99=0.75m/s  qc_max=0.11g/kg  cov= 0.3%  N=  2  CB=837m  CT=1061m  prec=0.00mm/h  qv_bl=13.72g/kg
t=   960s  step=  481  w_max= 4.04m/s  w99=0.82m/s  qc_max=0.19g/kg  cov= 0.9%  N=  3  CB=837m  CT=1156m  prec=0.00mm/h  qv_bl=13.71g/kg
t=  1020s  step=  511  w_max= 4.77m/s  w99=0.91m/s  qc_max=0.32g/kg  cov= 1.4%  N=  3  CB=837m  CT=1255m  prec=0.00mm/h  qv_bl=13.71g/kg
t=  1080s  step=  541  w_max= 5.53m/s  w99=1.03m/s  qc_max=0.46g/kg  cov= 2.0%  N=  5  CB=837m  CT=1358m  prec=0.00mm/h  qv_bl=13.71g/kg
t=  1140s  step=  571  w_max= 6.38m/s  w99=1.19m/s  qc_max=0.64g/kg  cov= 2.8%  N=  5  CB=837m  CT=1465m  prec=0.00mm/h  qv_bl=13.70g/kg
t=  1200s  step=  601  w_max= 7.15m/s  w99=1.40m/s  qc_max=0.88g/kg  cov= 3.7%  N=  8  CB=837m  CT=1576m  prec=0.00mm/h  qv_bl=13.70g/kg
t=  1260s  step=  631  w_max= 7.69m/s  w99=1.64m/s  qc_max=1.17g/kg  cov= 4.8%  N=  8  CB=795m  CT=1750m  prec=0.00mm/h  qv_bl=13.69g/kg
t=  1320s  step=  661  w_max= 8.21m/s  w99=1.93m/s  qc_max=1.53g/kg  cov= 5.7%  N=  9  CB=795m  CT=1935m  prec=0.00mm/h  qv_bl=13.68g/kg
t=  1380s  step=  691  w_max= 9.22m/s  w99=2.27m/s  qc_max=1.81g/kg  cov= 6.6%  N= 10  CB=795m  CT=2130m  prec=0.00mm/h  qv_bl=13.67g/kg
t=  1440s  step=  722  w_max=11.23m/s  w99=2.65m/s  qc_max=2.13g/kg  cov= 7.4%  N= 11  CB=795m  CT=2336m  prec=0.00mm/h  qv_bl=13.64g/kg
t=  1500s  step=  756  w_max=13.26m/s  w99=3.08m/s  qc_max=2.55g/kg  cov= 8.6%  N= 14  CB=795m  CT=2554m  prec=0.00mm/h  qv_bl=13.62g/kg
t=  1560s  step=  796  w_max=14.80m/s  w99=3.50m/s  qc_max=3.06g/kg  cov= 9.8%  N= 14  CB=795m  CT=2785m  prec=0.00mm/h  qv_bl=13.59g/kg
t=  1620s  step=  838  w_max=15.28m/s  w99=3.90m/s  qc_max=3.67g/kg  cov=11.2%  N= 12  CB=795m  CT=3029m  prec=0.00mm/h  qv_bl=13.56g/kg
t=  1680s  step=  880  w_max=14.96m/s  w99=4.21m/s  qc_max=4.24g/kg  cov=12.5%  N= 11  CB=795m  CT=3200m  prec=0.00mm/h  qv_bl=13.52g/kg
t=  1740s  step=  921  w_max=14.29m/s  w99=4.36m/s  qc_max=4.41g/kg  cov=13.7%  N= 11  CB=795m  CT=3377m  prec=0.00mm/h  qv_bl=13.48g/kg
t=  1800s  step=  960  w_max=14.62m/s  w99=4.42m/s  qc_max=4.32g/kg  cov=14.7%  N=  9  CB=795m  CT=3468m  prec=0.00mm/h  qv_bl=13.45g/kg
