Grid(120×120×80, dx=100.0m, dz=27.2–119.6m, z_top=5000m)
  dt=2.0s, t_end=7200.0s, output every 60.0s
t=     0s  step=    1  w_max= 0.00m/s  w99=0.00m/s  qc_max=0.00g/kg  cov= 0.0%  N=  0  CB=0m  CT=0m  prec=0.00mm/h  qv_bl=8.65g/kg
t=    60s  step=   31  w_max= 0.40m/s  w99=0.15m/s  qc_max=0.00g/kg  cov= 0.0%  N=  0  CB=0m  CT=0m  prec=0.00mm/h  qv_bl=8.65g/kg
t=   120s  step=   61  w_max= 0.76m/s  w99=0.28m/s  qc_max=0.00g/kg  cov= 0.0%  N=  0  CB=0m  CT=0m  prec=0.00mm/h  qv_bl=8.65g/kg
t=   180s  step=   91  w_max= 1.05m/s  w99=0.38m/s  qc_max=0.00g/kg  cov= 0.0%  N=  0  CB=0m  CT=0m  prec=0.00mm/h  qv_bl=8.65g/kg
t=   240s  step=  121  w_max= 1.22m/s  w99=0.47m/s  qc_max=0.00g/kg  cov= 0.0%  N=  0  CB=0m  CT=0m  prec=0.00mm/h  qv_bl=8.65g/kg
t=   300s  step=  151  w_max= 1.40m/s  w99=0.53m/s  qc_max=0.00g/kg  cov= 0.0%  N=  0  CB=0m  CT=0m  prec=0.00mm/h  qv_bl=8.65g/kg
t=   360s  step=  181  w_max= 1.62m/s  w99=0.57m/s  qc_max=0.00g/kg  cov= 0.0%  N=  0  CB=0m  CT=0m  prec=0.00mm/h  qv_bl=8.65g/kg
t=   420s  step=  211  w_max= 1.82m/s  w99=0.61m/s  qc_max=0.00g/kg  cov= 0.0%  N=  0  CB=0m  CT=0m  prec=0.00mm/h  qv_bl=8.64g/kg
t=   480s  step=  241  w_max= 2.05m/s  w99=0.64m/s  qc_max=0.00g/kg  cov= 0.0%  N=  0  CB=0m  CT=0m  prec=0.00mm/h  qv_bl=8.64g/kg
t=   540s  step=  271  w_max= 2.22m/s  w99=0.66m/s  qc_max=0.00g/kg  cov= 0.0%  N=  0  CB=0m  CT=0m  prec=0.00mm/h  qv_bl=8.64g/kg
t=   600s  step=  301  w_max= 2.53m/s  w99=0.67m/s  qc_max=0.00g/kg  cov= 0.0%  N=  0  CB=0m  CT=0m  prec=0.00mm/h  qv_bl=8.64g/kg
t=   660s  step=  331  w_max= 2.69m/s  w99=0.69m/s  qc_max=0.00g/kg  cov= 0.0%  N=  0  CB=0m  CT=0m  prec=0.00mm/h  qv_bl=8.64g/kg
t=   720s  step=  361  w_max= 3.69m/s  w99=0.73m/s  qc_max=0.00g/kg  cov= 0.0%  N=  0  CB=0m  CT=0m  prec=0.00mm/h  qv_bl=8.63g/kg
t=   780s  step=  391  w_max= 4.69m/s  w99=0.80m/s  qc_max=0.00g/kg  cov= 0.0%  N=  0  CB=0m  CT=0m  prec=0.00mm/h  qv_bl=8.63g/kg
t=   840s  step=  421  w_max= 5.43m/s  w99=0.88m/s  qc_max=0.00g/kg  cov= 0.0%  N=  0  CB=0m  CT=0m  prec=0.00mm/h  qv_bl=8.63g/kg
t=   900s  step=  451  w_max= 5.67m/s  w99=1.00m/s  qc_max=0.00g/kg  cov= 0.0%  N=  0  CB=0m  CT=0m  prec=0.00mm/h  qv_bl=8.62g/kg
t=   960s  step=  481  w_max= 6.35m/s  w99=1.15m/s  qc_max=0.00g/kg  cov= 0.0%  N=  0  CB=0m  CT=0m  prec=0.00mm/h  qv_bl=8.62g/kg
t=  1020s  step=  511  w_max= 7.37m/s  w99=1.35m/s  qc_max=0.00g/kg  cov= 0.0%  N=  0  CB=0m  CT=0m  prec=0.00mm/h  qv_bl=8.61g/kg
t=  1080s  step=  541  w_max= 8.23m/s  w99=1.59m/s  qc_max=0.00g/kg  cov= 0.0%  N=  0  CB=0m  CT=0m  prec=0.00mm/h  qv_bl=8.61g/kg
t=  1140s  step=  571  w_max= 9.10m/s  w99=1.88m/s  qc_max=0.00g/kg  cov= 0.0%  N=  0  CB=0m  CT=0m  prec=0.00mm/h  qv_bl=8.60g/kg
t=  1200s  step=  601  w_max= 9.57m/s  w99=2.15m/s  qc_max=0.00g/kg  cov= 0.0%  N=  0  CB=0m  CT=0m  prec=0.00mm/h  qv_bl=8.60g/kg
t=  1260s  step=  631  w_max= 9.96m/s  w99=2.38m/s  qc_max=0.09g/kg  cov= 0.1%  N=  1  CB=1576m  CT=1633m  prec=0.00mm/h  qv_bl=8.59g/kg
t=  1320s  step=  661  w_max=10.25m/s  w99=2.56m/s  qc_max=0.20g/kg  cov= 0.3%  N=  1  CB=1576m  CT=1750m  prec=0.00mm/h  qv_bl=8.57g/kg
t=  1380s  step=  691  w_max=10.52m/s  w99=2.70m/s  qc_max=0.28g/kg  cov= 0.4%  N=  1  CB=1576m  CT=1872m  prec=0.00mm/h  qv_bl=8.56g/kg
t=  1440s  step=  721  w_max=10.58m/s  w99=2.78m/s  qc_max=0.34g/kg  cov= 0.5%  N=  1  CB=1576m  CT=1935m  prec=0.00mm/h  qv_bl=8.54g/kg
t=  1500s  step=  751  w_max=10.50m/s  w99=2.84m/s  qc_max=0.39g/kg  cov= 0.5%  N=  2  CB=1576m  CT=1998m  prec=0.00mm/h  qv_bl=8.53g/kg
t=  1560s  step=  781  w_max=10.19m/s  w99=2.88m/s  qc_max=0.43g/kg  cov= 0.7%  N=  4  CB=1576m  CT=2063m  prec=0.00mm/h  qv_bl=8.51g/kg
t=  1620s  step=  811  w_max= 9.79m/s  w99=2.90m/s  qc_max=0.44g/kg  cov= 0.9%  N=  5  CB=1576m  CT=2063m  prec=0.00mm/h  qv_bl=8.49g/kg
t=  1680s  step=  841  w_max= 9.85m/s  w99=2.89m/s  qc_max=0.44g/kg  cov= 1.0%  N=  7  CB=1633m  CT=2063m  prec=0.00mm/h  qv_bl=8.47g/kg
t=  1740s  step=  871  w_max=10.11m/s  w99=2.87m/s  qc_max=0.40g/kg  cov= 1.1%  N=  7  CB=1633m  CT=2063m  prec=0.00mm/h  qv_bl=8.46g/kg
t=  1800s  step=  902  w_max=11.47m/s  w99=2.86m/s  qc_max=0.34g/kg  cov= 1.1%  N=  6  CB=1633m  CT=1998m  prec=0.00mm/h  qv_bl=8.44g/kg
t=  1860s  step=  934  w_max=10.94m/s  w99=2.86m/s  qc_max=0.25g/kg  cov= 1.0%  N=  7  CB=1633m  CT=1935m  prec=0.00mm/h  qv_bl=8.43g/kg
t=  1920s  step=  965  w_max=10.31m/s  w99=2.87m/s  qc_max=0.24g/kg  cov= 0.8%  N=  7  CB=1633m  CT=1872m  prec=0.00mm/h  qv_bl=8.42g/kg
t=  1980s  step=  995  w_max=10.11m/s  w99=2.89m/s  qc_max=0.20g/kg  cov= 0.6%  N=  6  CB=1633m  CT=1872m  prec=0.00mm/h  qv_bl=8.41g/kg
t=  2040s  step= 1025  w_max=10.01m/s  w99=2.88m/s  qc_max=0.16g/kg  cov= 0.5%  N=  5  CB=1691m  CT=1872m  prec=0.00mm/h  qv_bl=8.40g/kg
t=  2100s  step= 1055  w_max= 9.80m/s  w99=2.89m/s  qc_max=0.12g/kg  cov= 0.4%  N=  5  CB=1691m  CT=1935m  prec=0.00mm/h  qv_bl=8.39g/kg
t=  2160s  step= 1085  w_max= 9.80m/s  w99=2.90m/s  qc_max=0.07g/kg  cov= 0.3%  N=  5  CB=1691m  CT=1935m  prec=0.00mm/h  qv_bl=8.39g/kg
t=  2220s  step= 1115  w_max= 9.45m/s  w99=2.93m/s  qc_max=0.05g/kg  cov= 0.2%  N=  5  CB=1691m  CT=1935m  prec=0.00mm/h  qv_bl=8.38g/kg
t=  2280s  step= 1145  w_max= 9.14m/s  w99=2.95m/s  qc_max=0.05g/kg  cov= 0.0%  N=  3  CB=1691m  CT=1872m  prec=0.00mm/h  qv_bl=8.37g/kg
t=  2340s  step= 1175  w_max= 9.44m/s  w99=2.96m/s  qc_max=0.04g/kg  cov= 0.0%  N=  1  CB=1691m  CT=1750m  prec=0.00mm/h  qv_bl=8.36g/kg
t=  2400s  step= 1205  w_max= 9.96m/s  w99=2.96m/s  qc_max=0.05g/kg  cov= 0.1%  N=  2  CB=1691m  CT=1750m  prec=0.00mm/h  qv_bl=8.36g/kg
t=  2460s  step= 1235  w_max=10.10m/s  w99=2.95m/s  qc_max=0.08g/kg  cov= 0.1%  N=  2  CB=1691m  CT=1810m  prec=0.00mm/h  qv_bl=8.35g/kg
t=  2520s  step= 1265  w_max= 9.95m/s  w99=2.94m/s  qc_max=0.08g/kg  cov= 0.1%  N=  2  CB=1691m  CT=1810m  prec=0.00mm/h  qv_bl=8.34g/kg
t=  2580s  step= 1295  w_max= 9.50m/s  w99=2.94m/s  qc_max=0.08g/kg  cov= 0.2%  N=  2  CB=1750m  CT=1810m  prec=0.00mm/h  qv_bl=8.34g/kg
t=  2640s  step= 1325  w_max=10.25m/s  w99=2.97m/s  qc_max=0.07g/kg  cov= 0.2%  N=  2  CB=1750m  CT=1810m  prec=0.00mm/h  qv_bl=8.33g/kg
t=  2700s  step= 1355  w_max= 9.94m/s  w99=2.99m/s  qc_max=0.06g/kg  cov= 0.1%  N=  2  CB=1750m  CT=1810m  prec=0.00mm/h  qv_bl=8.33g/kg
t=  2760s  step= 1385  w_max= 9.13m/s  w99=3.01m/s  qc_max=0.05g/kg  cov= 0.1%  N=  2  CB=1750m  CT=1810m  prec=0.00mm/h  qv_bl=8.32g/kg
t=  2820s  step= 1415  w_max= 9.11m/s  w99=3.02m/s  qc_max=0.07g/kg  cov= 0.0%  N=  1  CB=1750m  CT=1810m  prec=0.00mm/h  qv_bl=8.31g/kg
t=  2880s  step= 1445  w_max= 9.10m/s  w99=3.01m/s  qc_max=0.08g/kg  cov= 0.0%  N=  1  CB=1750m  CT=1810m  prec=0.00mm/h  qv_bl=8.31g/kg
t=  2940s  step= 1475  w_max= 8.87m/s  w99=3.00m/s  qc_max=0.08g/kg  cov= 0.0%  N=  1  CB=1750m  CT=1872m  prec=0.00mm/h  qv_bl=8.30g/kg
t=  3000s  step= 1505  w_max= 9.34m/s  w99=3.00m/s  qc_max=0.06g/kg  cov= 0.0%  N=  1  CB=1750m  CT=1810m  prec=0.00mm/h  qv_bl=8.30g/kg
t=  3060s  step= 1535  w_max= 8.98m/s  w99=3.00m/s  qc_max=0.02g/kg  cov= 0.0%  N=  1  CB=1750m  CT=1810m  prec=0.00mm/h  qv_bl=8.30g/kg
t=  3120s  step= 1565  w_max= 8.36m/s  w99=2.99m/s  qc_max=0.00g/kg  cov= 0.0%  N=  0  CB=0m  CT=0m  prec=0.00mm/h  qv_bl=8.29g/kg
t=  3180s  step= 1595  w_max= 8.68m/s  w99=2.98m/s  qc_max=0.00g/kg  cov= 0.0%  N=  0  CB=0m  CT=0m  prec=0.00mm/h  qv_bl=8.29g/kg
t=  3240s  step= 1625  w_max= 8.57m/s  w99=2.97m/s  qc_max=0.00g/kg  cov= 0.0%  N=  0  CB=0m  CT=0m  prec=0.00mm/h  qv_bl=8.29g/kg
t=  3300s  step= 1655  w_max= 8.41m/s  w99=2.97m/s  qc_max=0.00g/kg  cov= 0.0%  N=  0  CB=0m  CT=0m  prec=0.00mm/h  qv_bl=8.28g/kg
t=  3360s  step= 1685  w_max= 8.82m/s  w99=2.96m/s  qc_max=0.00g/kg  cov= 0.0%  N=  0  CB=0m  CT=0m  prec=0.00mm/h  qv_bl=8.28g/kg
t=  3420s  step= 1715  w_max= 8.94m/s  w99=2.96m/s  qc_max=0.00g/kg  cov= 0.0%  N=  0  CB=0m  CT=0m  prec=0.00mm/h  qv_bl=8.28g/kg
t=  3480s  step= 1745  w_max= 8.93m/s  w99=2.96m/s  qc_max=0.00g/kg  cov= 0.0%  N=  0  CB=0m  CT=0m  prec=0.00mm/h  qv_bl=8.28g/kg
t=  3540s  step= 1775  w_max= 9.21m/s  w99=2.93m/s  qc_max=0.00g/kg  cov= 0.0%  N=  0  CB=0m  CT=0m  prec=0.00mm/h  qv_bl=8.28g/kg
t=  3600s  step= 1805  w_max= 9.94m/s  w99=2.90m/s  qc_max=0.00g/kg  cov= 0.0%  N=  0  CB=0m  CT=0m  prec=0.00mm/h  qv_bl=8.27g/kg
t=  3660s  step= 1835  w_max=10.42m/s  w99=2.89m/s  qc_max=0.00g/kg  cov= 0.0%  N=  0  CB=0m  CT=0m  prec=0.00mm/h  qv_bl=8.27g/kg
t=  3720s  step= 1865  w_max=10.05m/s  w99=2.87m/s  qc_max=0.00g/kg  cov= 0.0%  N=  0  CB=0m  CT=0m  prec=0.00mm/h  qv_bl=8.27g/kg
t=  3780s  step= 1895  w_max= 9.39m/s  w99=2.90m/s  qc_max=0.00g/kg  cov= 0.0%  N=  0  CB=0m  CT=0m  prec=0.00mm/h  qv_bl=8.27g/kg
t=  3840s  step= 1925  w_max= 8.56m/s  w99=2.91m/s  qc_max=0.00g/kg  cov= 0.0%  N=  0  CB=0m  CT=0m  prec=0.00mm/h  qv_bl=8.27g/kg
t=  3900s  step= 1955  w_max= 9.23m/s  w99=2.92m/s  qc_max=0.00g/kg  cov= 0.0%  N=  0  CB=0m  CT=0m  prec=0.00mm/h  qv_bl=8.26g/kg
t=  3960s  step= 1985  w_max= 9.85m/s  w99=2.92m/s  qc_max=0.00g/kg  cov= 0.0%  N=  0  CB=0m  CT=0m  prec=0.00mm/h  qv_bl=8.26g/kg
t=  4020s  step= 2015  w_max=10.33m/s  w99=2.92m/s  qc_max=0.00g/kg  cov= 0.0%  N=  0  CB=0m  CT=0m  prec=0.00mm/h  qv_bl=8.26g/kg
t=  4080s  step= 2045  w_max=10.35m/s  w99=2.91m/s  qc_max=0.00g/kg  cov= 0.0%  N=  0  CB=0m  CT=0m  prec=0.00mm/h  qv_bl=8.26g/kg
t=  4140s  step= 2075  w_max=10.04m/s  w99=2.90m/s  qc_max=0.00g/kg  cov= 0.0%  N=  0  CB=0m  CT=0m  prec=0.00mm/h  qv_bl=8.26g/kg
t=  4200s  step= 2105  w_max= 9.86m/s  w99=2.89m/s  qc_max=0.00g/kg  cov= 0.0%  N=  0  CB=0m  CT=0m  prec=0.00mm/h  qv_bl=8.26g/kg
t=  4260s  step= 2135  w_max=10.00m/s  w99=2.89m/s  qc_max=0.00g/kg  cov= 0.0%  N=  0  CB=0m  CT=0m  prec=0.00mm/h  qv_bl=8.25g/kg
t=  4320s  step= 2165  w_max=10.32m/s  w99=2.89m/s  qc_max=0.00g/kg  cov= 0.0%  N=  0  CB=0m  CT=0m  prec=0.00mm/h  qv_bl=8.25g/kg
t=  4380s  step= 2195  w_max=10.00m/s  w99=2.90m/s  qc_max=0.00g/kg  cov= 0.0%  N=  0  CB=0m  CT=0m  prec=0.00mm/h  qv_bl=8.25g/kg
t=  4440s  step= 2225  w_max= 8.94m/s  w99=2.90m/s  qc_max=0.00g/kg  cov= 0.0%  N=  0  CB=0m  CT=0m  prec=0.00mm/h  qv_bl=8.25g/kg
t=  4500s  step= 2255  w_max= 9.73m/s  w99=2.89m/s  qc_max=0.00g/kg  cov= 0.0%  N=  0  CB=0m  CT=0m  prec=0.00mm/h  qv_bl=8.25g/kg
t=  4560s  step= 2285  w_max= 9.79m/s  w99=2.90m/s  qc_max=0.00g/kg  cov= 0.0%  N=  0  CB=0m  CT=0m  prec=0.00mm/h  qv_bl=8.25g/kg
t=  4620s  step= 2315  w_max=10.06m/s  w99=2.91m/s  qc_max=0.00g/kg  cov= 0.0%  N=  0  CB=0m  CT=0m  prec=0.00mm/h  qv_bl=8.24g/kg
t=  4680s  step= 2345  w_max= 9.91m/s  w99=2.93m/s  qc_max=0.00g/kg  cov= 0.0%  N=  0  CB=0m  CT=0m  prec=0.00mm/h  qv_bl=8.24g/kg
t=  4740s  step= 2375  w_max=10.36m/s  w99=2.93m/s  qc_max=0.00g/kg  cov= 0.0%  N=  0  CB=0m  CT=0m  prec=0.00mm/h  qv_bl=8.24g/kg
t=  4800s  step= 2406  w_max=11.26m/s  w99=2.94m/s  qc_max=0.00g/kg  cov= 0.0%  N=  0  CB=0m  CT=0m  prec=0.00mm/h  qv_bl=8.24g/kg
t=  4860s  step= 2438  w_max=11.63m/s  w99=2.96m/s  qc_max=0.00g/kg  cov= 0.0%  N=  0  CB=0m  CT=0m  prec=0.00mm/h  qv_bl=8.24g/kg
t=  4920s  step= 2471  w_max=11.85m/s  w99=2.97m/s  qc_max=0.00g/kg  cov= 0.0%  N=  0  CB=0m  CT=0m  prec=0.00mm/h  qv_bl=8.23g/kg
t=  4980s  step= 2505  w_max=12.40m/s  w99=2.98m/s  qc_max=0.01g/kg  cov= 0.0%  N=  1  CB=2063m  CT=2063m  prec=0.00mm/h  qv_bl=8.23g/kg
t=  5040s  step= 2540  w_max=13.09m/s  w99=2.98m/s  qc_max=0.01g/kg  cov= 0.0%  N=  0  CB=0m  CT=0m  prec=0.00mm/h  qv_bl=8.23g/kg
t=  5100s  step= 2578  w_max=13.90m/s  w99=2.96m/s  qc_max=0.00g/kg  cov= 0.0%  N=  0  CB=0m  CT=0m  prec=0.00mm/h  qv_bl=8.23g/kg
t=  5160s  step= 2616  w_max=13.01m/s  w99=2.94m/s  qc_max=0.00g/kg  cov= 0.0%  N=  0  CB=0m  CT=0m  prec=0.00mm/h  qv_bl=8.22g/kg
t=  5220s  step= 2651  w_max=12.16m/s  w99=2.91m/s  qc_max=0.00g/kg  cov= 0.0%  N=  0  CB=0m  CT=0m  prec=0.00mm/h  qv_bl=8.22g/kg
t=  5280s  step= 2685  w_max=11.61m/s  w99=2.89m/s  qc_max=0.05g/kg  cov= 0.0%  N=  1  CB=2063m  CT=2063m  prec=0.00mm/h  qv_bl=8.22g/kg
t=  5340s  step= 2716  w_max=10.39m/s  w99=2.87m/s  qc_max=0.06g/kg  cov= 0.1%  N=  1  CB=1998m  CT=2063m  prec=0.00mm/h  qv_bl=8.21g/kg
t=  5400s  step= 2746  w_max=10.88m/s  w99=2.87m/s  qc_max=0.06g/kg  cov= 0.0%  N=  1  CB=1998m  CT=2063m  prec=0.00mm/h  qv_bl=8.21g/kg
t=  5460s  step= 2778  w_max=11.99m/s  w99=2.87m/s  qc_max=0.02g/kg  cov= 0.0%  N=  1  CB=2063m  CT=2063m  prec=0.00mm/h  qv_bl=8.21g/kg
t=  5520s  step= 2812  w_max=11.63m/s  w99=2.88m/s  qc_max=0.00g/kg  cov= 0.0%  N=  0  CB=0m  CT=0m  prec=0.00mm/h  qv_bl=8.21g/kg
t=  5580s  step= 2844  w_max=11.57m/s  w99=2.88m/s  qc_max=0.00g/kg  cov= 0.0%  N=  0  CB=0m  CT=0m  prec=0.00mm/h  qv_bl=8.21g/kg
t=  5640s  step= 2876  w_max=11.13m/s  w99=2.91m/s  qc_max=0.00g/kg  cov= 0.0%  N=  0  CB=0m  CT=0m  prec=0.00mm/h  qv_bl=8.20g/kg
t=  5700s  step= 2907  w_max= 9.84m/s  w99=2.94m/s  qc_max=0.00g/kg  cov= 0.0%  N=  0  CB=0m  CT=0m  prec=0.00mm/h  qv_bl=8.20g/kg
t=  5760s  step= 2937  w_max= 9.82m/s  w99=2.97m/s  qc_max=0.00g/kg  cov= 0.0%  N=  0  CB=0m  CT=0m  prec=0.00mm/h  qv_bl=8.20g/kg
t=  5820s  step= 2967  w_max= 9.39m/s  w99=2.99m/s  qc_max=0.00g/kg  cov= 0.0%  N=  0  CB=0m  CT=0m  prec=0.00mm/h  qv_bl=8.20g/kg
t=  5880s  step= 2997  w_max= 9.47m/s  w99=3.02m/s  qc_max=0.00g/kg  cov= 0.0%  N=  0  CB=0m  CT=0m  prec=0.00mm/h  qv_bl=8.20g/kg
t=  5940s  step= 3027  w_max= 9.62m/s  w99=3.03m/s  qc_max=0.00g/kg  cov= 0.0%  N=  0  CB=0m  CT=0m  prec=0.00mm/h  qv_bl=8.19g/kg
t=  6000s  step= 3057  w_max= 9.45m/s  w99=3.03m/s  qc_max=0.00g/kg  cov= 0.0%  N=  0  CB=0m  CT=0m  prec=0.00mm/h  qv_bl=8.19g/kg
t=  6060s  step= 3087  w_max= 9.67m/s  w99=3.03m/s  qc_max=0.00g/kg  cov= 0.0%  N=  0  CB=0m  CT=0m  prec=0.00mm/h  qv_bl=8.19g/kg
t=  6120s  step= 3117  w_max=10.12m/s  w99=3.03m/s  qc_max=0.03g/kg  cov= 0.0%  N=  1  CB=1935m  CT=1998m  prec=0.00mm/h  qv_bl=8.19g/kg
t=  6180s  step= 3147  w_max=10.78m/s  w99=3.02m/s  qc_max=0.06g/kg  cov= 0.1%  N=  1  CB=1935m  CT=1998m  prec=0.00mm/h  qv_bl=8.19g/kg
t=  6240s  step= 3178  w_max=11.33m/s  w99=3.01m/s  qc_max=0.08g/kg  cov= 0.1%  N=  1  CB=1935m  CT=1998m  prec=0.00mm/h  qv_bl=8.18g/kg
t=  6300s  step= 3210  w_max=11.05m/s  w99=3.01m/s  qc_max=0.09g/kg  cov= 0.1%  N=  1  CB=1935m  CT=1998m  prec=0.00mm/h  qv_bl=8.18g/kg
t=  6360s  step= 3241  w_max=10.63m/s  w99=3.01m/s  qc_max=0.10g/kg  cov= 0.1%  N=  1  CB=1935m  CT=2063m  prec=0.00mm/h  qv_bl=8.18g/kg
t=  6420s  step= 3272  w_max=11.22m/s  w99=3.03m/s  qc_max=0.10g/kg  cov= 0.1%  N=  1  CB=1935m  CT=2063m  prec=0.00mm/h  qv_bl=8.18g/kg
t=  6480s  step= 3304  w_max=11.01m/s  w99=3.05m/s  qc_max=0.08g/kg  cov= 0.1%  N=  1  CB=1935m  CT=1998m  prec=0.00mm/h  qv_bl=8.18g/kg
t=  6540s  step= 3335  w_max=11.08m/s  w99=3.06m/s  qc_max=0.02g/kg  cov= 0.0%  N=  1  CB=1935m  CT=1998m  prec=0.00mm/h  qv_bl=8.18g/kg
t=  6600s  step= 3366  w_max=10.18m/s  w99=3.09m/s  qc_max=0.00g/kg  cov= 0.0%  N=  0  CB=0m  CT=0m  prec=0.00mm/h  qv_bl=8.18g/kg
t=  6660s  step= 3396  w_max= 9.21m/s  w99=3.11m/s  qc_max=0.00g/kg  cov= 0.0%  N=  0  CB=0m  CT=0m  prec=0.00mm/h  qv_bl=8.17g/kg
t=  6720s  step= 3426  w_max= 9.16m/s  w99=3.14m/s  qc_max=0.00g/kg  cov= 0.0%  N=  0  CB=0m  CT=0m  prec=0.00mm/h  qv_bl=8.17g/kg
t=  6780s  step= 3456  w_max= 9.76m/s  w99=3.16m/s  qc_max=0.00g/kg  cov= 0.0%  N=  0  CB=0m  CT=0m  prec=0.00mm/h  qv_bl=8.17g/kg
t=  6840s  step= 3486  w_max= 9.92m/s  w99=3.14m/s  qc_max=0.00g/kg  cov= 0.0%  N=  0  CB=0m  CT=0m  prec=0.00mm/h  qv_bl=8.17g/kg
t=  6900s  step= 3516  w_max= 9.63m/s  w99=3.14m/s  qc_max=0.00g/kg  cov= 0.0%  N=  0  CB=0m  CT=0m  prec=0.00mm/h  qv_bl=8.17g/kg
t=  6960s  step= 3546  w_max= 9.57m/s  w99=3.10m/s  qc_max=0.00g/kg  cov= 0.0%  N=  0  CB=0m  CT=0m  prec=0.00mm/h  qv_bl=8.17g/kg
t=  7020s  step= 3576  w_max=10.01m/s  w99=3.09m/s  qc_max=0.06g/kg  cov= 0.1%  N=  1  CB=1872m  CT=1935m  prec=0.00mm/h  qv_bl=8.16g/kg
t=  7080s  step= 3606  w_max=10.26m/s  w99=3.09m/s  qc_max=0.08g/kg  cov= 0.2%  N=  1  CB=1872m  CT=1935m  prec=0.00mm/h  qv_bl=8.16g/kg
t=  7140s  step= 3636  w_max= 9.97m/s  w99=3.10m/s  qc_max=0.09g/kg  cov= 0.2%  N=  2  CB=1872m  CT=1998m  prec=0.00mm/h  qv_bl=8.16g/kg
t=  7200s  step= 3666  w_max= 9.68m/s  w99=3.10m/s  qc_max=0.11g/kg  cov= 0.2%  N=  2  CB=1872m  CT=1998m  prec=0.00mm/h  qv_bl=8.16g/kg
