Grid(120×120×80, dx=100.0m, dz=27.2–119.6m, z_top=5000m)
  dt=2.0s, t_end=7200.0s, output every 60.0s
t=     0s  step=    1  w_max= 0.00m/s  w99=0.00m/s  qc_max=0.00g/kg  cov= 0.0%  N=  0  CB=0m  CT=0m  prec=0.00mm/h  qv_bl=13.72g/kg
t=    60s  step=   31  w_max= 0.39m/s  w99=0.14m/s  qc_max=0.00g/kg  cov= 0.0%  N=  0  CB=0m  CT=0m  prec=0.00mm/h  qv_bl=13.72g/kg
t=   120s  step=   61  w_max= 0.74m/s  w99=0.27m/s  qc_max=0.00g/kg  cov= 0.0%  N=  0  CB=0m  CT=0m  prec=0.00mm/h  qv_bl=13.73g/kg
t=   180s  step=   91  w_max= 1.03m/s  w99=0.37m/s  qc_max=0.00g/kg  cov= 0.0%  N=  0  CB=0m  CT=0m  prec=0.00mm/h  qv_bl=13.73g/kg
t=   240s  step=  121  w_max= 1.18m/s  w99=0.45m/s  qc_max=0.00g/kg  cov= 0.0%  N=  0  CB=0m  CT=0m  prec=0.00mm/h  qv_bl=13.73g/kg
t=   300s  step=  151  w_max= 1.34m/s  w99=0.51m/s  qc_max=0.00g/kg  cov= 0.0%  N=  0  CB=0m  CT=0m  prec=0.00mm/h  qv_bl=13.73g/kg
t=   360s  step=  181  w_max= 1.54m/s  w99=0.55m/s  qc_max=0.00g/kg  cov= 0.0%  N=  0  CB=0m  CT=0m  prec=0.00mm/h  qv_bl=13.73g/kg
t=   420s  step=  211  w_max= 1.69m/s  w99=0.57m/s  qc_max=0.00g/kg  cov= 0.0%  N=  0  CB=0m  CT=0m  prec=0.00mm/h  qv_bl=13.73g/kg
t=   480s  step=  241  w_max= 1.95m/s  w99=0.59m/s  qc_max=0.00g/kg  cov= 0.0%  N=  0  CB=0m  CT=0m  prec=0.00mm/h  qv_bl=13.73g/kg
t=   540s  step=  271  w_max= 2.05m/s  w99=0.60m/s  qc_max=0.00g/kg  cov= 0.0%  N=  0  CB=0m  CT=0m  prec=0.00mm/h  qv_bl=13.73g/kg
t=   600s  step=  301  w_max= 2.32m/s  w99=0.61m/s  qc_max=0.00g/kg  cov= 0.0%  N=  0  CB=0m  CT=0m  prec=0.00mm/h  qv_bl=13.72g/kg
t=   660s  step=  331  w_max= 2.55m/s  w99=0.61m/s  qc_max=0.00g/kg  cov= 0.0%  N=  0  CB=0m  CT=0m  prec=0.00mm/h  qv_bl=13.72g/kg
t=   720s  step=  361  w_max= 2.68m/s  w99=0.63m/s  qc_max=0.00g/kg  cov= 0.0%  N=  0  CB=0m  CT=0m  prec=0.00mm/h  qv_bl=13.72g/kg
t=   780s  step=  391  w_max= 2.70m/s  w99=0.66m/s  qc_max=0.00g/kg  cov= 0.0%  N=  0  CB=0m  CT=0m  prec=0.00mm/h  qv_bl=13.72g/kg
t=   840s  step=  421  w_max= 2.79m/s  w99=0.70m/s  qc_max=0.03g/kg  cov= 0.1%  N=  1  CB=837m  CT=969m  prec=0.00mm/h  qv_bl=13.72g/kg
t=   900s  step=  451  w_max= 3.38m/s  w99=0.75m/s  qc_max=0.11g/kg  cov= 0.3%  N=  2  CB=837m  CT=1061m  prec=0.00mm/h  qv_bl=13.72g/kg
t=   960s  step=  481  w_max= 4.04m/s  w99=0.82m/s  qc_max=0.20g/kg  cov= 0.9%  N=  3  CB=837m  CT=1156m  prec=0.00mm/h  qv_bl=13.71g/kg
t=  1020s  step=  511  w_max= 4.77m/s  w99=0.91m/s  qc_max=0.33g/kg  cov= 1.4%  N=  3  CB=837m  CT=1255m  prec=0.00mm/h  qv_bl=13.71g/kg
t=  1080s  step=  541  w_max= 5.53m/s  w99=1.03m/s  qc_max=0.47g/kg  cov= 2.0%  N=  5  CB=837m  CT=1358m  prec=0.00mm/h  qv_bl=13.71g/kg
t=  1140s  step=  571  w_max= 6.38m/s  w99=1.20m/s  qc_max=0.66g/kg  cov= 2.8%  N=  5  CB=837m  CT=1465m  prec=0.00mm/h  qv_bl=13.70g/kg
t=  1200s  step=  601  w_max= 7.15m/s  w99=1.41m/s  qc_max=0.95g/kg  cov= 3.7%  N=  8  CB=837m  CT=1633m  prec=0.00mm/h  qv_bl=13.70g/kg
t=  1260s  step=  631  w_max= 7.69m/s  w99=1.68m/s  qc_max=1.30g/kg  cov= 4.9%  N=  8  CB=795m  CT=1810m  prec=0.00mm/h  qv_bl=13.69g/kg
t=  1320s  step=  661  w_max= 8.22m/s  w99=1.99m/s  qc_max=1.67g/kg  cov= 5.8%  N=  9  CB=795m  CT=1998m  prec=0.00mm/h  qv_bl=13.68g/kg
t=  1380s  step=  691  w_max= 9.67m/s  w99=2.36m/s  qc_max=1.99g/kg  cov= 6.7%  N= 10  CB=795m  CT=2197m  prec=0.00mm/h  qv_bl=13.66g/kg
t=  1440s  step=  722  w_max=11.94m/s  w99=2.81m/s  qc_max=2.51g/kg  cov= 7.7%  N= 12  CB=795m  CT=2480m  prec=0.00mm/h  qv_bl=13.64g/kg
t=  1500s  step=  759  w_max=14.27m/s  w99=3.30m/s  qc_max=3.15g/kg  cov= 8.8%  N= 14  CB=795m  CT=2707m  prec=0.00mm/h  qv_bl=13.61g/kg
t=  1560s  step=  801  w_max=16.00m/s  w99=3.84m/s  qc_max=3.82g/kg  cov=10.1%  N= 14  CB=795m  CT=2946m  prec=0.00mm/h  qv_bl=13.58g/kg
t=  1620s  step=  846  w_max=16.44m/s  w99=4.30m/s  qc_max=4.50g/kg  cov=11.9%  N= 12  CB=795m  CT=3200m  prec=0.00mm/h  qv_bl=13.55g/kg
t=  1680s  step=  892  w_max=16.14m/s  w99=4.63m/s  qc_max=5.02g/kg  cov=13.3%  N= 11  CB=795m  CT=3377m  prec=0.00mm/h  qv_bl=13.51g/kg
t=  1740s  step=  936  w_max=15.01m/s  w99=4.78m/s  qc_max=5.04g/kg  cov=14.8%  N=  9  CB=795m  CT=3561m  prec=0.00mm/h  qv_bl=13.47g/kg
t=  1800s  step=  978  w_max=15.91m/s  w99=4.81m/s  qc_max=5.10g/kg  cov=16.0%  N=  8  CB=795m  CT=3656m  prec=0.00mm/h  qv_bl=13.43g/kg
t=  1860s  step= 1024  w_max=17.10m/s  w99=4.76m/s  qc_max=5.20g/kg  cov=16.8%  N=  9  CB=837m  CT=3752m  prec=0.00mm/h  qv_bl=13.40g/kg
t=  1920s  step= 1072  w_max=17.13m/s  w99=4.66m/s  qc_max=5.40g/kg  cov=17.8%  N=  9  CB=837m  CT=3850m  prec=0.00mm/h  qv_bl=13.36g/kg
t=  1980s  step= 1119  w_max=16.05m/s  w99=4.49m/s  qc_max=5.44g/kg  cov=18.6%  N=  9  CB=837m  CT=3950m  prec=0.00mm/h  qv_bl=13.33g/kg
t=  2040s  step= 1163  w_max=15.33m/s  w99=4.29m/s  qc_max=6.32g/kg  cov=19.3%  N=  8  CB=837m  CT=3950m  prec=0.00mm/h  qv_bl=13.30g/kg
t=  2100s  step= 1204  w_max=14.40m/s  w99=4.14m/s  qc_max=6.17g/kg  cov=19.6%  N=  8  CB=837m  CT=3950m  prec=0.00mm/h  qv_bl=13.27g/kg
t=  2160s  step= 1245  w_max=14.88m/s  w99=4.07m/s  qc_max=7.33g/kg  cov=19.7%  N=  8  CB=837m  CT=4052m  prec=0.00mm/h  qv_bl=13.24g/kg
t=  2220s  step= 1286  w_max=14.44m/s  w99=4.02m/s  qc_max=7.50g/kg  cov=19.6%  N=  8  CB=837m  CT=4052m  prec=0.00mm/h  qv_bl=13.22g/kg
t=  2280s  step= 1325  w_max=13.57m/s  w99=3.98m/s  qc_max=7.48g/kg  cov=18.9%  N= 10  CB=837m  CT=4156m  prec=0.00mm/h  qv_bl=13.20g/kg
t=  2340s  step= 1361  w_max=12.01m/s  w99=3.85m/s  qc_max=7.84g/kg  cov=18.0%  N= 11  CB=795m  CT=4156m  prec=0.00mm/h  qv_bl=13.17g/kg
t=  2400s  step= 1393  w_max=10.44m/s  w99=3.69m/s  qc_max=8.24g/kg  cov=17.5%  N= 10  CB=754m  CT=4156m  prec=0.00mm/h  qv_bl=13.15g/kg
t=  2460s  step= 1423  w_max= 9.56m/s  w99=3.58m/s  qc_max=7.56g/kg  cov=17.5%  N=  9  CB=673m  CT=4156m  prec=0.00mm/h  qv_bl=13.14g/kg
t=  2520s  step= 1453  w_max= 9.25m/s  w99=3.54m/s  qc_max=6.63g/kg  cov=17.8%  N= 11  CB=596m  CT=4052m  prec=0.00mm/h  qv_bl=13.12g/kg
t=  2580s  step= 1483  w_max= 8.37m/s  w99=3.62m/s  qc_max=6.27g/kg  cov=18.2%  N= 11  CB=596m  CT=3950m  prec=0.00mm/h  qv_bl=13.11g/kg
t=  2640s  step= 1513  w_max= 9.57m/s  w99=3.68m/s  qc_max=5.57g/kg  cov=19.4%  N= 11  CB=484m  CT=3656m  prec=0.00mm/h  qv_bl=13.10g/kg
t=  2700s  step= 1545  w_max=12.78m/s  w99=3.73m/s  qc_max=4.92g/kg  cov=20.4%  N= 13  CB=379m  CT=3656m  prec=0.00mm/h  qv_bl=13.10g/kg
t=  2760s  step= 1583  w_max=13.47m/s  w99=3.80m/s  qc_max=4.51g/kg  cov=20.9%  N= 13  CB=217m  CT=3561m  prec=0.00mm/h  qv_bl=13.09g/kg
t=  2820s  step= 1618  w_max=12.23m/s  w99=3.82m/s  qc_max=5.38g/kg  cov=21.5%  N= 15  CB=217m  CT=3656m  prec=0.00mm/h  qv_bl=13.09g/kg
t=  2880s  step= 1654  w_max=13.01m/s  w99=3.75m/s  qc_max=5.51g/kg  cov=21.8%  N= 17  CB=248m  CT=3656m  prec=0.00mm/h  qv_bl=13.08g/kg
t=  2940s  step= 1691  w_max=13.06m/s  w99=3.59m/s  qc_max=5.44g/kg  cov=21.9%  N= 16  CB=449m  CT=3656m  prec=0.00mm/h  qv_bl=13.08g/kg
t=  3000s  step= 1726  w_max=10.85m/s  w99=3.44m/s  qc_max=5.21g/kg  cov=21.8%  N= 19  CB=484m  CT=3752m  prec=0.00mm/h  qv_bl=13.07g/kg
t=  3060s  step= 1757  w_max=10.93m/s  w99=3.34m/s  qc_max=5.07g/kg  cov=22.1%  N= 17  CB=521m  CT=3752m  prec=0.00mm/h  qv_bl=13.06g/kg
t=  3120s  step= 1790  w_max=12.79m/s  w99=3.30m/s  qc_max=6.07g/kg  cov=23.0%  N= 18  CB=521m  CT=3752m  prec=0.00mm/h  qv_bl=13.06g/kg
t=  3180s  step= 1825  w_max=12.94m/s  w99=3.26m/s  qc_max=5.82g/kg  cov=23.4%  N= 20  CB=313m  CT=3752m  prec=0.00mm/h  qv_bl=13.05g/kg
t=  3240s  step= 1861  w_max=12.40m/s  w99=3.24m/s  qc_max=5.19g/kg  cov=24.2%  N= 16  CB=280m  CT=3752m  prec=0.00mm/h  qv_bl=13.04g/kg
t=  3300s  step= 1898  w_max=13.69m/s  w99=3.23m/s  qc_max=5.45g/kg  cov=24.2%  N= 15  CB=126m  CT=3656m  prec=0.00mm/h  qv_bl=13.03g/kg
t=  3360s  step= 1936  w_max=13.74m/s  w99=3.25m/s  qc_max=5.51g/kg  cov=24.2%  N= 17  CB=126m  CT=3561m  prec=0.00mm/h  qv_bl=13.02g/kg
t=  3420s  step= 1973  w_max=13.48m/s  w99=3.24m/s  qc_max=5.75g/kg  cov=23.8%  N= 18  CB=248m  CT=3561m  prec=0.00mm/h  qv_bl=13.02g/kg
t=  3480s  step= 2010  w_max=12.61m/s  w99=3.20m/s  qc_max=5.66g/kg  cov=23.4%  N= 20  CB=414m  CT=3561m  prec=0.00mm/h  qv_bl=13.01g/kg
t=  3540s  step= 2044  w_max=12.24m/s  w99=3.14m/s  qc_max=5.28g/kg  cov=23.4%  N= 19  CB=558m  CT=3468m  prec=0.00mm/h  qv_bl=13.00g/kg
t=  3600s  step= 2077  w_max=11.32m/s  w99=3.11m/s  qc_max=5.69g/kg  cov=23.2%  N= 20  CB=634m  CT=3468m  prec=0.00mm/h  qv_bl=13.00g/kg
t=  3660s  step= 2108  w_max=10.50m/s  w99=3.14m/s  qc_max=5.43g/kg  cov=22.6%  N= 20  CB=673m  CT=3377m  prec=0.00mm/h  qv_bl=12.99g/kg
t=  3720s  step= 2138  w_max=10.33m/s  w99=3.20m/s  qc_max=4.52g/kg  cov=21.8%  N= 22  CB=596m  CT=3468m  prec=0.00mm/h  qv_bl=12.99g/kg
t=  3780s  step= 2168  w_max= 9.67m/s  w99=3.31m/s  qc_max=4.18g/kg  cov=21.1%  N= 24  CB=634m  CT=3468m  prec=0.00mm/h  qv_bl=12.99g/kg
t=  3840s  step= 2198  w_max= 9.63m/s  w99=3.42m/s  qc_max=4.38g/kg  cov=20.8%  N= 21  CB=596m  CT=3377m  prec=0.00mm/h  qv_bl=12.99g/kg
t=  3900s  step= 2229  w_max=11.15m/s  w99=3.49m/s  qc_max=4.37g/kg  cov=20.1%  N= 18  CB=521m  CT=3288m  prec=0.00mm/h  qv_bl=12.99g/kg
t=  3960s  step= 2262  w_max=12.98m/s  w99=3.48m/s  qc_max=4.75g/kg  cov=19.8%  N= 21  CB=414m  CT=3288m  prec=0.00mm/h  qv_bl=12.99g/kg
t=  4020s  step= 2301  w_max=14.58m/s  w99=3.38m/s  qc_max=5.22g/kg  cov=19.7%  N= 23  CB=379m  CT=3288m  prec=0.00mm/h  qv_bl=12.99g/kg
t=  4080s  step= 2341  w_max=14.74m/s  w99=3.25m/s  qc_max=5.10g/kg  cov=19.6%  N= 24  CB=346m  CT=3377m  prec=0.00mm/h  qv_bl=12.98g/kg
t=  4140s  step= 2382  w_max=14.81m/s  w99=3.15m/s  qc_max=4.78g/kg  cov=19.8%  N= 23  CB=346m  CT=3468m  prec=0.00mm/h  qv_bl=12.98g/kg
t=  4200s  step= 2423  w_max=14.69m/s  w99=3.07m/s  qc_max=4.51g/kg  cov=20.0%  N= 22  CB=521m  CT=3468m  prec=0.00mm/h  qv_bl=12.98g/kg
t=  4260s  step= 2464  w_max=13.55m/s  w99=2.98m/s  qc_max=5.30g/kg  cov=19.9%  N= 21  CB=754m  CT=3468m  prec=0.00mm/h  qv_bl=12.97g/kg
t=  4320s  step= 2499  w_max=11.40m/s  w99=2.89m/s  qc_max=5.82g/kg  cov=20.1%  N= 20  CB=924m  CT=3468m  prec=0.00mm/h  qv_bl=12.97g/kg
t=  4380s  step= 2530  w_max= 9.84m/s  w99=2.79m/s  qc_max=5.19g/kg  cov=20.0%  N= 19  CB=1015m  CT=3561m  prec=0.00mm/h  qv_bl=12.97g/kg
t=  4440s  step= 2560  w_max= 9.87m/s  w99=2.70m/s  qc_max=5.58g/kg  cov=19.7%  N= 19  CB=1061m  CT=3561m  prec=0.00mm/h  qv_bl=12.96g/kg
t=  4500s  step= 2590  w_max=10.22m/s  w99=2.63m/s  qc_max=6.38g/kg  cov=19.4%  N= 18  CB=969m  CT=3561m  prec=0.00mm/h  qv_bl=12.96g/kg
t=  4560s  step= 2620  w_max=10.22m/s  w99=2.56m/s  qc_max=7.22g/kg  cov=19.1%  N= 15  CB=924m  CT=3468m  prec=0.00mm/h  qv_bl=12.95g/kg
t=  4620s  step= 2650  w_max= 9.34m/s  w99=2.50m/s  qc_max=7.20g/kg  cov=18.6%  N= 17  CB=837m  CT=3468m  prec=0.00mm/h  qv_bl=12.95g/kg
t=  4680s  step= 2680  w_max= 9.35m/s  w99=2.46m/s  qc_max=7.97g/kg  cov=17.7%  N= 16  CB=880m  CT=3468m  prec=0.00mm/h  qv_bl=12.95g/kg
t=  4740s  step= 2710  w_max= 8.36m/s  w99=2.45m/s  qc_max=7.55g/kg  cov=17.0%  N= 17  CB=837m  CT=3468m  prec=0.00mm/h  qv_bl=12.95g/kg
t=  4800s  step= 2740  w_max= 8.36m/s  w99=2.50m/s  qc_max=7.65g/kg  cov=16.5%  N= 18  CB=713m  CT=3377m  prec=0.00mm/h  qv_bl=12.95g/kg
t=  4860s  step= 2770  w_max= 9.55m/s  w99=2.60m/s  qc_max=8.48g/kg  cov=16.6%  N= 17  CB=521m  CT=3377m  prec=0.00mm/h  qv_bl=12.96g/kg
t=  4920s  step= 2800  w_max=10.72m/s  w99=2.73m/s  qc_max=8.98g/kg  cov=16.6%  N= 16  CB=313m  CT=3377m  prec=0.00mm/h  qv_bl=12.96g/kg
t=  4980s  step= 2832  w_max=11.66m/s  w99=2.84m/s  qc_max=9.37g/kg  cov=16.7%  N= 18  CB=156m  CT=3377m  prec=0.00mm/h  qv_bl=12.96g/kg
t=  5040s  step= 2866  w_max=13.44m/s  w99=2.89m/s  qc_max=8.65g/kg  cov=16.4%  N= 16  CB=280m  CT=3377m  prec=0.00mm/h  qv_bl=12.97g/kg
t=  5100s  step= 2906  w_max=14.99m/s  w99=2.86m/s  qc_max=7.45g/kg  cov=15.9%  N= 17  CB=346m  CT=3377m  prec=0.00mm/h  qv_bl=12.97g/kg
t=  5160s  step= 2947  w_max=13.72m/s  w99=2.81m/s  qc_max=5.98g/kg  cov=15.1%  N= 16  CB=346m  CT=3468m  prec=0.00mm/h  qv_bl=12.98g/kg
t=  5220s  step= 2984  w_max=13.19m/s  w99=2.76m/s  qc_max=5.28g/kg  cov=14.9%  N= 14  CB=156m  CT=3468m  prec=0.00mm/h  qv_bl=12.98g/kg
t=  5280s  step= 3023  w_max=14.23m/s  w99=2.75m/s  qc_max=6.10g/kg  cov=14.8%  N= 13  CB=97m  CT=3468m  prec=0.00mm/h  qv_bl=12.98g/kg
t=  5340s  step= 3063  w_max=14.31m/s  w99=2.75m/s  qc_max=6.65g/kg  cov=14.6%  N= 13  CB=186m  CT=3468m  prec=0.00mm/h  qv_bl=12.98g/kg
t=  5400s  step= 3102  w_max=13.55m/s  w99=2.79m/s  qc_max=5.60g/kg  cov=14.4%  N= 12  CB=449m  CT=3377m  prec=0.00mm/h  qv_bl=12.99g/kg
t=  5460s  step= 3142  w_max=14.00m/s  w99=2.89m/s  qc_max=4.83g/kg  cov=14.0%  N= 12  CB=449m  CT=3377m  prec=0.00mm/h  qv_bl=12.99g/kg
t=  5520s  step= 3179  w_max=13.36m/s  w99=3.05m/s  qc_max=4.14g/kg  cov=13.3%  N= 12  CB=449m  CT=3377m  prec=0.00mm/h  qv_bl=12.99g/kg
t=  5580s  step= 3218  w_max=14.61m/s  w99=3.19m/s  qc_max=3.61g/kg  cov=12.8%  N= 15  CB=414m  CT=3377m  prec=0.00mm/h  qv_bl=12.99g/kg
t=  5640s  step= 3258  w_max=14.19m/s  w99=3.25m/s  qc_max=3.15g/kg  cov=11.9%  N= 14  CB=521m  CT=3377m  prec=0.00mm/h  qv_bl=12.99g/kg
t=  5700s  step= 3295  w_max=11.99m/s  w99=3.23m/s  qc_max=3.25g/kg  cov=11.5%  N= 16  CB=449m  CT=3377m  prec=0.00mm/h  qv_bl=12.99g/kg
t=  5760s  step= 3327  w_max= 9.99m/s  w99=3.10m/s  qc_max=3.27g/kg  cov=11.7%  N= 13  CB=346m  CT=3377m  prec=0.00mm/h  qv_bl=12.99g/kg
t=  5820s  step= 3357  w_max= 9.14m/s  w99=2.98m/s  qc_max=3.26g/kg  cov=12.0%  N= 11  CB=558m  CT=3288m  prec=0.00mm/h  qv_bl=12.99g/kg
t=  5880s  step= 3387  w_max= 9.48m/s  w99=2.84m/s  qc_max=3.18g/kg  cov=12.3%  N= 13  CB=558m  CT=3288m  prec=0.00mm/h  qv_bl=12.99g/kg
t=  5940s  step= 3417  w_max= 9.68m/s  w99=2.76m/s  qc_max=3.42g/kg  cov=12.8%  N= 11  CB=521m  CT=3288m  prec=0.00mm/h  qv_bl=12.99g/kg
t=  6000s  step= 3447  w_max=10.65m/s  w99=2.70m/s  qc_max=3.61g/kg  cov=13.1%  N= 10  CB=449m  CT=3288m  prec=0.00mm/h  qv_bl=12.98g/kg
t=  6060s  step= 3478  w_max=10.94m/s  w99=2.68m/s  qc_max=3.70g/kg  cov=13.4%  N= 10  CB=414m  CT=3288m  prec=0.00mm/h  qv_bl=12.98g/kg
t=  6120s  step= 3510  w_max=11.02m/s  w99=2.68m/s  qc_max=3.70g/kg  cov=14.2%  N= 11  CB=414m  CT=3288m  prec=0.00mm/h  qv_bl=12.98g/kg
t=  6180s  step= 3541  w_max=11.14m/s  w99=2.70m/s  qc_max=3.50g/kg  cov=14.5%  N= 10  CB=414m  CT=3288m  prec=0.00mm/h  qv_bl=12.98g/kg
t=  6240s  step= 3572  w_max=11.14m/s  w99=2.70m/s  qc_max=3.22g/kg  cov=14.7%  N=  7  CB=484m  CT=3288m  prec=0.00mm/h  qv_bl=12.98g/kg
t=  6300s  step= 3603  w_max=11.04m/s  w99=2.71m/s  qc_max=3.03g/kg  cov=14.9%  N= 10  CB=521m  CT=3288m  prec=0.00mm/h  qv_bl=12.98g/kg
t=  6360s  step= 3634  w_max=11.17m/s  w99=2.75m/s  qc_max=3.04g/kg  cov=15.1%  N= 11  CB=449m  CT=3200m  prec=0.00mm/h  qv_bl=12.98g/kg
t=  6420s  step= 3665  w_max=11.52m/s  w99=2.82m/s  qc_max=3.02g/kg  cov=15.3%  N= 12  CB=449m  CT=3200m  prec=0.00mm/h  qv_bl=12.98g/kg
t=  6480s  step= 3698  w_max=11.44m/s  w99=2.88m/s  qc_max=2.80g/kg  cov=15.3%  N= 11  CB=449m  CT=3200m  prec=0.00mm/h  qv_bl=12.97g/kg
t=  6540s  step= 3729  w_max=11.24m/s  w99=2.95m/s  qc_max=3.01g/kg  cov=15.2%  N= 12  CB=521m  CT=3200m  prec=0.00mm/h  qv_bl=12.97g/kg
t=  6600s  step= 3762  w_max=11.96m/s  w99=3.02m/s  qc_max=3.31g/kg  cov=15.0%  N= 12  CB=558m  CT=3200m  prec=0.00mm/h  qv_bl=12.97g/kg
t=  6660s  step= 3796  w_max=12.11m/s  w99=3.06m/s  qc_max=3.63g/kg  cov=15.0%  N=  8  CB=634m  CT=3200m  prec=0.00mm/h  qv_bl=12.97g/kg
t=  6720s  step= 3831  w_max=12.20m/s  w99=3.09m/s  qc_max=3.83g/kg  cov=15.1%  N=  8  CB=713m  CT=3200m  prec=0.00mm/h  qv_bl=12.97g/kg
t=  6780s  step= 3862  w_max=10.98m/s  w99=3.11m/s  qc_max=4.10g/kg  cov=15.2%  N=  8  CB=634m  CT=3200m  prec=0.00mm/h  qv_bl=12.96g/kg
t=  6840s  step= 3894  w_max=10.71m/s  w99=3.14m/s  qc_max=4.32g/kg  cov=15.7%  N=  8  CB=634m  CT=3200m  prec=0.00mm/h  qv_bl=12.96g/kg
t=  6900s  step= 3924  w_max=10.39m/s  w99=3.18m/s  qc_max=4.49g/kg  cov=16.3%  N=  7  CB=596m  CT=3200m  prec=0.00mm/h  qv_bl=12.96g/kg
t=  6960s  step= 3956  w_max=11.59m/s  w99=3.23m/s  qc_max=4.72g/kg  cov=16.7%  N=  7  CB=673m  CT=3200m  prec=0.00mm/h  qv_bl=12.96g/kg
t=  7020s  step= 3988  w_max=11.75m/s  w99=3.26m/s  qc_max=4.82g/kg  cov=17.1%  N= 10  CB=713m  CT=3200m  prec=0.00mm/h  qv_bl=12.96g/kg
t=  7080s  step= 4020  w_max=10.73m/s  w99=3.26m/s  qc_max=5.85g/kg  cov=17.5%  N= 10  CB=634m  CT=3200m  prec=0.00mm/h  qv_bl=12.95g/kg
t=  7140s  step= 4051  w_max= 9.22m/s  w99=3.20m/s  qc_max=6.78g/kg  cov=18.0%  N= 11  CB=558m  CT=3288m  prec=0.00mm/h  qv_bl=12.95g/kg
t=  7200s  step= 4081  w_max= 8.44m/s  w99=3.15m/s  qc_max=6.56g/kg  cov=18.7%  N= 12  CB=449m  CT=3288m  prec=0.00mm/h  qv_bl=12.95g/kg
