Loading initial conditions from: snapshots/snap_0001200.npz
  Snapshot time: t = 1200.0s
  Loaded: qc_max=0.29g/kg, qr_max=0.00g/kg, w_max=7.37m/s
Grid(120×120×80, dx=100.0m, dz=27.2–119.6m, z_top=5000m)
  Restart: enabled from snapshots/snap_0001200.npz
  dt=2.0s, t_end=1800.0s, output every 60.0s
t=     0s  step=    1  w_max= 6.22m/s  w99=1.85m/s  qc_max=0.29g/kg  cov= 1.3%  N=  4  CB=1576m  CT=2130m  prec=0.00mm/h  qv_bl=10.04g/kg
t=    60s  step=   31  w_max= 6.41m/s  w99=2.01m/s  qc_max=0.34g/kg  cov= 1.4%  N=  4  CB=1633m  CT=2197m  prec=0.00mm/h  qv_bl=10.05g/kg
t=   120s  step=   61  w_max= 7.66m/s  w99=2.21m/s  qc_max=0.32g/kg  cov= 1.2%  N=  4  CB=1576m  CT=2130m  prec=0.00mm/h  qv_bl=10.07g/kg
t=   180s  step=   91  w_max= 8.99m/s  w99=2.38m/s  qc_max=0.28g/kg  cov= 1.0%  N=  5  CB=1576m  CT=2063m  prec=0.00mm/h  qv_bl=10.08g/kg
t=   240s  step=  121  w_max= 9.56m/s  w99=2.53m/s  qc_max=0.22g/kg  cov= 0.9%  N=  4  CB=1576m  CT=1998m  prec=0.00mm/h  qv_bl=10.09g/kg
t=   300s  step=  151  w_max= 9.66m/s  w99=2.64m/s  qc_max=0.20g/kg  cov= 0.8%  N=  4  CB=1576m  CT=1998m  prec=0.00mm/h  qv_bl=10.11g/kg
t=   360s  step=  181  w_max= 9.08m/s  w99=2.73m/s  qc_max=0.17g/kg  cov= 0.9%  N=  3  CB=1576m  CT=1998m  prec=0.00mm/h  qv_bl=10.12g/kg
t=   420s  step=  211  w_max= 8.32m/s  w99=2.79m/s  qc_max=0.17g/kg  cov= 1.2%  N=  3  CB=1576m  CT=1998m  prec=0.00mm/h  qv_bl=10.13g/kg
t=   480s  step=  241  w_max= 8.87m/s  w99=2.80m/s  qc_max=0.21g/kg  cov= 1.3%  N=  3  CB=1576m  CT=1998m  prec=0.00mm/h  qv_bl=10.14g/kg
t=   540s  step=  271  w_max= 9.00m/s  w99=2.78m/s  qc_max=0.23g/kg  cov= 1.5%  N=  5  CB=1520m  CT=1998m  prec=0.00mm/h  qv_bl=10.15g/kg
t=   600s  step=  301  w_max= 9.36m/s  w99=2.74m/s  qc_max=0.22g/kg  cov= 1.6%  N=  8  CB=1465m  CT=1998m  prec=0.00mm/h  qv_bl=10.16g/kg
t=   660s  step=  331  w_max= 9.92m/s  w99=2.67m/s  qc_max=0.23g/kg  cov= 1.7%  N= 10  CB=1465m  CT=1998m  prec=0.00mm/h  qv_bl=10.17g/kg
t=   720s  step=  361  w_max=10.14m/s  w99=2.61m/s  qc_max=0.27g/kg  cov= 1.8%  N=  8  CB=1520m  CT=2063m  prec=0.00mm/h  qv_bl=10.18g/kg
t=   780s  step=  391  w_max=10.17m/s  w99=2.56m/s  qc_max=0.30g/kg  cov= 1.9%  N=  9  CB=1520m  CT=2063m  prec=0.00mm/h  qv_bl=10.18g/kg
t=   840s  step=  421  w_max=10.59m/s  w99=2.55m/s  qc_max=0.37g/kg  cov= 1.8%  N=  8  CB=1520m  CT=2130m  prec=0.00mm/h  qv_bl=10.19g/kg
t=   900s  step=  451  w_max=10.49m/s  w99=2.55m/s  qc_max=0.44g/kg  cov= 1.9%  N=  8  CB=1520m  CT=2197m  prec=0.00mm/h  qv_bl=10.20g/kg
t=   960s  step=  481  w_max=10.17m/s  w99=2.55m/s  qc_max=0.51g/kg  cov= 1.9%  N=  8  CB=1520m  CT=2266m  prec=0.00mm/h  qv_bl=10.21g/kg
t=  1020s  step=  511  w_max=10.04m/s  w99=2.56m/s  qc_max=0.57g/kg  cov= 1.9%  N=  8  CB=1520m  CT=2266m  prec=0.00mm/h  qv_bl=10.22g/kg
t=  1080s  step=  541  w_max=10.62m/s  w99=2.59m/s  qc_max=0.60g/kg  cov= 2.0%  N=  8  CB=1520m  CT=2336m  prec=0.00mm/h  qv_bl=10.23g/kg
t=  1140s  step=  571  w_max=10.89m/s  w99=2.61m/s  qc_max=0.63g/kg  cov= 2.1%  N=  6  CB=1520m  CT=2336m  prec=0.00mm/h  qv_bl=10.23g/kg
t=  1200s  step=  602  w_max=11.60m/s  w99=2.63m/s  qc_max=0.67g/kg  cov= 2.5%  N=  5  CB=1520m  CT=2266m  prec=0.00mm/h  qv_bl=10.24g/kg
t=  1260s  step=  636  w_max=12.65m/s  w99=2.65m/s  qc_max=0.65g/kg  cov= 2.6%  N=  6  CB=1465m  CT=2266m  prec=0.00mm/h  qv_bl=10.25g/kg
t=  1320s  step=  672  w_max=13.10m/s  w99=2.68m/s  qc_max=0.56g/kg  cov= 2.6%  N=  5  CB=1465m  CT=2266m  prec=0.00mm/h  qv_bl=10.25g/kg
t=  1380s  step=  708  w_max=12.59m/s  w99=2.71m/s  qc_max=0.52g/kg  cov= 2.6%  N=  5  CB=1465m  CT=2197m  prec=0.00mm/h  qv_bl=10.26g/kg
t=  1440s  step=  742  w_max=11.56m/s  w99=2.74m/s  qc_max=0.51g/kg  cov= 2.5%  N=  5  CB=1465m  CT=2197m  prec=0.00mm/h  qv_bl=10.26g/kg
t=  1500s  step=  774  w_max=11.58m/s  w99=2.75m/s  qc_max=0.60g/kg  cov= 2.5%  N=  6  CB=1465m  CT=2266m  prec=0.00mm/h  qv_bl=10.27g/kg
t=  1560s  step=  807  w_max=11.58m/s  w99=2.75m/s  qc_max=0.66g/kg  cov= 2.7%  N=  4  CB=1520m  CT=2266m  prec=0.00mm/h  qv_bl=10.27g/kg
t=  1620s  step=  838  w_max=10.91m/s  w99=2.76m/s  qc_max=0.66g/kg  cov= 2.8%  N=  3  CB=1520m  CT=2266m  prec=0.00mm/h  qv_bl=10.28g/kg
t=  1680s  step=  869  w_max=10.87m/s  w99=2.77m/s  qc_max=0.65g/kg  cov= 3.0%  N=  4  CB=1520m  CT=2266m  prec=0.00mm/h  qv_bl=10.28g/kg
t=  1740s  step=  900  w_max=10.69m/s  w99=2.80m/s  qc_max=0.56g/kg  cov= 3.1%  N=  4  CB=1520m  CT=2197m  prec=0.00mm/h  qv_bl=10.29g/kg
t=  1800s  step=  930  w_max=10.26m/s  w99=2.81m/s  qc_max=0.49g/kg  cov= 3.3%  N=  5  CB=1520m  CT=2130m  prec=0.00mm/h  qv_bl=10.29g/kg
