Grid(120×120×80, dx=100.0m, dz=27.2–119.6m, z_top=5000m)
  dt=2.0s, t_end=7200.0s, output every 60.0s
t=     0s  step=    1  w_max= 0.00m/s  w99=0.00m/s  qc_max=0.00g/kg  cov= 0.0%  N=  0  CB=0m  CT=0m  prec=0.00mm/h  qv_bl=13.72g/kg
t=    60s  step=   31  w_max= 0.39m/s  w99=0.14m/s  qc_max=0.00g/kg  cov= 0.0%  N=  0  CB=0m  CT=0m  prec=0.00mm/h  qv_bl=13.72g/kg
t=   120s  step=   61  w_max= 0.74m/s  w99=0.27m/s  qc_max=0.00g/kg  cov= 0.0%  N=  0  CB=0m  CT=0m  prec=0.00mm/h  qv_bl=13.73g/kg
t=   180s  step=   91  w_max= 1.03m/s  w99=0.37m/s  qc_max=0.00g/kg  cov= 0.0%  N=  0  CB=0m  CT=0m  prec=0.00mm/h  qv_bl=13.73g/kg
t=   240s  step=  121  w_max= 1.18m/s  w99=0.45m/s  qc_max=0.00g/kg  cov= 0.0%  N=  0  CB=0m  CT=0m  prec=0.00mm/h  qv_bl=13.73g/kg
t=   300s  step=  151  w_max= 1.34m/s  w99=0.51m/s  qc_max=0.00g/kg  cov= 0.0%  N=  0  CB=0m  CT=0m  prec=0.00mm/h  qv_bl=13.73g/kg
t=   360s  step=  181  w_max= 1.54m/s  w99=0.55m/s  qc_max=0.00g/kg  cov= 0.0%  N=  0  CB=0m  CT=0m  prec=0.00mm/h  qv_bl=13.73g/kg
t=   420s  step=  211  w_max= 1.69m/s  w99=0.57m/s  qc_max=0.00g/kg  cov= 0.0%  N=  0  CB=0m  CT=0m  prec=0.00mm/h  qv_bl=13.73g/kg
t=   480s  step=  241  w_max= 1.95m/s  w99=0.59m/s  qc_max=0.00g/kg  cov= 0.0%  N=  0  CB=0m  CT=0m  prec=0.00mm/h  qv_bl=13.73g/kg
t=   540s  step=  271  w_max= 2.05m/s  w99=0.60m/s  qc_max=0.00g/kg  cov= 0.0%  N=  0  CB=0m  CT=0m  prec=0.00mm/h  qv_bl=13.73g/kg
t=   600s  step=  301  w_max= 2.32m/s  w99=0.61m/s  qc_max=0.00g/kg  cov= 0.0%  N=  0  CB=0m  CT=0m  prec=0.00mm/h  qv_bl=13.72g/kg
t=   660s  step=  331  w_max= 2.55m/s  w99=0.61m/s  qc_max=0.00g/kg  cov= 0.0%  N=  0  CB=0m  CT=0m  prec=0.00mm/h  qv_bl=13.72g/kg
t=   720s  step=  361  w_max= 2.68m/s  w99=0.63m/s  qc_max=0.00g/kg  cov= 0.0%  N=  0  CB=0m  CT=0m  prec=0.00mm/h  qv_bl=13.72g/kg
t=   780s  step=  391  w_max= 2.70m/s  w99=0.66m/s  qc_max=0.00g/kg  cov= 0.0%  N=  0  CB=0m  CT=0m  prec=0.00mm/h  qv_bl=13.72g/kg
t=   840s  step=  421  w_max= 2.79m/s  w99=0.70m/s  qc_max=0.03g/kg  cov= 0.1%  N=  1  CB=837m  CT=969m  prec=0.00mm/h  qv_bl=13.72g/kg
t=   900s  step=  451  w_max= 3.38m/s  w99=0.75m/s  qc_max=0.11g/kg  cov= 0.3%  N=  2  CB=837m  CT=1061m  prec=0.00mm/h  qv_bl=13.72g/kg
t=   960s  step=  481  w_max= 4.04m/s  w99=0.82m/s  qc_max=0.19g/kg  cov= 0.9%  N=  3  CB=837m  CT=1156m  prec=0.00mm/h  qv_bl=13.71g/kg
t=  1020s  step=  511  w_max= 4.77m/s  w99=0.91m/s  qc_max=0.31g/kg  cov= 1.4%  N=  3  CB=837m  CT=1255m  prec=0.00mm/h  qv_bl=13.71g/kg
t=  1080s  step=  541  w_max= 5.53m/s  w99=1.03m/s  qc_max=0.46g/kg  cov= 2.0%  N=  5  CB=837m  CT=1358m  prec=0.00mm/h  qv_bl=13.71g/kg
t=  1140s  step=  571  w_max= 6.38m/s  w99=1.19m/s  qc_max=0.64g/kg  cov= 2.8%  N=  5  CB=837m  CT=1465m  prec=0.00mm/h  qv_bl=13.70g/kg
t=  1200s  step=  601  w_max= 7.15m/s  w99=1.39m/s  qc_max=0.88g/kg  cov= 3.7%  N=  8  CB=837m  CT=1576m  prec=0.00mm/h  qv_bl=13.70g/kg
t=  1260s  step=  631  w_max= 7.69m/s  w99=1.63m/s  qc_max=1.14g/kg  cov= 4.8%  N=  8  CB=795m  CT=1750m  prec=0.00mm/h  qv_bl=13.69g/kg
t=  1320s  step=  661  w_max= 8.20m/s  w99=1.90m/s  qc_max=1.46g/kg  cov= 5.8%  N=  9  CB=795m  CT=1935m  prec=0.00mm/h  qv_bl=13.68g/kg
t=  1380s  step=  691  w_max= 8.76m/s  w99=2.23m/s  qc_max=1.69g/kg  cov= 6.6%  N= 10  CB=795m  CT=2130m  prec=0.00mm/h  qv_bl=13.67g/kg
t=  1440s  step=  721  w_max=10.45m/s  w99=2.58m/s  qc_max=1.92g/kg  cov= 7.4%  N= 11  CB=795m  CT=2266m  prec=0.00mm/h  qv_bl=13.65g/kg
t=  1500s  step=  753  w_max=12.09m/s  w99=2.96m/s  qc_max=2.21g/kg  cov= 8.6%  N= 14  CB=795m  CT=2480m  prec=0.00mm/h  qv_bl=13.62g/kg
t=  1560s  step=  789  w_max=13.28m/s  w99=3.31m/s  qc_max=2.51g/kg  cov= 9.8%  N= 14  CB=795m  CT=2630m  prec=0.00mm/h  qv_bl=13.59g/kg
t=  1620s  step=  827  w_max=13.49m/s  w99=3.62m/s  qc_max=2.84g/kg  cov=11.1%  N= 12  CB=795m  CT=2865m  prec=0.00mm/h  qv_bl=13.56g/kg
t=  1680s  step=  864  w_max=13.11m/s  w99=3.86m/s  qc_max=3.23g/kg  cov=12.4%  N= 11  CB=795m  CT=3029m  prec=0.00mm/h  qv_bl=13.52g/kg
t=  1740s  step=  900  w_max=12.51m/s  w99=3.98m/s  qc_max=3.44g/kg  cov=13.5%  N= 11  CB=795m  CT=3114m  prec=0.00mm/h  qv_bl=13.49g/kg
t=  1800s  step=  935  w_max=12.98m/s  w99=4.00m/s  qc_max=3.44g/kg  cov=14.5%  N=  9  CB=795m  CT=3200m  prec=0.00mm/h  qv_bl=13.45g/kg
t=  1860s  step=  973  w_max=13.81m/s  w99=3.96m/s  qc_max=3.34g/kg  cov=15.2%  N= 10  CB=837m  CT=3288m  prec=0.00mm/h  qv_bl=13.42g/kg
t=  1920s  step= 1012  w_max=14.00m/s  w99=3.87m/s  qc_max=3.45g/kg  cov=15.8%  N= 10  CB=837m  CT=3288m  prec=0.00mm/h  qv_bl=13.38g/kg
t=  1980s  step= 1051  w_max=13.62m/s  w99=3.70m/s  qc_max=3.87g/kg  cov=16.5%  N=  8  CB=837m  CT=3288m  prec=0.00mm/h  qv_bl=13.35g/kg
t=  2040s  step= 1088  w_max=12.73m/s  w99=3.52m/s  qc_max=4.01g/kg  cov=16.8%  N=  8  CB=837m  CT=3288m  prec=0.00mm/h  qv_bl=13.32g/kg
t=  2100s  step= 1123  w_max=11.98m/s  w99=3.39m/s  qc_max=4.12g/kg  cov=16.9%  N=  7  CB=837m  CT=3377m  prec=0.00mm/h  qv_bl=13.29g/kg
t=  2160s  step= 1155  w_max=10.75m/s  w99=3.32m/s  qc_max=3.88g/kg  cov=16.9%  N=  7  CB=837m  CT=3468m  prec=0.00mm/h  qv_bl=13.27g/kg
t=  2220s  step= 1186  w_max=11.03m/s  w99=3.27m/s  qc_max=4.43g/kg  cov=16.7%  N=  7  CB=837m  CT=3468m  prec=0.00mm/h  qv_bl=13.25g/kg
t=  2280s  step= 1217  w_max=10.69m/s  w99=3.23m/s  qc_max=4.48g/kg  cov=16.5%  N=  8  CB=837m  CT=3468m  prec=0.00mm/h  qv_bl=13.23g/kg
t=  2340s  step= 1247  w_max= 9.89m/s  w99=3.18m/s  qc_max=4.28g/kg  cov=16.0%  N=  9  CB=837m  CT=3468m  prec=0.00mm/h  qv_bl=13.21g/kg
t=  2400s  step= 1277  w_max= 9.08m/s  w99=3.08m/s  qc_max=4.30g/kg  cov=15.5%  N=  9  CB=837m  CT=3468m  prec=0.00mm/h  qv_bl=13.19g/kg
t=  2460s  step= 1307  w_max= 8.47m/s  w99=3.00m/s  qc_max=4.62g/kg  cov=15.3%  N=  9  CB=837m  CT=3288m  prec=0.00mm/h  qv_bl=13.17g/kg
t=  2520s  step= 1337  w_max= 9.28m/s  w99=2.98m/s  qc_max=4.89g/kg  cov=15.0%  N= 11  CB=754m  CT=3200m  prec=0.00mm/h  qv_bl=13.16g/kg
t=  2580s  step= 1368  w_max=11.04m/s  w99=2.99m/s  qc_max=4.85g/kg  cov=15.0%  N= 10  CB=558m  CT=3114m  prec=0.00mm/h  qv_bl=13.15g/kg
t=  2640s  step= 1402  w_max=13.36m/s  w99=3.01m/s  qc_max=4.45g/kg  cov=15.1%  N= 11  CB=379m  CT=3200m  prec=0.00mm/h  qv_bl=13.14g/kg
t=  2700s  step= 1441  w_max=13.88m/s  w99=3.06m/s  qc_max=3.89g/kg  cov=15.4%  N= 12  CB=414m  CT=3029m  prec=0.00mm/h  qv_bl=13.13g/kg
t=  2760s  step= 1479  w_max=12.49m/s  w99=3.12m/s  qc_max=3.88g/kg  cov=15.2%  N= 12  CB=673m  CT=2946m  prec=0.00mm/h  qv_bl=13.12g/kg
t=  2820s  step= 1514  w_max=13.21m/s  w99=3.13m/s  qc_max=3.37g/kg  cov=15.0%  N= 11  CB=558m  CT=2865m  prec=0.00mm/h  qv_bl=13.12g/kg
t=  2880s  step= 1554  w_max=15.01m/s  w99=3.12m/s  qc_max=3.26g/kg  cov=14.6%  N= 20  CB=313m  CT=2707m  prec=0.00mm/h  qv_bl=13.11g/kg
t=  2940s  step= 1597  w_max=14.71m/s  w99=3.09m/s  qc_max=3.06g/kg  cov=14.6%  N= 20  CB=634m  CT=3288m  prec=0.00mm/h  qv_bl=13.11g/kg
t=  3000s  step= 1634  w_max=11.48m/s  w99=3.03m/s  qc_max=2.97g/kg  cov=14.4%  N= 20  CB=837m  CT=3200m  prec=0.00mm/h  qv_bl=13.10g/kg
t=  3060s  step= 1665  w_max=10.43m/s  w99=2.93m/s  qc_max=2.86g/kg  cov=14.5%  N= 22  CB=795m  CT=3029m  prec=0.00mm/h  qv_bl=13.09g/kg
t=  3120s  step= 1696  w_max=11.18m/s  w99=2.89m/s  qc_max=2.78g/kg  cov=14.5%  N= 20  CB=795m  CT=3029m  prec=0.00mm/h  qv_bl=13.08g/kg
t=  3180s  step= 1727  w_max=11.18m/s  w99=2.89m/s  qc_max=2.32g/kg  cov=14.4%  N= 22  CB=713m  CT=2865m  prec=0.00mm/h  qv_bl=13.08g/kg
t=  3240s  step= 1758  w_max=10.51m/s  w99=2.85m/s  qc_max=1.98g/kg  cov=14.6%  N= 22  CB=713m  CT=2630m  prec=0.00mm/h  qv_bl=13.07g/kg
t=  3300s  step= 1788  w_max= 9.77m/s  w99=2.79m/s  qc_max=2.21g/kg  cov=14.6%  N= 19  CB=754m  CT=2630m  prec=0.00mm/h  qv_bl=13.06g/kg
t=  3360s  step= 1818  w_max= 9.64m/s  w99=2.73m/s  qc_max=2.49g/kg  cov=15.0%  N= 22  CB=837m  CT=2707m  prec=0.00mm/h  qv_bl=13.05g/kg
t=  3420s  step= 1848  w_max= 7.89m/s  w99=2.68m/s  qc_max=2.59g/kg  cov=15.5%  N= 20  CB=795m  CT=2785m  prec=0.00mm/h  qv_bl=13.05g/kg
t=  3480s  step= 1878  w_max= 8.46m/s  w99=2.65m/s  qc_max=2.71g/kg  cov=15.9%  N= 22  CB=837m  CT=2785m  prec=0.00mm/h  qv_bl=13.04g/kg
t=  3540s  step= 1908  w_max= 8.23m/s  w99=2.65m/s  qc_max=2.92g/kg  cov=15.8%  N= 21  CB=969m  CT=2865m  prec=0.00mm/h  qv_bl=13.03g/kg
t=  3600s  step= 1938  w_max= 7.81m/s  w99=2.63m/s  qc_max=3.35g/kg  cov=15.9%  N= 19  CB=969m  CT=2865m  prec=0.00mm/h  qv_bl=13.02g/kg
t=  3660s  step= 1968  w_max= 7.90m/s  w99=2.63m/s  qc_max=3.50g/kg  cov=15.7%  N= 16  CB=1015m  CT=2865m  prec=0.00mm/h  qv_bl=13.01g/kg
t=  3720s  step= 1998  w_max= 7.65m/s  w99=2.65m/s  qc_max=3.79g/kg  cov=15.4%  N= 20  CB=1015m  CT=2785m  prec=0.00mm/h  qv_bl=13.01g/kg
t=  3780s  step= 2028  w_max= 7.20m/s  w99=2.67m/s  qc_max=4.14g/kg  cov=15.0%  N= 18  CB=1015m  CT=2707m  prec=0.00mm/h  qv_bl=13.00g/kg
t=  3840s  step= 2058  w_max= 9.16m/s  w99=2.71m/s  qc_max=3.89g/kg  cov=14.4%  N= 17  CB=795m  CT=2630m  prec=0.00mm/h  qv_bl=13.00g/kg
t=  3900s  step= 2089  w_max=11.41m/s  w99=2.74m/s  qc_max=2.94g/kg  cov=13.9%  N= 16  CB=596m  CT=2480m  prec=0.00mm/h  qv_bl=12.99g/kg
t=  3960s  step= 2125  w_max=14.40m/s  w99=2.74m/s  qc_max=2.32g/kg  cov=13.9%  N= 16  CB=558m  CT=2407m  prec=0.00mm/h  qv_bl=12.99g/kg
t=  4020s  step= 2165  w_max=13.15m/s  w99=2.69m/s  qc_max=2.49g/kg  cov=13.9%  N= 15  CB=969m  CT=2480m  prec=0.00mm/h  qv_bl=12.98g/kg
t=  4080s  step= 2198  w_max= 9.87m/s  w99=2.58m/s  qc_max=2.76g/kg  cov=13.8%  N= 18  CB=1015m  CT=2480m  prec=0.00mm/h  qv_bl=12.98g/kg
t=  4140s  step= 2228  w_max= 7.30m/s  w99=2.46m/s  qc_max=2.92g/kg  cov=13.6%  N= 18  CB=1015m  CT=2554m  prec=0.00mm/h  qv_bl=12.98g/kg
t=  4200s  step= 2258  w_max= 6.90m/s  w99=2.38m/s  qc_max=3.00g/kg  cov=13.1%  N= 18  CB=969m  CT=2554m  prec=0.00mm/h  qv_bl=12.98g/kg
t=  4260s  step= 2288  w_max= 6.85m/s  w99=2.32m/s  qc_max=2.96g/kg  cov=12.8%  N= 20  CB=1015m  CT=2554m  prec=0.00mm/h  qv_bl=12.98g/kg
t=  4320s  step= 2318  w_max= 7.50m/s  w99=2.29m/s  qc_max=3.22g/kg  cov=12.8%  N= 17  CB=924m  CT=2554m  prec=0.00mm/h  qv_bl=12.97g/kg
t=  4380s  step= 2348  w_max= 8.59m/s  w99=2.29m/s  qc_max=3.89g/kg  cov=12.8%  N= 18  CB=969m  CT=2554m  prec=0.00mm/h  qv_bl=12.97g/kg
t=  4440s  step= 2378  w_max= 9.79m/s  w99=2.31m/s  qc_max=4.40g/kg  cov=12.9%  N= 16  CB=880m  CT=2480m  prec=0.00mm/h  qv_bl=12.97g/kg
t=  4500s  step= 2408  w_max= 9.77m/s  w99=2.34m/s  qc_max=4.52g/kg  cov=12.8%  N= 19  CB=880m  CT=2407m  prec=0.00mm/h  qv_bl=12.97g/kg
t=  4560s  step= 2438  w_max= 8.86m/s  w99=2.37m/s  qc_max=3.60g/kg  cov=12.7%  N= 18  CB=713m  CT=2407m  prec=0.00mm/h  qv_bl=12.98g/kg
t=  4620s  step= 2468  w_max= 9.48m/s  w99=2.41m/s  qc_max=2.76g/kg  cov=12.6%  N= 16  CB=673m  CT=2407m  prec=0.00mm/h  qv_bl=12.98g/kg
t=  4680s  step= 2498  w_max=10.69m/s  w99=2.44m/s  qc_max=2.85g/kg  cov=12.4%  N= 17  CB=634m  CT=2480m  prec=0.00mm/h  qv_bl=12.98g/kg
t=  4740s  step= 2528  w_max=10.62m/s  w99=2.51m/s  qc_max=2.53g/kg  cov=11.6%  N= 17  CB=673m  CT=2480m  prec=0.00mm/h  qv_bl=12.98g/kg
t=  4800s  step= 2559  w_max=10.81m/s  w99=2.54m/s  qc_max=2.06g/kg  cov=11.0%  N= 17  CB=1015m  CT=2480m  prec=0.00mm/h  qv_bl=12.98g/kg
t=  4860s  step= 2589  w_max= 8.51m/s  w99=2.53m/s  qc_max=1.96g/kg  cov=10.4%  N= 18  CB=1015m  CT=2480m  prec=0.00mm/h  qv_bl=12.98g/kg
t=  4920s  step= 2619  w_max= 8.51m/s  w99=2.48m/s  qc_max=2.04g/kg  cov= 9.9%  N= 21  CB=1015m  CT=2480m  prec=0.00mm/h  qv_bl=12.99g/kg
t=  4980s  step= 2649  w_max= 8.22m/s  w99=2.41m/s  qc_max=1.87g/kg  cov= 9.5%  N= 22  CB=1015m  CT=2407m  prec=0.00mm/h  qv_bl=12.99g/kg
t=  5040s  step= 2679  w_max= 7.80m/s  w99=2.35m/s  qc_max=1.98g/kg  cov= 9.4%  N= 20  CB=1015m  CT=2336m  prec=0.00mm/h  qv_bl=12.99g/kg
t=  5100s  step= 2709  w_max= 7.64m/s  w99=2.31m/s  qc_max=1.99g/kg  cov= 9.6%  N= 18  CB=1015m  CT=2336m  prec=0.00mm/h  qv_bl=12.99g/kg
t=  5160s  step= 2739  w_max= 7.37m/s  w99=2.27m/s  qc_max=2.10g/kg  cov=10.1%  N= 17  CB=1015m  CT=2407m  prec=0.00mm/h  qv_bl=12.99g/kg
t=  5220s  step= 2769  w_max= 6.89m/s  w99=2.21m/s  qc_max=2.24g/kg  cov=10.4%  N= 15  CB=1015m  CT=2480m  prec=0.00mm/h  qv_bl=12.99g/kg
t=  5280s  step= 2799  w_max= 7.58m/s  w99=2.16m/s  qc_max=2.35g/kg  cov=10.6%  N= 16  CB=1015m  CT=2480m  prec=0.00mm/h  qv_bl=12.99g/kg
t=  5340s  step= 2829  w_max= 7.89m/s  w99=2.16m/s  qc_max=2.52g/kg  cov=10.9%  N= 13  CB=1015m  CT=2554m  prec=0.00mm/h  qv_bl=12.99g/kg
t=  5400s  step= 2859  w_max= 7.48m/s  w99=2.17m/s  qc_max=2.43g/kg  cov=11.0%  N= 13  CB=1015m  CT=2554m  prec=0.00mm/h  qv_bl=12.99g/kg
t=  5460s  step= 2889  w_max= 7.09m/s  w99=2.20m/s  qc_max=2.45g/kg  cov=11.1%  N= 15  CB=1015m  CT=2554m  prec=0.00mm/h  qv_bl=12.99g/kg
t=  5520s  step= 2919  w_max= 6.43m/s  w99=2.23m/s  qc_max=2.47g/kg  cov=11.2%  N= 14  CB=1015m  CT=2480m  prec=0.00mm/h  qv_bl=12.99g/kg
t=  5580s  step= 2949  w_max= 6.39m/s  w99=2.27m/s  qc_max=2.20g/kg  cov=11.3%  N= 12  CB=1015m  CT=2480m  prec=0.00mm/h  qv_bl=12.98g/kg
t=  5640s  step= 2979  w_max= 7.56m/s  w99=2.31m/s  qc_max=1.91g/kg  cov=11.3%  N= 14  CB=969m  CT=2407m  prec=0.00mm/h  qv_bl=12.98g/kg
t=  5700s  step= 3009  w_max= 8.61m/s  w99=2.34m/s  qc_max=1.69g/kg  cov=11.4%  N= 13  CB=880m  CT=2407m  prec=0.00mm/h  qv_bl=12.98g/kg
t=  5760s  step= 3039  w_max= 7.84m/s  w99=2.38m/s  qc_max=1.69g/kg  cov=11.4%  N= 13  CB=795m  CT=2407m  prec=0.00mm/h  qv_bl=12.98g/kg
t=  5820s  step= 3069  w_max= 7.40m/s  w99=2.43m/s  qc_max=1.79g/kg  cov=10.9%  N= 14  CB=795m  CT=2407m  prec=0.00mm/h  qv_bl=12.98g/kg
t=  5880s  step= 3099  w_max= 7.82m/s  w99=2.47m/s  qc_max=2.06g/kg  cov=10.5%  N= 15  CB=837m  CT=2480m  prec=0.00mm/h  qv_bl=12.98g/kg
t=  5940s  step= 3129  w_max= 7.67m/s  w99=2.47m/s  qc_max=2.31g/kg  cov=10.2%  N= 14  CB=924m  CT=2554m  prec=0.00mm/h  qv_bl=12.98g/kg
t=  6000s  step= 3159  w_max= 7.79m/s  w99=2.45m/s  qc_max=2.68g/kg  cov=10.0%  N= 13  CB=969m  CT=2630m  prec=0.00mm/h  qv_bl=12.98g/kg
t=  6060s  step= 3189  w_max= 7.55m/s  w99=2.40m/s  qc_max=3.16g/kg  cov=10.1%  N= 13  CB=924m  CT=2707m  prec=0.00mm/h  qv_bl=12.98g/kg
t=  6120s  step= 3219  w_max= 8.31m/s  w99=2.37m/s  qc_max=4.78g/kg  cov=10.2%  N= 12  CB=880m  CT=2707m  prec=0.00mm/h  qv_bl=12.97g/kg
t=  6180s  step= 3249  w_max= 7.88m/s  w99=2.37m/s  qc_max=6.64g/kg  cov=10.1%  N= 12  CB=754m  CT=2707m  prec=0.00mm/h  qv_bl=12.97g/kg
t=  6240s  step= 3279  w_max= 8.00m/s  w99=2.39m/s  qc_max=7.87g/kg  cov=10.0%  N= 11  CB=634m  CT=2785m  prec=0.00mm/h  qv_bl=12.97g/kg
t=  6300s  step= 3310  w_max=11.08m/s  w99=2.42m/s  qc_max=7.25g/kg  cov=10.3%  N= 14  CB=379m  CT=2707m  prec=0.00mm/h  qv_bl=12.97g/kg
t=  6360s  step= 3344  w_max=12.94m/s  w99=2.46m/s  qc_max=6.42g/kg  cov=10.6%  N= 15  CB=186m  CT=2707m  prec=0.00mm/h  qv_bl=12.97g/kg
t=  6420s  step= 3382  w_max=13.49m/s  w99=2.50m/s  qc_max=5.70g/kg  cov=11.3%  N= 16  CB=126m  CT=2707m  prec=0.00mm/h  qv_bl=12.97g/kg
t=  6480s  step= 3420  w_max=13.67m/s  w99=2.52m/s  qc_max=4.56g/kg  cov=11.9%  N= 14  CB=414m  CT=2630m  prec=0.00mm/h  qv_bl=12.98g/kg
t=  6540s  step= 3458  w_max=13.08m/s  w99=2.54m/s  qc_max=3.03g/kg  cov=12.2%  N= 14  CB=673m  CT=2554m  prec=0.00mm/h  qv_bl=12.98g/kg
t=  6600s  step= 3493  w_max=12.23m/s  w99=2.55m/s  qc_max=1.72g/kg  cov=12.2%  N= 17  CB=837m  CT=2480m  prec=0.00mm/h  qv_bl=12.98g/kg
t=  6660s  step= 3526  w_max=11.40m/s  w99=2.56m/s  qc_max=1.84g/kg  cov=12.1%  N= 15  CB=1015m  CT=2480m  prec=0.00mm/h  qv_bl=12.98g/kg
t=  6720s  step= 3557  w_max=10.23m/s  w99=2.55m/s  qc_max=1.88g/kg  cov=12.1%  N= 16  CB=1015m  CT=2480m  prec=0.00mm/h  qv_bl=12.98g/kg
t=  6780s  step= 3587  w_max= 8.19m/s  w99=2.49m/s  qc_max=2.05g/kg  cov=12.1%  N= 18  CB=1015m  CT=2480m  prec=0.00mm/h  qv_bl=12.98g/kg
t=  6840s  step= 3617  w_max= 6.91m/s  w99=2.44m/s  qc_max=2.18g/kg  cov=12.4%  N= 19  CB=1015m  CT=2480m  prec=0.00mm/h  qv_bl=12.97g/kg
t=  6900s  step= 3647  w_max= 7.06m/s  w99=2.39m/s  qc_max=2.26g/kg  cov=12.6%  N= 19  CB=969m  CT=2407m  prec=0.00mm/h  qv_bl=12.97g/kg
t=  6960s  step= 3677  w_max= 7.83m/s  w99=2.35m/s  qc_max=2.32g/kg  cov=12.8%  N= 20  CB=837m  CT=2407m  prec=0.00mm/h  qv_bl=12.97g/kg
t=  7020s  step= 3707  w_max= 9.33m/s  w99=2.38m/s  qc_max=2.36g/kg  cov=12.8%  N= 22  CB=924m  CT=2407m  prec=0.00mm/h  qv_bl=12.97g/kg
t=  7080s  step= 3737  w_max= 9.11m/s  w99=2.41m/s  qc_max=2.12g/kg  cov=12.7%  N= 19  CB=1015m  CT=2407m  prec=0.00mm/h  qv_bl=12.97g/kg
t=  7140s  step= 3767  w_max= 8.67m/s  w99=2.45m/s  qc_max=2.26g/kg  cov=12.9%  N= 17  CB=969m  CT=2336m  prec=0.00mm/h  qv_bl=12.97g/kg
t=  7200s  step= 3797  w_max= 9.69m/s  w99=2.51m/s  qc_max=2.40g/kg  cov=12.8%  N= 17  CB=880m  CT=2407m  prec=0.00mm/h  qv_bl=12.97g/kg
