Grid(120×120×80, dx=100.0m, dz=27.2–119.6m, z_top=5000m)
  dt=2.0s, t_end=7200.0s, output every 60.0s
t=     0s  step=    1  w_max= 0.00m/s  w99=0.00m/s  qc_max=0.00g/kg  cov= 0.0%  N=  0  CB=0m  CT=0m  prec=0.00mm/h  qv_bl=13.72g/kg
t=    60s  step=   31  w_max= 0.39m/s  w99=0.14m/s  qc_max=0.00g/kg  cov= 0.0%  N=  0  CB=0m  CT=0m  prec=0.00mm/h  qv_bl=13.72g/kg
t=   120s  step=   61  w_max= 0.74m/s  w99=0.27m/s  qc_max=0.00g/kg  cov= 0.0%  N=  0  CB=0m  CT=0m  prec=0.00mm/h  qv_bl=13.73g/kg
t=   180s  step=   91  w_max= 1.03m/s  w99=0.37m/s  qc_max=0.00g/kg  cov= 0.0%  N=  0  CB=0m  CT=0m  prec=0.00mm/h  qv_bl=13.73g/kg
t=   240s  step=  121  w_max= 1.18m/s  w99=0.45m/s  qc_max=0.00g/kg  cov= 0.0%  N=  0  CB=0m  CT=0m  prec=0.00mm/h  qv_bl=13.73g/kg
t=   300s  step=  151  w_max= 1.34m/s  w99=0.51m/s  qc_max=0.00g/kg  cov= 0.0%  N=  0  CB=0m  CT=0m  prec=0.00mm/h  qv_bl=13.73g/kg
t=   360s  step=  181  w_max= 1.54m/s  w99=0.55m/s  qc_max=0.00g/kg  cov= 0.0%  N=  0  CB=0m  CT=0m  prec=0.00mm/h  qv_bl=13.73g/kg
t=   420s  step=  211  w_max= 1.69m/s  w99=0.57m/s  qc_max=0.00g/kg  cov= 0.0%  N=  0  CB=0m  CT=0m  prec=0.00mm/h  qv_bl=13.73g/kg
t=   480s  step=  241  w_max= 1.95m/s  w99=0.59m/s  qc_max=0.00g/kg  cov= 0.0%  N=  0  CB=0m  CT=0m  prec=0.00mm/h  qv_bl=13.73g/kg
t=   540s  step=  271  w_max= 2.05m/s  w99=0.60m/s  qc_max=0.00g/kg  cov= 0.0%  N=  0  CB=0m  CT=0m  prec=0.00mm/h  qv_bl=13.73g/kg
t=   600s  step=  301  w_max= 2.32m/s  w99=0.61m/s  qc_max=0.00g/kg  cov= 0.0%  N=  0  CB=0m  CT=0m  prec=0.00mm/h  qv_bl=13.72g/kg
t=   660s  step=  331  w_max= 2.55m/s  w99=0.61m/s  qc_max=0.00g/kg  cov= 0.0%  N=  0  CB=0m  CT=0m  prec=0.00mm/h  qv_bl=13.72g/kg
t=   720s  step=  361  w_max= 2.68m/s  w99=0.63m/s  qc_max=0.00g/kg  cov= 0.0%  N=  0  CB=0m  CT=0m  prec=0.00mm/h  qv_bl=13.72g/kg
t=   780s  step=  391  w_max= 2.70m/s  w99=0.66m/s  qc_max=0.00g/kg  cov= 0.0%  N=  0  CB=0m  CT=0m  prec=0.00mm/h  qv_bl=13.72g/kg
t=   840s  step=  421  w_max= 2.79m/s  w99=0.70m/s  qc_max=0.03g/kg  cov= 0.1%  N=  1  CB=837m  CT=969m  prec=0.00mm/h  qv_bl=13.72g/kg
t=   900s  step=  451  w_max= 3.38m/s  w99=0.75m/s  qc_max=0.11g/kg  cov= 0.3%  N=  2  CB=837m  CT=1061m  prec=0.00mm/h  qv_bl=13.72g/kg
t=   960s  step=  481  w_max= 4.04m/s  w99=0.82m/s  qc_max=0.19g/kg  cov= 0.9%  N=  3  CB=837m  CT=1156m  prec=0.00mm/h  qv_bl=13.71g/kg
t=  1020s  step=  511  w_max= 4.77m/s  w99=0.91m/s  qc_max=0.30g/kg  cov= 1.4%  N=  3  CB=837m  CT=1255m  prec=0.00mm/h  qv_bl=13.71g/kg
t=  1080s  step=  541  w_max= 5.53m/s  w99=1.03m/s  qc_max=0.43g/kg  cov= 2.0%  N=  5  CB=837m  CT=1358m  prec=0.00mm/h  qv_bl=13.71g/kg
t=  1140s  step=  571  w_max= 6.38m/s  w99=1.19m/s  qc_max=0.60g/kg  cov= 2.8%  N=  5  CB=837m  CT=1465m  prec=0.00mm/h  qv_bl=13.70g/kg
t=  1200s  step=  601  w_max= 7.15m/s  w99=1.38m/s  qc_max=0.81g/kg  cov= 3.7%  N=  8  CB=837m  CT=1576m  prec=0.00mm/h  qv_bl=13.70g/kg
t=  1260s  step=  631  w_max= 7.69m/s  w99=1.62m/s  qc_max=1.08g/kg  cov= 4.8%  N=  8  CB=795m  CT=1750m  prec=0.00mm/h  qv_bl=13.69g/kg
t=  1320s  step=  661  w_max= 8.20m/s  w99=1.88m/s  qc_max=1.38g/kg  cov= 5.7%  N=  9  CB=795m  CT=1872m  prec=0.00mm/h  qv_bl=13.68g/kg
t=  1380s  step=  691  w_max= 8.84m/s  w99=2.20m/s  qc_max=1.65g/kg  cov= 6.5%  N= 10  CB=795m  CT=2063m  prec=0.00mm/h  qv_bl=13.67g/kg
t=  1440s  step=  721  w_max=10.64m/s  w99=2.53m/s  qc_max=1.90g/kg  cov= 7.3%  N= 11  CB=795m  CT=2266m  prec=0.00mm/h  qv_bl=13.65g/kg
t=  1500s  step=  753  w_max=12.48m/s  w99=2.90m/s  qc_max=2.21g/kg  cov= 8.4%  N= 14  CB=795m  CT=2480m  prec=0.00mm/h  qv_bl=13.62g/kg
t=  1560s  step=  790  w_max=13.92m/s  w99=3.25m/s  qc_max=2.57g/kg  cov= 9.5%  N= 14  CB=795m  CT=2630m  prec=0.00mm/h  qv_bl=13.59g/kg
t=  1620s  step=  830  w_max=14.39m/s  w99=3.58m/s  qc_max=3.02g/kg  cov=10.7%  N= 12  CB=795m  CT=2865m  prec=0.00mm/h  qv_bl=13.56g/kg
t=  1680s  step=  870  w_max=13.71m/s  w99=3.85m/s  qc_max=3.49g/kg  cov=11.8%  N= 11  CB=795m  CT=3029m  prec=0.00mm/h  qv_bl=13.53g/kg
t=  1740s  step=  908  w_max=13.18m/s  w99=4.01m/s  qc_max=3.74g/kg  cov=12.9%  N= 11  CB=795m  CT=3200m  prec=0.00mm/h  qv_bl=13.49g/kg
t=  1800s  step=  944  w_max=13.43m/s  w99=4.07m/s  qc_max=3.61g/kg  cov=13.7%  N= 10  CB=795m  CT=3288m  prec=0.00mm/h  qv_bl=13.46g/kg
t=  1860s  step=  983  w_max=14.28m/s  w99=4.09m/s  qc_max=3.43g/kg  cov=14.3%  N= 10  CB=837m  CT=3377m  prec=0.00mm/h  qv_bl=13.42g/kg
t=  1920s  step= 1024  w_max=14.93m/s  w99=4.01m/s  qc_max=3.42g/kg  cov=14.9%  N= 10  CB=837m  CT=3377m  prec=0.00mm/h  qv_bl=13.39g/kg
t=  1980s  step= 1066  w_max=14.74m/s  w99=3.88m/s  qc_max=3.71g/kg  cov=15.3%  N=  8  CB=837m  CT=3468m  prec=0.00mm/h  qv_bl=13.36g/kg
t=  2040s  step= 1106  w_max=13.62m/s  w99=3.71m/s  qc_max=3.93g/kg  cov=15.6%  N=  8  CB=837m  CT=3377m  prec=0.00mm/h  qv_bl=13.32g/kg
t=  2100s  step= 1143  w_max=12.78m/s  w99=3.56m/s  qc_max=3.92g/kg  cov=15.7%  N=  7  CB=837m  CT=3468m  prec=0.00mm/h  qv_bl=13.30g/kg
t=  2160s  step= 1177  w_max=12.06m/s  w99=3.44m/s  qc_max=3.73g/kg  cov=15.8%  N=  7  CB=837m  CT=3561m  prec=0.00mm/h  qv_bl=13.27g/kg
t=  2220s  step= 1211  w_max=12.14m/s  w99=3.37m/s  qc_max=4.09g/kg  cov=15.6%  N=  7  CB=837m  CT=3561m  prec=0.00mm/h  qv_bl=13.24g/kg
t=  2280s  step= 1245  w_max=11.89m/s  w99=3.29m/s  qc_max=3.28g/kg  cov=15.2%  N=  8  CB=837m  CT=3656m  prec=0.00mm/h  qv_bl=13.22g/kg
t=  2340s  step= 1278  w_max=11.28m/s  w99=3.22m/s  qc_max=3.53g/kg  cov=14.9%  N=  9  CB=837m  CT=3561m  prec=0.00mm/h  qv_bl=13.20g/kg
t=  2400s  step= 1309  w_max=10.29m/s  w99=3.17m/s  qc_max=3.79g/kg  cov=14.4%  N=  9  CB=837m  CT=3561m  prec=0.00mm/h  qv_bl=13.18g/kg
t=  2460s  step= 1339  w_max= 9.09m/s  w99=3.08m/s  qc_max=3.97g/kg  cov=14.0%  N= 10  CB=837m  CT=3377m  prec=0.00mm/h  qv_bl=13.16g/kg
t=  2520s  step= 1369  w_max= 7.98m/s  w99=3.01m/s  qc_max=3.98g/kg  cov=13.9%  N= 12  CB=880m  CT=3200m  prec=0.00mm/h  qv_bl=13.14g/kg
t=  2580s  step= 1399  w_max= 7.81m/s  w99=2.96m/s  qc_max=4.04g/kg  cov=13.9%  N=  9  CB=880m  CT=3200m  prec=0.00mm/h  qv_bl=13.13g/kg
t=  2640s  step= 1429  w_max= 8.25m/s  w99=2.92m/s  qc_max=3.97g/kg  cov=14.1%  N=  9  CB=880m  CT=3200m  prec=0.00mm/h  qv_bl=13.11g/kg
t=  2700s  step= 1459  w_max= 9.47m/s  w99=2.91m/s  qc_max=3.15g/kg  cov=14.3%  N= 12  CB=754m  CT=3114m  prec=0.00mm/h  qv_bl=13.10g/kg
t=  2760s  step= 1490  w_max=11.05m/s  w99=2.92m/s  qc_max=2.72g/kg  cov=14.5%  N= 14  CB=924m  CT=3029m  prec=0.00mm/h  qv_bl=13.09g/kg
t=  2820s  step= 1521  w_max=10.79m/s  w99=2.90m/s  qc_max=2.80g/kg  cov=14.5%  N= 16  CB=924m  CT=2865m  prec=0.00mm/h  qv_bl=13.09g/kg
t=  2880s  step= 1551  w_max=10.36m/s  w99=2.88m/s  qc_max=2.82g/kg  cov=14.7%  N= 18  CB=924m  CT=2630m  prec=0.00mm/h  qv_bl=13.08g/kg
t=  2940s  step= 1581  w_max= 9.93m/s  w99=2.83m/s  qc_max=2.96g/kg  cov=14.4%  N= 18  CB=880m  CT=2630m  prec=0.00mm/h  qv_bl=13.07g/kg
t=  3000s  step= 1611  w_max= 9.66m/s  w99=2.82m/s  qc_max=2.96g/kg  cov=14.2%  N= 16  CB=837m  CT=2630m  prec=0.00mm/h  qv_bl=13.06g/kg
t=  3060s  step= 1642  w_max=11.48m/s  w99=2.81m/s  qc_max=2.74g/kg  cov=13.7%  N= 16  CB=713m  CT=2865m  prec=0.00mm/h  qv_bl=13.05g/kg
t=  3120s  step= 1675  w_max=11.62m/s  w99=2.82m/s  qc_max=2.23g/kg  cov=13.6%  N= 20  CB=673m  CT=3200m  prec=0.00mm/h  qv_bl=13.05g/kg
t=  3180s  step= 1709  w_max=12.65m/s  w99=2.83m/s  qc_max=1.85g/kg  cov=13.5%  N= 20  CB=880m  CT=3029m  prec=0.00mm/h  qv_bl=13.04g/kg
t=  3240s  step= 1743  w_max=10.91m/s  w99=2.81m/s  qc_max=1.92g/kg  cov=13.2%  N= 19  CB=924m  CT=2707m  prec=0.00mm/h  qv_bl=13.03g/kg
t=  3300s  step= 1774  w_max=10.79m/s  w99=2.77m/s  qc_max=1.98g/kg  cov=13.3%  N= 21  CB=969m  CT=2407m  prec=0.00mm/h  qv_bl=13.02g/kg
t=  3360s  step= 1804  w_max=10.73m/s  w99=2.75m/s  qc_max=1.90g/kg  cov=13.3%  N= 22  CB=969m  CT=2480m  prec=0.00mm/h  qv_bl=13.01g/kg
t=  3420s  step= 1834  w_max=10.49m/s  w99=2.72m/s  qc_max=1.79g/kg  cov=13.1%  N= 20  CB=969m  CT=2480m  prec=0.00mm/h  qv_bl=13.00g/kg
t=  3480s  step= 1864  w_max= 9.95m/s  w99=2.68m/s  qc_max=1.71g/kg  cov=13.1%  N= 21  CB=969m  CT=2480m  prec=0.00mm/h  qv_bl=12.99g/kg
t=  3540s  step= 1894  w_max= 9.48m/s  w99=2.66m/s  qc_max=1.83g/kg  cov=13.0%  N= 22  CB=969m  CT=2554m  prec=0.00mm/h  qv_bl=12.98g/kg
t=  3600s  step= 1924  w_max= 9.08m/s  w99=2.63m/s  qc_max=1.88g/kg  cov=13.0%  N= 20  CB=1015m  CT=2554m  prec=0.00mm/h  qv_bl=12.98g/kg
t=  3660s  step= 1954  w_max= 8.24m/s  w99=2.62m/s  qc_max=1.90g/kg  cov=12.8%  N= 20  CB=1015m  CT=2630m  prec=0.00mm/h  qv_bl=12.97g/kg
t=  3720s  step= 1984  w_max= 8.15m/s  w99=2.62m/s  qc_max=1.98g/kg  cov=12.8%  N= 21  CB=969m  CT=2707m  prec=0.00mm/h  qv_bl=12.96g/kg
t=  3780s  step= 2014  w_max= 7.96m/s  w99=2.61m/s  qc_max=2.04g/kg  cov=12.7%  N= 20  CB=969m  CT=2707m  prec=0.00mm/h  qv_bl=12.96g/kg
t=  3840s  step= 2044  w_max= 7.59m/s  w99=2.62m/s  qc_max=2.13g/kg  cov=12.5%  N= 19  CB=969m  CT=2785m  prec=0.00mm/h  qv_bl=12.95g/kg
t=  3900s  step= 2074  w_max= 7.52m/s  w99=2.63m/s  qc_max=2.23g/kg  cov=12.2%  N= 21  CB=969m  CT=2785m  prec=0.00mm/h  qv_bl=12.95g/kg
t=  3960s  step= 2104  w_max= 7.91m/s  w99=2.64m/s  qc_max=2.22g/kg  cov=12.3%  N= 20  CB=1015m  CT=2785m  prec=0.00mm/h  qv_bl=12.94g/kg
t=  4020s  step= 2134  w_max= 7.77m/s  w99=2.61m/s  qc_max=2.27g/kg  cov=12.7%  N= 17  CB=1015m  CT=2785m  prec=0.00mm/h  qv_bl=12.94g/kg
t=  4080s  step= 2164  w_max= 7.80m/s  w99=2.57m/s  qc_max=2.43g/kg  cov=12.7%  N= 16  CB=1015m  CT=2707m  prec=0.00mm/h  qv_bl=12.94g/kg
t=  4140s  step= 2194  w_max= 8.26m/s  w99=2.54m/s  qc_max=3.08g/kg  cov=12.9%  N= 19  CB=1015m  CT=2630m  prec=0.00mm/h  qv_bl=12.94g/kg
t=  4200s  step= 2224  w_max= 7.90m/s  w99=2.52m/s  qc_max=3.49g/kg  cov=13.1%  N= 20  CB=1015m  CT=2480m  prec=0.00mm/h  qv_bl=12.93g/kg
t=  4260s  step= 2254  w_max= 7.95m/s  w99=2.49m/s  qc_max=3.71g/kg  cov=13.1%  N= 19  CB=1015m  CT=2480m  prec=0.00mm/h  qv_bl=12.93g/kg
t=  4320s  step= 2284  w_max= 7.64m/s  w99=2.48m/s  qc_max=3.78g/kg  cov=13.2%  N= 20  CB=1015m  CT=2480m  prec=0.00mm/h  qv_bl=12.93g/kg
t=  4380s  step= 2314  w_max= 8.09m/s  w99=2.48m/s  qc_max=3.29g/kg  cov=13.2%  N= 19  CB=1015m  CT=2407m  prec=0.00mm/h  qv_bl=12.93g/kg
t=  4440s  step= 2344  w_max= 8.95m/s  w99=2.49m/s  qc_max=2.39g/kg  cov=13.2%  N= 20  CB=969m  CT=2407m  prec=0.00mm/h  qv_bl=12.93g/kg
t=  4500s  step= 2374  w_max= 9.04m/s  w99=2.51m/s  qc_max=1.66g/kg  cov=12.9%  N= 16  CB=795m  CT=2407m  prec=0.00mm/h  qv_bl=12.93g/kg
t=  4560s  step= 2404  w_max=10.33m/s  w99=2.54m/s  qc_max=1.61g/kg  cov=12.4%  N= 17  CB=1061m  CT=2407m  prec=0.00mm/h  qv_bl=12.92g/kg
t=  4620s  step= 2434  w_max= 9.94m/s  w99=2.57m/s  qc_max=1.59g/kg  cov=12.1%  N= 17  CB=1061m  CT=2336m  prec=0.00mm/h  qv_bl=12.92g/kg
t=  4680s  step= 2464  w_max= 8.10m/s  w99=2.58m/s  qc_max=1.51g/kg  cov=11.8%  N= 15  CB=1015m  CT=2336m  prec=0.00mm/h  qv_bl=12.92g/kg
t=  4740s  step= 2494  w_max= 7.94m/s  w99=2.56m/s  qc_max=1.39g/kg  cov=11.2%  N= 15  CB=1015m  CT=2266m  prec=0.00mm/h  qv_bl=12.92g/kg
t=  4800s  step= 2524  w_max= 8.39m/s  w99=2.52m/s  qc_max=1.39g/kg  cov=10.5%  N= 17  CB=1015m  CT=2266m  prec=0.00mm/h  qv_bl=12.92g/kg
t=  4860s  step= 2554  w_max= 8.60m/s  w99=2.45m/s  qc_max=1.50g/kg  cov= 9.8%  N= 20  CB=1015m  CT=2336m  prec=0.00mm/h  qv_bl=12.92g/kg
t=  4920s  step= 2584  w_max=10.32m/s  w99=2.39m/s  qc_max=1.62g/kg  cov= 9.2%  N= 17  CB=1015m  CT=2480m  prec=0.00mm/h  qv_bl=12.92g/kg
t=  4980s  step= 2615  w_max=11.30m/s  w99=2.35m/s  qc_max=1.68g/kg  cov= 9.2%  N= 15  CB=1015m  CT=2554m  prec=0.00mm/h  qv_bl=12.92g/kg
t=  5040s  step= 2647  w_max=11.76m/s  w99=2.35m/s  qc_max=1.50g/kg  cov= 8.9%  N= 14  CB=1015m  CT=2554m  prec=0.00mm/h  qv_bl=12.92g/kg
t=  5100s  step= 2680  w_max=11.54m/s  w99=2.33m/s  qc_max=1.76g/kg  cov= 8.8%  N= 13  CB=1015m  CT=2630m  prec=0.00mm/h  qv_bl=12.92g/kg
t=  5160s  step= 2711  w_max=11.08m/s  w99=2.33m/s  qc_max=1.91g/kg  cov= 8.6%  N= 14  CB=1015m  CT=2707m  prec=0.00mm/h  qv_bl=12.92g/kg
t=  5220s  step= 2742  w_max=10.90m/s  w99=2.33m/s  qc_max=2.47g/kg  cov= 8.3%  N= 16  CB=1015m  CT=2865m  prec=0.00mm/h  qv_bl=12.92g/kg
t=  5280s  step= 2773  w_max=10.51m/s  w99=2.33m/s  qc_max=3.38g/kg  cov= 8.1%  N= 15  CB=1015m  CT=2865m  prec=0.00mm/h  qv_bl=12.92g/kg
t=  5340s  step= 2803  w_max=10.28m/s  w99=2.34m/s  qc_max=3.94g/kg  cov= 7.9%  N= 15  CB=1061m  CT=2946m  prec=0.00mm/h  qv_bl=12.92g/kg
t=  5400s  step= 2833  w_max=10.24m/s  w99=2.36m/s  qc_max=4.28g/kg  cov= 7.7%  N= 13  CB=1061m  CT=2946m  prec=0.00mm/h  qv_bl=12.92g/kg
t=  5460s  step= 2863  w_max=10.46m/s  w99=2.38m/s  qc_max=4.13g/kg  cov= 7.6%  N= 12  CB=1061m  CT=2946m  prec=0.00mm/h  qv_bl=12.92g/kg
t=  5520s  step= 2893  w_max=10.65m/s  w99=2.42m/s  qc_max=3.82g/kg  cov= 7.6%  N= 12  CB=1061m  CT=2865m  prec=0.00mm/h  qv_bl=12.92g/kg
t=  5580s  step= 2923  w_max=10.82m/s  w99=2.45m/s  qc_max=3.64g/kg  cov= 7.7%  N= 12  CB=1061m  CT=2865m  prec=0.00mm/h  qv_bl=12.92g/kg
t=  5640s  step= 2953  w_max=10.42m/s  w99=2.45m/s  qc_max=3.06g/kg  cov= 7.7%  N= 11  CB=1061m  CT=2865m  prec=0.00mm/h  qv_bl=12.92g/kg
t=  5700s  step= 2983  w_max= 9.66m/s  w99=2.46m/s  qc_max=2.85g/kg  cov= 7.7%  N= 10  CB=1061m  CT=2946m  prec=0.00mm/h  qv_bl=12.92g/kg
t=  5760s  step= 3013  w_max= 8.64m/s  w99=2.42m/s  qc_max=2.76g/kg  cov= 7.8%  N= 11  CB=1061m  CT=3029m  prec=0.00mm/h  qv_bl=12.92g/kg
t=  5820s  step= 3043  w_max= 7.59m/s  w99=2.40m/s  qc_max=2.69g/kg  cov= 8.2%  N= 12  CB=1061m  CT=3029m  prec=0.00mm/h  qv_bl=12.92g/kg
t=  5880s  step= 3073  w_max= 7.44m/s  w99=2.40m/s  qc_max=2.51g/kg  cov= 8.5%  N= 12  CB=1061m  CT=3029m  prec=0.00mm/h  qv_bl=12.92g/kg
t=  5940s  step= 3103  w_max= 8.08m/s  w99=2.42m/s  qc_max=2.79g/kg  cov= 9.1%  N= 11  CB=1061m  CT=3029m  prec=0.00mm/h  qv_bl=12.92g/kg
t=  6000s  step= 3133  w_max= 8.75m/s  w99=2.43m/s  qc_max=2.95g/kg  cov= 9.3%  N= 12  CB=1061m  CT=3029m  prec=0.00mm/h  qv_bl=12.92g/kg
t=  6060s  step= 3163  w_max= 9.02m/s  w99=2.44m/s  qc_max=2.63g/kg  cov= 9.7%  N= 11  CB=1061m  CT=2946m  prec=0.00mm/h  qv_bl=12.92g/kg
t=  6120s  step= 3193  w_max= 9.71m/s  w99=2.44m/s  qc_max=2.07g/kg  cov=10.0%  N= 12  CB=1061m  CT=2865m  prec=0.00mm/h  qv_bl=12.92g/kg
t=  6180s  step= 3223  w_max= 9.68m/s  w99=2.47m/s  qc_max=1.96g/kg  cov=10.2%  N= 10  CB=1061m  CT=2785m  prec=0.00mm/h  qv_bl=12.92g/kg
t=  6240s  step= 3253  w_max=10.18m/s  w99=2.48m/s  qc_max=2.15g/kg  cov=10.1%  N= 11  CB=1061m  CT=2630m  prec=0.00mm/h  qv_bl=12.92g/kg
t=  6300s  step= 3283  w_max=10.25m/s  w99=2.51m/s  qc_max=2.16g/kg  cov=10.0%  N= 13  CB=1061m  CT=2480m  prec=0.00mm/h  qv_bl=12.92g/kg
t=  6360s  step= 3313  w_max=10.25m/s  w99=2.55m/s  qc_max=1.98g/kg  cov=10.0%  N= 12  CB=969m  CT=2336m  prec=0.00mm/h  qv_bl=12.92g/kg
t=  6420s  step= 3344  w_max=11.13m/s  w99=2.60m/s  qc_max=1.42g/kg  cov= 9.9%  N= 11  CB=969m  CT=2407m  prec=0.00mm/h  qv_bl=12.92g/kg
t=  6480s  step= 3376  w_max=11.28m/s  w99=2.64m/s  qc_max=1.56g/kg  cov=10.0%  N= 12  CB=1108m  CT=2480m  prec=0.00mm/h  qv_bl=12.92g/kg
t=  6540s  step= 3407  w_max= 9.89m/s  w99=2.67m/s  qc_max=1.81g/kg  cov=10.0%  N=  9  CB=1108m  CT=2480m  prec=0.00mm/h  qv_bl=12.91g/kg
t=  6600s  step= 3437  w_max= 9.22m/s  w99=2.68m/s  qc_max=2.19g/kg  cov=10.1%  N= 11  CB=1061m  CT=2554m  prec=0.00mm/h  qv_bl=12.91g/kg
t=  6660s  step= 3467  w_max= 8.72m/s  w99=2.67m/s  qc_max=2.68g/kg  cov=10.1%  N= 14  CB=1061m  CT=2554m  prec=0.00mm/h  qv_bl=12.91g/kg
t=  6720s  step= 3497  w_max= 8.59m/s  w99=2.67m/s  qc_max=2.57g/kg  cov=10.1%  N= 12  CB=1061m  CT=2554m  prec=0.00mm/h  qv_bl=12.91g/kg
t=  6780s  step= 3527  w_max= 7.87m/s  w99=2.69m/s  qc_max=1.80g/kg  cov=10.3%  N= 12  CB=1061m  CT=2554m  prec=0.00mm/h  qv_bl=12.91g/kg
t=  6840s  step= 3557  w_max= 8.18m/s  w99=2.68m/s  qc_max=1.60g/kg  cov=10.2%  N= 13  CB=1061m  CT=2554m  prec=0.00mm/h  qv_bl=12.91g/kg
t=  6900s  step= 3587  w_max= 8.39m/s  w99=2.67m/s  qc_max=1.71g/kg  cov=10.0%  N= 14  CB=1061m  CT=2630m  prec=0.00mm/h  qv_bl=12.91g/kg
t=  6960s  step= 3617  w_max= 8.62m/s  w99=2.64m/s  qc_max=1.97g/kg  cov= 9.7%  N= 14  CB=1061m  CT=2630m  prec=0.00mm/h  qv_bl=12.90g/kg
t=  7020s  step= 3647  w_max= 8.80m/s  w99=2.61m/s  qc_max=2.05g/kg  cov= 9.7%  N= 12  CB=1015m  CT=2707m  prec=0.00mm/h  qv_bl=12.90g/kg
t=  7080s  step= 3677  w_max= 9.41m/s  w99=2.59m/s  qc_max=1.87g/kg  cov= 9.7%  N= 14  CB=1015m  CT=2707m  prec=0.00mm/h  qv_bl=12.90g/kg
t=  7140s  step= 3707  w_max= 9.27m/s  w99=2.58m/s  qc_max=2.07g/kg  cov= 9.9%  N= 14  CB=1015m  CT=2785m  prec=0.00mm/h  qv_bl=12.90g/kg
t=  7200s  step= 3737  w_max= 9.57m/s  w99=2.56m/s  qc_max=2.25g/kg  cov=10.0%  N= 13  CB=1015m  CT=2785m  prec=0.00mm/h  qv_bl=12.90g/kg
