Grid(120×120×80, dx=100.0m, dz=27.2–119.6m, z_top=5000m)
  dt=2.0s, t_end=7200.0s, output every 60.0s
t=     0s  step=    1  w_max= 0.00m/s  w99=0.00m/s  qc_max=0.00g/kg  cov= 0.0%  N=  0  CB=0m  CT=0m  prec=0.00mm/h  qv_bl=13.72g/kg
t=    60s  step=   31  w_max= 0.39m/s  w99=0.14m/s  qc_max=0.00g/kg  cov= 0.0%  N=  0  CB=0m  CT=0m  prec=0.00mm/h  qv_bl=13.72g/kg
t=   120s  step=   61  w_max= 0.74m/s  w99=0.27m/s  qc_max=0.00g/kg  cov= 0.0%  N=  0  CB=0m  CT=0m  prec=0.00mm/h  qv_bl=13.73g/kg
t=   180s  step=   91  w_max= 1.03m/s  w99=0.37m/s  qc_max=0.00g/kg  cov= 0.0%  N=  0  CB=0m  CT=0m  prec=0.00mm/h  qv_bl=13.73g/kg
t=   240s  step=  121  w_max= 1.18m/s  w99=0.45m/s  qc_max=0.00g/kg  cov= 0.0%  N=  0  CB=0m  CT=0m  prec=0.00mm/h  qv_bl=13.73g/kg
t=   300s  step=  151  w_max= 1.34m/s  w99=0.51m/s  qc_max=0.00g/kg  cov= 0.0%  N=  0  CB=0m  CT=0m  prec=0.00mm/h  qv_bl=13.73g/kg
t=   360s  step=  181  w_max= 1.54m/s  w99=0.55m/s  qc_max=0.00g/kg  cov= 0.0%  N=  0  CB=0m  CT=0m  prec=0.00mm/h  qv_bl=13.73g/kg
t=   420s  step=  211  w_max= 1.69m/s  w99=0.57m/s  qc_max=0.00g/kg  cov= 0.0%  N=  0  CB=0m  CT=0m  prec=0.00mm/h  qv_bl=13.73g/kg
t=   480s  step=  241  w_max= 1.95m/s  w99=0.59m/s  qc_max=0.00g/kg  cov= 0.0%  N=  0  CB=0m  CT=0m  prec=0.00mm/h  qv_bl=13.73g/kg
t=   540s  step=  271  w_max= 2.05m/s  w99=0.60m/s  qc_max=0.00g/kg  cov= 0.0%  N=  0  CB=0m  CT=0m  prec=0.00mm/h  qv_bl=13.73g/kg
t=   600s  step=  301  w_max= 2.32m/s  w99=0.61m/s  qc_max=0.00g/kg  cov= 0.0%  N=  0  CB=0m  CT=0m  prec=0.00mm/h  qv_bl=13.72g/kg
t=   660s  step=  331  w_max= 2.55m/s  w99=0.61m/s  qc_max=0.00g/kg  cov= 0.0%  N=  0  CB=0m  CT=0m  prec=0.00mm/h  qv_bl=13.72g/kg
t=   720s  step=  361  w_max= 2.68m/s  w99=0.63m/s  qc_max=0.00g/kg  cov= 0.0%  N=  0  CB=0m  CT=0m  prec=0.00mm/h  qv_bl=13.72g/kg
t=   780s  step=  391  w_max= 2.70m/s  w99=0.66m/s  qc_max=0.00g/kg  cov= 0.0%  N=  0  CB=0m  CT=0m  prec=0.00mm/h  qv_bl=13.72g/kg
t=   840s  step=  421  w_max= 2.79m/s  w99=0.70m/s  qc_max=0.03g/kg  cov= 0.1%  N=  1  CB=837m  CT=969m  prec=0.00mm/h  qv_bl=13.72g/kg
t=   900s  step=  451  w_max= 3.38m/s  w99=0.75m/s  qc_max=0.11g/kg  cov= 0.3%  N=  2  CB=837m  CT=1061m  prec=0.00mm/h  qv_bl=13.72g/kg
t=   960s  step=  481  w_max= 4.04m/s  w99=0.82m/s  qc_max=0.16g/kg  cov= 0.9%  N=  3  CB=837m  CT=1156m  prec=0.00mm/h  qv_bl=13.71g/kg
t=  1020s  step=  511  w_max= 4.77m/s  w99=0.91m/s  qc_max=0.21g/kg  cov= 1.4%  N=  3  CB=837m  CT=1255m  prec=0.00mm/h  qv_bl=13.71g/kg
t=  1080s  step=  541  w_max= 5.53m/s  w99=1.03m/s  qc_max=0.28g/kg  cov= 2.0%  N=  5  CB=837m  CT=1358m  prec=0.00mm/h  qv_bl=13.71g/kg
t=  1140s  step=  571  w_max= 6.38m/s  w99=1.18m/s  qc_max=0.34g/kg  cov= 2.8%  N=  5  CB=837m  CT=1411m  prec=0.00mm/h  qv_bl=13.70g/kg
t=  1200s  step=  601  w_max= 7.15m/s  w99=1.35m/s  qc_max=0.44g/kg  cov= 3.9%  N=  8  CB=837m  CT=1520m  prec=0.00mm/h  qv_bl=13.70g/kg
t=  1260s  step=  631  w_max= 7.68m/s  w99=1.55m/s  qc_max=0.57g/kg  cov= 5.0%  N=  8  CB=795m  CT=1633m  prec=0.00mm/h  qv_bl=13.69g/kg
t=  1320s  step=  661  w_max= 8.13m/s  w99=1.77m/s  qc_max=0.66g/kg  cov= 5.9%  N=  9  CB=795m  CT=1691m  prec=0.00mm/h  qv_bl=13.68g/kg
t=  1380s  step=  691  w_max= 8.51m/s  w99=1.99m/s  qc_max=0.74g/kg  cov= 6.8%  N= 10  CB=795m  CT=1810m  prec=0.00mm/h  qv_bl=13.67g/kg
t=  1440s  step=  721  w_max= 8.94m/s  w99=2.19m/s  qc_max=0.82g/kg  cov= 7.5%  N= 11  CB=795m  CT=1935m  prec=0.00mm/h  qv_bl=13.65g/kg
t=  1500s  step=  751  w_max= 9.60m/s  w99=2.39m/s  qc_max=0.98g/kg  cov= 8.5%  N= 12  CB=795m  CT=1998m  prec=0.00mm/h  qv_bl=13.63g/kg
t=  1560s  step=  781  w_max= 9.76m/s  w99=2.56m/s  qc_max=1.07g/kg  cov= 9.3%  N= 12  CB=795m  CT=2130m  prec=0.00mm/h  qv_bl=13.61g/kg
t=  1620s  step=  811  w_max= 9.50m/s  w99=2.68m/s  qc_max=1.17g/kg  cov=10.3%  N= 10  CB=795m  CT=2266m  prec=0.00mm/h  qv_bl=13.59g/kg
t=  1680s  step=  841  w_max= 9.27m/s  w99=2.78m/s  qc_max=1.27g/kg  cov=11.0%  N=  9  CB=795m  CT=2336m  prec=0.00mm/h  qv_bl=13.56g/kg
t=  1740s  step=  871  w_max= 8.64m/s  w99=2.85m/s  qc_max=1.21g/kg  cov=11.8%  N= 10  CB=795m  CT=2407m  prec=0.00mm/h  qv_bl=13.54g/kg
t=  1800s  step=  901  w_max= 9.04m/s  w99=2.87m/s  qc_max=1.08g/kg  cov=12.4%  N= 10  CB=795m  CT=2480m  prec=0.00mm/h  qv_bl=13.51g/kg
t=  1860s  step=  931  w_max= 8.86m/s  w99=2.87m/s  qc_max=0.96g/kg  cov=12.8%  N= 12  CB=837m  CT=2554m  prec=0.00mm/h  qv_bl=13.48g/kg
t=  1920s  step=  961  w_max= 8.72m/s  w99=2.85m/s  qc_max=0.96g/kg  cov=13.4%  N= 10  CB=837m  CT=2480m  prec=0.00mm/h  qv_bl=13.45g/kg
t=  1980s  step=  991  w_max= 8.20m/s  w99=2.80m/s  qc_max=1.12g/kg  cov=14.0%  N=  9  CB=837m  CT=2480m  prec=0.00mm/h  qv_bl=13.42g/kg
t=  2040s  step= 1021  w_max= 8.09m/s  w99=2.76m/s  qc_max=1.11g/kg  cov=14.4%  N=  9  CB=837m  CT=2407m  prec=0.00mm/h  qv_bl=13.40g/kg
t=  2100s  step= 1051  w_max= 7.85m/s  w99=2.74m/s  qc_max=0.97g/kg  cov=14.7%  N=  8  CB=837m  CT=2407m  prec=0.00mm/h  qv_bl=13.37g/kg
t=  2160s  step= 1081  w_max= 7.60m/s  w99=2.71m/s  qc_max=1.19g/kg  cov=15.1%  N=  7  CB=837m  CT=2407m  prec=0.00mm/h  qv_bl=13.34g/kg
t=  2220s  step= 1111  w_max= 7.59m/s  w99=2.68m/s  qc_max=1.11g/kg  cov=15.3%  N=  7  CB=837m  CT=2407m  prec=0.00mm/h  qv_bl=13.32g/kg
t=  2280s  step= 1141  w_max= 7.57m/s  w99=2.64m/s  qc_max=0.90g/kg  cov=15.4%  N=  7  CB=837m  CT=2407m  prec=0.00mm/h  qv_bl=13.29g/kg
t=  2340s  step= 1171  w_max= 7.71m/s  w99=2.60m/s  qc_max=0.89g/kg  cov=15.5%  N=  7  CB=837m  CT=2336m  prec=0.00mm/h  qv_bl=13.27g/kg
t=  2400s  step= 1201  w_max= 7.66m/s  w99=2.57m/s  qc_max=0.92g/kg  cov=15.5%  N=  7  CB=837m  CT=2336m  prec=0.00mm/h  qv_bl=13.25g/kg
t=  2460s  step= 1231  w_max= 7.08m/s  w99=2.55m/s  qc_max=0.86g/kg  cov=15.3%  N=  8  CB=837m  CT=2336m  prec=0.00mm/h  qv_bl=13.23g/kg
t=  2520s  step= 1261  w_max= 7.07m/s  w99=2.52m/s  qc_max=0.79g/kg  cov=15.3%  N= 10  CB=880m  CT=2336m  prec=0.00mm/h  qv_bl=13.22g/kg
t=  2580s  step= 1291  w_max= 7.14m/s  w99=2.51m/s  qc_max=0.76g/kg  cov=15.3%  N=  9  CB=880m  CT=2336m  prec=0.00mm/h  qv_bl=13.20g/kg
t=  2640s  step= 1321  w_max= 7.84m/s  w99=2.50m/s  qc_max=0.72g/kg  cov=15.3%  N=  9  CB=880m  CT=2336m  prec=0.00mm/h  qv_bl=13.18g/kg
t=  2700s  step= 1351  w_max= 8.00m/s  w99=2.49m/s  qc_max=0.71g/kg  cov=15.6%  N=  8  CB=880m  CT=2266m  prec=0.00mm/h  qv_bl=13.17g/kg
t=  2760s  step= 1381  w_max= 8.03m/s  w99=2.49m/s  qc_max=0.76g/kg  cov=16.1%  N=  8  CB=880m  CT=2266m  prec=0.00mm/h  qv_bl=13.16g/kg
t=  2820s  step= 1411  w_max= 8.12m/s  w99=2.51m/s  qc_max=0.73g/kg  cov=16.3%  N=  8  CB=880m  CT=2266m  prec=0.00mm/h  qv_bl=13.14g/kg
t=  2880s  step= 1441  w_max= 7.47m/s  w99=2.50m/s  qc_max=0.76g/kg  cov=16.7%  N=  8  CB=880m  CT=2266m  prec=0.00mm/h  qv_bl=13.13g/kg
t=  2940s  step= 1471  w_max= 7.61m/s  w99=2.51m/s  qc_max=0.70g/kg  cov=16.5%  N= 12  CB=880m  CT=2266m  prec=0.00mm/h  qv_bl=13.12g/kg
t=  3000s  step= 1501  w_max= 8.57m/s  w99=2.52m/s  qc_max=0.75g/kg  cov=16.5%  N= 14  CB=880m  CT=2266m  prec=0.00mm/h  qv_bl=13.11g/kg
t=  3060s  step= 1531  w_max= 9.06m/s  w99=2.54m/s  qc_max=0.76g/kg  cov=16.4%  N= 15  CB=924m  CT=2266m  prec=0.00mm/h  qv_bl=13.10g/kg
t=  3120s  step= 1561  w_max=10.22m/s  w99=2.57m/s  qc_max=0.83g/kg  cov=16.2%  N= 15  CB=924m  CT=2266m  prec=0.00mm/h  qv_bl=13.09g/kg
t=  3180s  step= 1591  w_max=10.46m/s  w99=2.58m/s  qc_max=0.79g/kg  cov=16.0%  N= 16  CB=924m  CT=2197m  prec=0.00mm/h  qv_bl=13.08g/kg
t=  3240s  step= 1622  w_max=11.27m/s  w99=2.58m/s  qc_max=0.78g/kg  cov=15.7%  N= 16  CB=924m  CT=2130m  prec=0.00mm/h  qv_bl=13.07g/kg
t=  3300s  step= 1654  w_max=11.34m/s  w99=2.58m/s  qc_max=0.80g/kg  cov=15.2%  N= 18  CB=924m  CT=2130m  prec=0.00mm/h  qv_bl=13.06g/kg
t=  3360s  step= 1685  w_max=10.82m/s  w99=2.57m/s  qc_max=0.82g/kg  cov=14.9%  N= 22  CB=924m  CT=2130m  prec=0.00mm/h  qv_bl=13.05g/kg
t=  3420s  step= 1715  w_max= 9.76m/s  w99=2.57m/s  qc_max=0.91g/kg  cov=14.8%  N= 21  CB=969m  CT=2197m  prec=0.00mm/h  qv_bl=13.04g/kg
t=  3480s  step= 1745  w_max= 9.36m/s  w99=2.56m/s  qc_max=0.97g/kg  cov=14.6%  N= 22  CB=969m  CT=2336m  prec=0.00mm/h  qv_bl=13.03g/kg
t=  3540s  step= 1775  w_max= 8.45m/s  w99=2.52m/s  qc_max=0.95g/kg  cov=14.0%  N= 20  CB=969m  CT=2407m  prec=0.00mm/h  qv_bl=13.02g/kg
t=  3600s  step= 1805  w_max= 8.35m/s  w99=2.47m/s  qc_max=0.93g/kg  cov=13.6%  N= 21  CB=1015m  CT=2407m  prec=0.00mm/h  qv_bl=13.02g/kg
t=  3660s  step= 1835  w_max= 7.73m/s  w99=2.44m/s  qc_max=0.81g/kg  cov=13.1%  N= 18  CB=1015m  CT=2480m  prec=0.00mm/h  qv_bl=13.01g/kg
t=  3720s  step= 1865  w_max= 7.29m/s  w99=2.42m/s  qc_max=0.80g/kg  cov=13.0%  N= 18  CB=1015m  CT=2407m  prec=0.00mm/h  qv_bl=13.00g/kg
t=  3780s  step= 1895  w_max= 7.34m/s  w99=2.44m/s  qc_max=0.76g/kg  cov=12.9%  N= 17  CB=969m  CT=2407m  prec=0.00mm/h  qv_bl=13.00g/kg
t=  3840s  step= 1925  w_max= 8.40m/s  w99=2.48m/s  qc_max=0.82g/kg  cov=13.2%  N= 15  CB=1015m  CT=2336m  prec=0.00mm/h  qv_bl=12.99g/kg
t=  3900s  step= 1955  w_max= 8.68m/s  w99=2.52m/s  qc_max=0.69g/kg  cov=13.5%  N= 13  CB=969m  CT=2336m  prec=0.00mm/h  qv_bl=12.99g/kg
t=  3960s  step= 1985  w_max= 8.68m/s  w99=2.54m/s  qc_max=0.70g/kg  cov=13.4%  N= 15  CB=1015m  CT=2266m  prec=0.00mm/h  qv_bl=12.98g/kg
t=  4020s  step= 2015  w_max= 8.37m/s  w99=2.57m/s  qc_max=0.92g/kg  cov=13.3%  N= 14  CB=1015m  CT=2197m  prec=0.00mm/h  qv_bl=12.98g/kg
t=  4080s  step= 2045  w_max= 7.92m/s  w99=2.58m/s  qc_max=0.82g/kg  cov=13.3%  N= 14  CB=1015m  CT=2197m  prec=0.00mm/h  qv_bl=12.97g/kg
t=  4140s  step= 2075  w_max= 7.88m/s  w99=2.60m/s  qc_max=0.89g/kg  cov=13.2%  N= 14  CB=1015m  CT=2266m  prec=0.00mm/h  qv_bl=12.97g/kg
t=  4200s  step= 2105  w_max= 7.15m/s  w99=2.60m/s  qc_max=0.83g/kg  cov=13.2%  N= 13  CB=1015m  CT=2266m  prec=0.00mm/h  qv_bl=12.97g/kg
t=  4260s  step= 2135  w_max= 7.01m/s  w99=2.59m/s  qc_max=0.65g/kg  cov=13.4%  N= 14  CB=1015m  CT=2266m  prec=0.00mm/h  qv_bl=12.96g/kg
t=  4320s  step= 2165  w_max= 8.11m/s  w99=2.59m/s  qc_max=0.61g/kg  cov=13.7%  N= 14  CB=1015m  CT=2266m  prec=0.00mm/h  qv_bl=12.96g/kg
t=  4380s  step= 2195  w_max= 8.73m/s  w99=2.59m/s  qc_max=0.54g/kg  cov=14.1%  N= 18  CB=1015m  CT=2266m  prec=0.00mm/h  qv_bl=12.95g/kg
t=  4440s  step= 2225  w_max= 9.55m/s  w99=2.59m/s  qc_max=0.56g/kg  cov=14.6%  N= 18  CB=1015m  CT=2197m  prec=0.00mm/h  qv_bl=12.95g/kg
t=  4500s  step= 2255  w_max= 9.34m/s  w99=2.57m/s  qc_max=0.59g/kg  cov=14.5%  N= 16  CB=1015m  CT=2130m  prec=0.00mm/h  qv_bl=12.94g/kg
t=  4560s  step= 2285  w_max= 8.58m/s  w99=2.55m/s  qc_max=0.57g/kg  cov=14.5%  N= 18  CB=1015m  CT=2130m  prec=0.00mm/h  qv_bl=12.94g/kg
t=  4620s  step= 2315  w_max= 7.72m/s  w99=2.51m/s  qc_max=0.65g/kg  cov=14.1%  N= 19  CB=1061m  CT=2130m  prec=0.00mm/h  qv_bl=12.94g/kg
t=  4680s  step= 2345  w_max= 8.27m/s  w99=2.50m/s  qc_max=0.66g/kg  cov=13.9%  N= 17  CB=1061m  CT=2130m  prec=0.00mm/h  qv_bl=12.93g/kg
t=  4740s  step= 2375  w_max= 8.81m/s  w99=2.49m/s  qc_max=0.60g/kg  cov=13.7%  N= 18  CB=1061m  CT=2130m  prec=0.00mm/h  qv_bl=12.93g/kg
t=  4800s  step= 2405  w_max= 8.58m/s  w99=2.48m/s  qc_max=0.61g/kg  cov=13.3%  N= 18  CB=1015m  CT=2130m  prec=0.00mm/h  qv_bl=12.93g/kg
t=  4860s  step= 2435  w_max= 8.59m/s  w99=2.47m/s  qc_max=0.60g/kg  cov=13.0%  N= 17  CB=1015m  CT=2130m  prec=0.00mm/h  qv_bl=12.92g/kg
t=  4920s  step= 2465  w_max= 8.70m/s  w99=2.46m/s  qc_max=0.69g/kg  cov=12.7%  N= 14  CB=1015m  CT=2130m  prec=0.00mm/h  qv_bl=12.92g/kg
t=  4980s  step= 2495  w_max= 8.50m/s  w99=2.43m/s  qc_max=0.69g/kg  cov=12.5%  N= 16  CB=1015m  CT=2130m  prec=0.00mm/h  qv_bl=12.92g/kg
t=  5040s  step= 2525  w_max= 9.11m/s  w99=2.40m/s  qc_max=0.65g/kg  cov=12.0%  N= 16  CB=1015m  CT=2130m  prec=0.00mm/h  qv_bl=12.92g/kg
t=  5100s  step= 2555  w_max= 9.70m/s  w99=2.37m/s  qc_max=0.67g/kg  cov=11.8%  N= 15  CB=1015m  CT=2130m  prec=0.00mm/h  qv_bl=12.91g/kg
t=  5160s  step= 2585  w_max=10.35m/s  w99=2.36m/s  qc_max=0.83g/kg  cov=11.5%  N= 14  CB=1015m  CT=2197m  prec=0.00mm/h  qv_bl=12.91g/kg
t=  5220s  step= 2615  w_max=10.15m/s  w99=2.35m/s  qc_max=0.90g/kg  cov=11.3%  N= 14  CB=1015m  CT=2266m  prec=0.00mm/h  qv_bl=12.91g/kg
t=  5280s  step= 2645  w_max= 9.69m/s  w99=2.33m/s  qc_max=0.89g/kg  cov=10.9%  N= 13  CB=1015m  CT=2336m  prec=0.00mm/h  qv_bl=12.91g/kg
t=  5340s  step= 2675  w_max=10.82m/s  w99=2.33m/s  qc_max=0.90g/kg  cov=10.8%  N= 14  CB=1015m  CT=2407m  prec=0.00mm/h  qv_bl=12.91g/kg
t=  5400s  step= 2706  w_max=11.11m/s  w99=2.32m/s  qc_max=0.88g/kg  cov=10.5%  N= 14  CB=1015m  CT=2480m  prec=0.00mm/h  qv_bl=12.91g/kg
t=  5460s  step= 2737  w_max=10.49m/s  w99=2.30m/s  qc_max=0.88g/kg  cov=10.1%  N= 14  CB=1015m  CT=2480m  prec=0.00mm/h  qv_bl=12.91g/kg
t=  5520s  step= 2768  w_max=10.89m/s  w99=2.28m/s  qc_max=0.97g/kg  cov= 9.9%  N= 14  CB=1015m  CT=2554m  prec=0.00mm/h  qv_bl=12.91g/kg
t=  5580s  step= 2799  w_max=10.05m/s  w99=2.26m/s  qc_max=1.01g/kg  cov= 9.8%  N= 14  CB=1015m  CT=2554m  prec=0.00mm/h  qv_bl=12.91g/kg
t=  5640s  step= 2829  w_max=10.36m/s  w99=2.23m/s  qc_max=0.99g/kg  cov= 9.9%  N= 15  CB=1015m  CT=2630m  prec=0.00mm/h  qv_bl=12.91g/kg
t=  5700s  step= 2859  w_max= 9.78m/s  w99=2.22m/s  qc_max=0.94g/kg  cov= 9.7%  N= 15  CB=1015m  CT=2630m  prec=0.00mm/h  qv_bl=12.91g/kg
t=  5760s  step= 2889  w_max=10.31m/s  w99=2.21m/s  qc_max=0.95g/kg  cov= 9.7%  N= 13  CB=1015m  CT=2630m  prec=0.00mm/h  qv_bl=12.91g/kg
t=  5820s  step= 2919  w_max=10.26m/s  w99=2.20m/s  qc_max=0.96g/kg  cov= 9.7%  N= 12  CB=1015m  CT=2630m  prec=0.00mm/h  qv_bl=12.91g/kg
t=  5880s  step= 2949  w_max=10.43m/s  w99=2.22m/s  qc_max=0.99g/kg  cov= 9.4%  N= 13  CB=1015m  CT=2630m  prec=0.00mm/h  qv_bl=12.91g/kg
t=  5940s  step= 2979  w_max=10.24m/s  w99=2.23m/s  qc_max=1.13g/kg  cov= 9.5%  N= 13  CB=1015m  CT=2630m  prec=0.00mm/h  qv_bl=12.91g/kg
t=  6000s  step= 3009  w_max= 9.19m/s  w99=2.26m/s  qc_max=1.12g/kg  cov= 9.4%  N= 12  CB=1015m  CT=2630m  prec=0.00mm/h  qv_bl=12.91g/kg
t=  6060s  step= 3039  w_max= 8.14m/s  w99=2.27m/s  qc_max=1.14g/kg  cov= 9.5%  N= 12  CB=1061m  CT=2630m  prec=0.00mm/h  qv_bl=12.91g/kg
t=  6120s  step= 3069  w_max= 8.05m/s  w99=2.30m/s  qc_max=0.96g/kg  cov= 9.5%  N= 14  CB=1061m  CT=2630m  prec=0.00mm/h  qv_bl=12.91g/kg
t=  6180s  step= 3099  w_max= 7.97m/s  w99=2.33m/s  qc_max=0.81g/kg  cov= 9.6%  N= 10  CB=1061m  CT=2630m  prec=0.00mm/h  qv_bl=12.91g/kg
t=  6240s  step= 3129  w_max= 7.97m/s  w99=2.36m/s  qc_max=0.72g/kg  cov= 9.7%  N=  9  CB=1061m  CT=2554m  prec=0.00mm/h  qv_bl=12.91g/kg
t=  6300s  step= 3159  w_max= 8.02m/s  w99=2.38m/s  qc_max=0.73g/kg  cov= 9.6%  N= 10  CB=1061m  CT=2407m  prec=0.00mm/h  qv_bl=12.91g/kg
t=  6360s  step= 3189  w_max= 8.16m/s  w99=2.41m/s  qc_max=0.78g/kg  cov= 9.5%  N= 10  CB=1061m  CT=2266m  prec=0.00mm/h  qv_bl=12.91g/kg
t=  6420s  step= 3219  w_max= 8.72m/s  w99=2.42m/s  qc_max=0.71g/kg  cov= 9.7%  N= 11  CB=1061m  CT=2336m  prec=0.00mm/h  qv_bl=12.91g/kg
t=  6480s  step= 3249  w_max= 9.44m/s  w99=2.42m/s  qc_max=0.72g/kg  cov= 9.7%  N=  9  CB=1061m  CT=2336m  prec=0.00mm/h  qv_bl=12.91g/kg
t=  6540s  step= 3279  w_max=10.37m/s  w99=2.41m/s  qc_max=0.75g/kg  cov= 9.9%  N=  9  CB=1061m  CT=2336m  prec=0.00mm/h  qv_bl=12.91g/kg
t=  6600s  step= 3310  w_max=11.12m/s  w99=2.43m/s  qc_max=0.78g/kg  cov= 9.9%  N= 10  CB=1015m  CT=2336m  prec=0.00mm/h  qv_bl=12.90g/kg
t=  6660s  step= 3342  w_max=11.42m/s  w99=2.43m/s  qc_max=0.76g/kg  cov=10.1%  N= 10  CB=1061m  CT=2336m  prec=0.00mm/h  qv_bl=12.90g/kg
t=  6720s  step= 3374  w_max=11.67m/s  w99=2.42m/s  qc_max=0.78g/kg  cov=10.5%  N= 12  CB=1061m  CT=2336m  prec=0.00mm/h  qv_bl=12.90g/kg
t=  6780s  step= 3407  w_max=12.00m/s  w99=2.41m/s  qc_max=0.85g/kg  cov=10.6%  N= 12  CB=1061m  CT=2336m  prec=0.00mm/h  qv_bl=12.90g/kg
t=  6840s  step= 3440  w_max=11.57m/s  w99=2.42m/s  qc_max=0.79g/kg  cov=10.9%  N= 13  CB=1061m  CT=2336m  prec=0.00mm/h  qv_bl=12.90g/kg
t=  6900s  step= 3471  w_max=10.29m/s  w99=2.40m/s  qc_max=0.95g/kg  cov=10.9%  N= 15  CB=1061m  CT=2407m  prec=0.00mm/h  qv_bl=12.90g/kg
t=  6960s  step= 3501  w_max= 9.43m/s  w99=2.38m/s  qc_max=0.94g/kg  cov=10.8%  N= 15  CB=1061m  CT=2407m  prec=0.00mm/h  qv_bl=12.90g/kg
t=  7020s  step= 3531  w_max= 8.94m/s  w99=2.38m/s  qc_max=0.84g/kg  cov=10.8%  N= 16  CB=1061m  CT=2407m  prec=0.00mm/h  qv_bl=12.90g/kg
t=  7080s  step= 3561  w_max= 9.35m/s  w99=2.38m/s  qc_max=0.86g/kg  cov=10.7%  N= 15  CB=1061m  CT=2407m  prec=0.00mm/h  qv_bl=12.90g/kg
t=  7140s  step= 3591  w_max= 8.97m/s  w99=2.38m/s  qc_max=0.86g/kg  cov=10.6%  N= 13  CB=1061m  CT=2407m  prec=0.00mm/h  qv_bl=12.89g/kg
t=  7200s  step= 3621  w_max= 9.01m/s  w99=2.38m/s  qc_max=0.82g/kg  cov=10.6%  N= 12  CB=1108m  CT=2407m  prec=0.00mm/h  qv_bl=12.89g/kg
