Loading initial conditions from: snapshots/snap_0001200.npz
  Snapshot time: t = 1200.0s
  Loaded: qc_max=1.12g/kg, qr_max=0.06g/kg, w_max=10.74m/s
Grid(120×120×80, dx=100.0m, dz=27.2–119.6m, z_top=5000m)
  Restart: enabled from snapshots/snap_0001200.npz
  dt=2.0s, t_end=1800.0s, output every 60.0s
t=     0s  step=    1  w_max= 9.30m/s  w99=1.98m/s  qc_max=1.12g/kg  cov= 6.3%  N= 11  CB=1358m  CT=2480m  prec=0.00mm/h  qv_bl=10.77g/kg
t=    60s  step=   31  w_max= 9.61m/s  w99=2.11m/s  qc_max=1.16g/kg  cov= 6.1%  N= 13  CB=1358m  CT=2554m  prec=0.00mm/h  qv_bl=10.80g/kg
t=   120s  step=   61  w_max= 9.83m/s  w99=2.28m/s  qc_max=1.32g/kg  cov= 6.0%  N= 16  CB=1358m  CT=2630m  prec=0.00mm/h  qv_bl=10.83g/kg
t=   180s  step=   91  w_max=10.15m/s  w99=2.42m/s  qc_max=1.36g/kg  cov= 5.6%  N= 14  CB=1358m  CT=2630m  prec=0.00mm/h  qv_bl=10.86g/kg
t=   240s  step=  121  w_max=10.14m/s  w99=2.56m/s  qc_max=1.36g/kg  cov= 5.2%  N= 13  CB=1358m  CT=2630m  prec=0.00mm/h  qv_bl=10.88g/kg
t=   300s  step=  151  w_max=10.49m/s  w99=2.67m/s  qc_max=1.66g/kg  cov= 5.1%  N= 10  CB=1358m  CT=2554m  prec=0.00mm/h  qv_bl=10.91g/kg
t=   360s  step=  181  w_max=10.81m/s  w99=2.75m/s  qc_max=2.10g/kg  cov= 5.1%  N=  9  CB=1306m  CT=2554m  prec=0.00mm/h  qv_bl=10.93g/kg
t=   420s  step=  211  w_max=10.70m/s  w99=2.81m/s  qc_max=2.43g/kg  cov= 5.6%  N= 11  CB=1306m  CT=2630m  prec=0.00mm/h  qv_bl=10.96g/kg
t=   480s  step=  241  w_max=10.21m/s  w99=2.85m/s  qc_max=2.47g/kg  cov= 6.1%  N= 12  CB=1306m  CT=2707m  prec=0.00mm/h  qv_bl=10.98g/kg
t=   540s  step=  272  w_max=11.05m/s  w99=2.90m/s  qc_max=2.22g/kg  cov= 6.6%  N= 14  CB=1306m  CT=2707m  prec=0.00mm/h  qv_bl=11.00g/kg
t=   600s  step=  305  w_max=12.54m/s  w99=2.92m/s  qc_max=2.15g/kg  cov= 7.4%  N= 19  CB=1306m  CT=2785m  prec=0.00mm/h  qv_bl=11.02g/kg
t=   660s  step=  341  w_max=12.66m/s  w99=2.93m/s  qc_max=2.44g/kg  cov= 8.1%  N= 17  CB=1306m  CT=2785m  prec=0.00mm/h  qv_bl=11.04g/kg
t=   720s  step=  375  w_max=11.70m/s  w99=2.92m/s  qc_max=2.79g/kg  cov= 8.7%  N= 16  CB=1255m  CT=2785m  prec=0.00mm/h  qv_bl=11.06g/kg
t=   780s  step=  406  w_max=10.46m/s  w99=2.91m/s  qc_max=3.16g/kg  cov= 9.1%  N= 14  CB=1205m  CT=2785m  prec=0.00mm/h  qv_bl=11.07g/kg
t=   840s  step=  436  w_max= 9.34m/s  w99=2.89m/s  qc_max=3.35g/kg  cov= 9.3%  N= 16  CB=1205m  CT=2785m  prec=0.00mm/h  qv_bl=11.09g/kg
t=   900s  step=  466  w_max= 9.56m/s  w99=2.89m/s  qc_max=3.34g/kg  cov= 9.5%  N= 17  CB=1156m  CT=2707m  prec=0.00mm/h  qv_bl=11.11g/kg
t=   960s  step=  496  w_max= 9.98m/s  w99=2.90m/s  qc_max=2.77g/kg  cov= 9.8%  N= 16  CB=1205m  CT=2707m  prec=0.00mm/h  qv_bl=11.12g/kg
t=  1020s  step=  526  w_max=10.05m/s  w99=2.93m/s  qc_max=1.90g/kg  cov=10.4%  N= 15  CB=1255m  CT=2630m  prec=0.00mm/h  qv_bl=11.14g/kg
t=  1080s  step=  556  w_max= 9.43m/s  w99=2.95m/s  qc_max=2.07g/kg  cov=11.0%  N= 14  CB=1255m  CT=2630m  prec=0.00mm/h  qv_bl=11.15g/kg
t=  1140s  step=  586  w_max= 9.07m/s  w99=2.98m/s  qc_max=2.30g/kg  cov=11.6%  N= 14  CB=1255m  CT=2707m  prec=0.00mm/h  qv_bl=11.17g/kg
t=  1200s  step=  616  w_max=10.42m/s  w99=2.98m/s  qc_max=2.50g/kg  cov=12.0%  N= 13  CB=1255m  CT=2707m  prec=0.00mm/h  qv_bl=11.18g/kg
t=  1260s  step=  647  w_max=11.35m/s  w99=3.01m/s  qc_max=2.46g/kg  cov=12.4%  N= 12  CB=1205m  CT=2785m  prec=0.00mm/h  qv_bl=11.19g/kg
t=  1320s  step=  679  w_max=11.35m/s  w99=3.03m/s  qc_max=2.72g/kg  cov=12.5%  N= 12  CB=1108m  CT=2785m  prec=0.00mm/h  qv_bl=11.21g/kg
t=  1380s  step=  710  w_max=10.75m/s  w99=3.04m/s  qc_max=2.78g/kg  cov=12.7%  N= 10  CB=1061m  CT=2785m  prec=0.00mm/h  qv_bl=11.22g/kg
t=  1440s  step=  741  w_max=10.99m/s  w99=3.09m/s  qc_max=2.77g/kg  cov=12.7%  N= 11  CB=969m  CT=2785m  prec=0.00mm/h  qv_bl=11.23g/kg
t=  1500s  step=  773  w_max=11.61m/s  w99=3.13m/s  qc_max=3.06g/kg  cov=13.0%  N= 11  CB=1061m  CT=2785m  prec=0.00mm/h  qv_bl=11.24g/kg
t=  1560s  step=  806  w_max=12.25m/s  w99=3.17m/s  qc_max=3.38g/kg  cov=13.1%  N= 11  CB=1061m  CT=2785m  prec=0.00mm/h  qv_bl=11.25g/kg
t=  1620s  step=  842  w_max=13.68m/s  w99=3.23m/s  qc_max=3.51g/kg  cov=13.0%  N= 12  CB=1015m  CT=2785m  prec=0.00mm/h  qv_bl=11.26g/kg
t=  1680s  step=  882  w_max=14.58m/s  w99=3.26m/s  qc_max=3.45g/kg  cov=12.9%  N= 13  CB=1015m  CT=2785m  prec=0.00mm/h  qv_bl=11.27g/kg
t=  1740s  step=  922  w_max=13.65m/s  w99=3.29m/s  qc_max=3.59g/kg  cov=12.6%  N= 13  CB=924m  CT=2865m  prec=0.00mm/h  qv_bl=11.28g/kg
t=  1800s  step=  958  w_max=12.18m/s  w99=3.32m/s  qc_max=3.51g/kg  cov=12.3%  N= 13  CB=924m  CT=3029m  prec=0.00mm/h  qv_bl=11.30g/kg
