Grid(120×120×80, dx=100.0m, dz=27.2–119.6m, z_top=5000m)
  dt=2.0s, t_end=7200.0s, output every 60.0s
t=     0s  step=    1  w_max= 0.00m/s  w99=0.00m/s  qc_max=0.00g/kg  cov= 0.0%  N=  0  CB=0m  CT=0m  prec=0.00mm/h  qv_bl=13.72g/kg
t=    60s  step=   31  w_max= 0.39m/s  w99=0.14m/s  qc_max=0.00g/kg  cov= 0.0%  N=  0  CB=0m  CT=0m  prec=0.00mm/h  qv_bl=13.72g/kg
t=   120s  step=   61  w_max= 0.74m/s  w99=0.27m/s  qc_max=0.00g/kg  cov= 0.0%  N=  0  CB=0m  CT=0m  prec=0.00mm/h  qv_bl=13.73g/kg
t=   180s  step=   91  w_max= 1.03m/s  w99=0.37m/s  qc_max=0.00g/kg  cov= 0.0%  N=  0  CB=0m  CT=0m  prec=0.00mm/h  qv_bl=13.73g/kg
t=   240s  step=  121  w_max= 1.18m/s  w99=0.45m/s  qc_max=0.00g/kg  cov= 0.0%  N=  0  CB=0m  CT=0m  prec=0.00mm/h  qv_bl=13.73g/kg
t=   300s  step=  151  w_max= 1.34m/s  w99=0.51m/s  qc_max=0.00g/kg  cov= 0.0%  N=  0  CB=0m  CT=0m  prec=0.00mm/h  qv_bl=13.73g/kg
t=   360s  step=  181  w_max= 1.54m/s  w99=0.55m/s  qc_max=0.00g/kg  cov= 0.0%  N=  0  CB=0m  CT=0m  prec=0.00mm/h  qv_bl=13.73g/kg
t=   420s  step=  211  w_max= 1.69m/s  w99=0.57m/s  qc_max=0.00g/kg  cov= 0.0%  N=  0  CB=0m  CT=0m  prec=0.00mm/h  qv_bl=13.73g/kg
t=   480s  step=  241  w_max= 1.95m/s  w99=0.59m/s  qc_max=0.00g/kg  cov= 0.0%  N=  0  CB=0m  CT=0m  prec=0.00mm/h  qv_bl=13.73g/kg
t=   540s  step=  271  w_max= 2.05m/s  w99=0.60m/s  qc_max=0.00g/kg  cov= 0.0%  N=  0  CB=0m  CT=0m  prec=0.00mm/h  qv_bl=13.73g/kg
t=   600s  step=  301  w_max= 2.32m/s  w99=0.61m/s  qc_max=0.00g/kg  cov= 0.0%  N=  0  CB=0m  CT=0m  prec=0.00mm/h  qv_bl=13.72g/kg
t=   660s  step=  331  w_max= 2.55m/s  w99=0.61m/s  qc_max=0.00g/kg  cov= 0.0%  N=  0  CB=0m  CT=0m  prec=0.00mm/h  qv_bl=13.72g/kg
t=   720s  step=  361  w_max= 2.68m/s  w99=0.63m/s  qc_max=0.00g/kg  cov= 0.0%  N=  0  CB=0m  CT=0m  prec=0.00mm/h  qv_bl=13.72g/kg
t=   780s  step=  391  w_max= 2.70m/s  w99=0.66m/s  qc_max=0.00g/kg  cov= 0.0%  N=  0  CB=0m  CT=0m  prec=0.00mm/h  qv_bl=13.72g/kg
t=   840s  step=  421  w_max= 2.79m/s  w99=0.70m/s  qc_max=0.03g/kg  cov= 0.1%  N=  1  CB=837m  CT=969m  prec=0.00mm/h  qv_bl=13.72g/kg
t=   900s  step=  451  w_max= 3.38m/s  w99=0.75m/s  qc_max=0.11g/kg  cov= 0.3%  N=  2  CB=837m  CT=1061m  prec=0.00mm/h  qv_bl=13.72g/kg
t=   960s  step=  481  w_max= 4.04m/s  w99=0.82m/s  qc_max=0.18g/kg  cov= 0.9%  N=  3  CB=837m  CT=1156m  prec=0.00mm/h  qv_bl=13.71g/kg
t=  1020s  step=  511  w_max= 4.77m/s  w99=0.91m/s  qc_max=0.27g/kg  cov= 1.4%  N=  3  CB=837m  CT=1255m  prec=0.00mm/h  qv_bl=13.71g/kg
t=  1080s  step=  541  w_max= 5.53m/s  w99=1.03m/s  qc_max=0.36g/kg  cov= 2.0%  N=  5  CB=837m  CT=1358m  prec=0.00mm/h  qv_bl=13.71g/kg
t=  1140s  step=  571  w_max= 6.38m/s  w99=1.18m/s  qc_max=0.47g/kg  cov= 2.8%  N=  5  CB=837m  CT=1465m  prec=0.00mm/h  qv_bl=13.70g/kg
t=  1200s  step=  601  w_max= 7.15m/s  w99=1.36m/s  qc_max=0.63g/kg  cov= 3.8%  N=  8  CB=837m  CT=1576m  prec=0.00mm/h  qv_bl=13.70g/kg
t=  1260s  step=  631  w_max= 7.69m/s  w99=1.57m/s  qc_max=0.77g/kg  cov= 4.9%  N=  8  CB=795m  CT=1633m  prec=0.00mm/h  qv_bl=13.69g/kg
t=  1320s  step=  661  w_max= 8.17m/s  w99=1.81m/s  qc_max=0.97g/kg  cov= 5.8%  N=  9  CB=795m  CT=1810m  prec=0.00mm/h  qv_bl=13.68g/kg
t=  1380s  step=  691  w_max= 8.67m/s  w99=2.07m/s  qc_max=1.14g/kg  cov= 6.6%  N= 10  CB=795m  CT=1935m  prec=0.00mm/h  qv_bl=13.67g/kg
t=  1440s  step=  721  w_max= 9.42m/s  w99=2.32m/s  qc_max=1.32g/kg  cov= 7.3%  N= 11  CB=795m  CT=2063m  prec=0.00mm/h  qv_bl=13.65g/kg
t=  1500s  step=  751  w_max=10.57m/s  w99=2.59m/s  qc_max=1.48g/kg  cov= 8.2%  N= 13  CB=795m  CT=2197m  prec=0.00mm/h  qv_bl=13.63g/kg
t=  1560s  step=  782  w_max=11.45m/s  w99=2.83m/s  qc_max=1.65g/kg  cov= 9.1%  N= 12  CB=795m  CT=2336m  prec=0.00mm/h  qv_bl=13.60g/kg
t=  1620s  step=  815  w_max=11.89m/s  w99=3.04m/s  qc_max=1.87g/kg  cov=10.0%  N= 10  CB=795m  CT=2480m  prec=0.00mm/h  qv_bl=13.58g/kg
t=  1680s  step=  848  w_max=11.64m/s  w99=3.19m/s  qc_max=2.05g/kg  cov=10.8%  N= 10  CB=795m  CT=2630m  prec=0.00mm/h  qv_bl=13.55g/kg
t=  1740s  step=  880  w_max=11.03m/s  w99=3.31m/s  qc_max=2.08g/kg  cov=11.5%  N= 11  CB=795m  CT=2707m  prec=0.00mm/h  qv_bl=13.52g/kg
t=  1800s  step=  911  w_max=10.55m/s  w99=3.38m/s  qc_max=2.11g/kg  cov=12.2%  N= 11  CB=795m  CT=2865m  prec=0.00mm/h  qv_bl=13.49g/kg
t=  1860s  step=  942  w_max=11.54m/s  w99=3.38m/s  qc_max=2.05g/kg  cov=12.5%  N= 11  CB=837m  CT=2865m  prec=0.00mm/h  qv_bl=13.45g/kg
t=  1920s  step=  974  w_max=11.68m/s  w99=3.35m/s  qc_max=2.03g/kg  cov=13.0%  N= 10  CB=837m  CT=2946m  prec=0.00mm/h  qv_bl=13.42g/kg
t=  1980s  step= 1007  w_max=11.68m/s  w99=3.28m/s  qc_max=2.19g/kg  cov=13.5%  N=  9  CB=837m  CT=2946m  prec=0.00mm/h  qv_bl=13.39g/kg
t=  2040s  step= 1039  w_max=11.24m/s  w99=3.19m/s  qc_max=2.14g/kg  cov=13.6%  N=  9  CB=837m  CT=2865m  prec=0.00mm/h  qv_bl=13.36g/kg
t=  2100s  step= 1070  w_max=10.20m/s  w99=3.10m/s  qc_max=2.40g/kg  cov=13.8%  N=  8  CB=837m  CT=2946m  prec=0.00mm/h  qv_bl=13.33g/kg
t=  2160s  step= 1100  w_max=10.24m/s  w99=3.01m/s  qc_max=2.09g/kg  cov=13.9%  N=  8  CB=837m  CT=2946m  prec=0.00mm/h  qv_bl=13.30g/kg
t=  2220s  step= 1130  w_max=10.03m/s  w99=2.93m/s  qc_max=1.91g/kg  cov=14.0%  N=  7  CB=837m  CT=2946m  prec=0.00mm/h  qv_bl=13.28g/kg
t=  2280s  step= 1160  w_max= 9.98m/s  w99=2.85m/s  qc_max=1.89g/kg  cov=14.0%  N=  7  CB=837m  CT=2946m  prec=0.00mm/h  qv_bl=13.26g/kg
t=  2340s  step= 1190  w_max= 9.92m/s  w99=2.80m/s  qc_max=1.94g/kg  cov=13.7%  N=  6  CB=837m  CT=2946m  prec=0.00mm/h  qv_bl=13.23g/kg
t=  2400s  step= 1220  w_max= 9.49m/s  w99=2.74m/s  qc_max=1.94g/kg  cov=13.4%  N=  7  CB=837m  CT=2865m  prec=0.00mm/h  qv_bl=13.21g/kg
t=  2460s  step= 1250  w_max= 8.71m/s  w99=2.68m/s  qc_max=1.81g/kg  cov=13.4%  N=  7  CB=837m  CT=2785m  prec=0.00mm/h  qv_bl=13.20g/kg
t=  2520s  step= 1280  w_max= 7.91m/s  w99=2.63m/s  qc_max=1.68g/kg  cov=13.1%  N=  8  CB=880m  CT=2785m  prec=0.00mm/h  qv_bl=13.18g/kg
t=  2580s  step= 1310  w_max= 7.61m/s  w99=2.58m/s  qc_max=1.57g/kg  cov=13.0%  N=  8  CB=880m  CT=2785m  prec=0.00mm/h  qv_bl=13.16g/kg
t=  2640s  step= 1340  w_max= 7.87m/s  w99=2.57m/s  qc_max=1.34g/kg  cov=12.9%  N=  8  CB=880m  CT=2707m  prec=0.00mm/h  qv_bl=13.15g/kg
t=  2700s  step= 1370  w_max= 8.25m/s  w99=2.56m/s  qc_max=1.20g/kg  cov=12.9%  N= 10  CB=880m  CT=2630m  prec=0.00mm/h  qv_bl=13.14g/kg
t=  2760s  step= 1400  w_max= 8.57m/s  w99=2.55m/s  qc_max=1.08g/kg  cov=13.1%  N= 10  CB=880m  CT=2480m  prec=0.00mm/h  qv_bl=13.13g/kg
t=  2820s  step= 1430  w_max= 8.13m/s  w99=2.53m/s  qc_max=1.13g/kg  cov=13.3%  N= 12  CB=880m  CT=2336m  prec=0.00mm/h  qv_bl=13.12g/kg
t=  2880s  step= 1460  w_max= 7.46m/s  w99=2.50m/s  qc_max=1.14g/kg  cov=13.7%  N= 15  CB=924m  CT=2407m  prec=0.00mm/h  qv_bl=13.11g/kg
t=  2940s  step= 1490  w_max= 7.29m/s  w99=2.49m/s  qc_max=1.29g/kg  cov=13.8%  N= 17  CB=924m  CT=2407m  prec=0.00mm/h  qv_bl=13.10g/kg
t=  3000s  step= 1520  w_max= 8.24m/s  w99=2.50m/s  qc_max=1.19g/kg  cov=14.0%  N= 16  CB=924m  CT=2407m  prec=0.00mm/h  qv_bl=13.09g/kg
t=  3060s  step= 1550  w_max= 8.90m/s  w99=2.52m/s  qc_max=1.01g/kg  cov=14.0%  N= 13  CB=924m  CT=2407m  prec=0.00mm/h  qv_bl=13.08g/kg
t=  3120s  step= 1580  w_max= 9.43m/s  w99=2.56m/s  qc_max=0.97g/kg  cov=14.0%  N= 15  CB=924m  CT=2336m  prec=0.00mm/h  qv_bl=13.07g/kg
t=  3180s  step= 1610  w_max=10.67m/s  w99=2.57m/s  qc_max=0.89g/kg  cov=13.7%  N= 17  CB=924m  CT=2197m  prec=0.00mm/h  qv_bl=13.07g/kg
t=  3240s  step= 1640  w_max=10.90m/s  w99=2.57m/s  qc_max=0.93g/kg  cov=13.5%  N= 16  CB=924m  CT=2130m  prec=0.00mm/h  qv_bl=13.06g/kg
t=  3300s  step= 1672  w_max=11.51m/s  w99=2.57m/s  qc_max=1.03g/kg  cov=13.3%  N= 17  CB=924m  CT=2130m  prec=0.00mm/h  qv_bl=13.05g/kg
t=  3360s  step= 1703  w_max=11.08m/s  w99=2.58m/s  qc_max=1.14g/kg  cov=12.8%  N= 20  CB=969m  CT=2130m  prec=0.00mm/h  qv_bl=13.04g/kg
t=  3420s  step= 1734  w_max=10.35m/s  w99=2.56m/s  qc_max=1.16g/kg  cov=12.4%  N= 23  CB=969m  CT=2197m  prec=0.00mm/h  qv_bl=13.03g/kg
t=  3480s  step= 1764  w_max=10.09m/s  w99=2.56m/s  qc_max=1.25g/kg  cov=12.0%  N= 20  CB=969m  CT=2336m  prec=0.00mm/h  qv_bl=13.02g/kg
t=  3540s  step= 1794  w_max= 9.23m/s  w99=2.52m/s  qc_max=1.43g/kg  cov=11.6%  N= 19  CB=969m  CT=2480m  prec=0.00mm/h  qv_bl=13.02g/kg
t=  3600s  step= 1824  w_max= 8.47m/s  w99=2.50m/s  qc_max=1.47g/kg  cov=11.0%  N= 21  CB=1015m  CT=2554m  prec=0.00mm/h  qv_bl=13.01g/kg
t=  3660s  step= 1854  w_max= 7.92m/s  w99=2.48m/s  qc_max=1.41g/kg  cov=10.8%  N= 20  CB=1015m  CT=2630m  prec=0.00mm/h  qv_bl=13.00g/kg
t=  3720s  step= 1884  w_max= 7.85m/s  w99=2.48m/s  qc_max=1.36g/kg  cov=10.9%  N= 20  CB=1015m  CT=2630m  prec=0.00mm/h  qv_bl=13.00g/kg
t=  3780s  step= 1914  w_max= 7.83m/s  w99=2.49m/s  qc_max=1.27g/kg  cov=10.9%  N= 19  CB=1015m  CT=2630m  prec=0.00mm/h  qv_bl=12.99g/kg
t=  3840s  step= 1944  w_max= 7.60m/s  w99=2.52m/s  qc_max=1.21g/kg  cov=10.9%  N= 18  CB=1015m  CT=2630m  prec=0.00mm/h  qv_bl=12.99g/kg
t=  3900s  step= 1974  w_max= 7.92m/s  w99=2.54m/s  qc_max=1.06g/kg  cov=11.1%  N= 16  CB=1015m  CT=2554m  prec=0.00mm/h  qv_bl=12.98g/kg
t=  3960s  step= 2004  w_max= 7.89m/s  w99=2.55m/s  qc_max=1.09g/kg  cov=11.1%  N= 18  CB=1015m  CT=2480m  prec=0.00mm/h  qv_bl=12.98g/kg
t=  4020s  step= 2034  w_max= 8.60m/s  w99=2.56m/s  qc_max=1.00g/kg  cov=11.5%  N= 16  CB=1015m  CT=2407m  prec=0.00mm/h  qv_bl=12.98g/kg
t=  4080s  step= 2064  w_max= 8.77m/s  w99=2.55m/s  qc_max=1.05g/kg  cov=11.9%  N= 17  CB=1015m  CT=2336m  prec=0.00mm/h  qv_bl=12.97g/kg
t=  4140s  step= 2094  w_max= 8.04m/s  w99=2.53m/s  qc_max=1.08g/kg  cov=12.2%  N= 18  CB=1015m  CT=2336m  prec=0.00mm/h  qv_bl=12.97g/kg
t=  4200s  step= 2124  w_max= 7.76m/s  w99=2.52m/s  qc_max=1.04g/kg  cov=12.3%  N= 17  CB=1015m  CT=2336m  prec=0.00mm/h  qv_bl=12.97g/kg
t=  4260s  step= 2154  w_max= 7.65m/s  w99=2.51m/s  qc_max=1.16g/kg  cov=12.7%  N= 16  CB=1015m  CT=2336m  prec=0.00mm/h  qv_bl=12.96g/kg
t=  4320s  step= 2184  w_max= 8.38m/s  w99=2.52m/s  qc_max=1.18g/kg  cov=13.2%  N= 16  CB=1015m  CT=2336m  prec=0.00mm/h  qv_bl=12.96g/kg
t=  4380s  step= 2214  w_max= 9.07m/s  w99=2.53m/s  qc_max=1.14g/kg  cov=13.5%  N= 16  CB=1015m  CT=2336m  prec=0.00mm/h  qv_bl=12.96g/kg
t=  4440s  step= 2244  w_max= 9.48m/s  w99=2.52m/s  qc_max=1.05g/kg  cov=13.6%  N= 16  CB=1015m  CT=2336m  prec=0.00mm/h  qv_bl=12.95g/kg
t=  4500s  step= 2274  w_max= 8.88m/s  w99=2.50m/s  qc_max=1.03g/kg  cov=13.4%  N= 17  CB=1015m  CT=2336m  prec=0.00mm/h  qv_bl=12.95g/kg
t=  4560s  step= 2304  w_max= 8.51m/s  w99=2.48m/s  qc_max=0.91g/kg  cov=13.3%  N= 18  CB=1015m  CT=2336m  prec=0.00mm/h  qv_bl=12.95g/kg
t=  4620s  step= 2334  w_max= 8.74m/s  w99=2.48m/s  qc_max=0.93g/kg  cov=12.8%  N= 21  CB=1015m  CT=2266m  prec=0.00mm/h  qv_bl=12.94g/kg
t=  4680s  step= 2364  w_max= 9.57m/s  w99=2.45m/s  qc_max=0.89g/kg  cov=12.4%  N= 21  CB=1015m  CT=2266m  prec=0.00mm/h  qv_bl=12.94g/kg
t=  4740s  step= 2394  w_max= 9.53m/s  w99=2.44m/s  qc_max=0.86g/kg  cov=11.9%  N= 19  CB=1015m  CT=2266m  prec=0.00mm/h  qv_bl=12.94g/kg
t=  4800s  step= 2424  w_max= 8.25m/s  w99=2.44m/s  qc_max=0.85g/kg  cov=11.6%  N= 17  CB=1015m  CT=2197m  prec=0.00mm/h  qv_bl=12.94g/kg
t=  4860s  step= 2454  w_max= 8.78m/s  w99=2.43m/s  qc_max=0.78g/kg  cov=11.3%  N= 16  CB=1015m  CT=2130m  prec=0.00mm/h  qv_bl=12.94g/kg
t=  4920s  step= 2484  w_max= 8.74m/s  w99=2.41m/s  qc_max=0.87g/kg  cov=10.9%  N= 15  CB=1015m  CT=2063m  prec=0.00mm/h  qv_bl=12.93g/kg
t=  4980s  step= 2514  w_max= 9.15m/s  w99=2.41m/s  qc_max=0.98g/kg  cov=10.4%  N= 18  CB=1015m  CT=2130m  prec=0.00mm/h  qv_bl=12.93g/kg
t=  5040s  step= 2544  w_max=10.60m/s  w99=2.40m/s  qc_max=1.08g/kg  cov=10.1%  N= 18  CB=1061m  CT=2197m  prec=0.00mm/h  qv_bl=12.93g/kg
t=  5100s  step= 2574  w_max=10.54m/s  w99=2.39m/s  qc_max=1.17g/kg  cov= 9.9%  N= 15  CB=1061m  CT=2336m  prec=0.00mm/h  qv_bl=12.93g/kg
t=  5160s  step= 2604  w_max= 9.86m/s  w99=2.40m/s  qc_max=1.14g/kg  cov= 9.6%  N= 16  CB=1061m  CT=2407m  prec=0.00mm/h  qv_bl=12.93g/kg
t=  5220s  step= 2634  w_max= 9.09m/s  w99=2.39m/s  qc_max=1.21g/kg  cov= 9.4%  N= 16  CB=1015m  CT=2407m  prec=0.00mm/h  qv_bl=12.93g/kg
t=  5280s  step= 2664  w_max= 9.06m/s  w99=2.39m/s  qc_max=1.14g/kg  cov= 9.1%  N= 18  CB=1015m  CT=2407m  prec=0.00mm/h  qv_bl=12.93g/kg
t=  5340s  step= 2694  w_max= 8.94m/s  w99=2.37m/s  qc_max=1.37g/kg  cov= 8.8%  N= 13  CB=1015m  CT=2407m  prec=0.00mm/h  qv_bl=12.93g/kg
t=  5400s  step= 2724  w_max= 9.10m/s  w99=2.36m/s  qc_max=1.51g/kg  cov= 8.7%  N= 13  CB=1015m  CT=2554m  prec=0.00mm/h  qv_bl=12.93g/kg
t=  5460s  step= 2754  w_max= 9.10m/s  w99=2.34m/s  qc_max=1.54g/kg  cov= 8.5%  N= 11  CB=1061m  CT=2630m  prec=0.00mm/h  qv_bl=12.92g/kg
t=  5520s  step= 2784  w_max= 9.63m/s  w99=2.34m/s  qc_max=1.57g/kg  cov= 8.4%  N= 11  CB=1061m  CT=2630m  prec=0.00mm/h  qv_bl=12.92g/kg
t=  5580s  step= 2814  w_max=10.22m/s  w99=2.30m/s  qc_max=1.36g/kg  cov= 8.6%  N= 11  CB=1015m  CT=2630m  prec=0.00mm/h  qv_bl=12.92g/kg
t=  5640s  step= 2844  w_max=10.51m/s  w99=2.31m/s  qc_max=1.42g/kg  cov= 8.7%  N= 10  CB=1015m  CT=2630m  prec=0.00mm/h  qv_bl=12.92g/kg
t=  5700s  step= 2874  w_max=10.59m/s  w99=2.30m/s  qc_max=1.44g/kg  cov= 8.8%  N= 10  CB=1015m  CT=2707m  prec=0.00mm/h  qv_bl=12.92g/kg
t=  5760s  step= 2904  w_max=10.53m/s  w99=2.29m/s  qc_max=1.51g/kg  cov= 8.8%  N=  9  CB=1015m  CT=2707m  prec=0.00mm/h  qv_bl=12.92g/kg
t=  5820s  step= 2934  w_max= 9.91m/s  w99=2.28m/s  qc_max=1.52g/kg  cov= 8.7%  N=  9  CB=1015m  CT=2785m  prec=0.00mm/h  qv_bl=12.92g/kg
t=  5880s  step= 2964  w_max= 8.69m/s  w99=2.28m/s  qc_max=1.53g/kg  cov= 8.8%  N= 10  CB=1015m  CT=2785m  prec=0.00mm/h  qv_bl=12.92g/kg
t=  5940s  step= 2994  w_max= 7.56m/s  w99=2.31m/s  qc_max=1.41g/kg  cov= 8.7%  N=  9  CB=1015m  CT=2865m  prec=0.00mm/h  qv_bl=12.92g/kg
t=  6000s  step= 3024  w_max= 7.28m/s  w99=2.32m/s  qc_max=1.40g/kg  cov= 8.6%  N=  9  CB=1015m  CT=2865m  prec=0.00mm/h  qv_bl=12.92g/kg
t=  6060s  step= 3054  w_max= 7.56m/s  w99=2.34m/s  qc_max=1.39g/kg  cov= 8.3%  N= 10  CB=1061m  CT=2865m  prec=0.00mm/h  qv_bl=12.92g/kg
t=  6120s  step= 3084  w_max= 8.87m/s  w99=2.34m/s  qc_max=1.30g/kg  cov= 8.3%  N= 11  CB=1061m  CT=2785m  prec=0.00mm/h  qv_bl=12.92g/kg
t=  6180s  step= 3114  w_max= 9.38m/s  w99=2.36m/s  qc_max=1.16g/kg  cov= 8.3%  N= 12  CB=1015m  CT=2707m  prec=0.00mm/h  qv_bl=12.92g/kg
t=  6240s  step= 3144  w_max= 8.39m/s  w99=2.38m/s  qc_max=1.07g/kg  cov= 8.4%  N= 12  CB=1015m  CT=2554m  prec=0.00mm/h  qv_bl=12.92g/kg
t=  6300s  step= 3174  w_max= 7.83m/s  w99=2.42m/s  qc_max=1.08g/kg  cov= 8.6%  N= 10  CB=1015m  CT=2266m  prec=0.00mm/h  qv_bl=12.92g/kg
t=  6360s  step= 3204  w_max= 7.85m/s  w99=2.43m/s  qc_max=1.18g/kg  cov= 8.8%  N=  8  CB=1061m  CT=2336m  prec=0.00mm/h  qv_bl=12.92g/kg
t=  6420s  step= 3234  w_max= 7.64m/s  w99=2.44m/s  qc_max=1.13g/kg  cov= 9.2%  N= 11  CB=1061m  CT=2407m  prec=0.00mm/h  qv_bl=12.92g/kg
t=  6480s  step= 3264  w_max= 7.78m/s  w99=2.46m/s  qc_max=1.02g/kg  cov= 9.6%  N=  9  CB=1061m  CT=2407m  prec=0.00mm/h  qv_bl=12.92g/kg
t=  6540s  step= 3294  w_max= 7.81m/s  w99=2.47m/s  qc_max=1.01g/kg  cov= 9.8%  N= 10  CB=1061m  CT=2407m  prec=0.00mm/h  qv_bl=12.92g/kg
t=  6600s  step= 3324  w_max= 7.87m/s  w99=2.47m/s  qc_max=0.98g/kg  cov= 9.8%  N=  9  CB=1061m  CT=2407m  prec=0.00mm/h  qv_bl=12.92g/kg
t=  6660s  step= 3354  w_max= 7.93m/s  w99=2.47m/s  qc_max=1.04g/kg  cov=10.0%  N= 10  CB=1061m  CT=2407m  prec=0.00mm/h  qv_bl=12.91g/kg
t=  6720s  step= 3384  w_max= 7.76m/s  w99=2.46m/s  qc_max=1.09g/kg  cov= 9.9%  N= 11  CB=1061m  CT=2407m  prec=0.00mm/h  qv_bl=12.91g/kg
t=  6780s  step= 3414  w_max= 7.58m/s  w99=2.44m/s  qc_max=1.12g/kg  cov=10.1%  N= 10  CB=1061m  CT=2336m  prec=0.00mm/h  qv_bl=12.91g/kg
t=  6840s  step= 3444  w_max= 7.81m/s  w99=2.42m/s  qc_max=1.05g/kg  cov=10.1%  N= 11  CB=1061m  CT=2336m  prec=0.00mm/h  qv_bl=12.91g/kg
t=  6900s  step= 3474  w_max= 8.22m/s  w99=2.41m/s  qc_max=0.97g/kg  cov= 9.9%  N= 12  CB=1061m  CT=2336m  prec=0.00mm/h  qv_bl=12.91g/kg
t=  6960s  step= 3504  w_max= 8.34m/s  w99=2.40m/s  qc_max=0.84g/kg  cov= 9.8%  N= 13  CB=1061m  CT=2336m  prec=0.00mm/h  qv_bl=12.91g/kg
t=  7020s  step= 3534  w_max= 8.26m/s  w99=2.40m/s  qc_max=0.90g/kg  cov= 9.7%  N= 13  CB=1061m  CT=2266m  prec=0.00mm/h  qv_bl=12.91g/kg
t=  7080s  step= 3564  w_max= 8.03m/s  w99=2.38m/s  qc_max=1.00g/kg  cov= 9.4%  N= 13  CB=1061m  CT=2336m  prec=0.00mm/h  qv_bl=12.90g/kg
t=  7140s  step= 3594  w_max= 8.59m/s  w99=2.36m/s  qc_max=1.07g/kg  cov= 9.3%  N= 13  CB=1061m  CT=2336m  prec=0.00mm/h  qv_bl=12.90g/kg
t=  7200s  step= 3624  w_max= 8.98m/s  w99=2.36m/s  qc_max=1.06g/kg  cov= 9.0%  N= 14  CB=1061m  CT=2407m  prec=0.00mm/h  qv_bl=12.90g/kg
