==================================================
Starting Phase 1: QV_SURF Sweep (5 experiments)
==================================================

[1/5] Running exp01_qv0110 (QV_SURF=0.011)...
🔬 Running experiment: exp01_qv0110
   Phase: phase1_qvsurf
   Duration: 1800.0s
   📝 Updating config.py...
   ▶ Running simulation...
   📊 Analyzing results...
   💾 Saving outputs...
   ~ Status: MARGINAL
   Cloud cover: 2.0% ± 1.2%
   qc_max: 0.61 g/kg
   qv_bl drift: -0.48 g/kg

[2/5] Running exp02_qv0120 (QV_SURF=0.012)...
🔬 Running experiment: exp02_qv0120
   Phase: phase1_qvsurf
   Duration: 1800.0s
   📝 Updating config.py...
   ▶ Running simulation...
   📊 Analyzing results...
   💾 Saving outputs...
   ~ Status: MARGINAL
   Cloud cover: 0.8% ± 0.3%
   qc_max: 0.23 g/kg
   qv_bl drift: -0.00 g/kg

[3/5] Running exp03_qv0125 (QV_SURF=0.0125)...
🔬 Running experiment: exp03_qv0125
   Phase: phase1_qvsurf
   Duration: 1800.0s
   📝 Updating config.py...
   ▶ Running simulation...
   📊 Analyzing results...
   💾 Saving outputs...
   ~ Status: MARGINAL
   Cloud cover: 1.3% ± 0.5%
   qc_max: 0.25 g/kg
   qv_bl drift: 0.13 g/kg

[4/5] Running exp04_qv0130 (QV_SURF=0.013)...
🔬 Running experiment: exp04_qv0130
   Phase: phase1_qvsurf
   Duration: 1800.0s
   📝 Updating config.py...
   ▶ Running simulation...
   📊 Analyzing results...
   💾 Saving outputs...
   ~ Status: MARGINAL
   Cloud cover: 2.0% ± 0.7%
   qc_max: 0.43 g/kg
   qv_bl drift: 0.21 g/kg

[5/5] Running exp05_qv0135 (QV_SURF=0.0135)...
🔬 Running experiment: exp05_qv0135
   Phase: phase1_qvsurf
   Duration: 1800.0s
   📝 Updating config.py...
   ▶ Running simulation...
   📊 Analyzing results...
   💾 Saving outputs...
   ~ Status: MARGINAL
   Cloud cover: 4.3% ± 1.8%
   qc_max: 0.80 g/kg
   qv_bl drift: 0.26 g/kg


==================================================
Phase 1 Complete!
==================================================
Check experiments/results_summary.csv for results
