======================================================
Phase 1b: Extended QV_SURF Sweep (5 experiments)
Target: Find 10-20% cloud cover range
======================================================

[1/5] Running exp06_qv0140 (QV_SURF=0.014)...
🔬 Running experiment: exp06_qv0140
   Phase: phase1_qvsurf
   Duration: 1800.0s
   📝 Updating config.py...
   ▶ Running simulation...
   📊 Analyzing results...
   💾 Saving outputs...
   💾 Saved 252 snapshots for GIF generation
   ~ Status: MARGINAL
   Cloud cover: 6.4% ± 0.9%
   qc_max: 1.57 g/kg
   qv_bl drift: 0.30 g/kg

[2/5] Running exp07_qv0150 (QV_SURF=0.015)...
🔬 Running experiment: exp07_qv0150
   Phase: phase1_qvsurf
   Duration: 1800.0s
   📝 Updating config.py...
   ▶ Running simulation...
   📊 Analyzing results...
   💾 Saving outputs...
   💾 Saved 252 snapshots for GIF generation
   ~ Status: MARGINAL
   Cloud cover: 9.8% ± 2.9%
   qc_max: 2.63 g/kg
   qv_bl drift: 0.44 g/kg

[3/5] Running exp08_qv0160 (QV_SURF=0.016)...
🔬 Running experiment: exp08_qv0160
   Phase: phase1_qvsurf
   Duration: 1800.0s
   📝 Updating config.py...
   ▶ Running simulation...
   📊 Analyzing results...
   💾 Saving outputs...
   💾 Saved 252 snapshots for GIF generation
   ~ Status: MARGINAL
   Cloud cover: 13.8% ± 2.2%
   qc_max: 3.96 g/kg
   qv_bl drift: 0.53 g/kg

[4/5] Running exp09_qv0170 (QV_SURF=0.017)...
🔬 Running experiment: exp09_qv0170
   Phase: phase1_qvsurf
   Duration: 1800.0s
   📝 Updating config.py...
   ▶ Running simulation...
   📊 Analyzing results...
   💾 Saving outputs...
   💾 Saved 252 snapshots for GIF generation
   ~ Status: MARGINAL
   Cloud cover: 18.2% ± 2.7%
   qc_max: 6.33 g/kg
   qv_bl drift: 0.67 g/kg

[5/5] Running exp10_qv0180 (QV_SURF=0.018)...
🔬 Running experiment: exp10_qv0180
   Phase: phase1_qvsurf
   Duration: 1800.0s
   📝 Updating config.py...
   ▶ Running simulation...
   📊 Analyzing results...
   💾 Saving outputs...
   💾 Saved 252 snapshots for GIF generation
   ~ Status: MARGINAL
   Cloud cover: 24.4% ± 3.8%
   qc_max: 6.03 g/kg
   qv_bl drift: 0.77 g/kg


======================================================
Phase 1b Complete!
======================================================
Check experiments/results_summary.csv for results
Snapshots saved for comparison GIF generation
