Grid(120×120×80, dx=100.0m, dz=27.2–119.6m, z_top=5000m)
  dt=2.0s, t_end=7200.0s, output every 60.0s
t=     0s  step=    1  w_max= 0.00m/s  w99=0.00m/s  qc_max=0.00g/kg  cov= 0.0%  N=  0  CB=0m  CT=0m  prec=0.00mm/h  qv_bl=9.43g/kg
t=    60s  step=   31  w_max= 0.40m/s  w99=0.15m/s  qc_max=0.00g/kg  cov= 0.0%  N=  0  CB=0m  CT=0m  prec=0.00mm/h  qv_bl=9.43g/kg
t=   120s  step=   61  w_max= 0.76m/s  w99=0.28m/s  qc_max=0.00g/kg  cov= 0.0%  N=  0  CB=0m  CT=0m  prec=0.00mm/h  qv_bl=9.43g/kg
t=   180s  step=   91  w_max= 1.06m/s  w99=0.39m/s  qc_max=0.00g/kg  cov= 0.0%  N=  0  CB=0m  CT=0m  prec=0.00mm/h  qv_bl=9.43g/kg
t=   240s  step=  121  w_max= 1.24m/s  w99=0.47m/s  qc_max=0.00g/kg  cov= 0.0%  N=  0  CB=0m  CT=0m  prec=0.00mm/h  qv_bl=9.43g/kg
t=   300s  step=  151  w_max= 1.43m/s  w99=0.54m/s  qc_max=0.00g/kg  cov= 0.0%  N=  0  CB=0m  CT=0m  prec=0.00mm/h  qv_bl=9.43g/kg
t=   360s  step=  181  w_max= 1.66m/s  w99=0.59m/s  qc_max=0.00g/kg  cov= 0.0%  N=  0  CB=0m  CT=0m  prec=0.00mm/h  qv_bl=9.43g/kg
t=   420s  step=  211  w_max= 1.87m/s  w99=0.63m/s  qc_max=0.00g/kg  cov= 0.0%  N=  0  CB=0m  CT=0m  prec=0.00mm/h  qv_bl=9.42g/kg
t=   480s  step=  241  w_max= 2.12m/s  w99=0.66m/s  qc_max=0.00g/kg  cov= 0.0%  N=  0  CB=0m  CT=0m  prec=0.00mm/h  qv_bl=9.42g/kg
t=   540s  step=  271  w_max= 2.30m/s  w99=0.69m/s  qc_max=0.00g/kg  cov= 0.0%  N=  0  CB=0m  CT=0m  prec=0.00mm/h  qv_bl=9.42g/kg
t=   600s  step=  301  w_max= 2.64m/s  w99=0.71m/s  qc_max=0.00g/kg  cov= 0.0%  N=  0  CB=0m  CT=0m  prec=0.00mm/h  qv_bl=9.42g/kg
t=   660s  step=  331  w_max= 2.81m/s  w99=0.74m/s  qc_max=0.00g/kg  cov= 0.0%  N=  0  CB=0m  CT=0m  prec=0.00mm/h  qv_bl=9.41g/kg
t=   720s  step=  361  w_max= 3.72m/s  w99=0.79m/s  qc_max=0.00g/kg  cov= 0.0%  N=  0  CB=0m  CT=0m  prec=0.00mm/h  qv_bl=9.41g/kg
t=   780s  step=  391  w_max= 4.97m/s  w99=0.86m/s  qc_max=0.00g/kg  cov= 0.0%  N=  0  CB=0m  CT=0m  prec=0.00mm/h  qv_bl=9.41g/kg
t=   840s  step=  421  w_max= 5.62m/s  w99=0.95m/s  qc_max=0.00g/kg  cov= 0.0%  N=  0  CB=0m  CT=0m  prec=0.00mm/h  qv_bl=9.40g/kg
t=   900s  step=  451  w_max= 5.91m/s  w99=1.08m/s  qc_max=0.00g/kg  cov= 0.0%  N=  0  CB=0m  CT=0m  prec=0.00mm/h  qv_bl=9.40g/kg
t=   960s  step=  481  w_max= 6.62m/s  w99=1.25m/s  qc_max=0.00g/kg  cov= 0.0%  N=  0  CB=0m  CT=0m  prec=0.00mm/h  qv_bl=9.39g/kg
t=  1020s  step=  511  w_max= 7.62m/s  w99=1.47m/s  qc_max=0.00g/kg  cov= 0.0%  N=  0  CB=0m  CT=0m  prec=0.00mm/h  qv_bl=9.39g/kg
t=  1080s  step=  541  w_max= 8.58m/s  w99=1.74m/s  qc_max=0.00g/kg  cov= 0.0%  N=  0  CB=0m  CT=0m  prec=0.00mm/h  qv_bl=9.38g/kg
t=  1140s  step=  571  w_max= 9.40m/s  w99=2.03m/s  qc_max=0.07g/kg  cov= 0.1%  N=  1  CB=1411m  CT=1465m  prec=0.00mm/h  qv_bl=9.37g/kg
t=  1200s  step=  601  w_max= 9.89m/s  w99=2.32m/s  qc_max=0.24g/kg  cov= 0.3%  N=  1  CB=1411m  CT=1633m  prec=0.00mm/h  qv_bl=9.36g/kg
t=  1260s  step=  631  w_max=10.34m/s  w99=2.56m/s  qc_max=0.36g/kg  cov= 0.5%  N=  1  CB=1411m  CT=1750m  prec=0.00mm/h  qv_bl=9.35g/kg
t=  1320s  step=  661  w_max=10.76m/s  w99=2.75m/s  qc_max=0.50g/kg  cov= 0.9%  N=  2  CB=1411m  CT=1872m  prec=0.00mm/h  qv_bl=9.34g/kg
t=  1380s  step=  692  w_max=11.24m/s  w99=2.89m/s  qc_max=0.64g/kg  cov= 1.3%  N=  4  CB=1411m  CT=1998m  prec=0.00mm/h  qv_bl=9.32g/kg
t=  1440s  step=  724  w_max=11.85m/s  w99=2.98m/s  qc_max=0.76g/kg  cov= 2.1%  N=  7  CB=1411m  CT=2130m  prec=0.00mm/h  qv_bl=9.29g/kg
t=  1500s  step=  758  w_max=11.96m/s  w99=3.05m/s  qc_max=0.88g/kg  cov= 3.3%  N=  8  CB=1411m  CT=2197m  prec=0.00mm/h  qv_bl=9.27g/kg
t=  1560s  step=  791  w_max=11.42m/s  w99=3.09m/s  qc_max=1.01g/kg  cov= 4.3%  N=  8  CB=1411m  CT=2266m  prec=0.00mm/h  qv_bl=9.25g/kg
t=  1620s  step=  822  w_max=10.36m/s  w99=3.11m/s  qc_max=1.14g/kg  cov= 4.9%  N=  9  CB=1465m  CT=2407m  prec=0.00mm/h  qv_bl=9.22g/kg
t=  1680s  step=  852  w_max= 9.80m/s  w99=3.09m/s  qc_max=1.23g/kg  cov= 5.2%  N=  9  CB=1465m  CT=2407m  prec=0.00mm/h  qv_bl=9.20g/kg
t=  1740s  step=  883  w_max=11.03m/s  w99=3.07m/s  qc_max=1.31g/kg  cov= 5.2%  N=  9  CB=1465m  CT=2480m  prec=0.00mm/h  qv_bl=9.18g/kg
t=  1800s  step=  915  w_max=11.63m/s  w99=3.05m/s  qc_max=1.32g/kg  cov= 4.9%  N=  9  CB=1465m  CT=2480m  prec=0.00mm/h  qv_bl=9.16g/kg
t=  1860s  step=  947  w_max=10.80m/s  w99=3.03m/s  qc_max=1.26g/kg  cov= 4.6%  N= 10  CB=1465m  CT=2407m  prec=0.00mm/h  qv_bl=9.15g/kg
t=  1920s  step=  977  w_max=10.86m/s  w99=3.02m/s  qc_max=1.10g/kg  cov= 4.2%  N= 12  CB=1465m  CT=2407m  prec=0.00mm/h  qv_bl=9.13g/kg
t=  1980s  step= 1008  w_max=11.16m/s  w99=3.01m/s  qc_max=1.04g/kg  cov= 3.8%  N= 12  CB=1465m  CT=2336m  prec=0.00mm/h  qv_bl=9.12g/kg
t=  2040s  step= 1039  w_max=10.81m/s  w99=3.00m/s  qc_max=1.09g/kg  cov= 3.5%  N= 12  CB=1465m  CT=2197m  prec=0.00mm/h  qv_bl=9.11g/kg
t=  2100s  step= 1069  w_max= 9.89m/s  w99=3.01m/s  qc_max=1.04g/kg  cov= 3.0%  N= 10  CB=1465m  CT=2130m  prec=0.00mm/h  qv_bl=9.10g/kg
t=  2160s  step= 1099  w_max= 9.89m/s  w99=3.01m/s  qc_max=0.87g/kg  cov= 2.6%  N= 10  CB=1411m  CT=2130m  prec=0.00mm/h  qv_bl=9.09g/kg
t=  2220s  step= 1129  w_max= 9.78m/s  w99=3.02m/s  qc_max=0.59g/kg  cov= 2.4%  N=  9  CB=1358m  CT=2063m  prec=0.00mm/h  qv_bl=9.08g/kg
t=  2280s  step= 1159  w_max= 9.21m/s  w99=3.04m/s  qc_max=0.42g/kg  cov= 2.3%  N=  8  CB=1358m  CT=2063m  prec=0.00mm/h  qv_bl=9.08g/kg
t=  2340s  step= 1189  w_max= 8.64m/s  w99=3.02m/s  qc_max=0.43g/kg  cov= 2.1%  N=  8  CB=1520m  CT=1998m  prec=0.00mm/h  qv_bl=9.07g/kg
t=  2400s  step= 1219  w_max= 8.99m/s  w99=3.01m/s  qc_max=0.42g/kg  cov= 1.9%  N=  9  CB=1520m  CT=2063m  prec=0.00mm/h  qv_bl=9.06g/kg
t=  2460s  step= 1249  w_max= 9.33m/s  w99=3.01m/s  qc_max=0.45g/kg  cov= 1.6%  N= 10  CB=1520m  CT=2063m  prec=0.00mm/h  qv_bl=9.06g/kg
t=  2520s  step= 1279  w_max= 9.04m/s  w99=3.00m/s  qc_max=0.46g/kg  cov= 1.4%  N=  9  CB=1520m  CT=2063m  prec=0.00mm/h  qv_bl=9.05g/kg
t=  2580s  step= 1309  w_max= 9.94m/s  w99=2.99m/s  qc_max=0.42g/kg  cov= 1.2%  N= 10  CB=1520m  CT=1998m  prec=0.00mm/h  qv_bl=9.04g/kg
t=  2640s  step= 1339  w_max=10.44m/s  w99=3.01m/s  qc_max=0.40g/kg  cov= 1.1%  N=  8  CB=1520m  CT=1998m  prec=0.00mm/h  qv_bl=9.04g/kg
t=  2700s  step= 1369  w_max=10.24m/s  w99=3.03m/s  qc_max=0.39g/kg  cov= 1.0%  N=  6  CB=1520m  CT=1998m  prec=0.00mm/h  qv_bl=9.03g/kg
t=  2760s  step= 1399  w_max=10.17m/s  w99=3.03m/s  qc_max=0.38g/kg  cov= 0.9%  N=  7  CB=1520m  CT=1998m  prec=0.00mm/h  qv_bl=9.03g/kg
t=  2820s  step= 1429  w_max=10.59m/s  w99=3.06m/s  qc_max=0.35g/kg  cov= 0.9%  N=  7  CB=1520m  CT=1998m  prec=0.00mm/h  qv_bl=9.03g/kg
t=  2880s  step= 1459  w_max=10.36m/s  w99=3.07m/s  qc_max=0.34g/kg  cov= 0.9%  N=  7  CB=1576m  CT=1998m  prec=0.00mm/h  qv_bl=9.02g/kg
t=  2940s  step= 1489  w_max=10.18m/s  w99=3.07m/s  qc_max=0.30g/kg  cov= 0.7%  N=  6  CB=1576m  CT=1935m  prec=0.00mm/h  qv_bl=9.02g/kg
t=  3000s  step= 1519  w_max= 9.75m/s  w99=3.06m/s  qc_max=0.22g/kg  cov= 0.7%  N=  6  CB=1520m  CT=1872m  prec=0.00mm/h  qv_bl=9.02g/kg
t=  3060s  step= 1549  w_max= 9.78m/s  w99=3.05m/s  qc_max=0.18g/kg  cov= 0.6%  N=  5  CB=1520m  CT=1872m  prec=0.00mm/h  qv_bl=9.01g/kg
t=  3120s  step= 1579  w_max= 9.81m/s  w99=3.05m/s  qc_max=0.17g/kg  cov= 0.5%  N=  4  CB=1520m  CT=1872m  prec=0.00mm/h  qv_bl=9.01g/kg
t=  3180s  step= 1609  w_max= 9.22m/s  w99=3.03m/s  qc_max=0.15g/kg  cov= 0.4%  N=  3  CB=1520m  CT=1872m  prec=0.00mm/h  qv_bl=9.01g/kg
t=  3240s  step= 1639  w_max= 8.48m/s  w99=3.03m/s  qc_max=0.14g/kg  cov= 0.4%  N=  2  CB=1520m  CT=1810m  prec=0.00mm/h  qv_bl=9.01g/kg
t=  3300s  step= 1669  w_max= 9.22m/s  w99=3.03m/s  qc_max=0.16g/kg  cov= 0.4%  N=  2  CB=1576m  CT=1810m  prec=0.00mm/h  qv_bl=9.00g/kg
t=  3360s  step= 1699  w_max= 9.29m/s  w99=3.05m/s  qc_max=0.18g/kg  cov= 0.4%  N=  2  CB=1576m  CT=1872m  prec=0.00mm/h  qv_bl=9.00g/kg
t=  3420s  step= 1729  w_max= 8.55m/s  w99=3.04m/s  qc_max=0.21g/kg  cov= 0.4%  N=  2  CB=1576m  CT=1872m  prec=0.00mm/h  qv_bl=9.00g/kg
t=  3480s  step= 1759  w_max= 8.90m/s  w99=3.03m/s  qc_max=0.21g/kg  cov= 0.4%  N=  4  CB=1576m  CT=1935m  prec=0.00mm/h  qv_bl=9.00g/kg
t=  3540s  step= 1789  w_max= 9.78m/s  w99=3.02m/s  qc_max=0.21g/kg  cov= 0.5%  N=  4  CB=1576m  CT=1935m  prec=0.00mm/h  qv_bl=9.00g/kg
t=  3600s  step= 1819  w_max=10.71m/s  w99=3.01m/s  qc_max=0.21g/kg  cov= 0.5%  N=  3  CB=1576m  CT=1935m  prec=0.00mm/h  qv_bl=9.00g/kg
t=  3660s  step= 1850  w_max=10.99m/s  w99=3.00m/s  qc_max=0.22g/kg  cov= 0.5%  N=  2  CB=1633m  CT=1935m  prec=0.00mm/h  qv_bl=8.99g/kg
t=  3720s  step= 1881  w_max=10.66m/s  w99=3.00m/s  qc_max=0.23g/kg  cov= 0.4%  N=  2  CB=1633m  CT=1998m  prec=0.00mm/h  qv_bl=8.99g/kg
t=  3780s  step= 1911  w_max=10.24m/s  w99=3.01m/s  qc_max=0.23g/kg  cov= 0.4%  N=  2  CB=1633m  CT=1998m  prec=0.00mm/h  qv_bl=8.99g/kg
t=  3840s  step= 1941  w_max=10.19m/s  w99=3.01m/s  qc_max=0.24g/kg  cov= 0.3%  N=  2  CB=1691m  CT=1998m  prec=0.00mm/h  qv_bl=8.99g/kg
t=  3900s  step= 1971  w_max= 9.66m/s  w99=3.02m/s  qc_max=0.23g/kg  cov= 0.3%  N=  3  CB=1691m  CT=1998m  prec=0.00mm/h  qv_bl=8.99g/kg
t=  3960s  step= 2001  w_max= 8.57m/s  w99=3.01m/s  qc_max=0.22g/kg  cov= 0.2%  N=  2  CB=1691m  CT=1998m  prec=0.00mm/h  qv_bl=8.99g/kg
t=  4020s  step= 2031  w_max= 8.86m/s  w99=3.00m/s  qc_max=0.20g/kg  cov= 0.2%  N=  2  CB=1691m  CT=1935m  prec=0.00mm/h  qv_bl=8.99g/kg
t=  4080s  step= 2061  w_max= 8.92m/s  w99=3.01m/s  qc_max=0.19g/kg  cov= 0.2%  N=  2  CB=1691m  CT=1935m  prec=0.00mm/h  qv_bl=8.99g/kg
t=  4140s  step= 2091  w_max= 8.78m/s  w99=3.01m/s  qc_max=0.18g/kg  cov= 0.2%  N=  1  CB=1691m  CT=1935m  prec=0.00mm/h  qv_bl=8.98g/kg
t=  4200s  step= 2121  w_max= 8.95m/s  w99=2.99m/s  qc_max=0.17g/kg  cov= 0.2%  N=  1  CB=1691m  CT=1935m  prec=0.00mm/h  qv_bl=8.98g/kg
t=  4260s  step= 2151  w_max= 8.66m/s  w99=2.98m/s  qc_max=0.17g/kg  cov= 0.2%  N=  1  CB=1691m  CT=1935m  prec=0.00mm/h  qv_bl=8.98g/kg
t=  4320s  step= 2181  w_max= 8.74m/s  w99=2.99m/s  qc_max=0.16g/kg  cov= 0.2%  N=  1  CB=1691m  CT=1872m  prec=0.00mm/h  qv_bl=8.98g/kg
t=  4380s  step= 2211  w_max= 9.02m/s  w99=2.99m/s  qc_max=0.16g/kg  cov= 0.2%  N=  2  CB=1691m  CT=1872m  prec=0.00mm/h  qv_bl=8.98g/kg
t=  4440s  step= 2241  w_max= 9.07m/s  w99=2.99m/s  qc_max=0.17g/kg  cov= 0.3%  N=  3  CB=1633m  CT=1935m  prec=0.00mm/h  qv_bl=8.98g/kg
t=  4500s  step= 2271  w_max= 9.11m/s  w99=2.99m/s  qc_max=0.17g/kg  cov= 0.4%  N=  2  CB=1691m  CT=1935m  prec=0.00mm/h  qv_bl=8.97g/kg
t=  4560s  step= 2301  w_max= 9.40m/s  w99=2.97m/s  qc_max=0.18g/kg  cov= 0.4%  N=  2  CB=1691m  CT=1935m  prec=0.00mm/h  qv_bl=8.97g/kg
t=  4620s  step= 2331  w_max=10.07m/s  w99=2.97m/s  qc_max=0.18g/kg  cov= 0.5%  N=  3  CB=1691m  CT=1935m  prec=0.00mm/h  qv_bl=8.97g/kg
t=  4680s  step= 2361  w_max=10.66m/s  w99=2.96m/s  qc_max=0.18g/kg  cov= 0.7%  N=  4  CB=1691m  CT=1998m  prec=0.00mm/h  qv_bl=8.97g/kg
t=  4740s  step= 2391  w_max=10.78m/s  w99=2.94m/s  qc_max=0.16g/kg  cov= 0.7%  N=  4  CB=1691m  CT=2063m  prec=0.00mm/h  qv_bl=8.97g/kg
t=  4800s  step= 2421  w_max=10.60m/s  w99=2.93m/s  qc_max=0.16g/kg  cov= 0.7%  N=  4  CB=1691m  CT=2063m  prec=0.00mm/h  qv_bl=8.97g/kg
t=  4860s  step= 2451  w_max=10.13m/s  w99=2.94m/s  qc_max=0.14g/kg  cov= 0.8%  N=  4  CB=1633m  CT=2063m  prec=0.00mm/h  qv_bl=8.96g/kg
t=  4920s  step= 2481  w_max= 9.56m/s  w99=2.93m/s  qc_max=0.13g/kg  cov= 0.8%  N=  4  CB=1691m  CT=1998m  prec=0.00mm/h  qv_bl=8.96g/kg
t=  4980s  step= 2511  w_max= 9.15m/s  w99=2.92m/s  qc_max=0.13g/kg  cov= 0.8%  N=  5  CB=1691m  CT=1998m  prec=0.00mm/h  qv_bl=8.96g/kg
t=  5040s  step= 2541  w_max= 9.63m/s  w99=2.92m/s  qc_max=0.16g/kg  cov= 0.8%  N=  6  CB=1691m  CT=1998m  prec=0.00mm/h  qv_bl=8.96g/kg
t=  5100s  step= 2571  w_max= 9.93m/s  w99=2.92m/s  qc_max=0.18g/kg  cov= 0.8%  N=  5  CB=1691m  CT=2063m  prec=0.00mm/h  qv_bl=8.96g/kg
t=  5160s  step= 2601  w_max= 9.98m/s  w99=2.94m/s  qc_max=0.22g/kg  cov= 0.8%  N=  5  CB=1691m  CT=2063m  prec=0.00mm/h  qv_bl=8.95g/kg
t=  5220s  step= 2631  w_max= 9.82m/s  w99=2.93m/s  qc_max=0.25g/kg  cov= 0.9%  N=  5  CB=1520m  CT=2063m  prec=0.00mm/h  qv_bl=8.95g/kg
t=  5280s  step= 2661  w_max=10.03m/s  w99=2.92m/s  qc_max=0.27g/kg  cov= 0.9%  N=  6  CB=1520m  CT=2130m  prec=0.00mm/h  qv_bl=8.95g/kg
t=  5340s  step= 2691  w_max=10.36m/s  w99=2.91m/s  qc_max=0.28g/kg  cov= 0.9%  N=  6  CB=1520m  CT=2130m  prec=0.00mm/h  qv_bl=8.94g/kg
t=  5400s  step= 2721  w_max=10.26m/s  w99=2.91m/s  qc_max=0.29g/kg  cov= 0.9%  N=  5  CB=1520m  CT=2130m  prec=0.00mm/h  qv_bl=8.94g/kg
t=  5460s  step= 2751  w_max=10.13m/s  w99=2.92m/s  qc_max=0.29g/kg  cov= 0.9%  N=  5  CB=1520m  CT=2130m  prec=0.00mm/h  qv_bl=8.94g/kg
t=  5520s  step= 2781  w_max=10.25m/s  w99=2.92m/s  qc_max=0.29g/kg  cov= 0.9%  N=  6  CB=1520m  CT=2063m  prec=0.00mm/h  qv_bl=8.94g/kg
t=  5580s  step= 2811  w_max= 9.98m/s  w99=2.92m/s  qc_max=0.26g/kg  cov= 0.9%  N=  7  CB=1520m  CT=2063m  prec=0.00mm/h  qv_bl=8.93g/kg
t=  5640s  step= 2841  w_max=10.09m/s  w99=2.94m/s  qc_max=0.22g/kg  cov= 1.0%  N=  6  CB=1520m  CT=2063m  prec=0.00mm/h  qv_bl=8.93g/kg
t=  5700s  step= 2871  w_max=10.69m/s  w99=2.96m/s  qc_max=0.20g/kg  cov= 1.0%  N=  6  CB=1520m  CT=1998m  prec=0.00mm/h  qv_bl=8.93g/kg
t=  5760s  step= 2902  w_max=11.19m/s  w99=2.99m/s  qc_max=0.23g/kg  cov= 1.0%  N=  7  CB=1520m  CT=1998m  prec=0.00mm/h  qv_bl=8.93g/kg
t=  5820s  step= 2933  w_max=11.28m/s  w99=3.03m/s  qc_max=0.26g/kg  cov= 1.1%  N=  7  CB=1576m  CT=1998m  prec=0.00mm/h  qv_bl=8.92g/kg
t=  5880s  step= 2965  w_max=11.31m/s  w99=3.06m/s  qc_max=0.28g/kg  cov= 1.2%  N=  7  CB=1576m  CT=2063m  prec=0.00mm/h  qv_bl=8.92g/kg
t=  5940s  step= 2996  w_max=11.01m/s  w99=3.10m/s  qc_max=0.28g/kg  cov= 1.2%  N=  6  CB=1576m  CT=2063m  prec=0.00mm/h  qv_bl=8.92g/kg
t=  6000s  step= 3027  w_max=10.24m/s  w99=3.12m/s  qc_max=0.27g/kg  cov= 1.2%  N=  7  CB=1576m  CT=2063m  prec=0.00mm/h  qv_bl=8.92g/kg
t=  6060s  step= 3057  w_max= 9.55m/s  w99=3.13m/s  qc_max=0.24g/kg  cov= 1.3%  N=  8  CB=1576m  CT=2063m  prec=0.00mm/h  qv_bl=8.91g/kg
t=  6120s  step= 3087  w_max= 9.34m/s  w99=3.14m/s  qc_max=0.24g/kg  cov= 1.2%  N=  8  CB=1576m  CT=2063m  prec=0.00mm/h  qv_bl=8.91g/kg
t=  6180s  step= 3117  w_max=10.48m/s  w99=3.15m/s  qc_max=0.23g/kg  cov= 1.1%  N=  8  CB=1633m  CT=2063m  prec=0.00mm/h  qv_bl=8.91g/kg
t=  6240s  step= 3148  w_max=11.50m/s  w99=3.15m/s  qc_max=0.22g/kg  cov= 1.1%  N=  5  CB=1633m  CT=2063m  prec=0.00mm/h  qv_bl=8.91g/kg
t=  6300s  step= 3182  w_max=12.29m/s  w99=3.15m/s  qc_max=0.21g/kg  cov= 1.0%  N=  5  CB=1633m  CT=1998m  prec=0.00mm/h  qv_bl=8.90g/kg
t=  6360s  step= 3217  w_max=12.23m/s  w99=3.16m/s  qc_max=0.24g/kg  cov= 1.1%  N=  5  CB=1633m  CT=2063m  prec=0.00mm/h  qv_bl=8.90g/kg
t=  6420s  step= 3251  w_max=12.05m/s  w99=3.15m/s  qc_max=0.26g/kg  cov= 1.1%  N=  5  CB=1691m  CT=2063m  prec=0.00mm/h  qv_bl=8.90g/kg
t=  6480s  step= 3285  w_max=12.06m/s  w99=3.15m/s  qc_max=0.29g/kg  cov= 1.1%  N=  5  CB=1633m  CT=2063m  prec=0.00mm/h  qv_bl=8.90g/kg
t=  6540s  step= 3319  w_max=12.02m/s  w99=3.15m/s  qc_max=0.34g/kg  cov= 1.0%  N=  4  CB=1633m  CT=2130m  prec=0.00mm/h  qv_bl=8.90g/kg
t=  6600s  step= 3353  w_max=11.86m/s  w99=3.16m/s  qc_max=0.38g/kg  cov= 0.9%  N=  4  CB=1633m  CT=2197m  prec=0.00mm/h  qv_bl=8.90g/kg
t=  6660s  step= 3386  w_max=11.38m/s  w99=3.18m/s  qc_max=0.41g/kg  cov= 0.8%  N=  3  CB=1633m  CT=2197m  prec=0.00mm/h  qv_bl=8.90g/kg
t=  6720s  step= 3417  w_max=10.26m/s  w99=3.18m/s  qc_max=0.45g/kg  cov= 0.9%  N=  4  CB=1691m  CT=2197m  prec=0.00mm/h  qv_bl=8.89g/kg
t=  6780s  step= 3447  w_max=10.10m/s  w99=3.17m/s  qc_max=0.46g/kg  cov= 1.0%  N=  3  CB=1691m  CT=2266m  prec=0.00mm/h  qv_bl=8.89g/kg
t=  6840s  step= 3477  w_max=10.07m/s  w99=3.15m/s  qc_max=0.44g/kg  cov= 1.1%  N=  4  CB=1691m  CT=2266m  prec=0.00mm/h  qv_bl=8.89g/kg
t=  6900s  step= 3507  w_max= 9.35m/s  w99=3.14m/s  qc_max=0.39g/kg  cov= 1.3%  N=  5  CB=1633m  CT=2197m  prec=0.00mm/h  qv_bl=8.89g/kg
t=  6960s  step= 3537  w_max= 9.51m/s  w99=3.14m/s  qc_max=0.33g/kg  cov= 1.4%  N=  6  CB=1633m  CT=2197m  prec=0.00mm/h  qv_bl=8.89g/kg
t=  7020s  step= 3567  w_max= 9.39m/s  w99=3.15m/s  qc_max=0.32g/kg  cov= 1.4%  N=  6  CB=1633m  CT=2130m  prec=0.00mm/h  qv_bl=8.89g/kg
t=  7080s  step= 3597  w_max= 9.91m/s  w99=3.15m/s  qc_max=0.33g/kg  cov= 1.4%  N=  6  CB=1633m  CT=2063m  prec=0.00mm/h  qv_bl=8.89g/kg
t=  7140s  step= 3627  w_max= 9.46m/s  w99=3.16m/s  qc_max=0.32g/kg  cov= 1.5%  N=  6  CB=1633m  CT=2063m  prec=0.00mm/h  qv_bl=8.88g/kg
t=  7200s  step= 3657  w_max= 9.19m/s  w99=3.16m/s  qc_max=0.29g/kg  cov= 1.6%  N=  7  CB=1633m  CT=2063m  prec=0.00mm/h  qv_bl=8.88g/kg
