Loading initial conditions from: snapshots/snap_0006060.npz
  Snapshot time: t = 6060.0s
  Loaded: qc_max=0.00g/kg, qr_max=0.00g/kg, w_max=8.29m/s
Grid(120×120×80, dx=100.0m, dz=27.2–119.6m, z_top=5000m)
  Restart: enabled from snapshots/snap_0006060.npz
  dt=2.0s, t_end=36000.0s, output every 60.0s
t=     0s  step=    1  w_max= 7.01m/s  w99=1.06m/s  qc_max=0.00g/kg  cov= 0.0%  N=  0  CB=0m  CT=0m  prec=0.00mm/h  qv_bl=8.46g/kg
t=    60s  step=   31  w_max= 7.10m/s  w99=1.11m/s  qc_max=0.00g/kg  cov= 0.0%  N=  0  CB=0m  CT=0m  prec=0.00mm/h  qv_bl=8.46g/kg
t=   120s  step=   61  w_max= 7.18m/s  w99=1.19m/s  qc_max=0.00g/kg  cov= 0.0%  N=  0  CB=0m  CT=0m  prec=0.00mm/h  qv_bl=8.46g/kg
t=   180s  step=   91  w_max= 7.44m/s  w99=1.26m/s  qc_max=0.00g/kg  cov= 0.0%  N=  0  CB=0m  CT=0m  prec=0.00mm/h  qv_bl=8.46g/kg
t=   240s  step=  121  w_max= 8.30m/s  w99=1.33m/s  qc_max=0.00g/kg  cov= 0.0%  N=  0  CB=0m  CT=0m  prec=0.00mm/h  qv_bl=8.46g/kg
t=   300s  step=  151  w_max= 8.77m/s  w99=1.38m/s  qc_max=0.00g/kg  cov= 0.0%  N=  0  CB=0m  CT=0m  prec=0.00mm/h  qv_bl=8.46g/kg
t=   360s  step=  181  w_max= 8.88m/s  w99=1.41m/s  qc_max=0.00g/kg  cov= 0.0%  N=  0  CB=0m  CT=0m  prec=0.00mm/h  qv_bl=8.46g/kg
t=   420s  step=  211  w_max= 8.40m/s  w99=1.42m/s  qc_max=0.00g/kg  cov= 0.0%  N=  0  CB=0m  CT=0m  prec=0.00mm/h  qv_bl=8.46g/kg
t=   480s  step=  241  w_max= 7.74m/s  w99=1.42m/s  qc_max=0.00g/kg  cov= 0.0%  N=  0  CB=0m  CT=0m  prec=0.00mm/h  qv_bl=8.46g/kg
t=   540s  step=  271  w_max= 7.26m/s  w99=1.42m/s  qc_max=0.00g/kg  cov= 0.0%  N=  0  CB=0m  CT=0m  prec=0.00mm/h  qv_bl=8.46g/kg
t=   600s  step=  301  w_max= 6.80m/s  w99=1.42m/s  qc_max=0.00g/kg  cov= 0.0%  N=  0  CB=0m  CT=0m  prec=0.00mm/h  qv_bl=8.46g/kg
t=   660s  step=  331  w_max= 6.93m/s  w99=1.41m/s  qc_max=0.00g/kg  cov= 0.0%  N=  0  CB=0m  CT=0m  prec=0.00mm/h  qv_bl=8.46g/kg
t=   720s  step=  361  w_max= 7.25m/s  w99=1.41m/s  qc_max=0.00g/kg  cov= 0.0%  N=  0  CB=0m  CT=0m  prec=0.00mm/h  qv_bl=8.46g/kg
t=   780s  step=  391  w_max= 7.25m/s  w99=1.41m/s  qc_max=0.00g/kg  cov= 0.0%  N=  0  CB=0m  CT=0m  prec=0.00mm/h  qv_bl=8.46g/kg
t=   840s  step=  421  w_max= 6.98m/s  w99=1.42m/s  qc_max=0.00g/kg  cov= 0.0%  N=  0  CB=0m  CT=0m  prec=0.00mm/h  qv_bl=8.46g/kg
t=   900s  step=  451  w_max= 6.62m/s  w99=1.42m/s  qc_max=0.00g/kg  cov= 0.0%  N=  0  CB=0m  CT=0m  prec=0.00mm/h  qv_bl=8.46g/kg
t=   960s  step=  481  w_max= 6.36m/s  w99=1.43m/s  qc_max=0.00g/kg  cov= 0.0%  N=  0  CB=0m  CT=0m  prec=0.00mm/h  qv_bl=8.46g/kg
t=  1020s  step=  511  w_max= 6.44m/s  w99=1.44m/s  qc_max=0.00g/kg  cov= 0.0%  N=  0  CB=0m  CT=0m  prec=0.00mm/h  qv_bl=8.46g/kg
t=  1080s  step=  541  w_max= 6.50m/s  w99=1.47m/s  qc_max=0.00g/kg  cov= 0.0%  N=  0  CB=0m  CT=0m  prec=0.00mm/h  qv_bl=8.46g/kg
t=  1140s  step=  571  w_max= 6.55m/s  w99=1.49m/s  qc_max=0.00g/kg  cov= 0.0%  N=  0  CB=0m  CT=0m  prec=0.00mm/h  qv_bl=8.46g/kg
t=  1200s  step=  601  w_max= 6.37m/s  w99=1.51m/s  qc_max=0.00g/kg  cov= 0.0%  N=  0  CB=0m  CT=0m  prec=0.00mm/h  qv_bl=8.46g/kg
t=  1260s  step=  631  w_max= 6.75m/s  w99=1.52m/s  qc_max=0.00g/kg  cov= 0.0%  N=  0  CB=0m  CT=0m  prec=0.00mm/h  qv_bl=8.46g/kg
t=  1320s  step=  661  w_max= 7.23m/s  w99=1.54m/s  qc_max=0.00g/kg  cov= 0.0%  N=  0  CB=0m  CT=0m  prec=0.00mm/h  qv_bl=8.45g/kg
t=  1380s  step=  691  w_max= 7.12m/s  w99=1.55m/s  qc_max=0.00g/kg  cov= 0.0%  N=  0  CB=0m  CT=0m  prec=0.00mm/h  qv_bl=8.45g/kg
t=  1440s  step=  721  w_max= 6.93m/s  w99=1.57m/s  qc_max=0.00g/kg  cov= 0.0%  N=  0  CB=0m  CT=0m  prec=0.00mm/h  qv_bl=8.45g/kg
t=  1500s  step=  751  w_max= 7.22m/s  w99=1.58m/s  qc_max=0.00g/kg  cov= 0.0%  N=  0  CB=0m  CT=0m  prec=0.00mm/h  qv_bl=8.45g/kg
t=  1560s  step=  781  w_max= 7.55m/s  w99=1.58m/s  qc_max=0.00g/kg  cov= 0.0%  N=  0  CB=0m  CT=0m  prec=0.00mm/h  qv_bl=8.45g/kg
t=  1620s  step=  811  w_max= 8.65m/s  w99=1.59m/s  qc_max=0.00g/kg  cov= 0.0%  N=  0  CB=0m  CT=0m  prec=0.00mm/h  qv_bl=8.45g/kg
t=  1680s  step=  841  w_max= 8.85m/s  w99=1.59m/s  qc_max=0.00g/kg  cov= 0.0%  N=  0  CB=0m  CT=0m  prec=0.00mm/h  qv_bl=8.45g/kg
t=  1740s  step=  871  w_max= 7.99m/s  w99=1.60m/s  qc_max=0.00g/kg  cov= 0.0%  N=  0  CB=0m  CT=0m  prec=0.00mm/h  qv_bl=8.45g/kg
t=  1800s  step=  901  w_max= 8.76m/s  w99=1.60m/s  qc_max=0.00g/kg  cov= 0.0%  N=  0  CB=0m  CT=0m  prec=0.00mm/h  qv_bl=8.44g/kg
t=  1860s  step=  931  w_max= 9.60m/s  w99=1.61m/s  qc_max=0.00g/kg  cov= 0.0%  N=  0  CB=0m  CT=0m  prec=0.00mm/h  qv_bl=8.44g/kg
t=  1920s  step=  961  w_max= 8.81m/s  w99=1.60m/s  qc_max=0.00g/kg  cov= 0.0%  N=  0  CB=0m  CT=0m  prec=0.00mm/h  qv_bl=8.44g/kg
t=  1980s  step=  991  w_max= 8.01m/s  w99=1.61m/s  qc_max=0.00g/kg  cov= 0.0%  N=  0  CB=0m  CT=0m  prec=0.00mm/h  qv_bl=8.44g/kg
t=  2040s  step= 1021  w_max= 7.99m/s  w99=1.60m/s  qc_max=0.00g/kg  cov= 0.0%  N=  0  CB=0m  CT=0m  prec=0.00mm/h  qv_bl=8.44g/kg
t=  2100s  step= 1051  w_max= 8.23m/s  w99=1.59m/s  qc_max=0.00g/kg  cov= 0.0%  N=  0  CB=0m  CT=0m  prec=0.00mm/h  qv_bl=8.44g/kg
t=  2160s  step= 1081  w_max= 8.18m/s  w99=1.59m/s  qc_max=0.00g/kg  cov= 0.0%  N=  0  CB=0m  CT=0m  prec=0.00mm/h  qv_bl=8.44g/kg
t=  2220s  step= 1111  w_max= 7.69m/s  w99=1.59m/s  qc_max=0.00g/kg  cov= 0.0%  N=  0  CB=0m  CT=0m  prec=0.00mm/h  qv_bl=8.44g/kg
t=  2280s  step= 1141  w_max= 7.23m/s  w99=1.59m/s  qc_max=0.00g/kg  cov= 0.0%  N=  0  CB=0m  CT=0m  prec=0.00mm/h  qv_bl=8.44g/kg
t=  2340s  step= 1171  w_max= 7.27m/s  w99=1.59m/s  qc_max=0.00g/kg  cov= 0.0%  N=  0  CB=0m  CT=0m  prec=0.00mm/h  qv_bl=8.44g/kg
t=  2400s  step= 1201  w_max= 7.37m/s  w99=1.58m/s  qc_max=0.00g/kg  cov= 0.0%  N=  0  CB=0m  CT=0m  prec=0.00mm/h  qv_bl=8.43g/kg
t=  2460s  step= 1231  w_max= 7.33m/s  w99=1.58m/s  qc_max=0.00g/kg  cov= 0.0%  N=  0  CB=0m  CT=0m  prec=0.00mm/h  qv_bl=8.43g/kg
t=  2520s  step= 1261  w_max= 7.56m/s  w99=1.58m/s  qc_max=0.00g/kg  cov= 0.0%  N=  0  CB=0m  CT=0m  prec=0.00mm/h  qv_bl=8.43g/kg
t=  2580s  step= 1291  w_max= 7.92m/s  w99=1.58m/s  qc_max=0.00g/kg  cov= 0.0%  N=  0  CB=0m  CT=0m  prec=0.00mm/h  qv_bl=8.43g/kg
t=  2640s  step= 1321  w_max= 7.92m/s  w99=1.57m/s  qc_max=0.00g/kg  cov= 0.0%  N=  0  CB=0m  CT=0m  prec=0.00mm/h  qv_bl=8.43g/kg
t=  2700s  step= 1351  w_max= 8.04m/s  w99=1.57m/s  qc_max=0.00g/kg  cov= 0.0%  N=  0  CB=0m  CT=0m  prec=0.00mm/h  qv_bl=8.43g/kg
t=  2760s  step= 1381  w_max= 7.81m/s  w99=1.57m/s  qc_max=0.00g/kg  cov= 0.0%  N=  0  CB=0m  CT=0m  prec=0.00mm/h  qv_bl=8.43g/kg
t=  2820s  step= 1411  w_max= 7.61m/s  w99=1.57m/s  qc_max=0.00g/kg  cov= 0.0%  N=  0  CB=0m  CT=0m  prec=0.00mm/h  qv_bl=8.43g/kg
t=  2880s  step= 1441  w_max= 8.38m/s  w99=1.58m/s  qc_max=0.00g/kg  cov= 0.0%  N=  0  CB=0m  CT=0m  prec=0.00mm/h  qv_bl=8.43g/kg
t=  2940s  step= 1471  w_max= 9.24m/s  w99=1.58m/s  qc_max=0.00g/kg  cov= 0.0%  N=  0  CB=0m  CT=0m  prec=0.00mm/h  qv_bl=8.43g/kg
t=  3000s  step= 1501  w_max= 9.57m/s  w99=1.59m/s  qc_max=0.00g/kg  cov= 0.0%  N=  0  CB=0m  CT=0m  prec=0.00mm/h  qv_bl=8.43g/kg
t=  3060s  step= 1531  w_max= 9.56m/s  w99=1.59m/s  qc_max=0.00g/kg  cov= 0.0%  N=  0  CB=0m  CT=0m  prec=0.00mm/h  qv_bl=8.43g/kg
t=  3120s  step= 1561  w_max= 9.38m/s  w99=1.58m/s  qc_max=0.00g/kg  cov= 0.0%  N=  0  CB=0m  CT=0m  prec=0.00mm/h  qv_bl=8.43g/kg
t=  3180s  step= 1591  w_max= 8.72m/s  w99=1.56m/s  qc_max=0.00g/kg  cov= 0.0%  N=  0  CB=0m  CT=0m  prec=0.00mm/h  qv_bl=8.43g/kg
t=  3240s  step= 1621  w_max= 8.40m/s  w99=1.55m/s  qc_max=0.00g/kg  cov= 0.0%  N=  0  CB=0m  CT=0m  prec=0.00mm/h  qv_bl=8.43g/kg
t=  3300s  step= 1651  w_max= 8.69m/s  w99=1.56m/s  qc_max=0.00g/kg  cov= 0.0%  N=  0  CB=0m  CT=0m  prec=0.00mm/h  qv_bl=8.43g/kg
t=  3360s  step= 1681  w_max= 8.64m/s  w99=1.54m/s  qc_max=0.00g/kg  cov= 0.0%  N=  0  CB=0m  CT=0m  prec=0.00mm/h  qv_bl=8.43g/kg
t=  3420s  step= 1711  w_max= 8.65m/s  w99=1.54m/s  qc_max=0.00g/kg  cov= 0.0%  N=  0  CB=0m  CT=0m  prec=0.00mm/h  qv_bl=8.43g/kg
t=  3480s  step= 1741  w_max= 8.94m/s  w99=1.54m/s  qc_max=0.00g/kg  cov= 0.0%  N=  0  CB=0m  CT=0m  prec=0.00mm/h  qv_bl=8.43g/kg
t=  3540s  step= 1771  w_max= 9.38m/s  w99=1.54m/s  qc_max=0.00g/kg  cov= 0.0%  N=  0  CB=0m  CT=0m  prec=0.00mm/h  qv_bl=8.43g/kg
t=  3600s  step= 1801  w_max= 9.81m/s  w99=1.53m/s  qc_max=0.00g/kg  cov= 0.0%  N=  0  CB=0m  CT=0m  prec=0.00mm/h  qv_bl=8.43g/kg
t=  3660s  step= 1831  w_max= 9.59m/s  w99=1.52m/s  qc_max=0.00g/kg  cov= 0.0%  N=  0  CB=0m  CT=0m  prec=0.00mm/h  qv_bl=8.43g/kg
t=  3720s  step= 1861  w_max= 9.28m/s  w99=1.52m/s  qc_max=0.00g/kg  cov= 0.0%  N=  0  CB=0m  CT=0m  prec=0.00mm/h  qv_bl=8.43g/kg
t=  3780s  step= 1891  w_max= 9.49m/s  w99=1.51m/s  qc_max=0.00g/kg  cov= 0.0%  N=  0  CB=0m  CT=0m  prec=0.00mm/h  qv_bl=8.43g/kg
t=  3840s  step= 1921  w_max= 9.57m/s  w99=1.50m/s  qc_max=0.00g/kg  cov= 0.0%  N=  0  CB=0m  CT=0m  prec=0.00mm/h  qv_bl=8.43g/kg
t=  3900s  step= 1951  w_max= 9.17m/s  w99=1.50m/s  qc_max=0.00g/kg  cov= 0.0%  N=  0  CB=0m  CT=0m  prec=0.00mm/h  qv_bl=8.43g/kg
t=  3960s  step= 1981  w_max= 8.31m/s  w99=1.50m/s  qc_max=0.00g/kg  cov= 0.0%  N=  0  CB=0m  CT=0m  prec=0.00mm/h  qv_bl=8.43g/kg
t=  4020s  step= 2011  w_max= 8.20m/s  w99=1.49m/s  qc_max=0.00g/kg  cov= 0.0%  N=  0  CB=0m  CT=0m  prec=0.00mm/h  qv_bl=8.43g/kg
t=  4080s  step= 2041  w_max= 8.01m/s  w99=1.49m/s  qc_max=0.00g/kg  cov= 0.0%  N=  0  CB=0m  CT=0m  prec=0.00mm/h  qv_bl=8.43g/kg
t=  4140s  step= 2071  w_max= 8.05m/s  w99=1.49m/s  qc_max=0.00g/kg  cov= 0.0%  N=  0  CB=0m  CT=0m  prec=0.00mm/h  qv_bl=8.43g/kg
t=  4200s  step= 2101  w_max= 8.64m/s  w99=1.49m/s  qc_max=0.00g/kg  cov= 0.0%  N=  0  CB=0m  CT=0m  prec=0.00mm/h  qv_bl=8.43g/kg
t=  4260s  step= 2131  w_max= 8.90m/s  w99=1.48m/s  qc_max=0.00g/kg  cov= 0.0%  N=  0  CB=0m  CT=0m  prec=0.00mm/h  qv_bl=8.43g/kg
t=  4320s  step= 2161  w_max= 8.53m/s  w99=1.48m/s  qc_max=0.00g/kg  cov= 0.0%  N=  0  CB=0m  CT=0m  prec=0.00mm/h  qv_bl=8.43g/kg
t=  4380s  step= 2191  w_max= 8.15m/s  w99=1.49m/s  qc_max=0.00g/kg  cov= 0.0%  N=  0  CB=0m  CT=0m  prec=0.00mm/h  qv_bl=8.43g/kg
t=  4440s  step= 2221  w_max= 7.52m/s  w99=1.49m/s  qc_max=0.00g/kg  cov= 0.0%  N=  0  CB=0m  CT=0m  prec=0.00mm/h  qv_bl=8.43g/kg
t=  4500s  step= 2251  w_max= 7.70m/s  w99=1.49m/s  qc_max=0.00g/kg  cov= 0.0%  N=  0  CB=0m  CT=0m  prec=0.00mm/h  qv_bl=8.43g/kg
t=  4560s  step= 2281  w_max= 8.35m/s  w99=1.50m/s  qc_max=0.00g/kg  cov= 0.0%  N=  0  CB=0m  CT=0m  prec=0.00mm/h  qv_bl=8.43g/kg
t=  4620s  step= 2311  w_max= 8.87m/s  w99=1.51m/s  qc_max=0.00g/kg  cov= 0.0%  N=  0  CB=0m  CT=0m  prec=0.00mm/h  qv_bl=8.43g/kg
t=  4680s  step= 2341  w_max= 8.93m/s  w99=1.52m/s  qc_max=0.00g/kg  cov= 0.0%  N=  0  CB=0m  CT=0m  prec=0.00mm/h  qv_bl=8.43g/kg
t=  4740s  step= 2371  w_max= 9.08m/s  w99=1.52m/s  qc_max=0.00g/kg  cov= 0.0%  N=  0  CB=0m  CT=0m  prec=0.00mm/h  qv_bl=8.43g/kg
t=  4800s  step= 2401  w_max= 9.03m/s  w99=1.52m/s  qc_max=0.00g/kg  cov= 0.0%  N=  0  CB=0m  CT=0m  prec=0.00mm/h  qv_bl=8.43g/kg
t=  4860s  step= 2431  w_max= 9.12m/s  w99=1.52m/s  qc_max=0.00g/kg  cov= 0.0%  N=  0  CB=0m  CT=0m  prec=0.00mm/h  qv_bl=8.43g/kg
t=  4920s  step= 2461  w_max= 8.96m/s  w99=1.52m/s  qc_max=0.00g/kg  cov= 0.0%  N=  0  CB=0m  CT=0m  prec=0.00mm/h  qv_bl=8.43g/kg
t=  4980s  step= 2491  w_max= 8.81m/s  w99=1.52m/s  qc_max=0.00g/kg  cov= 0.0%  N=  0  CB=0m  CT=0m  prec=0.00mm/h  qv_bl=8.42g/kg
t=  5040s  step= 2521  w_max= 8.37m/s  w99=1.50m/s  qc_max=0.00g/kg  cov= 0.0%  N=  0  CB=0m  CT=0m  prec=0.00mm/h  qv_bl=8.42g/kg
t=  5100s  step= 2551  w_max= 8.07m/s  w99=1.49m/s  qc_max=0.00g/kg  cov= 0.0%  N=  0  CB=0m  CT=0m  prec=0.00mm/h  qv_bl=8.42g/kg
t=  5160s  step= 2581  w_max= 7.99m/s  w99=1.48m/s  qc_max=0.00g/kg  cov= 0.0%  N=  0  CB=0m  CT=0m  prec=0.00mm/h  qv_bl=8.42g/kg
t=  5220s  step= 2611  w_max= 7.71m/s  w99=1.48m/s  qc_max=0.00g/kg  cov= 0.0%  N=  0  CB=0m  CT=0m  prec=0.00mm/h  qv_bl=8.42g/kg
t=  5280s  step= 2641  w_max= 8.31m/s  w99=1.48m/s  qc_max=0.00g/kg  cov= 0.0%  N=  0  CB=0m  CT=0m  prec=0.00mm/h  qv_bl=8.42g/kg
t=  5340s  step= 2671  w_max= 8.82m/s  w99=1.48m/s  qc_max=0.00g/kg  cov= 0.0%  N=  0  CB=0m  CT=0m  prec=0.00mm/h  qv_bl=8.42g/kg
t=  5400s  step= 2701  w_max= 9.08m/s  w99=1.48m/s  qc_max=0.00g/kg  cov= 0.0%  N=  0  CB=0m  CT=0m  prec=0.00mm/h  qv_bl=8.42g/kg
t=  5460s  step= 2731  w_max= 8.96m/s  w99=1.49m/s  qc_max=0.00g/kg  cov= 0.0%  N=  0  CB=0m  CT=0m  prec=0.00mm/h  qv_bl=8.42g/kg
t=  5520s  step= 2761  w_max= 8.50m/s  w99=1.50m/s  qc_max=0.00g/kg  cov= 0.0%  N=  0  CB=0m  CT=0m  prec=0.00mm/h  qv_bl=8.42g/kg
t=  5580s  step= 2791  w_max= 8.04m/s  w99=1.50m/s  qc_max=0.00g/kg  cov= 0.0%  N=  0  CB=0m  CT=0m  prec=0.00mm/h  qv_bl=8.42g/kg
t=  5640s  step= 2821  w_max= 8.63m/s  w99=1.50m/s  qc_max=0.00g/kg  cov= 0.0%  N=  0  CB=0m  CT=0m  prec=0.00mm/h  qv_bl=8.42g/kg
t=  5700s  step= 2851  w_max= 8.60m/s  w99=1.50m/s  qc_max=0.00g/kg  cov= 0.0%  N=  0  CB=0m  CT=0m  prec=0.00mm/h  qv_bl=8.42g/kg
t=  5760s  step= 2881  w_max= 8.23m/s  w99=1.50m/s  qc_max=0.00g/kg  cov= 0.0%  N=  0  CB=0m  CT=0m  prec=0.00mm/h  qv_bl=8.42g/kg
t=  5820s  step= 2911  w_max= 7.78m/s  w99=1.49m/s  qc_max=0.00g/kg  cov= 0.0%  N=  0  CB=0m  CT=0m  prec=0.00mm/h  qv_bl=8.42g/kg
t=  5880s  step= 2941  w_max= 7.82m/s  w99=1.50m/s  qc_max=0.00g/kg  cov= 0.0%  N=  0  CB=0m  CT=0m  prec=0.00mm/h  qv_bl=8.42g/kg
t=  5940s  step= 2971  w_max= 8.22m/s  w99=1.51m/s  qc_max=0.00g/kg  cov= 0.0%  N=  0  CB=0m  CT=0m  prec=0.00mm/h  qv_bl=8.42g/kg
t=  6000s  step= 3001  w_max= 7.82m/s  w99=1.52m/s  qc_max=0.00g/kg  cov= 0.0%  N=  0  CB=0m  CT=0m  prec=0.00mm/h  qv_bl=8.42g/kg
t=  6060s  step= 3031  w_max= 7.79m/s  w99=1.52m/s  qc_max=0.00g/kg  cov= 0.0%  N=  0  CB=0m  CT=0m  prec=0.00mm/h  qv_bl=8.42g/kg
t=  6120s  step= 3061  w_max= 7.79m/s  w99=1.53m/s  qc_max=0.00g/kg  cov= 0.0%  N=  0  CB=0m  CT=0m  prec=0.00mm/h  qv_bl=8.42g/kg
t=  6180s  step= 3091  w_max= 8.07m/s  w99=1.55m/s  qc_max=0.00g/kg  cov= 0.0%  N=  0  CB=0m  CT=0m  prec=0.00mm/h  qv_bl=8.42g/kg
t=  6240s  step= 3121  w_max= 8.26m/s  w99=1.55m/s  qc_max=0.00g/kg  cov= 0.0%  N=  0  CB=0m  CT=0m  prec=0.00mm/h  qv_bl=8.42g/kg
t=  6300s  step= 3151  w_max= 8.20m/s  w99=1.55m/s  qc_max=0.00g/kg  cov= 0.0%  N=  0  CB=0m  CT=0m  prec=0.00mm/h  qv_bl=8.42g/kg
t=  6360s  step= 3181  w_max= 8.28m/s  w99=1.55m/s  qc_max=0.00g/kg  cov= 0.0%  N=  0  CB=0m  CT=0m  prec=0.00mm/h  qv_bl=8.42g/kg
t=  6420s  step= 3211  w_max= 7.87m/s  w99=1.55m/s  qc_max=0.00g/kg  cov= 0.0%  N=  0  CB=0m  CT=0m  prec=0.00mm/h  qv_bl=8.42g/kg
t=  6480s  step= 3241  w_max= 7.87m/s  w99=1.55m/s  qc_max=0.00g/kg  cov= 0.0%  N=  0  CB=0m  CT=0m  prec=0.00mm/h  qv_bl=8.41g/kg
t=  6540s  step= 3271  w_max= 8.12m/s  w99=1.54m/s  qc_max=0.00g/kg  cov= 0.0%  N=  0  CB=0m  CT=0m  prec=0.00mm/h  qv_bl=8.41g/kg
t=  6600s  step= 3301  w_max= 8.25m/s  w99=1.54m/s  qc_max=0.00g/kg  cov= 0.0%  N=  0  CB=0m  CT=0m  prec=0.00mm/h  qv_bl=8.41g/kg
t=  6660s  step= 3331  w_max= 8.26m/s  w99=1.54m/s  qc_max=0.00g/kg  cov= 0.0%  N=  0  CB=0m  CT=0m  prec=0.00mm/h  qv_bl=8.41g/kg
t=  6720s  step= 3361  w_max= 8.15m/s  w99=1.55m/s  qc_max=0.00g/kg  cov= 0.0%  N=  0  CB=0m  CT=0m  prec=0.00mm/h  qv_bl=8.41g/kg
t=  6780s  step= 3391  w_max= 7.40m/s  w99=1.55m/s  qc_max=0.00g/kg  cov= 0.0%  N=  0  CB=0m  CT=0m  prec=0.00mm/h  qv_bl=8.41g/kg
t=  6840s  step= 3421  w_max= 7.95m/s  w99=1.56m/s  qc_max=0.00g/kg  cov= 0.0%  N=  0  CB=0m  CT=0m  prec=0.00mm/h  qv_bl=8.41g/kg
t=  6900s  step= 3451  w_max= 9.19m/s  w99=1.56m/s  qc_max=0.00g/kg  cov= 0.0%  N=  0  CB=0m  CT=0m  prec=0.00mm/h  qv_bl=8.41g/kg
t=  6960s  step= 3481  w_max= 9.41m/s  w99=1.57m/s  qc_max=0.00g/kg  cov= 0.0%  N=  0  CB=0m  CT=0m  prec=0.00mm/h  qv_bl=8.41g/kg
t=  7020s  step= 3511  w_max= 8.62m/s  w99=1.57m/s  qc_max=0.00g/kg  cov= 0.0%  N=  0  CB=0m  CT=0m  prec=0.00mm/h  qv_bl=8.41g/kg
t=  7080s  step= 3541  w_max= 7.61m/s  w99=1.58m/s  qc_max=0.00g/kg  cov= 0.0%  N=  0  CB=0m  CT=0m  prec=0.00mm/h  qv_bl=8.41g/kg
t=  7140s  step= 3571  w_max= 8.25m/s  w99=1.58m/s  qc_max=0.00g/kg  cov= 0.0%  N=  0  CB=0m  CT=0m  prec=0.00mm/h  qv_bl=8.41g/kg
t=  7200s  step= 3601  w_max= 9.05m/s  w99=1.58m/s  qc_max=0.00g/kg  cov= 0.0%  N=  0  CB=0m  CT=0m  prec=0.00mm/h  qv_bl=8.41g/kg
t=  7260s  step= 3631  w_max= 9.34m/s  w99=1.58m/s  qc_max=0.00g/kg  cov= 0.0%  N=  0  CB=0m  CT=0m  prec=0.00mm/h  qv_bl=8.41g/kg
t=  7320s  step= 3661  w_max= 9.00m/s  w99=1.58m/s  qc_max=0.00g/kg  cov= 0.0%  N=  0  CB=0m  CT=0m  prec=0.00mm/h  qv_bl=8.41g/kg
t=  7380s  step= 3691  w_max= 8.94m/s  w99=1.57m/s  qc_max=0.00g/kg  cov= 0.0%  N=  0  CB=0m  CT=0m  prec=0.00mm/h  qv_bl=8.41g/kg
t=  7440s  step= 3721  w_max= 9.69m/s  w99=1.57m/s  qc_max=0.00g/kg  cov= 0.0%  N=  0  CB=0m  CT=0m  prec=0.00mm/h  qv_bl=8.41g/kg
t=  7500s  step= 3751  w_max= 9.82m/s  w99=1.57m/s  qc_max=0.00g/kg  cov= 0.0%  N=  0  CB=0m  CT=0m  prec=0.00mm/h  qv_bl=8.41g/kg
t=  7560s  step= 3781  w_max= 9.50m/s  w99=1.57m/s  qc_max=0.00g/kg  cov= 0.0%  N=  0  CB=0m  CT=0m  prec=0.00mm/h  qv_bl=8.41g/kg
t=  7620s  step= 3811  w_max= 8.96m/s  w99=1.57m/s  qc_max=0.00g/kg  cov= 0.0%  N=  0  CB=0m  CT=0m  prec=0.00mm/h  qv_bl=8.41g/kg
t=  7680s  step= 3841  w_max= 8.35m/s  w99=1.56m/s  qc_max=0.00g/kg  cov= 0.0%  N=  0  CB=0m  CT=0m  prec=0.00mm/h  qv_bl=8.41g/kg
t=  7740s  step= 3871  w_max= 8.90m/s  w99=1.57m/s  qc_max=0.00g/kg  cov= 0.0%  N=  0  CB=0m  CT=0m  prec=0.00mm/h  qv_bl=8.41g/kg
t=  7800s  step= 3901  w_max= 9.34m/s  w99=1.57m/s  qc_max=0.00g/kg  cov= 0.0%  N=  0  CB=0m  CT=0m  prec=0.00mm/h  qv_bl=8.41g/kg
t=  7860s  step= 3931  w_max= 9.35m/s  w99=1.57m/s  qc_max=0.00g/kg  cov= 0.0%  N=  0  CB=0m  CT=0m  prec=0.00mm/h  qv_bl=8.41g/kg
t=  7920s  step= 3961  w_max= 9.16m/s  w99=1.57m/s  qc_max=0.00g/kg  cov= 0.0%  N=  0  CB=0m  CT=0m  prec=0.00mm/h  qv_bl=8.41g/kg
t=  7980s  step= 3991  w_max= 8.85m/s  w99=1.57m/s  qc_max=0.00g/kg  cov= 0.0%  N=  0  CB=0m  CT=0m  prec=0.00mm/h  qv_bl=8.41g/kg
t=  8040s  step= 4021  w_max= 8.46m/s  w99=1.57m/s  qc_max=0.00g/kg  cov= 0.0%  N=  0  CB=0m  CT=0m  prec=0.00mm/h  qv_bl=8.41g/kg
t=  8100s  step= 4051  w_max= 7.87m/s  w99=1.57m/s  qc_max=0.00g/kg  cov= 0.0%  N=  0  CB=0m  CT=0m  prec=0.00mm/h  qv_bl=8.41g/kg
t=  8160s  step= 4081  w_max= 7.93m/s  w99=1.57m/s  qc_max=0.00g/kg  cov= 0.0%  N=  0  CB=0m  CT=0m  prec=0.00mm/h  qv_bl=8.41g/kg
t=  8220s  step= 4111  w_max= 7.79m/s  w99=1.58m/s  qc_max=0.00g/kg  cov= 0.0%  N=  0  CB=0m  CT=0m  prec=0.00mm/h  qv_bl=8.41g/kg
t=  8280s  step= 4141  w_max= 8.07m/s  w99=1.58m/s  qc_max=0.00g/kg  cov= 0.0%  N=  0  CB=0m  CT=0m  prec=0.00mm/h  qv_bl=8.41g/kg
t=  8340s  step= 4171  w_max= 8.79m/s  w99=1.57m/s  qc_max=0.00g/kg  cov= 0.0%  N=  0  CB=0m  CT=0m  prec=0.00mm/h  qv_bl=8.41g/kg
t=  8400s  step= 4201  w_max= 8.88m/s  w99=1.57m/s  qc_max=0.00g/kg  cov= 0.0%  N=  0  CB=0m  CT=0m  prec=0.00mm/h  qv_bl=8.41g/kg
t=  8460s  step= 4231  w_max= 8.80m/s  w99=1.57m/s  qc_max=0.00g/kg  cov= 0.0%  N=  0  CB=0m  CT=0m  prec=0.00mm/h  qv_bl=8.41g/kg
t=  8520s  step= 4261  w_max= 8.38m/s  w99=1.57m/s  qc_max=0.00g/kg  cov= 0.0%  N=  0  CB=0m  CT=0m  prec=0.00mm/h  qv_bl=8.41g/kg
t=  8580s  step= 4291  w_max= 8.36m/s  w99=1.57m/s  qc_max=0.00g/kg  cov= 0.0%  N=  0  CB=0m  CT=0m  prec=0.00mm/h  qv_bl=8.41g/kg
t=  8640s  step= 4321  w_max= 8.22m/s  w99=1.57m/s  qc_max=0.00g/kg  cov= 0.0%  N=  0  CB=0m  CT=0m  prec=0.00mm/h  qv_bl=8.41g/kg
t=  8700s  step= 4351  w_max= 7.60m/s  w99=1.57m/s  qc_max=0.00g/kg  cov= 0.0%  N=  0  CB=0m  CT=0m  prec=0.00mm/h  qv_bl=8.41g/kg
t=  8760s  step= 4381  w_max= 7.58m/s  w99=1.59m/s  qc_max=0.00g/kg  cov= 0.0%  N=  0  CB=0m  CT=0m  prec=0.00mm/h  qv_bl=8.41g/kg
t=  8820s  step= 4411  w_max= 8.02m/s  w99=1.59m/s  qc_max=0.00g/kg  cov= 0.0%  N=  0  CB=0m  CT=0m  prec=0.00mm/h  qv_bl=8.41g/kg
t=  8880s  step= 4441  w_max= 8.07m/s  w99=1.59m/s  qc_max=0.00g/kg  cov= 0.0%  N=  0  CB=0m  CT=0m  prec=0.00mm/h  qv_bl=8.41g/kg
t=  8940s  step= 4471  w_max= 7.57m/s  w99=1.59m/s  qc_max=0.00g/kg  cov= 0.0%  N=  0  CB=0m  CT=0m  prec=0.00mm/h  qv_bl=8.41g/kg
t=  9000s  step= 4501  w_max= 7.37m/s  w99=1.58m/s  qc_max=0.00g/kg  cov= 0.0%  N=  0  CB=0m  CT=0m  prec=0.00mm/h  qv_bl=8.41g/kg
t=  9060s  step= 4531  w_max= 7.63m/s  w99=1.59m/s  qc_max=0.00g/kg  cov= 0.0%  N=  0  CB=0m  CT=0m  prec=0.00mm/h  qv_bl=8.41g/kg
t=  9120s  step= 4561  w_max= 8.37m/s  w99=1.60m/s  qc_max=0.00g/kg  cov= 0.0%  N=  0  CB=0m  CT=0m  prec=0.00mm/h  qv_bl=8.41g/kg
t=  9180s  step= 4591  w_max= 8.17m/s  w99=1.61m/s  qc_max=0.00g/kg  cov= 0.0%  N=  0  CB=0m  CT=0m  prec=0.00mm/h  qv_bl=8.41g/kg
t=  9240s  step= 4621  w_max= 7.73m/s  w99=1.61m/s  qc_max=0.00g/kg  cov= 0.0%  N=  0  CB=0m  CT=0m  prec=0.00mm/h  qv_bl=8.41g/kg
t=  9300s  step= 4651  w_max= 8.15m/s  w99=1.61m/s  qc_max=0.00g/kg  cov= 0.0%  N=  0  CB=0m  CT=0m  prec=0.00mm/h  qv_bl=8.41g/kg
t=  9360s  step= 4681  w_max= 8.16m/s  w99=1.61m/s  qc_max=0.00g/kg  cov= 0.0%  N=  0  CB=0m  CT=0m  prec=0.00mm/h  qv_bl=8.41g/kg
t=  9420s  step= 4711  w_max= 8.72m/s  w99=1.60m/s  qc_max=0.00g/kg  cov= 0.0%  N=  0  CB=0m  CT=0m  prec=0.00mm/h  qv_bl=8.41g/kg
t=  9480s  step= 4741  w_max= 8.64m/s  w99=1.59m/s  qc_max=0.00g/kg  cov= 0.0%  N=  0  CB=0m  CT=0m  prec=0.00mm/h  qv_bl=8.41g/kg
t=  9540s  step= 4771  w_max= 8.62m/s  w99=1.58m/s  qc_max=0.00g/kg  cov= 0.0%  N=  0  CB=0m  CT=0m  prec=0.00mm/h  qv_bl=8.41g/kg
t=  9600s  step= 4801  w_max= 8.92m/s  w99=1.58m/s  qc_max=0.00g/kg  cov= 0.0%  N=  0  CB=0m  CT=0m  prec=0.00mm/h  qv_bl=8.41g/kg
t=  9660s  step= 4831  w_max= 9.06m/s  w99=1.58m/s  qc_max=0.00g/kg  cov= 0.0%  N=  0  CB=0m  CT=0m  prec=0.00mm/h  qv_bl=8.41g/kg
t=  9720s  step= 4861  w_max= 8.94m/s  w99=1.57m/s  qc_max=0.00g/kg  cov= 0.0%  N=  0  CB=0m  CT=0m  prec=0.00mm/h  qv_bl=8.41g/kg
t=  9780s  step= 4891  w_max= 8.61m/s  w99=1.57m/s  qc_max=0.00g/kg  cov= 0.0%  N=  0  CB=0m  CT=0m  prec=0.00mm/h  qv_bl=8.41g/kg
t=  9840s  step= 4921  w_max= 8.25m/s  w99=1.56m/s  qc_max=0.00g/kg  cov= 0.0%  N=  0  CB=0m  CT=0m  prec=0.00mm/h  qv_bl=8.41g/kg
t=  9900s  step= 4951  w_max= 8.26m/s  w99=1.55m/s  qc_max=0.00g/kg  cov= 0.0%  N=  0  CB=0m  CT=0m  prec=0.00mm/h  qv_bl=8.41g/kg
t=  9960s  step= 4981  w_max= 8.50m/s  w99=1.55m/s  qc_max=0.00g/kg  cov= 0.0%  N=  0  CB=0m  CT=0m  prec=0.00mm/h  qv_bl=8.41g/kg
t= 10020s  step= 5011  w_max= 8.70m/s  w99=1.55m/s  qc_max=0.00g/kg  cov= 0.0%  N=  0  CB=0m  CT=0m  prec=0.00mm/h  qv_bl=8.41g/kg
t= 10080s  step= 5041  w_max= 8.77m/s  w99=1.56m/s  qc_max=0.00g/kg  cov= 0.0%  N=  0  CB=0m  CT=0m  prec=0.00mm/h  qv_bl=8.41g/kg
t= 10140s  step= 5071  w_max= 8.63m/s  w99=1.55m/s  qc_max=0.00g/kg  cov= 0.0%  N=  0  CB=0m  CT=0m  prec=0.00mm/h  qv_bl=8.41g/kg
t= 10200s  step= 5101  w_max= 8.05m/s  w99=1.55m/s  qc_max=0.00g/kg  cov= 0.0%  N=  0  CB=0m  CT=0m  prec=0.00mm/h  qv_bl=8.41g/kg
t= 10260s  step= 5131  w_max= 7.41m/s  w99=1.55m/s  qc_max=0.00g/kg  cov= 0.0%  N=  0  CB=0m  CT=0m  prec=0.00mm/h  qv_bl=8.41g/kg
t= 10320s  step= 5161  w_max= 7.82m/s  w99=1.56m/s  qc_max=0.00g/kg  cov= 0.0%  N=  0  CB=0m  CT=0m  prec=0.00mm/h  qv_bl=8.41g/kg
t= 10380s  step= 5191  w_max= 7.95m/s  w99=1.57m/s  qc_max=0.00g/kg  cov= 0.0%  N=  0  CB=0m  CT=0m  prec=0.00mm/h  qv_bl=8.41g/kg
t= 10440s  step= 5221  w_max= 7.74m/s  w99=1.57m/s  qc_max=0.00g/kg  cov= 0.0%  N=  0  CB=0m  CT=0m  prec=0.00mm/h  qv_bl=8.41g/kg
t= 10500s  step= 5251  w_max= 7.61m/s  w99=1.58m/s  qc_max=0.00g/kg  cov= 0.0%  N=  0  CB=0m  CT=0m  prec=0.00mm/h  qv_bl=8.41g/kg
t= 10560s  step= 5281  w_max= 7.64m/s  w99=1.59m/s  qc_max=0.00g/kg  cov= 0.0%  N=  0  CB=0m  CT=0m  prec=0.00mm/h  qv_bl=8.41g/kg
t= 10620s  step= 5311  w_max= 7.88m/s  w99=1.59m/s  qc_max=0.00g/kg  cov= 0.0%  N=  0  CB=0m  CT=0m  prec=0.00mm/h  qv_bl=8.41g/kg
t= 10680s  step= 5341  w_max= 7.77m/s  w99=1.59m/s  qc_max=0.00g/kg  cov= 0.0%  N=  0  CB=0m  CT=0m  prec=0.00mm/h  qv_bl=8.41g/kg
t= 10740s  step= 5371  w_max= 8.09m/s  w99=1.58m/s  qc_max=0.00g/kg  cov= 0.0%  N=  0  CB=0m  CT=0m  prec=0.00mm/h  qv_bl=8.41g/kg
t= 10800s  step= 5401  w_max= 8.25m/s  w99=1.57m/s  qc_max=0.00g/kg  cov= 0.0%  N=  0  CB=0m  CT=0m  prec=0.00mm/h  qv_bl=8.41g/kg
t= 10860s  step= 5431  w_max= 7.92m/s  w99=1.56m/s  qc_max=0.00g/kg  cov= 0.0%  N=  0  CB=0m  CT=0m  prec=0.00mm/h  qv_bl=8.42g/kg
t= 10920s  step= 5461  w_max= 8.10m/s  w99=1.56m/s  qc_max=0.00g/kg  cov= 0.0%  N=  0  CB=0m  CT=0m  prec=0.00mm/h  qv_bl=8.42g/kg
t= 10980s  step= 5491  w_max= 8.64m/s  w99=1.56m/s  qc_max=0.00g/kg  cov= 0.0%  N=  0  CB=0m  CT=0m  prec=0.00mm/h  qv_bl=8.42g/kg
t= 11040s  step= 5521  w_max= 7.85m/s  w99=1.56m/s  qc_max=0.00g/kg  cov= 0.0%  N=  0  CB=0m  CT=0m  prec=0.00mm/h  qv_bl=8.42g/kg
t= 11100s  step= 5551  w_max= 7.13m/s  w99=1.56m/s  qc_max=0.00g/kg  cov= 0.0%  N=  0  CB=0m  CT=0m  prec=0.00mm/h  qv_bl=8.42g/kg
t= 11160s  step= 5581  w_max= 6.75m/s  w99=1.56m/s  qc_max=0.00g/kg  cov= 0.0%  N=  0  CB=0m  CT=0m  prec=0.00mm/h  qv_bl=8.42g/kg
t= 11220s  step= 5611  w_max= 7.21m/s  w99=1.56m/s  qc_max=0.00g/kg  cov= 0.0%  N=  0  CB=0m  CT=0m  prec=0.00mm/h  qv_bl=8.42g/kg
t= 11280s  step= 5641  w_max= 6.73m/s  w99=1.56m/s  qc_max=0.00g/kg  cov= 0.0%  N=  0  CB=0m  CT=0m  prec=0.00mm/h  qv_bl=8.42g/kg
t= 11340s  step= 5671  w_max= 6.54m/s  w99=1.56m/s  qc_max=0.00g/kg  cov= 0.0%  N=  0  CB=0m  CT=0m  prec=0.00mm/h  qv_bl=8.42g/kg
t= 11400s  step= 5701  w_max= 6.65m/s  w99=1.55m/s  qc_max=0.00g/kg  cov= 0.0%  N=  0  CB=0m  CT=0m  prec=0.00mm/h  qv_bl=8.42g/kg
t= 11460s  step= 5731  w_max= 6.68m/s  w99=1.55m/s  qc_max=0.00g/kg  cov= 0.0%  N=  0  CB=0m  CT=0m  prec=0.00mm/h  qv_bl=8.42g/kg
t= 11520s  step= 5761  w_max= 7.13m/s  w99=1.55m/s  qc_max=0.00g/kg  cov= 0.0%  N=  0  CB=0m  CT=0m  prec=0.00mm/h  qv_bl=8.42g/kg
t= 11580s  step= 5791  w_max= 7.60m/s  w99=1.55m/s  qc_max=0.00g/kg  cov= 0.0%  N=  0  CB=0m  CT=0m  prec=0.00mm/h  qv_bl=8.42g/kg
t= 11640s  step= 5821  w_max= 7.95m/s  w99=1.55m/s  qc_max=0.00g/kg  cov= 0.0%  N=  0  CB=0m  CT=0m  prec=0.00mm/h  qv_bl=8.42g/kg
t= 11700s  step= 5851  w_max= 8.27m/s  w99=1.55m/s  qc_max=0.00g/kg  cov= 0.0%  N=  0  CB=0m  CT=0m  prec=0.00mm/h  qv_bl=8.42g/kg
t= 11760s  step= 5881  w_max= 8.49m/s  w99=1.56m/s  qc_max=0.00g/kg  cov= 0.0%  N=  0  CB=0m  CT=0m  prec=0.00mm/h  qv_bl=8.42g/kg
t= 11820s  step= 5911  w_max= 8.28m/s  w99=1.56m/s  qc_max=0.00g/kg  cov= 0.0%  N=  0  CB=0m  CT=0m  prec=0.00mm/h  qv_bl=8.42g/kg
t= 11880s  step= 5941  w_max= 7.60m/s  w99=1.56m/s  qc_max=0.00g/kg  cov= 0.0%  N=  0  CB=0m  CT=0m  prec=0.00mm/h  qv_bl=8.42g/kg
t= 11940s  step= 5971  w_max= 6.96m/s  w99=1.56m/s  qc_max=0.00g/kg  cov= 0.0%  N=  0  CB=0m  CT=0m  prec=0.00mm/h  qv_bl=8.42g/kg
t= 12000s  step= 6001  w_max= 6.83m/s  w99=1.57m/s  qc_max=0.00g/kg  cov= 0.0%  N=  0  CB=0m  CT=0m  prec=0.00mm/h  qv_bl=8.42g/kg
t= 12060s  step= 6031  w_max= 7.23m/s  w99=1.57m/s  qc_max=0.00g/kg  cov= 0.0%  N=  0  CB=0m  CT=0m  prec=0.00mm/h  qv_bl=8.42g/kg
t= 12120s  step= 6061  w_max= 7.61m/s  w99=1.57m/s  qc_max=0.00g/kg  cov= 0.0%  N=  0  CB=0m  CT=0m  prec=0.00mm/h  qv_bl=8.42g/kg
t= 12180s  step= 6091  w_max= 7.55m/s  w99=1.58m/s  qc_max=0.00g/kg  cov= 0.0%  N=  0  CB=0m  CT=0m  prec=0.00mm/h  qv_bl=8.42g/kg
t= 12240s  step= 6121  w_max= 8.05m/s  w99=1.58m/s  qc_max=0.00g/kg  cov= 0.0%  N=  0  CB=0m  CT=0m  prec=0.00mm/h  qv_bl=8.42g/kg
t= 12300s  step= 6151  w_max= 7.85m/s  w99=1.57m/s  qc_max=0.00g/kg  cov= 0.0%  N=  0  CB=0m  CT=0m  prec=0.00mm/h  qv_bl=8.42g/kg
t= 12360s  step= 6181  w_max= 7.06m/s  w99=1.57m/s  qc_max=0.00g/kg  cov= 0.0%  N=  0  CB=0m  CT=0m  prec=0.00mm/h  qv_bl=8.42g/kg
t= 12420s  step= 6211  w_max= 7.69m/s  w99=1.58m/s  qc_max=0.00g/kg  cov= 0.0%  N=  0  CB=0m  CT=0m  prec=0.00mm/h  qv_bl=8.42g/kg
t= 12480s  step= 6241  w_max= 8.27m/s  w99=1.57m/s  qc_max=0.00g/kg  cov= 0.0%  N=  0  CB=0m  CT=0m  prec=0.00mm/h  qv_bl=8.43g/kg
t= 12540s  step= 6271  w_max= 8.35m/s  w99=1.58m/s  qc_max=0.00g/kg  cov= 0.0%  N=  0  CB=0m  CT=0m  prec=0.00mm/h  qv_bl=8.43g/kg
t= 12600s  step= 6301  w_max= 8.07m/s  w99=1.58m/s  qc_max=0.00g/kg  cov= 0.0%  N=  0  CB=0m  CT=0m  prec=0.00mm/h  qv_bl=8.43g/kg
t= 12660s  step= 6331  w_max= 7.41m/s  w99=1.58m/s  qc_max=0.00g/kg  cov= 0.0%  N=  0  CB=0m  CT=0m  prec=0.00mm/h  qv_bl=8.43g/kg
t= 12720s  step= 6361  w_max= 7.24m/s  w99=1.59m/s  qc_max=0.00g/kg  cov= 0.0%  N=  0  CB=0m  CT=0m  prec=0.00mm/h  qv_bl=8.43g/kg
t= 12780s  step= 6391  w_max= 7.40m/s  w99=1.59m/s  qc_max=0.00g/kg  cov= 0.0%  N=  0  CB=0m  CT=0m  prec=0.00mm/h  qv_bl=8.43g/kg
t= 12840s  step= 6421  w_max= 7.16m/s  w99=1.59m/s  qc_max=0.00g/kg  cov= 0.0%  N=  0  CB=0m  CT=0m  prec=0.00mm/h  qv_bl=8.43g/kg
t= 12900s  step= 6451  w_max= 7.50m/s  w99=1.59m/s  qc_max=0.00g/kg  cov= 0.0%  N=  0  CB=0m  CT=0m  prec=0.00mm/h  qv_bl=8.43g/kg
t= 12960s  step= 6481  w_max= 8.16m/s  w99=1.58m/s  qc_max=0.00g/kg  cov= 0.0%  N=  0  CB=0m  CT=0m  prec=0.00mm/h  qv_bl=8.42g/kg
t= 13020s  step= 6511  w_max= 8.36m/s  w99=1.58m/s  qc_max=0.00g/kg  cov= 0.0%  N=  0  CB=0m  CT=0m  prec=0.00mm/h  qv_bl=8.42g/kg
t= 13080s  step= 6541  w_max= 8.15m/s  w99=1.57m/s  qc_max=0.00g/kg  cov= 0.0%  N=  0  CB=0m  CT=0m  prec=0.00mm/h  qv_bl=8.42g/kg
t= 13140s  step= 6571  w_max= 7.71m/s  w99=1.55m/s  qc_max=0.00g/kg  cov= 0.0%  N=  0  CB=0m  CT=0m  prec=0.00mm/h  qv_bl=8.42g/kg
t= 13200s  step= 6601  w_max= 7.57m/s  w99=1.55m/s  qc_max=0.00g/kg  cov= 0.0%  N=  0  CB=0m  CT=0m  prec=0.00mm/h  qv_bl=8.42g/kg
t= 13260s  step= 6631  w_max= 7.66m/s  w99=1.55m/s  qc_max=0.00g/kg  cov= 0.0%  N=  0  CB=0m  CT=0m  prec=0.00mm/h  qv_bl=8.42g/kg
t= 13320s  step= 6661  w_max= 7.72m/s  w99=1.54m/s  qc_max=0.00g/kg  cov= 0.0%  N=  0  CB=0m  CT=0m  prec=0.00mm/h  qv_bl=8.42g/kg
t= 13380s  step= 6691  w_max= 7.73m/s  w99=1.54m/s  qc_max=0.00g/kg  cov= 0.0%  N=  0  CB=0m  CT=0m  prec=0.00mm/h  qv_bl=8.42g/kg
t= 13440s  step= 6721  w_max= 7.92m/s  w99=1.54m/s  qc_max=0.00g/kg  cov= 0.0%  N=  0  CB=0m  CT=0m  prec=0.00mm/h  qv_bl=8.42g/kg
t= 13500s  step= 6751  w_max= 8.21m/s  w99=1.55m/s  qc_max=0.00g/kg  cov= 0.0%  N=  0  CB=0m  CT=0m  prec=0.00mm/h  qv_bl=8.42g/kg
t= 13560s  step= 6781  w_max= 8.41m/s  w99=1.55m/s  qc_max=0.00g/kg  cov= 0.0%  N=  0  CB=0m  CT=0m  prec=0.00mm/h  qv_bl=8.42g/kg
t= 13620s  step= 6811  w_max= 8.47m/s  w99=1.54m/s  qc_max=0.00g/kg  cov= 0.0%  N=  0  CB=0m  CT=0m  prec=0.00mm/h  qv_bl=8.42g/kg
t= 13680s  step= 6841  w_max= 8.37m/s  w99=1.55m/s  qc_max=0.00g/kg  cov= 0.0%  N=  0  CB=0m  CT=0m  prec=0.00mm/h  qv_bl=8.42g/kg
t= 13740s  step= 6871  w_max= 8.09m/s  w99=1.55m/s  qc_max=0.00g/kg  cov= 0.0%  N=  0  CB=0m  CT=0m  prec=0.00mm/h  qv_bl=8.43g/kg
t= 13800s  step= 6901  w_max= 7.80m/s  w99=1.56m/s  qc_max=0.00g/kg  cov= 0.0%  N=  0  CB=0m  CT=0m  prec=0.00mm/h  qv_bl=8.43g/kg
t= 13860s  step= 6931  w_max= 7.80m/s  w99=1.56m/s  qc_max=0.00g/kg  cov= 0.0%  N=  0  CB=0m  CT=0m  prec=0.00mm/h  qv_bl=8.43g/kg
t= 13920s  step= 6961  w_max= 7.93m/s  w99=1.56m/s  qc_max=0.00g/kg  cov= 0.0%  N=  0  CB=0m  CT=0m  prec=0.00mm/h  qv_bl=8.43g/kg
t= 13980s  step= 6991  w_max= 7.78m/s  w99=1.57m/s  qc_max=0.00g/kg  cov= 0.0%  N=  0  CB=0m  CT=0m  prec=0.00mm/h  qv_bl=8.43g/kg
t= 14040s  step= 7021  w_max= 7.54m/s  w99=1.58m/s  qc_max=0.00g/kg  cov= 0.0%  N=  0  CB=0m  CT=0m  prec=0.00mm/h  qv_bl=8.43g/kg
t= 14100s  step= 7051  w_max= 7.55m/s  w99=1.58m/s  qc_max=0.00g/kg  cov= 0.0%  N=  0  CB=0m  CT=0m  prec=0.00mm/h  qv_bl=8.43g/kg
t= 14160s  step= 7081  w_max= 7.68m/s  w99=1.57m/s  qc_max=0.00g/kg  cov= 0.0%  N=  0  CB=0m  CT=0m  prec=0.00mm/h  qv_bl=8.43g/kg
t= 14220s  step= 7111  w_max= 7.46m/s  w99=1.57m/s  qc_max=0.00g/kg  cov= 0.0%  N=  0  CB=0m  CT=0m  prec=0.00mm/h  qv_bl=8.43g/kg
t= 14280s  step= 7141  w_max= 7.97m/s  w99=1.56m/s  qc_max=0.00g/kg  cov= 0.0%  N=  0  CB=0m  CT=0m  prec=0.00mm/h  qv_bl=8.43g/kg
t= 14340s  step= 7171  w_max= 8.56m/s  w99=1.54m/s  qc_max=0.00g/kg  cov= 0.0%  N=  0  CB=0m  CT=0m  prec=0.00mm/h  qv_bl=8.43g/kg
t= 14400s  step= 7201  w_max= 9.09m/s  w99=1.53m/s  qc_max=0.00g/kg  cov= 0.0%  N=  0  CB=0m  CT=0m  prec=0.00mm/h  qv_bl=8.43g/kg
t= 14460s  step= 7231  w_max= 9.47m/s  w99=1.53m/s  qc_max=0.00g/kg  cov= 0.0%  N=  0  CB=0m  CT=0m  prec=0.00mm/h  qv_bl=8.43g/kg
t= 14520s  step= 7261  w_max= 9.59m/s  w99=1.52m/s  qc_max=0.00g/kg  cov= 0.0%  N=  0  CB=0m  CT=0m  prec=0.00mm/h  qv_bl=8.43g/kg
t= 14580s  step= 7291  w_max= 9.35m/s  w99=1.53m/s  qc_max=0.00g/kg  cov= 0.0%  N=  0  CB=0m  CT=0m  prec=0.00mm/h  qv_bl=8.43g/kg
t= 14640s  step= 7321  w_max= 8.81m/s  w99=1.54m/s  qc_max=0.00g/kg  cov= 0.0%  N=  0  CB=0m  CT=0m  prec=0.00mm/h  qv_bl=8.43g/kg
t= 14700s  step= 7351  w_max= 8.40m/s  w99=1.55m/s  qc_max=0.00g/kg  cov= 0.0%  N=  0  CB=0m  CT=0m  prec=0.00mm/h  qv_bl=8.43g/kg
t= 14760s  step= 7381  w_max= 8.10m/s  w99=1.55m/s  qc_max=0.00g/kg  cov= 0.0%  N=  0  CB=0m  CT=0m  prec=0.00mm/h  qv_bl=8.43g/kg
t= 14820s  step= 7411  w_max= 7.48m/s  w99=1.55m/s  qc_max=0.00g/kg  cov= 0.0%  N=  0  CB=0m  CT=0m  prec=0.00mm/h  qv_bl=8.43g/kg
t= 14880s  step= 7441  w_max= 6.86m/s  w99=1.55m/s  qc_max=0.00g/kg  cov= 0.0%  N=  0  CB=0m  CT=0m  prec=0.00mm/h  qv_bl=8.43g/kg
t= 14940s  step= 7471  w_max= 7.24m/s  w99=1.55m/s  qc_max=0.00g/kg  cov= 0.0%  N=  0  CB=0m  CT=0m  prec=0.00mm/h  qv_bl=8.43g/kg
t= 15000s  step= 7501  w_max= 7.00m/s  w99=1.55m/s  qc_max=0.00g/kg  cov= 0.0%  N=  0  CB=0m  CT=0m  prec=0.00mm/h  qv_bl=8.43g/kg
t= 15060s  step= 7531  w_max= 6.93m/s  w99=1.54m/s  qc_max=0.00g/kg  cov= 0.0%  N=  0  CB=0m  CT=0m  prec=0.00mm/h  qv_bl=8.43g/kg
t= 15120s  step= 7561  w_max= 7.07m/s  w99=1.55m/s  qc_max=0.00g/kg  cov= 0.0%  N=  0  CB=0m  CT=0m  prec=0.00mm/h  qv_bl=8.43g/kg
t= 15180s  step= 7591  w_max= 6.87m/s  w99=1.55m/s  qc_max=0.00g/kg  cov= 0.0%  N=  0  CB=0m  CT=0m  prec=0.00mm/h  qv_bl=8.43g/kg
t= 15240s  step= 7621  w_max= 6.50m/s  w99=1.57m/s  qc_max=0.00g/kg  cov= 0.0%  N=  0  CB=0m  CT=0m  prec=0.00mm/h  qv_bl=8.43g/kg
t= 15300s  step= 7651  w_max= 6.59m/s  w99=1.58m/s  qc_max=0.00g/kg  cov= 0.0%  N=  0  CB=0m  CT=0m  prec=0.00mm/h  qv_bl=8.43g/kg
t= 15360s  step= 7681  w_max= 7.14m/s  w99=1.58m/s  qc_max=0.00g/kg  cov= 0.0%  N=  0  CB=0m  CT=0m  prec=0.00mm/h  qv_bl=8.43g/kg
t= 15420s  step= 7711  w_max= 7.54m/s  w99=1.59m/s  qc_max=0.00g/kg  cov= 0.0%  N=  0  CB=0m  CT=0m  prec=0.00mm/h  qv_bl=8.43g/kg
t= 15480s  step= 7741  w_max= 7.52m/s  w99=1.60m/s  qc_max=0.00g/kg  cov= 0.0%  N=  0  CB=0m  CT=0m  prec=0.00mm/h  qv_bl=8.43g/kg
t= 15540s  step= 7771  w_max= 7.42m/s  w99=1.61m/s  qc_max=0.00g/kg  cov= 0.0%  N=  0  CB=0m  CT=0m  prec=0.00mm/h  qv_bl=8.43g/kg
t= 15600s  step= 7801  w_max= 7.11m/s  w99=1.61m/s  qc_max=0.00g/kg  cov= 0.0%  N=  0  CB=0m  CT=0m  prec=0.00mm/h  qv_bl=8.43g/kg
t= 15660s  step= 7831  w_max= 7.16m/s  w99=1.62m/s  qc_max=0.00g/kg  cov= 0.0%  N=  0  CB=0m  CT=0m  prec=0.00mm/h  qv_bl=8.43g/kg
t= 15720s  step= 7861  w_max= 7.44m/s  w99=1.62m/s  qc_max=0.00g/kg  cov= 0.0%  N=  0  CB=0m  CT=0m  prec=0.00mm/h  qv_bl=8.43g/kg
t= 15780s  step= 7891  w_max= 7.83m/s  w99=1.62m/s  qc_max=0.00g/kg  cov= 0.0%  N=  0  CB=0m  CT=0m  prec=0.00mm/h  qv_bl=8.43g/kg
t= 15840s  step= 7921  w_max= 8.10m/s  w99=1.62m/s  qc_max=0.00g/kg  cov= 0.0%  N=  0  CB=0m  CT=0m  prec=0.00mm/h  qv_bl=8.43g/kg
t= 15900s  step= 7951  w_max= 8.02m/s  w99=1.62m/s  qc_max=0.00g/kg  cov= 0.0%  N=  0  CB=0m  CT=0m  prec=0.00mm/h  qv_bl=8.43g/kg
t= 15960s  step= 7981  w_max= 7.55m/s  w99=1.62m/s  qc_max=0.00g/kg  cov= 0.0%  N=  0  CB=0m  CT=0m  prec=0.00mm/h  qv_bl=8.43g/kg
t= 16020s  step= 8011  w_max= 6.97m/s  w99=1.61m/s  qc_max=0.00g/kg  cov= 0.0%  N=  0  CB=0m  CT=0m  prec=0.00mm/h  qv_bl=8.43g/kg
t= 16080s  step= 8041  w_max= 7.60m/s  w99=1.61m/s  qc_max=0.00g/kg  cov= 0.0%  N=  0  CB=0m  CT=0m  prec=0.00mm/h  qv_bl=8.43g/kg
t= 16140s  step= 8071  w_max= 8.70m/s  w99=1.60m/s  qc_max=0.00g/kg  cov= 0.0%  N=  0  CB=0m  CT=0m  prec=0.00mm/h  qv_bl=8.43g/kg
t= 16200s  step= 8101  w_max= 9.51m/s  w99=1.59m/s  qc_max=0.00g/kg  cov= 0.0%  N=  0  CB=0m  CT=0m  prec=0.00mm/h  qv_bl=8.43g/kg
t= 16260s  step= 8131  w_max= 9.68m/s  w99=1.59m/s  qc_max=0.00g/kg  cov= 0.0%  N=  0  CB=0m  CT=0m  prec=0.00mm/h  qv_bl=8.43g/kg
t= 16320s  step= 8161  w_max= 9.43m/s  w99=1.59m/s  qc_max=0.00g/kg  cov= 0.0%  N=  0  CB=0m  CT=0m  prec=0.00mm/h  qv_bl=8.43g/kg
t= 16380s  step= 8191  w_max= 8.86m/s  w99=1.59m/s  qc_max=0.00g/kg  cov= 0.0%  N=  0  CB=0m  CT=0m  prec=0.00mm/h  qv_bl=8.43g/kg
t= 16440s  step= 8221  w_max= 8.26m/s  w99=1.58m/s  qc_max=0.00g/kg  cov= 0.0%  N=  0  CB=0m  CT=0m  prec=0.00mm/h  qv_bl=8.43g/kg
t= 16500s  step= 8251  w_max= 8.55m/s  w99=1.58m/s  qc_max=0.00g/kg  cov= 0.0%  N=  0  CB=0m  CT=0m  prec=0.00mm/h  qv_bl=8.43g/kg
t= 16560s  step= 8281  w_max= 8.98m/s  w99=1.58m/s  qc_max=0.00g/kg  cov= 0.0%  N=  0  CB=0m  CT=0m  prec=0.00mm/h  qv_bl=8.43g/kg
t= 16620s  step= 8311  w_max= 9.31m/s  w99=1.59m/s  qc_max=0.00g/kg  cov= 0.0%  N=  0  CB=0m  CT=0m  prec=0.00mm/h  qv_bl=8.43g/kg
t= 16680s  step= 8341  w_max= 9.38m/s  w99=1.58m/s  qc_max=0.00g/kg  cov= 0.0%  N=  0  CB=0m  CT=0m  prec=0.00mm/h  qv_bl=8.43g/kg
t= 16740s  step= 8371  w_max= 9.19m/s  w99=1.58m/s  qc_max=0.00g/kg  cov= 0.0%  N=  0  CB=0m  CT=0m  prec=0.00mm/h  qv_bl=8.43g/kg
t= 16800s  step= 8401  w_max= 8.87m/s  w99=1.58m/s  qc_max=0.00g/kg  cov= 0.0%  N=  0  CB=0m  CT=0m  prec=0.00mm/h  qv_bl=8.43g/kg
t= 16860s  step= 8431  w_max= 9.00m/s  w99=1.57m/s  qc_max=0.00g/kg  cov= 0.0%  N=  0  CB=0m  CT=0m  prec=0.00mm/h  qv_bl=8.43g/kg
t= 16920s  step= 8461  w_max= 9.13m/s  w99=1.56m/s  qc_max=0.00g/kg  cov= 0.0%  N=  0  CB=0m  CT=0m  prec=0.00mm/h  qv_bl=8.43g/kg
t= 16980s  step= 8491  w_max= 9.34m/s  w99=1.56m/s  qc_max=0.00g/kg  cov= 0.0%  N=  0  CB=0m  CT=0m  prec=0.00mm/h  qv_bl=8.43g/kg
t= 17040s  step= 8521  w_max= 9.71m/s  w99=1.55m/s  qc_max=0.00g/kg  cov= 0.0%  N=  0  CB=0m  CT=0m  prec=0.00mm/h  qv_bl=8.43g/kg
t= 17100s  step= 8551  w_max=10.15m/s  w99=1.56m/s  qc_max=0.00g/kg  cov= 0.0%  N=  0  CB=0m  CT=0m  prec=0.00mm/h  qv_bl=8.43g/kg
t= 17160s  step= 8581  w_max=10.53m/s  w99=1.56m/s  qc_max=0.00g/kg  cov= 0.0%  N=  0  CB=0m  CT=0m  prec=0.00mm/h  qv_bl=8.43g/kg
t= 17220s  step= 8611  w_max=10.70m/s  w99=1.56m/s  qc_max=0.00g/kg  cov= 0.0%  N=  0  CB=0m  CT=0m  prec=0.00mm/h  qv_bl=8.43g/kg
t= 17280s  step= 8641  w_max=10.54m/s  w99=1.56m/s  qc_max=0.00g/kg  cov= 0.0%  N=  0  CB=0m  CT=0m  prec=0.00mm/h  qv_bl=8.43g/kg
t= 17340s  step= 8671  w_max=10.09m/s  w99=1.56m/s  qc_max=0.00g/kg  cov= 0.0%  N=  0  CB=0m  CT=0m  prec=0.00mm/h  qv_bl=8.43g/kg
t= 17400s  step= 8701  w_max= 9.47m/s  w99=1.56m/s  qc_max=0.00g/kg  cov= 0.0%  N=  0  CB=0m  CT=0m  prec=0.00mm/h  qv_bl=8.43g/kg
t= 17460s  step= 8731  w_max= 9.43m/s  w99=1.56m/s  qc_max=0.00g/kg  cov= 0.0%  N=  0  CB=0m  CT=0m  prec=0.00mm/h  qv_bl=8.43g/kg
t= 17520s  step= 8761  w_max= 9.70m/s  w99=1.56m/s  qc_max=0.00g/kg  cov= 0.0%  N=  0  CB=0m  CT=0m  prec=0.00mm/h  qv_bl=8.43g/kg
t= 17580s  step= 8791  w_max= 9.88m/s  w99=1.55m/s  qc_max=0.00g/kg  cov= 0.0%  N=  0  CB=0m  CT=0m  prec=0.00mm/h  qv_bl=8.43g/kg
t= 17640s  step= 8821  w_max= 9.96m/s  w99=1.53m/s  qc_max=0.00g/kg  cov= 0.0%  N=  0  CB=0m  CT=0m  prec=0.00mm/h  qv_bl=8.43g/kg
t= 17700s  step= 8851  w_max= 9.93m/s  w99=1.52m/s  qc_max=0.00g/kg  cov= 0.0%  N=  0  CB=0m  CT=0m  prec=0.00mm/h  qv_bl=8.43g/kg
t= 17760s  step= 8881  w_max= 9.83m/s  w99=1.51m/s  qc_max=0.00g/kg  cov= 0.0%  N=  0  CB=0m  CT=0m  prec=0.00mm/h  qv_bl=8.43g/kg
t= 17820s  step= 8911  w_max= 9.72m/s  w99=1.50m/s  qc_max=0.00g/kg  cov= 0.0%  N=  0  CB=0m  CT=0m  prec=0.00mm/h  qv_bl=8.43g/kg
t= 17880s  step= 8941  w_max= 9.64m/s  w99=1.49m/s  qc_max=0.00g/kg  cov= 0.0%  N=  0  CB=0m  CT=0m  prec=0.00mm/h  qv_bl=8.43g/kg
t= 17940s  step= 8971  w_max= 9.55m/s  w99=1.49m/s  qc_max=0.00g/kg  cov= 0.0%  N=  0  CB=0m  CT=0m  prec=0.00mm/h  qv_bl=8.43g/kg
t= 18000s  step= 9001  w_max= 9.46m/s  w99=1.49m/s  qc_max=0.00g/kg  cov= 0.0%  N=  0  CB=0m  CT=0m  prec=0.00mm/h  qv_bl=8.43g/kg
t= 18060s  step= 9031  w_max= 9.32m/s  w99=1.50m/s  qc_max=0.00g/kg  cov= 0.0%  N=  0  CB=0m  CT=0m  prec=0.00mm/h  qv_bl=8.43g/kg
t= 18120s  step= 9061  w_max= 9.02m/s  w99=1.50m/s  qc_max=0.00g/kg  cov= 0.0%  N=  0  CB=0m  CT=0m  prec=0.00mm/h  qv_bl=8.43g/kg
t= 18180s  step= 9091  w_max= 9.96m/s  w99=1.51m/s  qc_max=0.00g/kg  cov= 0.0%  N=  0  CB=0m  CT=0m  prec=0.00mm/h  qv_bl=8.43g/kg
t= 18240s  step= 9121  w_max=10.32m/s  w99=1.52m/s  qc_max=0.00g/kg  cov= 0.0%  N=  0  CB=0m  CT=0m  prec=0.00mm/h  qv_bl=8.43g/kg
t= 18300s  step= 9151  w_max=10.18m/s  w99=1.53m/s  qc_max=0.00g/kg  cov= 0.0%  N=  0  CB=0m  CT=0m  prec=0.00mm/h  qv_bl=8.43g/kg
t= 18360s  step= 9181  w_max= 9.99m/s  w99=1.53m/s  qc_max=0.00g/kg  cov= 0.0%  N=  0  CB=0m  CT=0m  prec=0.00mm/h  qv_bl=8.43g/kg
t= 18420s  step= 9211  w_max= 9.76m/s  w99=1.53m/s  qc_max=0.00g/kg  cov= 0.0%  N=  0  CB=0m  CT=0m  prec=0.00mm/h  qv_bl=8.43g/kg
t= 18480s  step= 9241  w_max= 9.24m/s  w99=1.53m/s  qc_max=0.00g/kg  cov= 0.0%  N=  0  CB=0m  CT=0m  prec=0.00mm/h  qv_bl=8.43g/kg
t= 18540s  step= 9271  w_max= 9.17m/s  w99=1.54m/s  qc_max=0.00g/kg  cov= 0.0%  N=  0  CB=0m  CT=0m  prec=0.00mm/h  qv_bl=8.43g/kg
t= 18600s  step= 9301  w_max= 9.22m/s  w99=1.53m/s  qc_max=0.00g/kg  cov= 0.0%  N=  0  CB=0m  CT=0m  prec=0.00mm/h  qv_bl=8.43g/kg
t= 18660s  step= 9331  w_max= 9.14m/s  w99=1.53m/s  qc_max=0.00g/kg  cov= 0.0%  N=  0  CB=0m  CT=0m  prec=0.00mm/h  qv_bl=8.43g/kg
t= 18720s  step= 9361  w_max= 9.12m/s  w99=1.52m/s  qc_max=0.00g/kg  cov= 0.0%  N=  0  CB=0m  CT=0m  prec=0.00mm/h  qv_bl=8.43g/kg
t= 18780s  step= 9391  w_max= 8.85m/s  w99=1.52m/s  qc_max=0.00g/kg  cov= 0.0%  N=  0  CB=0m  CT=0m  prec=0.00mm/h  qv_bl=8.43g/kg
t= 18840s  step= 9421  w_max= 8.00m/s  w99=1.51m/s  qc_max=0.00g/kg  cov= 0.0%  N=  0  CB=0m  CT=0m  prec=0.00mm/h  qv_bl=8.43g/kg
t= 18900s  step= 9451  w_max= 7.42m/s  w99=1.51m/s  qc_max=0.00g/kg  cov= 0.0%  N=  0  CB=0m  CT=0m  prec=0.00mm/h  qv_bl=8.43g/kg
t= 18960s  step= 9481  w_max= 7.54m/s  w99=1.51m/s  qc_max=0.00g/kg  cov= 0.0%  N=  0  CB=0m  CT=0m  prec=0.00mm/h  qv_bl=8.43g/kg
t= 19020s  step= 9511  w_max= 7.39m/s  w99=1.50m/s  qc_max=0.00g/kg  cov= 0.0%  N=  0  CB=0m  CT=0m  prec=0.00mm/h  qv_bl=8.43g/kg
t= 19080s  step= 9541  w_max= 6.98m/s  w99=1.51m/s  qc_max=0.00g/kg  cov= 0.0%  N=  0  CB=0m  CT=0m  prec=0.00mm/h  qv_bl=8.43g/kg
t= 19140s  step= 9571  w_max= 6.88m/s  w99=1.52m/s  qc_max=0.00g/kg  cov= 0.0%  N=  0  CB=0m  CT=0m  prec=0.00mm/h  qv_bl=8.43g/kg
t= 19200s  step= 9601  w_max= 6.99m/s  w99=1.52m/s  qc_max=0.00g/kg  cov= 0.0%  N=  0  CB=0m  CT=0m  prec=0.00mm/h  qv_bl=8.43g/kg
t= 19260s  step= 9631  w_max= 7.02m/s  w99=1.53m/s  qc_max=0.00g/kg  cov= 0.0%  N=  0  CB=0m  CT=0m  prec=0.00mm/h  qv_bl=8.43g/kg
t= 19320s  step= 9661  w_max= 6.88m/s  w99=1.53m/s  qc_max=0.00g/kg  cov= 0.0%  N=  0  CB=0m  CT=0m  prec=0.00mm/h  qv_bl=8.43g/kg
t= 19380s  step= 9691  w_max= 6.80m/s  w99=1.54m/s  qc_max=0.00g/kg  cov= 0.0%  N=  0  CB=0m  CT=0m  prec=0.00mm/h  qv_bl=8.44g/kg
t= 19440s  step= 9721  w_max= 6.61m/s  w99=1.53m/s  qc_max=0.00g/kg  cov= 0.0%  N=  0  CB=0m  CT=0m  prec=0.00mm/h  qv_bl=8.44g/kg
t= 19500s  step= 9751  w_max= 6.53m/s  w99=1.53m/s  qc_max=0.00g/kg  cov= 0.0%  N=  0  CB=0m  CT=0m  prec=0.00mm/h  qv_bl=8.44g/kg
t= 19560s  step= 9781  w_max= 7.00m/s  w99=1.54m/s  qc_max=0.00g/kg  cov= 0.0%  N=  0  CB=0m  CT=0m  prec=0.00mm/h  qv_bl=8.44g/kg
t= 19620s  step= 9811  w_max= 7.27m/s  w99=1.53m/s  qc_max=0.00g/kg  cov= 0.0%  N=  0  CB=0m  CT=0m  prec=0.00mm/h  qv_bl=8.44g/kg
t= 19680s  step= 9841  w_max= 7.27m/s  w99=1.54m/s  qc_max=0.00g/kg  cov= 0.0%  N=  0  CB=0m  CT=0m  prec=0.00mm/h  qv_bl=8.44g/kg
t= 19740s  step= 9871  w_max= 7.25m/s  w99=1.54m/s  qc_max=0.00g/kg  cov= 0.0%  N=  0  CB=0m  CT=0m  prec=0.00mm/h  qv_bl=8.44g/kg
t= 19800s  step= 9901  w_max= 7.39m/s  w99=1.53m/s  qc_max=0.00g/kg  cov= 0.0%  N=  0  CB=0m  CT=0m  prec=0.00mm/h  qv_bl=8.44g/kg
t= 19860s  step= 9931  w_max= 7.43m/s  w99=1.53m/s  qc_max=0.00g/kg  cov= 0.0%  N=  0  CB=0m  CT=0m  prec=0.00mm/h  qv_bl=8.44g/kg
t= 19920s  step= 9961  w_max= 7.45m/s  w99=1.52m/s  qc_max=0.00g/kg  cov= 0.0%  N=  0  CB=0m  CT=0m  prec=0.00mm/h  qv_bl=8.44g/kg
t= 19980s  step= 9991  w_max= 7.79m/s  w99=1.51m/s  qc_max=0.00g/kg  cov= 0.0%  N=  0  CB=0m  CT=0m  prec=0.00mm/h  qv_bl=8.44g/kg
t= 20040s  step=10021  w_max= 7.92m/s  w99=1.50m/s  qc_max=0.00g/kg  cov= 0.0%  N=  0  CB=0m  CT=0m  prec=0.00mm/h  qv_bl=8.44g/kg
t= 20100s  step=10051  w_max= 7.96m/s  w99=1.49m/s  qc_max=0.00g/kg  cov= 0.0%  N=  0  CB=0m  CT=0m  prec=0.00mm/h  qv_bl=8.44g/kg
t= 20160s  step=10081  w_max= 8.14m/s  w99=1.49m/s  qc_max=0.00g/kg  cov= 0.0%  N=  0  CB=0m  CT=0m  prec=0.00mm/h  qv_bl=8.44g/kg
t= 20220s  step=10111  w_max= 8.29m/s  w99=1.49m/s  qc_max=0.00g/kg  cov= 0.0%  N=  0  CB=0m  CT=0m  prec=0.00mm/h  qv_bl=8.44g/kg
t= 20280s  step=10141  w_max= 8.17m/s  w99=1.50m/s  qc_max=0.00g/kg  cov= 0.0%  N=  0  CB=0m  CT=0m  prec=0.00mm/h  qv_bl=8.44g/kg
t= 20340s  step=10171  w_max= 7.98m/s  w99=1.50m/s  qc_max=0.00g/kg  cov= 0.0%  N=  0  CB=0m  CT=0m  prec=0.00mm/h  qv_bl=8.44g/kg
t= 20400s  step=10201  w_max= 7.86m/s  w99=1.51m/s  qc_max=0.00g/kg  cov= 0.0%  N=  0  CB=0m  CT=0m  prec=0.00mm/h  qv_bl=8.44g/kg
t= 20460s  step=10231  w_max= 7.54m/s  w99=1.51m/s  qc_max=0.00g/kg  cov= 0.0%  N=  0  CB=0m  CT=0m  prec=0.00mm/h  qv_bl=8.44g/kg
t= 20520s  step=10261  w_max= 7.11m/s  w99=1.52m/s  qc_max=0.00g/kg  cov= 0.0%  N=  0  CB=0m  CT=0m  prec=0.00mm/h  qv_bl=8.44g/kg
t= 20580s  step=10291  w_max= 7.22m/s  w99=1.53m/s  qc_max=0.00g/kg  cov= 0.0%  N=  0  CB=0m  CT=0m  prec=0.00mm/h  qv_bl=8.44g/kg
t= 20640s  step=10321  w_max= 7.40m/s  w99=1.54m/s  qc_max=0.00g/kg  cov= 0.0%  N=  0  CB=0m  CT=0m  prec=0.00mm/h  qv_bl=8.44g/kg
t= 20700s  step=10351  w_max= 7.50m/s  w99=1.56m/s  qc_max=0.00g/kg  cov= 0.0%  N=  0  CB=0m  CT=0m  prec=0.00mm/h  qv_bl=8.44g/kg
t= 20760s  step=10381  w_max= 7.59m/s  w99=1.57m/s  qc_max=0.00g/kg  cov= 0.0%  N=  0  CB=0m  CT=0m  prec=0.00mm/h  qv_bl=8.44g/kg
t= 20820s  step=10411  w_max= 7.79m/s  w99=1.58m/s  qc_max=0.00g/kg  cov= 0.0%  N=  0  CB=0m  CT=0m  prec=0.00mm/h  qv_bl=8.44g/kg
t= 20880s  step=10441  w_max= 7.53m/s  w99=1.59m/s  qc_max=0.00g/kg  cov= 0.0%  N=  0  CB=0m  CT=0m  prec=0.00mm/h  qv_bl=8.44g/kg
t= 20940s  step=10471  w_max= 7.53m/s  w99=1.58m/s  qc_max=0.00g/kg  cov= 0.0%  N=  0  CB=0m  CT=0m  prec=0.00mm/h  qv_bl=8.44g/kg
t= 21000s  step=10501  w_max= 7.74m/s  w99=1.58m/s  qc_max=0.00g/kg  cov= 0.0%  N=  0  CB=0m  CT=0m  prec=0.00mm/h  qv_bl=8.44g/kg
t= 21060s  step=10531  w_max= 7.71m/s  w99=1.57m/s  qc_max=0.00g/kg  cov= 0.0%  N=  0  CB=0m  CT=0m  prec=0.00mm/h  qv_bl=8.44g/kg
t= 21120s  step=10561  w_max= 7.88m/s  w99=1.55m/s  qc_max=0.00g/kg  cov= 0.0%  N=  0  CB=0m  CT=0m  prec=0.00mm/h  qv_bl=8.44g/kg
t= 21180s  step=10591  w_max= 7.88m/s  w99=1.54m/s  qc_max=0.00g/kg  cov= 0.0%  N=  0  CB=0m  CT=0m  prec=0.00mm/h  qv_bl=8.44g/kg
t= 21240s  step=10621  w_max= 7.91m/s  w99=1.53m/s  qc_max=0.00g/kg  cov= 0.0%  N=  0  CB=0m  CT=0m  prec=0.00mm/h  qv_bl=8.44g/kg
t= 21300s  step=10651  w_max= 8.20m/s  w99=1.51m/s  qc_max=0.00g/kg  cov= 0.0%  N=  0  CB=0m  CT=0m  prec=0.00mm/h  qv_bl=8.44g/kg
t= 21360s  step=10681  w_max= 8.73m/s  w99=1.52m/s  qc_max=0.00g/kg  cov= 0.0%  N=  0  CB=0m  CT=0m  prec=0.00mm/h  qv_bl=8.44g/kg
t= 21420s  step=10711  w_max= 9.17m/s  w99=1.52m/s  qc_max=0.00g/kg  cov= 0.0%  N=  0  CB=0m  CT=0m  prec=0.00mm/h  qv_bl=8.44g/kg
t= 21480s  step=10741  w_max= 9.14m/s  w99=1.52m/s  qc_max=0.00g/kg  cov= 0.0%  N=  0  CB=0m  CT=0m  prec=0.00mm/h  qv_bl=8.44g/kg
t= 21540s  step=10771  w_max= 8.69m/s  w99=1.52m/s  qc_max=0.00g/kg  cov= 0.0%  N=  0  CB=0m  CT=0m  prec=0.00mm/h  qv_bl=8.44g/kg
t= 21600s  step=10801  w_max= 9.43m/s  w99=1.51m/s  qc_max=0.00g/kg  cov= 0.0%  N=  0  CB=0m  CT=0m  prec=0.00mm/h  qv_bl=8.44g/kg
t= 21660s  step=10831  w_max=10.05m/s  w99=1.51m/s  qc_max=0.00g/kg  cov= 0.0%  N=  0  CB=0m  CT=0m  prec=0.00mm/h  qv_bl=8.44g/kg
t= 21720s  step=10861  w_max= 9.46m/s  w99=1.52m/s  qc_max=0.00g/kg  cov= 0.0%  N=  0  CB=0m  CT=0m  prec=0.00mm/h  qv_bl=8.44g/kg
t= 21780s  step=10891  w_max= 8.29m/s  w99=1.52m/s  qc_max=0.00g/kg  cov= 0.0%  N=  0  CB=0m  CT=0m  prec=0.00mm/h  qv_bl=8.44g/kg
t= 21840s  step=10921  w_max= 7.64m/s  w99=1.52m/s  qc_max=0.00g/kg  cov= 0.0%  N=  0  CB=0m  CT=0m  prec=0.00mm/h  qv_bl=8.44g/kg
t= 21900s  step=10951  w_max= 7.63m/s  w99=1.53m/s  qc_max=0.00g/kg  cov= 0.0%  N=  0  CB=0m  CT=0m  prec=0.00mm/h  qv_bl=8.44g/kg
t= 21960s  step=10981  w_max= 7.69m/s  w99=1.52m/s  qc_max=0.00g/kg  cov= 0.0%  N=  0  CB=0m  CT=0m  prec=0.00mm/h  qv_bl=8.44g/kg
t= 22020s  step=11011  w_max= 7.71m/s  w99=1.52m/s  qc_max=0.00g/kg  cov= 0.0%  N=  0  CB=0m  CT=0m  prec=0.00mm/h  qv_bl=8.44g/kg
t= 22080s  step=11041  w_max= 7.54m/s  w99=1.52m/s  qc_max=0.00g/kg  cov= 0.0%  N=  0  CB=0m  CT=0m  prec=0.00mm/h  qv_bl=8.44g/kg
t= 22140s  step=11071  w_max= 7.50m/s  w99=1.52m/s  qc_max=0.00g/kg  cov= 0.0%  N=  0  CB=0m  CT=0m  prec=0.00mm/h  qv_bl=8.44g/kg
t= 22200s  step=11101  w_max= 7.67m/s  w99=1.52m/s  qc_max=0.00g/kg  cov= 0.0%  N=  0  CB=0m  CT=0m  prec=0.00mm/h  qv_bl=8.44g/kg
t= 22260s  step=11131  w_max= 7.46m/s  w99=1.52m/s  qc_max=0.00g/kg  cov= 0.0%  N=  0  CB=0m  CT=0m  prec=0.00mm/h  qv_bl=8.44g/kg
t= 22320s  step=11161  w_max= 7.00m/s  w99=1.52m/s  qc_max=0.00g/kg  cov= 0.0%  N=  0  CB=0m  CT=0m  prec=0.00mm/h  qv_bl=8.44g/kg
t= 22380s  step=11191  w_max= 6.61m/s  w99=1.54m/s  qc_max=0.00g/kg  cov= 0.0%  N=  0  CB=0m  CT=0m  prec=0.00mm/h  qv_bl=8.44g/kg
t= 22440s  step=11221  w_max= 6.22m/s  w99=1.55m/s  qc_max=0.00g/kg  cov= 0.0%  N=  0  CB=0m  CT=0m  prec=0.00mm/h  qv_bl=8.44g/kg
t= 22500s  step=11251  w_max= 6.32m/s  w99=1.55m/s  qc_max=0.00g/kg  cov= 0.0%  N=  0  CB=0m  CT=0m  prec=0.00mm/h  qv_bl=8.44g/kg
t= 22560s  step=11281  w_max= 6.59m/s  w99=1.57m/s  qc_max=0.00g/kg  cov= 0.0%  N=  0  CB=0m  CT=0m  prec=0.00mm/h  qv_bl=8.44g/kg
t= 22620s  step=11311  w_max= 6.66m/s  w99=1.57m/s  qc_max=0.00g/kg  cov= 0.0%  N=  0  CB=0m  CT=0m  prec=0.00mm/h  qv_bl=8.44g/kg
t= 22680s  step=11341  w_max= 6.30m/s  w99=1.57m/s  qc_max=0.00g/kg  cov= 0.0%  N=  0  CB=0m  CT=0m  prec=0.00mm/h  qv_bl=8.44g/kg
t= 22740s  step=11371  w_max= 6.63m/s  w99=1.58m/s  qc_max=0.00g/kg  cov= 0.0%  N=  0  CB=0m  CT=0m  prec=0.00mm/h  qv_bl=8.44g/kg
t= 22800s  step=11401  w_max= 6.70m/s  w99=1.58m/s  qc_max=0.00g/kg  cov= 0.0%  N=  0  CB=0m  CT=0m  prec=0.00mm/h  qv_bl=8.44g/kg
t= 22860s  step=11431  w_max= 6.70m/s  w99=1.58m/s  qc_max=0.00g/kg  cov= 0.0%  N=  0  CB=0m  CT=0m  prec=0.00mm/h  qv_bl=8.44g/kg
t= 22920s  step=11461  w_max= 6.90m/s  w99=1.57m/s  qc_max=0.00g/kg  cov= 0.0%  N=  0  CB=0m  CT=0m  prec=0.00mm/h  qv_bl=8.44g/kg
t= 22980s  step=11491  w_max= 7.09m/s  w99=1.56m/s  qc_max=0.00g/kg  cov= 0.0%  N=  0  CB=0m  CT=0m  prec=0.00mm/h  qv_bl=8.44g/kg
t= 23040s  step=11521  w_max= 7.27m/s  w99=1.55m/s  qc_max=0.00g/kg  cov= 0.0%  N=  0  CB=0m  CT=0m  prec=0.00mm/h  qv_bl=8.44g/kg
t= 23100s  step=11551  w_max= 7.43m/s  w99=1.54m/s  qc_max=0.00g/kg  cov= 0.0%  N=  0  CB=0m  CT=0m  prec=0.00mm/h  qv_bl=8.44g/kg
t= 23160s  step=11581  w_max= 8.00m/s  w99=1.54m/s  qc_max=0.00g/kg  cov= 0.0%  N=  0  CB=0m  CT=0m  prec=0.00mm/h  qv_bl=8.44g/kg
t= 23220s  step=11611  w_max= 8.44m/s  w99=1.54m/s  qc_max=0.00g/kg  cov= 0.0%  N=  0  CB=0m  CT=0m  prec=0.00mm/h  qv_bl=8.44g/kg
t= 23280s  step=11641  w_max= 8.10m/s  w99=1.54m/s  qc_max=0.00g/kg  cov= 0.0%  N=  0  CB=0m  CT=0m  prec=0.00mm/h  qv_bl=8.44g/kg
t= 23340s  step=11671  w_max= 8.49m/s  w99=1.53m/s  qc_max=0.00g/kg  cov= 0.0%  N=  0  CB=0m  CT=0m  prec=0.00mm/h  qv_bl=8.44g/kg
t= 23400s  step=11701  w_max= 8.57m/s  w99=1.53m/s  qc_max=0.00g/kg  cov= 0.0%  N=  0  CB=0m  CT=0m  prec=0.00mm/h  qv_bl=8.44g/kg
t= 23460s  step=11731  w_max= 8.27m/s  w99=1.54m/s  qc_max=0.00g/kg  cov= 0.0%  N=  0  CB=0m  CT=0m  prec=0.00mm/h  qv_bl=8.43g/kg
t= 23520s  step=11761  w_max= 7.57m/s  w99=1.54m/s  qc_max=0.00g/kg  cov= 0.0%  N=  0  CB=0m  CT=0m  prec=0.00mm/h  qv_bl=8.43g/kg
t= 23580s  step=11791  w_max= 7.63m/s  w99=1.53m/s  qc_max=0.00g/kg  cov= 0.0%  N=  0  CB=0m  CT=0m  prec=0.00mm/h  qv_bl=8.43g/kg
t= 23640s  step=11821  w_max= 7.70m/s  w99=1.52m/s  qc_max=0.00g/kg  cov= 0.0%  N=  0  CB=0m  CT=0m  prec=0.00mm/h  qv_bl=8.43g/kg
t= 23700s  step=11851  w_max= 8.24m/s  w99=1.52m/s  qc_max=0.00g/kg  cov= 0.0%  N=  0  CB=0m  CT=0m  prec=0.00mm/h  qv_bl=8.43g/kg
t= 23760s  step=11881  w_max= 8.24m/s  w99=1.52m/s  qc_max=0.00g/kg  cov= 0.0%  N=  0  CB=0m  CT=0m  prec=0.00mm/h  qv_bl=8.43g/kg
t= 23820s  step=11911  w_max= 8.20m/s  w99=1.52m/s  qc_max=0.00g/kg  cov= 0.0%  N=  0  CB=0m  CT=0m  prec=0.00mm/h  qv_bl=8.43g/kg
t= 23880s  step=11941  w_max= 8.65m/s  w99=1.53m/s  qc_max=0.00g/kg  cov= 0.0%  N=  0  CB=0m  CT=0m  prec=0.00mm/h  qv_bl=8.43g/kg
t= 23940s  step=11971  w_max= 8.90m/s  w99=1.54m/s  qc_max=0.00g/kg  cov= 0.0%  N=  0  CB=0m  CT=0m  prec=0.00mm/h  qv_bl=8.43g/kg
t= 24000s  step=12001  w_max= 8.94m/s  w99=1.55m/s  qc_max=0.00g/kg  cov= 0.0%  N=  0  CB=0m  CT=0m  prec=0.00mm/h  qv_bl=8.43g/kg
t= 24060s  step=12031  w_max= 8.98m/s  w99=1.56m/s  qc_max=0.00g/kg  cov= 0.0%  N=  0  CB=0m  CT=0m  prec=0.00mm/h  qv_bl=8.43g/kg
t= 24120s  step=12061  w_max= 8.93m/s  w99=1.56m/s  qc_max=0.00g/kg  cov= 0.0%  N=  0  CB=0m  CT=0m  prec=0.00mm/h  qv_bl=8.43g/kg
t= 24180s  step=12091  w_max= 8.72m/s  w99=1.55m/s  qc_max=0.00g/kg  cov= 0.0%  N=  0  CB=0m  CT=0m  prec=0.00mm/h  qv_bl=8.43g/kg
t= 24240s  step=12121  w_max= 8.28m/s  w99=1.55m/s  qc_max=0.00g/kg  cov= 0.0%  N=  0  CB=0m  CT=0m  prec=0.00mm/h  qv_bl=8.43g/kg
t= 24300s  step=12151  w_max= 7.58m/s  w99=1.56m/s  qc_max=0.00g/kg  cov= 0.0%  N=  0  CB=0m  CT=0m  prec=0.00mm/h  qv_bl=8.43g/kg
t= 24360s  step=12181  w_max= 6.80m/s  w99=1.56m/s  qc_max=0.00g/kg  cov= 0.0%  N=  0  CB=0m  CT=0m  prec=0.00mm/h  qv_bl=8.43g/kg
t= 24420s  step=12211  w_max= 7.00m/s  w99=1.56m/s  qc_max=0.00g/kg  cov= 0.0%  N=  0  CB=0m  CT=0m  prec=0.00mm/h  qv_bl=8.43g/kg
t= 24480s  step=12241  w_max= 6.94m/s  w99=1.55m/s  qc_max=0.00g/kg  cov= 0.0%  N=  0  CB=0m  CT=0m  prec=0.00mm/h  qv_bl=8.43g/kg
t= 24540s  step=12271  w_max= 6.94m/s  w99=1.55m/s  qc_max=0.00g/kg  cov= 0.0%  N=  0  CB=0m  CT=0m  prec=0.00mm/h  qv_bl=8.43g/kg
t= 24600s  step=12301  w_max= 6.80m/s  w99=1.55m/s  qc_max=0.00g/kg  cov= 0.0%  N=  0  CB=0m  CT=0m  prec=0.00mm/h  qv_bl=8.43g/kg
t= 24660s  step=12331  w_max= 6.81m/s  w99=1.55m/s  qc_max=0.00g/kg  cov= 0.0%  N=  0  CB=0m  CT=0m  prec=0.00mm/h  qv_bl=8.43g/kg
t= 24720s  step=12361  w_max= 7.10m/s  w99=1.55m/s  qc_max=0.00g/kg  cov= 0.0%  N=  0  CB=0m  CT=0m  prec=0.00mm/h  qv_bl=8.43g/kg
t= 24780s  step=12391  w_max= 7.50m/s  w99=1.55m/s  qc_max=0.00g/kg  cov= 0.0%  N=  0  CB=0m  CT=0m  prec=0.00mm/h  qv_bl=8.43g/kg
t= 24840s  step=12421  w_max= 7.79m/s  w99=1.54m/s  qc_max=0.00g/kg  cov= 0.0%  N=  0  CB=0m  CT=0m  prec=0.00mm/h  qv_bl=8.43g/kg
t= 24900s  step=12451  w_max= 7.74m/s  w99=1.55m/s  qc_max=0.00g/kg  cov= 0.0%  N=  0  CB=0m  CT=0m  prec=0.00mm/h  qv_bl=8.43g/kg
t= 24960s  step=12481  w_max= 7.56m/s  w99=1.55m/s  qc_max=0.00g/kg  cov= 0.0%  N=  0  CB=0m  CT=0m  prec=0.00mm/h  qv_bl=8.43g/kg
t= 25020s  step=12511  w_max= 7.85m/s  w99=1.54m/s  qc_max=0.00g/kg  cov= 0.0%  N=  0  CB=0m  CT=0m  prec=0.00mm/h  qv_bl=8.43g/kg
t= 25080s  step=12541  w_max= 7.73m/s  w99=1.54m/s  qc_max=0.00g/kg  cov= 0.0%  N=  0  CB=0m  CT=0m  prec=0.00mm/h  qv_bl=8.43g/kg
t= 25140s  step=12571  w_max= 7.37m/s  w99=1.53m/s  qc_max=0.00g/kg  cov= 0.0%  N=  0  CB=0m  CT=0m  prec=0.00mm/h  qv_bl=8.43g/kg
t= 25200s  step=12601  w_max= 7.62m/s  w99=1.52m/s  qc_max=0.00g/kg  cov= 0.0%  N=  0  CB=0m  CT=0m  prec=0.00mm/h  qv_bl=8.43g/kg
t= 25260s  step=12631  w_max= 7.99m/s  w99=1.52m/s  qc_max=0.00g/kg  cov= 0.0%  N=  0  CB=0m  CT=0m  prec=0.00mm/h  qv_bl=8.43g/kg
t= 25320s  step=12661  w_max= 8.08m/s  w99=1.51m/s  qc_max=0.00g/kg  cov= 0.0%  N=  0  CB=0m  CT=0m  prec=0.00mm/h  qv_bl=8.43g/kg
t= 25380s  step=12691  w_max= 8.91m/s  w99=1.51m/s  qc_max=0.00g/kg  cov= 0.0%  N=  0  CB=0m  CT=0m  prec=0.00mm/h  qv_bl=8.43g/kg
t= 25440s  step=12721  w_max= 8.79m/s  w99=1.52m/s  qc_max=0.00g/kg  cov= 0.0%  N=  0  CB=0m  CT=0m  prec=0.00mm/h  qv_bl=8.43g/kg
t= 25500s  step=12751  w_max= 9.44m/s  w99=1.52m/s  qc_max=0.00g/kg  cov= 0.0%  N=  0  CB=0m  CT=0m  prec=0.00mm/h  qv_bl=8.43g/kg
t= 25560s  step=12781  w_max= 9.58m/s  w99=1.53m/s  qc_max=0.00g/kg  cov= 0.0%  N=  0  CB=0m  CT=0m  prec=0.00mm/h  qv_bl=8.43g/kg
t= 25620s  step=12811  w_max= 9.01m/s  w99=1.54m/s  qc_max=0.00g/kg  cov= 0.0%  N=  0  CB=0m  CT=0m  prec=0.00mm/h  qv_bl=8.43g/kg
t= 25680s  step=12841  w_max= 7.83m/s  w99=1.54m/s  qc_max=0.00g/kg  cov= 0.0%  N=  0  CB=0m  CT=0m  prec=0.00mm/h  qv_bl=8.43g/kg
t= 25740s  step=12871  w_max= 8.06m/s  w99=1.54m/s  qc_max=0.00g/kg  cov= 0.0%  N=  0  CB=0m  CT=0m  prec=0.00mm/h  qv_bl=8.43g/kg
t= 25800s  step=12901  w_max= 8.44m/s  w99=1.53m/s  qc_max=0.00g/kg  cov= 0.0%  N=  0  CB=0m  CT=0m  prec=0.00mm/h  qv_bl=8.43g/kg
t= 25860s  step=12931  w_max= 8.38m/s  w99=1.54m/s  qc_max=0.00g/kg  cov= 0.0%  N=  0  CB=0m  CT=0m  prec=0.00mm/h  qv_bl=8.43g/kg
t= 25920s  step=12961  w_max= 8.09m/s  w99=1.54m/s  qc_max=0.00g/kg  cov= 0.0%  N=  0  CB=0m  CT=0m  prec=0.00mm/h  qv_bl=8.43g/kg
t= 25980s  step=12991  w_max= 7.62m/s  w99=1.54m/s  qc_max=0.00g/kg  cov= 0.0%  N=  0  CB=0m  CT=0m  prec=0.00mm/h  qv_bl=8.43g/kg
t= 26040s  step=13021  w_max= 7.55m/s  w99=1.53m/s  qc_max=0.00g/kg  cov= 0.0%  N=  0  CB=0m  CT=0m  prec=0.00mm/h  qv_bl=8.43g/kg
t= 26100s  step=13051  w_max= 7.61m/s  w99=1.53m/s  qc_max=0.00g/kg  cov= 0.0%  N=  0  CB=0m  CT=0m  prec=0.00mm/h  qv_bl=8.43g/kg
t= 26160s  step=13081  w_max= 7.14m/s  w99=1.53m/s  qc_max=0.00g/kg  cov= 0.0%  N=  0  CB=0m  CT=0m  prec=0.00mm/h  qv_bl=8.43g/kg
t= 26220s  step=13111  w_max= 6.70m/s  w99=1.54m/s  qc_max=0.00g/kg  cov= 0.0%  N=  0  CB=0m  CT=0m  prec=0.00mm/h  qv_bl=8.44g/kg
t= 26280s  step=13141  w_max= 6.37m/s  w99=1.54m/s  qc_max=0.00g/kg  cov= 0.0%  N=  0  CB=0m  CT=0m  prec=0.00mm/h  qv_bl=8.44g/kg
t= 26340s  step=13171  w_max= 6.21m/s  w99=1.55m/s  qc_max=0.00g/kg  cov= 0.0%  N=  0  CB=0m  CT=0m  prec=0.00mm/h  qv_bl=8.44g/kg
t= 26400s  step=13201  w_max= 6.47m/s  w99=1.56m/s  qc_max=0.00g/kg  cov= 0.0%  N=  0  CB=0m  CT=0m  prec=0.00mm/h  qv_bl=8.44g/kg
t= 26460s  step=13231  w_max= 6.95m/s  w99=1.56m/s  qc_max=0.00g/kg  cov= 0.0%  N=  0  CB=0m  CT=0m  prec=0.00mm/h  qv_bl=8.44g/kg
t= 26520s  step=13261  w_max= 6.98m/s  w99=1.56m/s  qc_max=0.00g/kg  cov= 0.0%  N=  0  CB=0m  CT=0m  prec=0.00mm/h  qv_bl=8.44g/kg
t= 26580s  step=13291  w_max= 7.48m/s  w99=1.57m/s  qc_max=0.00g/kg  cov= 0.0%  N=  0  CB=0m  CT=0m  prec=0.00mm/h  qv_bl=8.44g/kg
t= 26640s  step=13321  w_max= 7.88m/s  w99=1.58m/s  qc_max=0.00g/kg  cov= 0.0%  N=  0  CB=0m  CT=0m  prec=0.00mm/h  qv_bl=8.44g/kg
t= 26700s  step=13351  w_max= 8.05m/s  w99=1.57m/s  qc_max=0.00g/kg  cov= 0.0%  N=  0  CB=0m  CT=0m  prec=0.00mm/h  qv_bl=8.44g/kg
t= 26760s  step=13381  w_max= 8.17m/s  w99=1.56m/s  qc_max=0.00g/kg  cov= 0.0%  N=  0  CB=0m  CT=0m  prec=0.00mm/h  qv_bl=8.44g/kg
t= 26820s  step=13411  w_max= 8.29m/s  w99=1.56m/s  qc_max=0.00g/kg  cov= 0.0%  N=  0  CB=0m  CT=0m  prec=0.00mm/h  qv_bl=8.44g/kg
t= 26880s  step=13441  w_max= 8.48m/s  w99=1.54m/s  qc_max=0.00g/kg  cov= 0.0%  N=  0  CB=0m  CT=0m  prec=0.00mm/h  qv_bl=8.44g/kg
t= 26940s  step=13471  w_max= 8.81m/s  w99=1.53m/s  qc_max=0.00g/kg  cov= 0.0%  N=  0  CB=0m  CT=0m  prec=0.00mm/h  qv_bl=8.44g/kg
t= 27000s  step=13501  w_max= 8.84m/s  w99=1.53m/s  qc_max=0.00g/kg  cov= 0.0%  N=  0  CB=0m  CT=0m  prec=0.00mm/h  qv_bl=8.44g/kg
t= 27060s  step=13531  w_max= 8.56m/s  w99=1.53m/s  qc_max=0.00g/kg  cov= 0.0%  N=  0  CB=0m  CT=0m  prec=0.00mm/h  qv_bl=8.44g/kg
t= 27120s  step=13561  w_max= 8.28m/s  w99=1.52m/s  qc_max=0.00g/kg  cov= 0.0%  N=  0  CB=0m  CT=0m  prec=0.00mm/h  qv_bl=8.44g/kg
t= 27180s  step=13591  w_max= 7.88m/s  w99=1.53m/s  qc_max=0.00g/kg  cov= 0.0%  N=  0  CB=0m  CT=0m  prec=0.00mm/h  qv_bl=8.44g/kg
t= 27240s  step=13621  w_max= 8.00m/s  w99=1.53m/s  qc_max=0.00g/kg  cov= 0.0%  N=  0  CB=0m  CT=0m  prec=0.00mm/h  qv_bl=8.44g/kg
t= 27300s  step=13651  w_max= 8.11m/s  w99=1.53m/s  qc_max=0.00g/kg  cov= 0.0%  N=  0  CB=0m  CT=0m  prec=0.00mm/h  qv_bl=8.44g/kg
t= 27360s  step=13681  w_max= 8.13m/s  w99=1.53m/s  qc_max=0.00g/kg  cov= 0.0%  N=  0  CB=0m  CT=0m  prec=0.00mm/h  qv_bl=8.44g/kg
t= 27420s  step=13711  w_max= 7.94m/s  w99=1.54m/s  qc_max=0.00g/kg  cov= 0.0%  N=  0  CB=0m  CT=0m  prec=0.00mm/h  qv_bl=8.44g/kg
t= 27480s  step=13741  w_max= 7.81m/s  w99=1.55m/s  qc_max=0.00g/kg  cov= 0.0%  N=  0  CB=0m  CT=0m  prec=0.00mm/h  qv_bl=8.44g/kg
t= 27540s  step=13771  w_max= 7.89m/s  w99=1.56m/s  qc_max=0.00g/kg  cov= 0.0%  N=  0  CB=0m  CT=0m  prec=0.00mm/h  qv_bl=8.44g/kg
t= 27600s  step=13801  w_max= 7.51m/s  w99=1.57m/s  qc_max=0.00g/kg  cov= 0.0%  N=  0  CB=0m  CT=0m  prec=0.00mm/h  qv_bl=8.44g/kg
t= 27660s  step=13831  w_max= 7.24m/s  w99=1.58m/s  qc_max=0.00g/kg  cov= 0.0%  N=  0  CB=0m  CT=0m  prec=0.00mm/h  qv_bl=8.44g/kg
t= 27720s  step=13861  w_max= 7.28m/s  w99=1.57m/s  qc_max=0.00g/kg  cov= 0.0%  N=  0  CB=0m  CT=0m  prec=0.00mm/h  qv_bl=8.43g/kg
t= 27780s  step=13891  w_max= 7.24m/s  w99=1.56m/s  qc_max=0.00g/kg  cov= 0.0%  N=  0  CB=0m  CT=0m  prec=0.00mm/h  qv_bl=8.43g/kg
t= 27840s  step=13921  w_max= 7.16m/s  w99=1.56m/s  qc_max=0.00g/kg  cov= 0.0%  N=  0  CB=0m  CT=0m  prec=0.00mm/h  qv_bl=8.43g/kg
t= 27900s  step=13951  w_max= 7.16m/s  w99=1.55m/s  qc_max=0.00g/kg  cov= 0.0%  N=  0  CB=0m  CT=0m  prec=0.00mm/h  qv_bl=8.43g/kg
t= 27960s  step=13981  w_max= 7.13m/s  w99=1.55m/s  qc_max=0.00g/kg  cov= 0.0%  N=  0  CB=0m  CT=0m  prec=0.00mm/h  qv_bl=8.43g/kg
t= 28020s  step=14011  w_max= 6.96m/s  w99=1.55m/s  qc_max=0.00g/kg  cov= 0.0%  N=  0  CB=0m  CT=0m  prec=0.00mm/h  qv_bl=8.43g/kg
t= 28080s  step=14041  w_max= 6.94m/s  w99=1.56m/s  qc_max=0.00g/kg  cov= 0.0%  N=  0  CB=0m  CT=0m  prec=0.00mm/h  qv_bl=8.43g/kg
t= 28140s  step=14071  w_max= 7.17m/s  w99=1.56m/s  qc_max=0.00g/kg  cov= 0.0%  N=  0  CB=0m  CT=0m  prec=0.00mm/h  qv_bl=8.43g/kg
t= 28200s  step=14101  w_max= 7.50m/s  w99=1.56m/s  qc_max=0.00g/kg  cov= 0.0%  N=  0  CB=0m  CT=0m  prec=0.00mm/h  qv_bl=8.43g/kg
t= 28260s  step=14131  w_max= 7.62m/s  w99=1.56m/s  qc_max=0.00g/kg  cov= 0.0%  N=  0  CB=0m  CT=0m  prec=0.00mm/h  qv_bl=8.43g/kg
t= 28320s  step=14161  w_max= 7.52m/s  w99=1.57m/s  qc_max=0.00g/kg  cov= 0.0%  N=  0  CB=0m  CT=0m  prec=0.00mm/h  qv_bl=8.43g/kg
t= 28380s  step=14191  w_max= 7.27m/s  w99=1.56m/s  qc_max=0.00g/kg  cov= 0.0%  N=  0  CB=0m  CT=0m  prec=0.00mm/h  qv_bl=8.43g/kg
t= 28440s  step=14221  w_max= 7.39m/s  w99=1.55m/s  qc_max=0.00g/kg  cov= 0.0%  N=  0  CB=0m  CT=0m  prec=0.00mm/h  qv_bl=8.43g/kg
t= 28500s  step=14251  w_max= 7.46m/s  w99=1.55m/s  qc_max=0.00g/kg  cov= 0.0%  N=  0  CB=0m  CT=0m  prec=0.00mm/h  qv_bl=8.43g/kg
t= 28560s  step=14281  w_max= 7.82m/s  w99=1.55m/s  qc_max=0.00g/kg  cov= 0.0%  N=  0  CB=0m  CT=0m  prec=0.00mm/h  qv_bl=8.43g/kg
t= 28620s  step=14311  w_max= 8.10m/s  w99=1.56m/s  qc_max=0.00g/kg  cov= 0.0%  N=  0  CB=0m  CT=0m  prec=0.00mm/h  qv_bl=8.43g/kg
t= 28680s  step=14341  w_max= 7.72m/s  w99=1.56m/s  qc_max=0.00g/kg  cov= 0.0%  N=  0  CB=0m  CT=0m  prec=0.00mm/h  qv_bl=8.43g/kg
t= 28740s  step=14371  w_max= 7.13m/s  w99=1.56m/s  qc_max=0.00g/kg  cov= 0.0%  N=  0  CB=0m  CT=0m  prec=0.00mm/h  qv_bl=8.43g/kg
t= 28800s  step=14401  w_max= 7.08m/s  w99=1.56m/s  qc_max=0.00g/kg  cov= 0.0%  N=  0  CB=0m  CT=0m  prec=0.00mm/h  qv_bl=8.43g/kg
t= 28860s  step=14431  w_max= 7.09m/s  w99=1.55m/s  qc_max=0.00g/kg  cov= 0.0%  N=  0  CB=0m  CT=0m  prec=0.00mm/h  qv_bl=8.43g/kg
t= 28920s  step=14461  w_max= 7.41m/s  w99=1.55m/s  qc_max=0.00g/kg  cov= 0.0%  N=  0  CB=0m  CT=0m  prec=0.00mm/h  qv_bl=8.43g/kg
t= 28980s  step=14491  w_max= 7.57m/s  w99=1.56m/s  qc_max=0.00g/kg  cov= 0.0%  N=  0  CB=0m  CT=0m  prec=0.00mm/h  qv_bl=8.43g/kg
t= 29040s  step=14521  w_max= 7.75m/s  w99=1.55m/s  qc_max=0.00g/kg  cov= 0.0%  N=  0  CB=0m  CT=0m  prec=0.00mm/h  qv_bl=8.43g/kg
t= 29100s  step=14551  w_max= 7.66m/s  w99=1.56m/s  qc_max=0.00g/kg  cov= 0.0%  N=  0  CB=0m  CT=0m  prec=0.00mm/h  qv_bl=8.43g/kg
t= 29160s  step=14581  w_max= 7.26m/s  w99=1.58m/s  qc_max=0.00g/kg  cov= 0.0%  N=  0  CB=0m  CT=0m  prec=0.00mm/h  qv_bl=8.43g/kg
t= 29220s  step=14611  w_max= 7.29m/s  w99=1.58m/s  qc_max=0.00g/kg  cov= 0.0%  N=  0  CB=0m  CT=0m  prec=0.00mm/h  qv_bl=8.43g/kg
t= 29280s  step=14641  w_max= 7.26m/s  w99=1.58m/s  qc_max=0.00g/kg  cov= 0.0%  N=  0  CB=0m  CT=0m  prec=0.00mm/h  qv_bl=8.43g/kg
t= 29340s  step=14671  w_max= 8.21m/s  w99=1.58m/s  qc_max=0.00g/kg  cov= 0.0%  N=  0  CB=0m  CT=0m  prec=0.00mm/h  qv_bl=8.43g/kg
t= 29400s  step=14701  w_max= 9.48m/s  w99=1.57m/s  qc_max=0.00g/kg  cov= 0.0%  N=  0  CB=0m  CT=0m  prec=0.00mm/h  qv_bl=8.43g/kg
t= 29460s  step=14731  w_max= 9.64m/s  w99=1.57m/s  qc_max=0.00g/kg  cov= 0.0%  N=  0  CB=0m  CT=0m  prec=0.00mm/h  qv_bl=8.43g/kg
t= 29520s  step=14761  w_max= 8.95m/s  w99=1.57m/s  qc_max=0.00g/kg  cov= 0.0%  N=  0  CB=0m  CT=0m  prec=0.00mm/h  qv_bl=8.43g/kg
t= 29580s  step=14791  w_max= 8.34m/s  w99=1.56m/s  qc_max=0.00g/kg  cov= 0.0%  N=  0  CB=0m  CT=0m  prec=0.00mm/h  qv_bl=8.43g/kg
t= 29640s  step=14821  w_max= 8.06m/s  w99=1.56m/s  qc_max=0.00g/kg  cov= 0.0%  N=  0  CB=0m  CT=0m  prec=0.00mm/h  qv_bl=8.43g/kg
t= 29700s  step=14851  w_max= 8.04m/s  w99=1.55m/s  qc_max=0.00g/kg  cov= 0.0%  N=  0  CB=0m  CT=0m  prec=0.00mm/h  qv_bl=8.43g/kg
t= 29760s  step=14881  w_max= 8.18m/s  w99=1.55m/s  qc_max=0.00g/kg  cov= 0.0%  N=  0  CB=0m  CT=0m  prec=0.00mm/h  qv_bl=8.43g/kg
t= 29820s  step=14911  w_max= 8.50m/s  w99=1.54m/s  qc_max=0.00g/kg  cov= 0.0%  N=  0  CB=0m  CT=0m  prec=0.00mm/h  qv_bl=8.43g/kg
t= 29880s  step=14941  w_max= 8.86m/s  w99=1.55m/s  qc_max=0.00g/kg  cov= 0.0%  N=  0  CB=0m  CT=0m  prec=0.00mm/h  qv_bl=8.43g/kg
t= 29940s  step=14971  w_max= 8.68m/s  w99=1.54m/s  qc_max=0.00g/kg  cov= 0.0%  N=  0  CB=0m  CT=0m  prec=0.00mm/h  qv_bl=8.43g/kg
t= 30000s  step=15001  w_max= 7.90m/s  w99=1.53m/s  qc_max=0.00g/kg  cov= 0.0%  N=  0  CB=0m  CT=0m  prec=0.00mm/h  qv_bl=8.43g/kg
t= 30060s  step=15031  w_max= 7.74m/s  w99=1.53m/s  qc_max=0.00g/kg  cov= 0.0%  N=  0  CB=0m  CT=0m  prec=0.00mm/h  qv_bl=8.43g/kg
t= 30120s  step=15061  w_max= 7.94m/s  w99=1.53m/s  qc_max=0.00g/kg  cov= 0.0%  N=  0  CB=0m  CT=0m  prec=0.00mm/h  qv_bl=8.43g/kg
t= 30180s  step=15091  w_max= 8.00m/s  w99=1.53m/s  qc_max=0.00g/kg  cov= 0.0%  N=  0  CB=0m  CT=0m  prec=0.00mm/h  qv_bl=8.43g/kg
t= 30240s  step=15121  w_max= 7.97m/s  w99=1.53m/s  qc_max=0.00g/kg  cov= 0.0%  N=  0  CB=0m  CT=0m  prec=0.00mm/h  qv_bl=8.43g/kg
t= 30300s  step=15151  w_max= 7.92m/s  w99=1.53m/s  qc_max=0.00g/kg  cov= 0.0%  N=  0  CB=0m  CT=0m  prec=0.00mm/h  qv_bl=8.43g/kg
t= 30360s  step=15181  w_max= 7.83m/s  w99=1.53m/s  qc_max=0.00g/kg  cov= 0.0%  N=  0  CB=0m  CT=0m  prec=0.00mm/h  qv_bl=8.43g/kg
t= 30420s  step=15211  w_max= 7.69m/s  w99=1.53m/s  qc_max=0.00g/kg  cov= 0.0%  N=  0  CB=0m  CT=0m  prec=0.00mm/h  qv_bl=8.43g/kg
t= 30480s  step=15241  w_max= 7.67m/s  w99=1.54m/s  qc_max=0.00g/kg  cov= 0.0%  N=  0  CB=0m  CT=0m  prec=0.00mm/h  qv_bl=8.43g/kg
t= 30540s  step=15271  w_max= 7.34m/s  w99=1.54m/s  qc_max=0.00g/kg  cov= 0.0%  N=  0  CB=0m  CT=0m  prec=0.00mm/h  qv_bl=8.43g/kg
t= 30600s  step=15301  w_max= 7.39m/s  w99=1.54m/s  qc_max=0.00g/kg  cov= 0.0%  N=  0  CB=0m  CT=0m  prec=0.00mm/h  qv_bl=8.43g/kg
t= 30660s  step=15331  w_max= 7.94m/s  w99=1.54m/s  qc_max=0.00g/kg  cov= 0.0%  N=  0  CB=0m  CT=0m  prec=0.00mm/h  qv_bl=8.43g/kg
t= 30720s  step=15361  w_max= 7.82m/s  w99=1.55m/s  qc_max=0.00g/kg  cov= 0.0%  N=  0  CB=0m  CT=0m  prec=0.00mm/h  qv_bl=8.43g/kg
t= 30780s  step=15391  w_max= 7.29m/s  w99=1.56m/s  qc_max=0.00g/kg  cov= 0.0%  N=  0  CB=0m  CT=0m  prec=0.00mm/h  qv_bl=8.43g/kg
t= 30840s  step=15421  w_max= 7.70m/s  w99=1.57m/s  qc_max=0.00g/kg  cov= 0.0%  N=  0  CB=0m  CT=0m  prec=0.00mm/h  qv_bl=8.43g/kg
t= 30900s  step=15451  w_max= 7.71m/s  w99=1.57m/s  qc_max=0.00g/kg  cov= 0.0%  N=  0  CB=0m  CT=0m  prec=0.00mm/h  qv_bl=8.43g/kg
t= 30960s  step=15481  w_max= 7.62m/s  w99=1.57m/s  qc_max=0.00g/kg  cov= 0.0%  N=  0  CB=0m  CT=0m  prec=0.00mm/h  qv_bl=8.43g/kg
t= 31020s  step=15511  w_max= 7.40m/s  w99=1.57m/s  qc_max=0.00g/kg  cov= 0.0%  N=  0  CB=0m  CT=0m  prec=0.00mm/h  qv_bl=8.43g/kg
t= 31080s  step=15541  w_max= 7.58m/s  w99=1.58m/s  qc_max=0.00g/kg  cov= 0.0%  N=  0  CB=0m  CT=0m  prec=0.00mm/h  qv_bl=8.43g/kg
t= 31140s  step=15571  w_max= 7.87m/s  w99=1.58m/s  qc_max=0.00g/kg  cov= 0.0%  N=  0  CB=0m  CT=0m  prec=0.00mm/h  qv_bl=8.43g/kg
t= 31200s  step=15601  w_max= 7.90m/s  w99=1.59m/s  qc_max=0.00g/kg  cov= 0.0%  N=  0  CB=0m  CT=0m  prec=0.00mm/h  qv_bl=8.43g/kg
t= 31260s  step=15631  w_max= 7.30m/s  w99=1.59m/s  qc_max=0.00g/kg  cov= 0.0%  N=  0  CB=0m  CT=0m  prec=0.00mm/h  qv_bl=8.43g/kg
t= 31320s  step=15661  w_max= 6.93m/s  w99=1.58m/s  qc_max=0.00g/kg  cov= 0.0%  N=  0  CB=0m  CT=0m  prec=0.00mm/h  qv_bl=8.43g/kg
t= 31380s  step=15691  w_max= 6.82m/s  w99=1.57m/s  qc_max=0.00g/kg  cov= 0.0%  N=  0  CB=0m  CT=0m  prec=0.00mm/h  qv_bl=8.43g/kg
t= 31440s  step=15721  w_max= 6.71m/s  w99=1.57m/s  qc_max=0.00g/kg  cov= 0.0%  N=  0  CB=0m  CT=0m  prec=0.00mm/h  qv_bl=8.43g/kg
t= 31500s  step=15751  w_max= 6.57m/s  w99=1.57m/s  qc_max=0.00g/kg  cov= 0.0%  N=  0  CB=0m  CT=0m  prec=0.00mm/h  qv_bl=8.43g/kg
t= 31560s  step=15781  w_max= 6.69m/s  w99=1.56m/s  qc_max=0.00g/kg  cov= 0.0%  N=  0  CB=0m  CT=0m  prec=0.00mm/h  qv_bl=8.43g/kg
t= 31620s  step=15811  w_max= 7.03m/s  w99=1.56m/s  qc_max=0.00g/kg  cov= 0.0%  N=  0  CB=0m  CT=0m  prec=0.00mm/h  qv_bl=8.43g/kg
t= 31680s  step=15841  w_max= 7.27m/s  w99=1.56m/s  qc_max=0.00g/kg  cov= 0.0%  N=  0  CB=0m  CT=0m  prec=0.00mm/h  qv_bl=8.43g/kg
t= 31740s  step=15871  w_max= 7.47m/s  w99=1.56m/s  qc_max=0.00g/kg  cov= 0.0%  N=  0  CB=0m  CT=0m  prec=0.00mm/h  qv_bl=8.43g/kg
t= 31800s  step=15901  w_max= 8.04m/s  w99=1.56m/s  qc_max=0.00g/kg  cov= 0.0%  N=  0  CB=0m  CT=0m  prec=0.00mm/h  qv_bl=8.43g/kg
t= 31860s  step=15931  w_max= 8.47m/s  w99=1.56m/s  qc_max=0.00g/kg  cov= 0.0%  N=  0  CB=0m  CT=0m  prec=0.00mm/h  qv_bl=8.44g/kg
t= 31920s  step=15961  w_max= 8.51m/s  w99=1.55m/s  qc_max=0.00g/kg  cov= 0.0%  N=  0  CB=0m  CT=0m  prec=0.00mm/h  qv_bl=8.44g/kg
t= 31980s  step=15991  w_max= 8.21m/s  w99=1.55m/s  qc_max=0.00g/kg  cov= 0.0%  N=  0  CB=0m  CT=0m  prec=0.00mm/h  qv_bl=8.44g/kg
t= 32040s  step=16021  w_max= 7.74m/s  w99=1.56m/s  qc_max=0.00g/kg  cov= 0.0%  N=  0  CB=0m  CT=0m  prec=0.00mm/h  qv_bl=8.44g/kg
t= 32100s  step=16051  w_max= 7.24m/s  w99=1.56m/s  qc_max=0.00g/kg  cov= 0.0%  N=  0  CB=0m  CT=0m  prec=0.00mm/h  qv_bl=8.44g/kg
t= 32160s  step=16081  w_max= 7.33m/s  w99=1.56m/s  qc_max=0.00g/kg  cov= 0.0%  N=  0  CB=0m  CT=0m  prec=0.00mm/h  qv_bl=8.44g/kg
t= 32220s  step=16111  w_max= 7.28m/s  w99=1.56m/s  qc_max=0.00g/kg  cov= 0.0%  N=  0  CB=0m  CT=0m  prec=0.00mm/h  qv_bl=8.44g/kg
t= 32280s  step=16141  w_max= 7.01m/s  w99=1.56m/s  qc_max=0.00g/kg  cov= 0.0%  N=  0  CB=0m  CT=0m  prec=0.00mm/h  qv_bl=8.44g/kg
t= 32340s  step=16171  w_max= 6.69m/s  w99=1.56m/s  qc_max=0.00g/kg  cov= 0.0%  N=  0  CB=0m  CT=0m  prec=0.00mm/h  qv_bl=8.44g/kg
t= 32400s  step=16201  w_max= 7.03m/s  w99=1.56m/s  qc_max=0.00g/kg  cov= 0.0%  N=  0  CB=0m  CT=0m  prec=0.00mm/h  qv_bl=8.44g/kg
t= 32460s  step=16231  w_max= 7.23m/s  w99=1.57m/s  qc_max=0.00g/kg  cov= 0.0%  N=  0  CB=0m  CT=0m  prec=0.00mm/h  qv_bl=8.44g/kg
t= 32520s  step=16261  w_max= 8.03m/s  w99=1.57m/s  qc_max=0.00g/kg  cov= 0.0%  N=  0  CB=0m  CT=0m  prec=0.00mm/h  qv_bl=8.44g/kg
t= 32580s  step=16291  w_max= 8.63m/s  w99=1.58m/s  qc_max=0.00g/kg  cov= 0.0%  N=  0  CB=0m  CT=0m  prec=0.00mm/h  qv_bl=8.44g/kg
t= 32640s  step=16321  w_max= 8.07m/s  w99=1.58m/s  qc_max=0.00g/kg  cov= 0.0%  N=  0  CB=0m  CT=0m  prec=0.00mm/h  qv_bl=8.44g/kg
t= 32700s  step=16351  w_max= 8.84m/s  w99=1.58m/s  qc_max=0.00g/kg  cov= 0.0%  N=  0  CB=0m  CT=0m  prec=0.00mm/h  qv_bl=8.44g/kg
t= 32760s  step=16381  w_max= 8.41m/s  w99=1.57m/s  qc_max=0.00g/kg  cov= 0.0%  N=  0  CB=0m  CT=0m  prec=0.00mm/h  qv_bl=8.44g/kg
t= 32820s  step=16411  w_max= 8.30m/s  w99=1.57m/s  qc_max=0.00g/kg  cov= 0.0%  N=  0  CB=0m  CT=0m  prec=0.00mm/h  qv_bl=8.44g/kg
t= 32880s  step=16441  w_max= 8.73m/s  w99=1.56m/s  qc_max=0.00g/kg  cov= 0.0%  N=  0  CB=0m  CT=0m  prec=0.00mm/h  qv_bl=8.44g/kg
t= 32940s  step=16471  w_max= 7.62m/s  w99=1.55m/s  qc_max=0.00g/kg  cov= 0.0%  N=  0  CB=0m  CT=0m  prec=0.00mm/h  qv_bl=8.44g/kg
t= 33000s  step=16501  w_max= 7.74m/s  w99=1.54m/s  qc_max=0.00g/kg  cov= 0.0%  N=  0  CB=0m  CT=0m  prec=0.00mm/h  qv_bl=8.44g/kg
t= 33060s  step=16531  w_max= 8.10m/s  w99=1.55m/s  qc_max=0.00g/kg  cov= 0.0%  N=  0  CB=0m  CT=0m  prec=0.00mm/h  qv_bl=8.44g/kg
t= 33120s  step=16561  w_max= 9.10m/s  w99=1.55m/s  qc_max=0.00g/kg  cov= 0.0%  N=  0  CB=0m  CT=0m  prec=0.00mm/h  qv_bl=8.44g/kg
t= 33180s  step=16591  w_max= 9.66m/s  w99=1.55m/s  qc_max=0.00g/kg  cov= 0.0%  N=  0  CB=0m  CT=0m  prec=0.00mm/h  qv_bl=8.44g/kg
t= 33240s  step=16621  w_max= 9.40m/s  w99=1.56m/s  qc_max=0.00g/kg  cov= 0.0%  N=  0  CB=0m  CT=0m  prec=0.00mm/h  qv_bl=8.44g/kg
t= 33300s  step=16651  w_max= 8.72m/s  w99=1.56m/s  qc_max=0.00g/kg  cov= 0.0%  N=  0  CB=0m  CT=0m  prec=0.00mm/h  qv_bl=8.44g/kg
t= 33360s  step=16681  w_max= 7.84m/s  w99=1.57m/s  qc_max=0.00g/kg  cov= 0.0%  N=  0  CB=0m  CT=0m  prec=0.00mm/h  qv_bl=8.44g/kg
t= 33420s  step=16711  w_max= 7.81m/s  w99=1.57m/s  qc_max=0.00g/kg  cov= 0.0%  N=  0  CB=0m  CT=0m  prec=0.00mm/h  qv_bl=8.44g/kg
t= 33480s  step=16741  w_max= 7.84m/s  w99=1.58m/s  qc_max=0.00g/kg  cov= 0.0%  N=  0  CB=0m  CT=0m  prec=0.00mm/h  qv_bl=8.44g/kg
t= 33540s  step=16771  w_max= 7.80m/s  w99=1.58m/s  qc_max=0.00g/kg  cov= 0.0%  N=  0  CB=0m  CT=0m  prec=0.00mm/h  qv_bl=8.44g/kg
t= 33600s  step=16801  w_max= 7.84m/s  w99=1.58m/s  qc_max=0.00g/kg  cov= 0.0%  N=  0  CB=0m  CT=0m  prec=0.00mm/h  qv_bl=8.44g/kg
t= 33660s  step=16831  w_max= 7.96m/s  w99=1.59m/s  qc_max=0.00g/kg  cov= 0.0%  N=  0  CB=0m  CT=0m  prec=0.00mm/h  qv_bl=8.44g/kg
t= 33720s  step=16861  w_max= 8.19m/s  w99=1.59m/s  qc_max=0.00g/kg  cov= 0.0%  N=  0  CB=0m  CT=0m  prec=0.00mm/h  qv_bl=8.43g/kg
t= 33780s  step=16891  w_max= 8.20m/s  w99=1.59m/s  qc_max=0.00g/kg  cov= 0.0%  N=  0  CB=0m  CT=0m  prec=0.00mm/h  qv_bl=8.43g/kg
t= 33840s  step=16921  w_max= 8.11m/s  w99=1.59m/s  qc_max=0.00g/kg  cov= 0.0%  N=  0  CB=0m  CT=0m  prec=0.00mm/h  qv_bl=8.43g/kg
t= 33900s  step=16951  w_max= 7.90m/s  w99=1.59m/s  qc_max=0.00g/kg  cov= 0.0%  N=  0  CB=0m  CT=0m  prec=0.00mm/h  qv_bl=8.43g/kg
t= 33960s  step=16981  w_max= 7.54m/s  w99=1.59m/s  qc_max=0.00g/kg  cov= 0.0%  N=  0  CB=0m  CT=0m  prec=0.00mm/h  qv_bl=8.43g/kg
t= 34020s  step=17011  w_max= 7.65m/s  w99=1.58m/s  qc_max=0.00g/kg  cov= 0.0%  N=  0  CB=0m  CT=0m  prec=0.00mm/h  qv_bl=8.43g/kg
t= 34080s  step=17041  w_max= 7.79m/s  w99=1.59m/s  qc_max=0.00g/kg  cov= 0.0%  N=  0  CB=0m  CT=0m  prec=0.00mm/h  qv_bl=8.43g/kg
t= 34140s  step=17071  w_max= 7.88m/s  w99=1.59m/s  qc_max=0.00g/kg  cov= 0.0%  N=  0  CB=0m  CT=0m  prec=0.00mm/h  qv_bl=8.43g/kg
t= 34200s  step=17101  w_max= 7.95m/s  w99=1.59m/s  qc_max=0.00g/kg  cov= 0.0%  N=  0  CB=0m  CT=0m  prec=0.00mm/h  qv_bl=8.43g/kg
t= 34260s  step=17131  w_max= 8.24m/s  w99=1.59m/s  qc_max=0.00g/kg  cov= 0.0%  N=  0  CB=0m  CT=0m  prec=0.00mm/h  qv_bl=8.43g/kg
t= 34320s  step=17161  w_max= 8.77m/s  w99=1.57m/s  qc_max=0.00g/kg  cov= 0.0%  N=  0  CB=0m  CT=0m  prec=0.00mm/h  qv_bl=8.43g/kg
t= 34380s  step=17191  w_max= 9.44m/s  w99=1.56m/s  qc_max=0.00g/kg  cov= 0.0%  N=  0  CB=0m  CT=0m  prec=0.00mm/h  qv_bl=8.43g/kg
t= 34440s  step=17221  w_max=10.15m/s  w99=1.55m/s  qc_max=0.00g/kg  cov= 0.0%  N=  0  CB=0m  CT=0m  prec=0.00mm/h  qv_bl=8.43g/kg
t= 34500s  step=17251  w_max=10.66m/s  w99=1.55m/s  qc_max=0.00g/kg  cov= 0.0%  N=  0  CB=0m  CT=0m  prec=0.00mm/h  qv_bl=8.43g/kg
t= 34560s  step=17281  w_max=10.76m/s  w99=1.54m/s  qc_max=0.00g/kg  cov= 0.0%  N=  0  CB=0m  CT=0m  prec=0.00mm/h  qv_bl=8.43g/kg
t= 34620s  step=17311  w_max=10.37m/s  w99=1.54m/s  qc_max=0.00g/kg  cov= 0.0%  N=  0  CB=0m  CT=0m  prec=0.00mm/h  qv_bl=8.43g/kg
t= 34680s  step=17341  w_max= 9.60m/s  w99=1.53m/s  qc_max=0.00g/kg  cov= 0.0%  N=  0  CB=0m  CT=0m  prec=0.00mm/h  qv_bl=8.43g/kg
t= 34740s  step=17371  w_max= 8.87m/s  w99=1.53m/s  qc_max=0.00g/kg  cov= 0.0%  N=  0  CB=0m  CT=0m  prec=0.00mm/h  qv_bl=8.43g/kg
t= 34800s  step=17401  w_max= 9.05m/s  w99=1.55m/s  qc_max=0.00g/kg  cov= 0.0%  N=  0  CB=0m  CT=0m  prec=0.00mm/h  qv_bl=8.43g/kg
t= 34860s  step=17431  w_max= 9.06m/s  w99=1.55m/s  qc_max=0.00g/kg  cov= 0.0%  N=  0  CB=0m  CT=0m  prec=0.00mm/h  qv_bl=8.43g/kg
t= 34920s  step=17461  w_max= 8.85m/s  w99=1.56m/s  qc_max=0.00g/kg  cov= 0.0%  N=  0  CB=0m  CT=0m  prec=0.00mm/h  qv_bl=8.43g/kg
t= 34980s  step=17491  w_max= 8.69m/s  w99=1.56m/s  qc_max=0.00g/kg  cov= 0.0%  N=  0  CB=0m  CT=0m  prec=0.00mm/h  qv_bl=8.43g/kg
t= 35040s  step=17521  w_max= 8.53m/s  w99=1.56m/s  qc_max=0.00g/kg  cov= 0.0%  N=  0  CB=0m  CT=0m  prec=0.00mm/h  qv_bl=8.43g/kg
t= 35100s  step=17551  w_max= 8.16m/s  w99=1.57m/s  qc_max=0.00g/kg  cov= 0.0%  N=  0  CB=0m  CT=0m  prec=0.00mm/h  qv_bl=8.43g/kg
t= 35160s  step=17581  w_max= 7.60m/s  w99=1.59m/s  qc_max=0.00g/kg  cov= 0.0%  N=  0  CB=0m  CT=0m  prec=0.00mm/h  qv_bl=8.43g/kg
t= 35220s  step=17611  w_max= 7.84m/s  w99=1.60m/s  qc_max=0.00g/kg  cov= 0.0%  N=  0  CB=0m  CT=0m  prec=0.00mm/h  qv_bl=8.43g/kg
t= 35280s  step=17641  w_max= 7.36m/s  w99=1.59m/s  qc_max=0.00g/kg  cov= 0.0%  N=  0  CB=0m  CT=0m  prec=0.00mm/h  qv_bl=8.43g/kg
t= 35340s  step=17671  w_max= 6.84m/s  w99=1.59m/s  qc_max=0.00g/kg  cov= 0.0%  N=  0  CB=0m  CT=0m  prec=0.00mm/h  qv_bl=8.43g/kg
t= 35400s  step=17701  w_max= 6.91m/s  w99=1.57m/s  qc_max=0.00g/kg  cov= 0.0%  N=  0  CB=0m  CT=0m  prec=0.00mm/h  qv_bl=8.43g/kg
t= 35460s  step=17731  w_max= 7.34m/s  w99=1.56m/s  qc_max=0.00g/kg  cov= 0.0%  N=  0  CB=0m  CT=0m  prec=0.00mm/h  qv_bl=8.43g/kg
t= 35520s  step=17761  w_max= 7.50m/s  w99=1.56m/s  qc_max=0.00g/kg  cov= 0.0%  N=  0  CB=0m  CT=0m  prec=0.00mm/h  qv_bl=8.43g/kg
t= 35580s  step=17791  w_max= 7.71m/s  w99=1.57m/s  qc_max=0.00g/kg  cov= 0.0%  N=  0  CB=0m  CT=0m  prec=0.00mm/h  qv_bl=8.43g/kg
t= 35640s  step=17821  w_max= 7.54m/s  w99=1.59m/s  qc_max=0.00g/kg  cov= 0.0%  N=  0  CB=0m  CT=0m  prec=0.00mm/h  qv_bl=8.43g/kg
t= 35700s  step=17851  w_max= 7.82m/s  w99=1.59m/s  qc_max=0.00g/kg  cov= 0.0%  N=  0  CB=0m  CT=0m  prec=0.00mm/h  qv_bl=8.43g/kg
t= 35760s  step=17881  w_max= 7.82m/s  w99=1.58m/s  qc_max=0.00g/kg  cov= 0.0%  N=  0  CB=0m  CT=0m  prec=0.00mm/h  qv_bl=8.43g/kg
t= 35820s  step=17911  w_max= 7.58m/s  w99=1.57m/s  qc_max=0.00g/kg  cov= 0.0%  N=  0  CB=0m  CT=0m  prec=0.00mm/h  qv_bl=8.43g/kg
t= 35880s  step=17941  w_max= 7.34m/s  w99=1.57m/s  qc_max=0.00g/kg  cov= 0.0%  N=  0  CB=0m  CT=0m  prec=0.00mm/h  qv_bl=8.43g/kg
t= 35940s  step=17971  w_max= 7.26m/s  w99=1.56m/s  qc_max=0.00g/kg  cov= 0.0%  N=  0  CB=0m  CT=0m  prec=0.00mm/h  qv_bl=8.43g/kg
t= 36000s  step=18001  w_max= 7.09m/s  w99=1.55m/s  qc_max=0.00g/kg  cov= 0.0%  N=  0  CB=0m  CT=0m  prec=0.00mm/h  qv_bl=8.43g/kg
