Grid(120×120×80, dx=100.0m, dz=27.2–119.6m, z_top=5000m)
  dt=2.0s, t_end=7200.0s, output every 60.0s
t=     0s  step=    1  w_max= 0.00m/s  w99=0.00m/s  qc_max=0.00g/kg  cov= 0.0%  N=  0  CB=0m  CT=0m  prec=0.00mm/h  qv_bl=8.65g/kg
t=    60s  step=   31  w_max= 0.39m/s  w99=0.15m/s  qc_max=0.00g/kg  cov= 0.0%  N=  0  CB=0m  CT=0m  prec=0.00mm/h  qv_bl=8.65g/kg
t=   120s  step=   61  w_max= 0.72m/s  w99=0.27m/s  qc_max=0.00g/kg  cov= 0.0%  N=  0  CB=0m  CT=0m  prec=0.00mm/h  qv_bl=8.65g/kg
t=   180s  step=   91  w_max= 0.93m/s  w99=0.34m/s  qc_max=0.00g/kg  cov= 0.0%  N=  0  CB=0m  CT=0m  prec=0.00mm/h  qv_bl=8.64g/kg
t=   240s  step=  121  w_max= 1.00m/s  w99=0.39m/s  qc_max=0.00g/kg  cov= 0.0%  N=  0  CB=0m  CT=0m  prec=0.00mm/h  qv_bl=8.64g/kg
t=   300s  step=  151  w_max= 1.04m/s  w99=0.40m/s  qc_max=0.00g/kg  cov= 0.0%  N=  0  CB=0m  CT=0m  prec=0.00mm/h  qv_bl=8.64g/kg
t=   360s  step=  181  w_max= 1.09m/s  w99=0.39m/s  qc_max=0.00g/kg  cov= 0.0%  N=  0  CB=0m  CT=0m  prec=0.00mm/h  qv_bl=8.63g/kg
t=   420s  step=  211  w_max= 1.15m/s  w99=0.36m/s  qc_max=0.00g/kg  cov= 0.0%  N=  0  CB=0m  CT=0m  prec=0.00mm/h  qv_bl=8.63g/kg
t=   480s  step=  241  w_max= 1.13m/s  w99=0.33m/s  qc_max=0.00g/kg  cov= 0.0%  N=  0  CB=0m  CT=0m  prec=0.00mm/h  qv_bl=8.63g/kg
t=   540s  step=  271  w_max= 1.15m/s  w99=0.31m/s  qc_max=0.00g/kg  cov= 0.0%  N=  0  CB=0m  CT=0m  prec=0.00mm/h  qv_bl=8.63g/kg
t=   600s  step=  301  w_max= 1.16m/s  w99=0.30m/s  qc_max=0.00g/kg  cov= 0.0%  N=  0  CB=0m  CT=0m  prec=0.00mm/h  qv_bl=8.62g/kg
t=   660s  step=  331  w_max= 1.12m/s  w99=0.29m/s  qc_max=0.00g/kg  cov= 0.0%  N=  0  CB=0m  CT=0m  prec=0.00mm/h  qv_bl=8.62g/kg
t=   720s  step=  361  w_max= 1.65m/s  w99=0.29m/s  qc_max=0.00g/kg  cov= 0.0%  N=  0  CB=0m  CT=0m  prec=0.00mm/h  qv_bl=8.62g/kg
t=   780s  step=  391  w_max= 2.58m/s  w99=0.30m/s  qc_max=0.00g/kg  cov= 0.0%  N=  0  CB=0m  CT=0m  prec=0.00mm/h  qv_bl=8.62g/kg
t=   840s  step=  421  w_max= 3.65m/s  w99=0.30m/s  qc_max=0.00g/kg  cov= 0.0%  N=  0  CB=0m  CT=0m  prec=0.00mm/h  qv_bl=8.61g/kg
t=   900s  step=  451  w_max= 4.51m/s  w99=0.31m/s  qc_max=0.00g/kg  cov= 0.0%  N=  0  CB=0m  CT=0m  prec=0.00mm/h  qv_bl=8.61g/kg
t=   960s  step=  481  w_max= 4.94m/s  w99=0.33m/s  qc_max=0.00g/kg  cov= 0.0%  N=  0  CB=0m  CT=0m  prec=0.00mm/h  qv_bl=8.61g/kg
t=  1020s  step=  511  w_max= 4.94m/s  w99=0.35m/s  qc_max=0.00g/kg  cov= 0.0%  N=  0  CB=0m  CT=0m  prec=0.00mm/h  qv_bl=8.61g/kg
t=  1080s  step=  541  w_max= 4.62m/s  w99=0.39m/s  qc_max=0.00g/kg  cov= 0.0%  N=  0  CB=0m  CT=0m  prec=0.00mm/h  qv_bl=8.61g/kg
t=  1140s  step=  571  w_max= 5.15m/s  w99=0.46m/s  qc_max=0.00g/kg  cov= 0.0%  N=  0  CB=0m  CT=0m  prec=0.00mm/h  qv_bl=8.60g/kg
t=  1200s  step=  601  w_max= 5.47m/s  w99=0.55m/s  qc_max=0.00g/kg  cov= 0.0%  N=  0  CB=0m  CT=0m  prec=0.00mm/h  qv_bl=8.60g/kg
t=  1260s  step=  631  w_max= 5.38m/s  w99=0.63m/s  qc_max=0.00g/kg  cov= 0.0%  N=  0  CB=0m  CT=0m  prec=0.00mm/h  qv_bl=8.60g/kg
t=  1320s  step=  661  w_max= 5.23m/s  w99=0.70m/s  qc_max=0.00g/kg  cov= 0.0%  N=  0  CB=0m  CT=0m  prec=0.00mm/h  qv_bl=8.60g/kg
t=  1380s  step=  691  w_max= 5.68m/s  w99=0.76m/s  qc_max=0.00g/kg  cov= 0.0%  N=  0  CB=0m  CT=0m  prec=0.00mm/h  qv_bl=8.59g/kg
t=  1440s  step=  721  w_max= 6.64m/s  w99=0.83m/s  qc_max=0.00g/kg  cov= 0.0%  N=  0  CB=0m  CT=0m  prec=0.00mm/h  qv_bl=8.59g/kg
t=  1500s  step=  751  w_max= 6.83m/s  w99=0.89m/s  qc_max=0.00g/kg  cov= 0.0%  N=  0  CB=0m  CT=0m  prec=0.00mm/h  qv_bl=8.59g/kg
t=  1560s  step=  781  w_max= 6.24m/s  w99=0.95m/s  qc_max=0.00g/kg  cov= 0.0%  N=  0  CB=0m  CT=0m  prec=0.00mm/h  qv_bl=8.58g/kg
t=  1620s  step=  811  w_max= 5.56m/s  w99=0.99m/s  qc_max=0.00g/kg  cov= 0.0%  N=  0  CB=0m  CT=0m  prec=0.00mm/h  qv_bl=8.58g/kg
t=  1680s  step=  841  w_max= 5.06m/s  w99=1.03m/s  qc_max=0.00g/kg  cov= 0.0%  N=  0  CB=0m  CT=0m  prec=0.00mm/h  qv_bl=8.58g/kg
t=  1740s  step=  871  w_max= 5.17m/s  w99=1.06m/s  qc_max=0.00g/kg  cov= 0.0%  N=  0  CB=0m  CT=0m  prec=0.00mm/h  qv_bl=8.58g/kg
t=  1800s  step=  901  w_max= 5.41m/s  w99=1.09m/s  qc_max=0.00g/kg  cov= 0.0%  N=  0  CB=0m  CT=0m  prec=0.00mm/h  qv_bl=8.57g/kg
t=  1860s  step=  931  w_max= 5.46m/s  w99=1.11m/s  qc_max=0.00g/kg  cov= 0.0%  N=  0  CB=0m  CT=0m  prec=0.00mm/h  qv_bl=8.57g/kg
t=  1920s  step=  961  w_max= 6.10m/s  w99=1.12m/s  qc_max=0.00g/kg  cov= 0.0%  N=  0  CB=0m  CT=0m  prec=0.00mm/h  qv_bl=8.57g/kg
t=  1980s  step=  991  w_max= 6.46m/s  w99=1.13m/s  qc_max=0.00g/kg  cov= 0.0%  N=  0  CB=0m  CT=0m  prec=0.00mm/h  qv_bl=8.56g/kg
t=  2040s  step= 1021  w_max= 6.20m/s  w99=1.14m/s  qc_max=0.00g/kg  cov= 0.0%  N=  0  CB=0m  CT=0m  prec=0.00mm/h  qv_bl=8.56g/kg
t=  2100s  step= 1051  w_max= 5.69m/s  w99=1.14m/s  qc_max=0.00g/kg  cov= 0.0%  N=  0  CB=0m  CT=0m  prec=0.00mm/h  qv_bl=8.56g/kg
t=  2160s  step= 1081  w_max= 6.23m/s  w99=1.14m/s  qc_max=0.00g/kg  cov= 0.0%  N=  0  CB=0m  CT=0m  prec=0.00mm/h  qv_bl=8.56g/kg
t=  2220s  step= 1111  w_max= 6.64m/s  w99=1.15m/s  qc_max=0.00g/kg  cov= 0.0%  N=  0  CB=0m  CT=0m  prec=0.00mm/h  qv_bl=8.55g/kg
t=  2280s  step= 1141  w_max= 6.95m/s  w99=1.16m/s  qc_max=0.00g/kg  cov= 0.0%  N=  0  CB=0m  CT=0m  prec=0.00mm/h  qv_bl=8.55g/kg
t=  2340s  step= 1171  w_max= 6.99m/s  w99=1.18m/s  qc_max=0.00g/kg  cov= 0.0%  N=  0  CB=0m  CT=0m  prec=0.00mm/h  qv_bl=8.55g/kg
t=  2400s  step= 1201  w_max= 7.48m/s  w99=1.20m/s  qc_max=0.00g/kg  cov= 0.0%  N=  0  CB=0m  CT=0m  prec=0.00mm/h  qv_bl=8.55g/kg
t=  2460s  step= 1231  w_max= 8.41m/s  w99=1.23m/s  qc_max=0.00g/kg  cov= 0.0%  N=  0  CB=0m  CT=0m  prec=0.00mm/h  qv_bl=8.55g/kg
t=  2520s  step= 1261  w_max= 8.60m/s  w99=1.26m/s  qc_max=0.00g/kg  cov= 0.0%  N=  0  CB=0m  CT=0m  prec=0.00mm/h  qv_bl=8.54g/kg
t=  2580s  step= 1291  w_max= 8.70m/s  w99=1.28m/s  qc_max=0.00g/kg  cov= 0.0%  N=  0  CB=0m  CT=0m  prec=0.00mm/h  qv_bl=8.54g/kg
t=  2640s  step= 1321  w_max= 8.69m/s  w99=1.30m/s  qc_max=0.00g/kg  cov= 0.0%  N=  0  CB=0m  CT=0m  prec=0.00mm/h  qv_bl=8.54g/kg
t=  2700s  step= 1351  w_max= 8.41m/s  w99=1.31m/s  qc_max=0.00g/kg  cov= 0.0%  N=  0  CB=0m  CT=0m  prec=0.00mm/h  qv_bl=8.54g/kg
t=  2760s  step= 1381  w_max= 8.21m/s  w99=1.32m/s  qc_max=0.00g/kg  cov= 0.0%  N=  0  CB=0m  CT=0m  prec=0.00mm/h  qv_bl=8.53g/kg
t=  2820s  step= 1411  w_max= 8.04m/s  w99=1.33m/s  qc_max=0.00g/kg  cov= 0.0%  N=  0  CB=0m  CT=0m  prec=0.00mm/h  qv_bl=8.53g/kg
t=  2880s  step= 1441  w_max= 7.49m/s  w99=1.34m/s  qc_max=0.00g/kg  cov= 0.0%  N=  0  CB=0m  CT=0m  prec=0.00mm/h  qv_bl=8.53g/kg
t=  2940s  step= 1471  w_max= 7.51m/s  w99=1.35m/s  qc_max=0.00g/kg  cov= 0.0%  N=  0  CB=0m  CT=0m  prec=0.00mm/h  qv_bl=8.53g/kg
t=  3000s  step= 1501  w_max= 7.71m/s  w99=1.36m/s  qc_max=0.00g/kg  cov= 0.0%  N=  0  CB=0m  CT=0m  prec=0.00mm/h  qv_bl=8.53g/kg
t=  3060s  step= 1531  w_max= 8.08m/s  w99=1.38m/s  qc_max=0.00g/kg  cov= 0.0%  N=  0  CB=0m  CT=0m  prec=0.00mm/h  qv_bl=8.52g/kg
t=  3120s  step= 1561  w_max= 7.81m/s  w99=1.39m/s  qc_max=0.00g/kg  cov= 0.0%  N=  0  CB=0m  CT=0m  prec=0.00mm/h  qv_bl=8.52g/kg
t=  3180s  step= 1591  w_max= 7.02m/s  w99=1.40m/s  qc_max=0.00g/kg  cov= 0.0%  N=  0  CB=0m  CT=0m  prec=0.00mm/h  qv_bl=8.52g/kg
t=  3240s  step= 1621  w_max= 6.75m/s  w99=1.41m/s  qc_max=0.00g/kg  cov= 0.0%  N=  0  CB=0m  CT=0m  prec=0.00mm/h  qv_bl=8.52g/kg
t=  3300s  step= 1651  w_max= 6.88m/s  w99=1.42m/s  qc_max=0.00g/kg  cov= 0.0%  N=  0  CB=0m  CT=0m  prec=0.00mm/h  qv_bl=8.52g/kg
t=  3360s  step= 1681  w_max= 7.50m/s  w99=1.43m/s  qc_max=0.00g/kg  cov= 0.0%  N=  0  CB=0m  CT=0m  prec=0.00mm/h  qv_bl=8.52g/kg
t=  3420s  step= 1711  w_max= 7.43m/s  w99=1.44m/s  qc_max=0.00g/kg  cov= 0.0%  N=  0  CB=0m  CT=0m  prec=0.00mm/h  qv_bl=8.51g/kg
t=  3480s  step= 1741  w_max= 7.07m/s  w99=1.46m/s  qc_max=0.00g/kg  cov= 0.0%  N=  0  CB=0m  CT=0m  prec=0.00mm/h  qv_bl=8.51g/kg
t=  3540s  step= 1771  w_max= 7.35m/s  w99=1.46m/s  qc_max=0.00g/kg  cov= 0.0%  N=  0  CB=0m  CT=0m  prec=0.00mm/h  qv_bl=8.51g/kg
t=  3600s  step= 1801  w_max= 7.93m/s  w99=1.48m/s  qc_max=0.00g/kg  cov= 0.0%  N=  0  CB=0m  CT=0m  prec=0.00mm/h  qv_bl=8.51g/kg
t=  3660s  step= 1831  w_max= 7.66m/s  w99=1.48m/s  qc_max=0.00g/kg  cov= 0.0%  N=  0  CB=0m  CT=0m  prec=0.00mm/h  qv_bl=8.51g/kg
t=  3720s  step= 1861  w_max= 7.21m/s  w99=1.49m/s  qc_max=0.00g/kg  cov= 0.0%  N=  0  CB=0m  CT=0m  prec=0.00mm/h  qv_bl=8.50g/kg
t=  3780s  step= 1891  w_max= 8.04m/s  w99=1.50m/s  qc_max=0.00g/kg  cov= 0.0%  N=  0  CB=0m  CT=0m  prec=0.00mm/h  qv_bl=8.50g/kg
t=  3840s  step= 1921  w_max= 8.07m/s  w99=1.51m/s  qc_max=0.00g/kg  cov= 0.0%  N=  0  CB=0m  CT=0m  prec=0.00mm/h  qv_bl=8.50g/kg
t=  3900s  step= 1951  w_max= 7.29m/s  w99=1.51m/s  qc_max=0.00g/kg  cov= 0.0%  N=  0  CB=0m  CT=0m  prec=0.00mm/h  qv_bl=8.50g/kg
t=  3960s  step= 1981  w_max= 6.88m/s  w99=1.52m/s  qc_max=0.00g/kg  cov= 0.0%  N=  0  CB=0m  CT=0m  prec=0.00mm/h  qv_bl=8.50g/kg
t=  4020s  step= 2011  w_max= 7.05m/s  w99=1.51m/s  qc_max=0.00g/kg  cov= 0.0%  N=  0  CB=0m  CT=0m  prec=0.00mm/h  qv_bl=8.49g/kg
t=  4080s  step= 2041  w_max= 7.26m/s  w99=1.51m/s  qc_max=0.00g/kg  cov= 0.0%  N=  0  CB=0m  CT=0m  prec=0.00mm/h  qv_bl=8.49g/kg
t=  4140s  step= 2071  w_max= 7.16m/s  w99=1.51m/s  qc_max=0.00g/kg  cov= 0.0%  N=  0  CB=0m  CT=0m  prec=0.00mm/h  qv_bl=8.49g/kg
t=  4200s  step= 2101  w_max= 7.08m/s  w99=1.51m/s  qc_max=0.00g/kg  cov= 0.0%  N=  0  CB=0m  CT=0m  prec=0.00mm/h  qv_bl=8.49g/kg
t=  4260s  step= 2131  w_max= 6.65m/s  w99=1.51m/s  qc_max=0.00g/kg  cov= 0.0%  N=  0  CB=0m  CT=0m  prec=0.00mm/h  qv_bl=8.49g/kg
t=  4320s  step= 2161  w_max= 6.69m/s  w99=1.51m/s  qc_max=0.00g/kg  cov= 0.0%  N=  0  CB=0m  CT=0m  prec=0.00mm/h  qv_bl=8.49g/kg
t=  4380s  step= 2191  w_max= 6.86m/s  w99=1.50m/s  qc_max=0.00g/kg  cov= 0.0%  N=  0  CB=0m  CT=0m  prec=0.00mm/h  qv_bl=8.49g/kg
t=  4440s  step= 2221  w_max= 7.25m/s  w99=1.50m/s  qc_max=0.00g/kg  cov= 0.0%  N=  0  CB=0m  CT=0m  prec=0.00mm/h  qv_bl=8.48g/kg
t=  4500s  step= 2251  w_max= 7.44m/s  w99=1.49m/s  qc_max=0.00g/kg  cov= 0.0%  N=  0  CB=0m  CT=0m  prec=0.00mm/h  qv_bl=8.48g/kg
t=  4560s  step= 2281  w_max= 7.27m/s  w99=1.50m/s  qc_max=0.00g/kg  cov= 0.0%  N=  0  CB=0m  CT=0m  prec=0.00mm/h  qv_bl=8.48g/kg
t=  4620s  step= 2311  w_max= 7.17m/s  w99=1.49m/s  qc_max=0.00g/kg  cov= 0.0%  N=  0  CB=0m  CT=0m  prec=0.00mm/h  qv_bl=8.48g/kg
t=  4680s  step= 2341  w_max= 7.17m/s  w99=1.49m/s  qc_max=0.00g/kg  cov= 0.0%  N=  0  CB=0m  CT=0m  prec=0.00mm/h  qv_bl=8.48g/kg
t=  4740s  step= 2371  w_max= 7.31m/s  w99=1.49m/s  qc_max=0.00g/kg  cov= 0.0%  N=  0  CB=0m  CT=0m  prec=0.00mm/h  qv_bl=8.48g/kg
t=  4800s  step= 2401  w_max= 7.01m/s  w99=1.48m/s  qc_max=0.00g/kg  cov= 0.0%  N=  0  CB=0m  CT=0m  prec=0.00mm/h  qv_bl=8.48g/kg
t=  4860s  step= 2431  w_max= 6.72m/s  w99=1.49m/s  qc_max=0.00g/kg  cov= 0.0%  N=  0  CB=0m  CT=0m  prec=0.00mm/h  qv_bl=8.48g/kg
t=  4920s  step= 2461  w_max= 6.86m/s  w99=1.49m/s  qc_max=0.00g/kg  cov= 0.0%  N=  0  CB=0m  CT=0m  prec=0.00mm/h  qv_bl=8.47g/kg
t=  4980s  step= 2491  w_max= 6.95m/s  w99=1.48m/s  qc_max=0.00g/kg  cov= 0.0%  N=  0  CB=0m  CT=0m  prec=0.00mm/h  qv_bl=8.47g/kg
t=  5040s  step= 2521  w_max= 7.13m/s  w99=1.48m/s  qc_max=0.00g/kg  cov= 0.0%  N=  0  CB=0m  CT=0m  prec=0.00mm/h  qv_bl=8.47g/kg
t=  5100s  step= 2551  w_max= 7.30m/s  w99=1.49m/s  qc_max=0.00g/kg  cov= 0.0%  N=  0  CB=0m  CT=0m  prec=0.00mm/h  qv_bl=8.47g/kg
t=  5160s  step= 2581  w_max= 7.64m/s  w99=1.49m/s  qc_max=0.00g/kg  cov= 0.0%  N=  0  CB=0m  CT=0m  prec=0.00mm/h  qv_bl=8.47g/kg
t=  5220s  step= 2611  w_max= 7.92m/s  w99=1.49m/s  qc_max=0.00g/kg  cov= 0.0%  N=  0  CB=0m  CT=0m  prec=0.00mm/h  qv_bl=8.47g/kg
t=  5280s  step= 2641  w_max= 7.95m/s  w99=1.50m/s  qc_max=0.00g/kg  cov= 0.0%  N=  0  CB=0m  CT=0m  prec=0.00mm/h  qv_bl=8.47g/kg
t=  5340s  step= 2671  w_max= 8.08m/s  w99=1.50m/s  qc_max=0.00g/kg  cov= 0.0%  N=  0  CB=0m  CT=0m  prec=0.00mm/h  qv_bl=8.47g/kg
t=  5400s  step= 2701  w_max= 8.77m/s  w99=1.49m/s  qc_max=0.00g/kg  cov= 0.0%  N=  0  CB=0m  CT=0m  prec=0.00mm/h  qv_bl=8.47g/kg
t=  5460s  step= 2731  w_max= 8.77m/s  w99=1.48m/s  qc_max=0.00g/kg  cov= 0.0%  N=  0  CB=0m  CT=0m  prec=0.00mm/h  qv_bl=8.47g/kg
t=  5520s  step= 2761  w_max= 8.64m/s  w99=1.48m/s  qc_max=0.00g/kg  cov= 0.0%  N=  0  CB=0m  CT=0m  prec=0.00mm/h  qv_bl=8.47g/kg
t=  5580s  step= 2791  w_max= 8.81m/s  w99=1.47m/s  qc_max=0.00g/kg  cov= 0.0%  N=  0  CB=0m  CT=0m  prec=0.00mm/h  qv_bl=8.46g/kg
t=  5640s  step= 2821  w_max= 8.03m/s  w99=1.46m/s  qc_max=0.00g/kg  cov= 0.0%  N=  0  CB=0m  CT=0m  prec=0.00mm/h  qv_bl=8.46g/kg
t=  5700s  step= 2851  w_max= 7.58m/s  w99=1.45m/s  qc_max=0.00g/kg  cov= 0.0%  N=  0  CB=0m  CT=0m  prec=0.00mm/h  qv_bl=8.46g/kg
t=  5760s  step= 2881  w_max= 7.83m/s  w99=1.45m/s  qc_max=0.00g/kg  cov= 0.0%  N=  0  CB=0m  CT=0m  prec=0.00mm/h  qv_bl=8.46g/kg
t=  5820s  step= 2911  w_max= 8.14m/s  w99=1.47m/s  qc_max=0.00g/kg  cov= 0.0%  N=  0  CB=0m  CT=0m  prec=0.00mm/h  qv_bl=8.46g/kg
t=  5880s  step= 2941  w_max= 7.98m/s  w99=1.48m/s  qc_max=0.00g/kg  cov= 0.0%  N=  0  CB=0m  CT=0m  prec=0.00mm/h  qv_bl=8.46g/kg
t=  5940s  step= 2971  w_max= 7.39m/s  w99=1.49m/s  qc_max=0.00g/kg  cov= 0.0%  N=  0  CB=0m  CT=0m  prec=0.00mm/h  qv_bl=8.46g/kg
t=  6000s  step= 3001  w_max= 7.99m/s  w99=1.50m/s  qc_max=0.00g/kg  cov= 0.0%  N=  0  CB=0m  CT=0m  prec=0.00mm/h  qv_bl=8.46g/kg
t=  6060s  step= 3031  w_max= 8.29m/s  w99=1.51m/s  qc_max=0.00g/kg  cov= 0.0%  N=  0  CB=0m  CT=0m  prec=0.00mm/h  qv_bl=8.46g/kg
t=  6120s  step= 3061  w_max= 8.25m/s  w99=1.50m/s  qc_max=0.00g/kg  cov= 0.0%  N=  0  CB=0m  CT=0m  prec=0.00mm/h  qv_bl=8.46g/kg
t=  6180s  step= 3091  w_max= 7.89m/s  w99=1.50m/s  qc_max=0.00g/kg  cov= 0.0%  N=  0  CB=0m  CT=0m  prec=0.00mm/h  qv_bl=8.46g/kg
t=  6240s  step= 3121  w_max= 7.85m/s  w99=1.50m/s  qc_max=0.00g/kg  cov= 0.0%  N=  0  CB=0m  CT=0m  prec=0.00mm/h  qv_bl=8.46g/kg
t=  6300s  step= 3151  w_max= 7.77m/s  w99=1.50m/s  qc_max=0.00g/kg  cov= 0.0%  N=  0  CB=0m  CT=0m  prec=0.00mm/h  qv_bl=8.46g/kg
t=  6360s  step= 3181  w_max= 8.11m/s  w99=1.50m/s  qc_max=0.00g/kg  cov= 0.0%  N=  0  CB=0m  CT=0m  prec=0.00mm/h  qv_bl=8.46g/kg
t=  6420s  step= 3211  w_max= 8.05m/s  w99=1.49m/s  qc_max=0.00g/kg  cov= 0.0%  N=  0  CB=0m  CT=0m  prec=0.00mm/h  qv_bl=8.46g/kg
t=  6480s  step= 3241  w_max= 7.57m/s  w99=1.49m/s  qc_max=0.00g/kg  cov= 0.0%  N=  0  CB=0m  CT=0m  prec=0.00mm/h  qv_bl=8.45g/kg
t=  6540s  step= 3271  w_max= 7.18m/s  w99=1.49m/s  qc_max=0.00g/kg  cov= 0.0%  N=  0  CB=0m  CT=0m  prec=0.00mm/h  qv_bl=8.45g/kg
t=  6600s  step= 3301  w_max= 6.94m/s  w99=1.49m/s  qc_max=0.00g/kg  cov= 0.0%  N=  0  CB=0m  CT=0m  prec=0.00mm/h  qv_bl=8.45g/kg
t=  6660s  step= 3331  w_max= 7.19m/s  w99=1.49m/s  qc_max=0.00g/kg  cov= 0.0%  N=  0  CB=0m  CT=0m  prec=0.00mm/h  qv_bl=8.45g/kg
t=  6720s  step= 3361  w_max= 7.46m/s  w99=1.48m/s  qc_max=0.00g/kg  cov= 0.0%  N=  0  CB=0m  CT=0m  prec=0.00mm/h  qv_bl=8.45g/kg
t=  6780s  step= 3391  w_max= 7.20m/s  w99=1.47m/s  qc_max=0.00g/kg  cov= 0.0%  N=  0  CB=0m  CT=0m  prec=0.00mm/h  qv_bl=8.45g/kg
t=  6840s  step= 3421  w_max= 6.92m/s  w99=1.47m/s  qc_max=0.00g/kg  cov= 0.0%  N=  0  CB=0m  CT=0m  prec=0.00mm/h  qv_bl=8.45g/kg
t=  6900s  step= 3451  w_max= 7.12m/s  w99=1.47m/s  qc_max=0.00g/kg  cov= 0.0%  N=  0  CB=0m  CT=0m  prec=0.00mm/h  qv_bl=8.45g/kg
t=  6960s  step= 3481  w_max= 7.55m/s  w99=1.46m/s  qc_max=0.00g/kg  cov= 0.0%  N=  0  CB=0m  CT=0m  prec=0.00mm/h  qv_bl=8.45g/kg
t=  7020s  step= 3511  w_max= 7.08m/s  w99=1.46m/s  qc_max=0.00g/kg  cov= 0.0%  N=  0  CB=0m  CT=0m  prec=0.00mm/h  qv_bl=8.45g/kg
t=  7080s  step= 3541  w_max= 7.54m/s  w99=1.46m/s  qc_max=0.00g/kg  cov= 0.0%  N=  0  CB=0m  CT=0m  prec=0.00mm/h  qv_bl=8.45g/kg
t=  7140s  step= 3571  w_max= 7.31m/s  w99=1.46m/s  qc_max=0.00g/kg  cov= 0.0%  N=  0  CB=0m  CT=0m  prec=0.00mm/h  qv_bl=8.45g/kg
t=  7200s  step= 3601  w_max= 7.58m/s  w99=1.46m/s  qc_max=0.00g/kg  cov= 0.0%  N=  0  CB=0m  CT=0m  prec=0.00mm/h  qv_bl=8.45g/kg
