Loading initial conditions from: snapshots/snap_0001200.npz
  Snapshot time: t = 1200.0s
  Loaded: qc_max=0.16g/kg, qr_max=0.00g/kg, w_max=8.23m/s
Grid(120×120×80, dx=100.0m, dz=27.2–119.6m, z_top=5000m)
  Restart: enabled from snapshots/snap_0001200.npz
  dt=2.0s, t_end=1800.0s, output every 60.0s
t=     0s  step=    1  w_max= 6.15m/s  w99=1.84m/s  qc_max=0.16g/kg  cov= 0.4%  N=  2  CB=1576m  CT=1998m  prec=0.00mm/h  qv_bl=9.91g/kg
t=    60s  step=   31  w_max= 6.79m/s  w99=2.00m/s  qc_max=0.19g/kg  cov= 0.5%  N=  4  CB=1576m  CT=2063m  prec=0.00mm/h  qv_bl=9.92g/kg
t=   120s  step=   61  w_max= 7.10m/s  w99=2.20m/s  qc_max=0.14g/kg  cov= 0.5%  N=  4  CB=1576m  CT=1998m  prec=0.00mm/h  qv_bl=9.93g/kg
t=   180s  step=   91  w_max= 7.69m/s  w99=2.37m/s  qc_max=0.11g/kg  cov= 0.5%  N=  4  CB=1576m  CT=1935m  prec=0.00mm/h  qv_bl=9.93g/kg
t=   240s  step=  121  w_max= 8.44m/s  w99=2.54m/s  qc_max=0.13g/kg  cov= 0.4%  N=  3  CB=1576m  CT=1935m  prec=0.00mm/h  qv_bl=9.94g/kg
t=   300s  step=  151  w_max= 9.37m/s  w99=2.67m/s  qc_max=0.15g/kg  cov= 0.4%  N=  2  CB=1633m  CT=1935m  prec=0.00mm/h  qv_bl=9.95g/kg
t=   360s  step=  181  w_max= 9.59m/s  w99=2.76m/s  qc_max=0.18g/kg  cov= 0.4%  N=  3  CB=1633m  CT=1998m  prec=0.00mm/h  qv_bl=9.96g/kg
t=   420s  step=  211  w_max= 9.27m/s  w99=2.79m/s  qc_max=0.23g/kg  cov= 0.6%  N=  3  CB=1633m  CT=1998m  prec=0.00mm/h  qv_bl=9.97g/kg
t=   480s  step=  241  w_max= 8.70m/s  w99=2.80m/s  qc_max=0.24g/kg  cov= 0.8%  N=  3  CB=1633m  CT=2063m  prec=0.00mm/h  qv_bl=9.97g/kg
t=   540s  step=  271  w_max= 8.55m/s  w99=2.78m/s  qc_max=0.25g/kg  cov= 1.0%  N=  6  CB=1633m  CT=2063m  prec=0.00mm/h  qv_bl=9.98g/kg
t=   600s  step=  301  w_max= 8.73m/s  w99=2.74m/s  qc_max=0.26g/kg  cov= 1.2%  N=  5  CB=1576m  CT=2063m  prec=0.00mm/h  qv_bl=9.98g/kg
t=   660s  step=  331  w_max= 9.55m/s  w99=2.68m/s  qc_max=0.27g/kg  cov= 1.4%  N=  5  CB=1576m  CT=2063m  prec=0.00mm/h  qv_bl=9.99g/kg
t=   720s  step=  361  w_max= 9.80m/s  w99=2.63m/s  qc_max=0.27g/kg  cov= 1.4%  N=  6  CB=1576m  CT=2063m  prec=0.00mm/h  qv_bl=9.99g/kg
t=   780s  step=  391  w_max= 9.89m/s  w99=2.57m/s  qc_max=0.28g/kg  cov= 1.5%  N=  5  CB=1576m  CT=2063m  prec=0.00mm/h  qv_bl=10.00g/kg
t=   840s  step=  421  w_max= 9.99m/s  w99=2.54m/s  qc_max=0.29g/kg  cov= 1.6%  N=  4  CB=1576m  CT=2063m  prec=0.00mm/h  qv_bl=10.00g/kg
t=   900s  step=  451  w_max= 9.93m/s  w99=2.51m/s  qc_max=0.32g/kg  cov= 1.6%  N=  3  CB=1576m  CT=2130m  prec=0.00mm/h  qv_bl=10.01g/kg
t=   960s  step=  481  w_max= 9.14m/s  w99=2.50m/s  qc_max=0.34g/kg  cov= 1.7%  N=  3  CB=1576m  CT=2130m  prec=0.00mm/h  qv_bl=10.02g/kg
t=  1020s  step=  511  w_max= 8.88m/s  w99=2.50m/s  qc_max=0.33g/kg  cov= 1.6%  N=  2  CB=1576m  CT=2130m  prec=0.00mm/h  qv_bl=10.02g/kg
t=  1080s  step=  541  w_max= 8.79m/s  w99=2.51m/s  qc_max=0.31g/kg  cov= 1.5%  N=  2  CB=1576m  CT=2130m  prec=0.00mm/h  qv_bl=10.03g/kg
t=  1140s  step=  571  w_max= 8.18m/s  w99=2.52m/s  qc_max=0.29g/kg  cov= 1.4%  N=  4  CB=1576m  CT=2130m  prec=0.00mm/h  qv_bl=10.03g/kg
t=  1200s  step=  601  w_max= 7.37m/s  w99=2.56m/s  qc_max=0.29g/kg  cov= 1.3%  N=  4  CB=1576m  CT=2130m  prec=0.00mm/h  qv_bl=10.04g/kg
t=  1260s  step=  631  w_max= 8.00m/s  w99=2.60m/s  qc_max=0.28g/kg  cov= 1.2%  N=  3  CB=1691m  CT=2130m  prec=0.00mm/h  qv_bl=10.04g/kg
t=  1320s  step=  661  w_max= 8.34m/s  w99=2.63m/s  qc_max=0.28g/kg  cov= 1.3%  N=  2  CB=1691m  CT=2063m  prec=0.00mm/h  qv_bl=10.04g/kg
t=  1380s  step=  691  w_max= 9.06m/s  w99=2.66m/s  qc_max=0.27g/kg  cov= 1.3%  N=  2  CB=1691m  CT=2063m  prec=0.00mm/h  qv_bl=10.05g/kg
t=  1440s  step=  721  w_max= 9.54m/s  w99=2.70m/s  qc_max=0.26g/kg  cov= 1.3%  N=  2  CB=1691m  CT=2063m  prec=0.00mm/h  qv_bl=10.05g/kg
t=  1500s  step=  751  w_max= 9.55m/s  w99=2.71m/s  qc_max=0.24g/kg  cov= 1.5%  N=  1  CB=1750m  CT=2063m  prec=0.00mm/h  qv_bl=10.05g/kg
t=  1560s  step=  781  w_max= 9.41m/s  w99=2.70m/s  qc_max=0.22g/kg  cov= 1.7%  N=  2  CB=1576m  CT=1998m  prec=0.00mm/h  qv_bl=10.06g/kg
t=  1620s  step=  811  w_max= 9.53m/s  w99=2.69m/s  qc_max=0.23g/kg  cov= 1.8%  N=  2  CB=1576m  CT=1998m  prec=0.00mm/h  qv_bl=10.06g/kg
t=  1680s  step=  841  w_max= 9.60m/s  w99=2.66m/s  qc_max=0.24g/kg  cov= 1.8%  N=  3  CB=1576m  CT=2063m  prec=0.00mm/h  qv_bl=10.06g/kg
t=  1740s  step=  871  w_max=10.11m/s  w99=2.66m/s  qc_max=0.24g/kg  cov= 1.9%  N=  1  CB=1691m  CT=2063m  prec=0.00mm/h  qv_bl=10.07g/kg
t=  1800s  step=  901  w_max=10.43m/s  w99=2.65m/s  qc_max=0.27g/kg  cov= 1.9%  N=  3  CB=1576m  CT=2063m  prec=0.00mm/h  qv_bl=10.07g/kg
